======================================================================
FAIL: test_02_entire_inherited_core_tree_and_tests_are_identical (test_p10_repository.P10RepositoryTests.test_02_entire_inherited_core_tree_and_tests_are_identical)
----------------------------------------------------------------------
Traceback (most recent call last):
  File "C:\Users\Administrator\Documents\continuity-assistant\p10_tests\test_p10_repository.py", line 39, in test_02_entire_inherited_core_tree_and_tests_are_identical
    self.assertEqual(actual, original)
    ~~~~~~~~~~~~~~~~^^^^^^^^^^^^^^^^^^
AssertionError: Items in the first set but not the second:
'tests/test_p08_fixture_paths.py'

======================================================================
FAIL: test_04_all_original_770_cases_remain_discoverable (test_p10_repository.P10RepositoryTests.test_04_all_original_770_cases_remain_discoverable)
----------------------------------------------------------------------
Traceback (most recent call last):
  File "C:\Users\Administrator\Documents\continuity-assistant\p10_tests\test_p10_repository.py", line 57, in test_04_all_original_770_cases_remain_discoverable
    self.assertEqual(suite.countTestCases(), 770)
    ~~~~~~~~~~~~~~~~^^^^^^^^^^^^^^^^^^^^^^^^^^^^^
AssertionError: 788 != 770

----------------------------------------------------------------------
Ran 12 tests in 1.606s

FAILED (failures=2)
