test_body_action_uses_existing_execution_and_fences_changed_attachment (tests.test_w04_1_environment.W04ActionBindingTests.test_body_action_uses_existing_execution_and_fences_changed_attachment) ... ok
test_current_output_ability_executes_through_existing_execution (tests.test_w04_1_environment.W04ActionBindingTests.test_current_output_ability_executes_through_existing_execution) ... ok
test_expired_output_ability_rejects_existing_execution_before_effect_or_cost (tests.test_w04_1_environment.W04ActionBindingTests.test_expired_output_ability_rejects_existing_execution_before_effect_or_cost) ... ok
test_revocation_inside_final_reality_callback_prevents_world_effect (tests.test_w04_1_environment.W04ActionBindingTests.test_revocation_inside_final_reality_callback_prevents_world_effect) ... ok
test_revocation_inside_resource_check_prevents_world_effect (tests.test_w04_1_environment.W04ActionBindingTests.test_revocation_inside_resource_check_prevents_world_effect) ... ok
test_alternative_route_skips_disconnected_and_keeps_grant_checks (tests.test_w04_1_environment.W04EnvironmentTests.test_alternative_route_skips_disconnected_and_keeps_grant_checks) ... ok
test_body_none_unknown_zero_and_source_separation (tests.test_w04_1_environment.W04EnvironmentTests.test_body_none_unknown_zero_and_source_separation) ... ok
test_corrupt_store_and_revision_conflict_fail_closed (tests.test_w04_1_environment.W04EnvironmentTests.test_corrupt_store_and_revision_conflict_fail_closed) ... ok
test_cross_environment_attachment_cannot_enter_test_engine (tests.test_w04_1_environment.W04EnvironmentTests.test_cross_environment_attachment_cannot_enter_test_engine) ... ok
test_current_check_does_not_reuse_permission_or_connection_result (tests.test_w04_1_environment.W04EnvironmentTests.test_current_check_does_not_reuse_permission_or_connection_result) ... ok
test_deep_history_needs_willingness_and_future_route (tests.test_w04_1_environment.W04EnvironmentTests.test_deep_history_needs_willingness_and_future_route) ... ok
test_enabled_bound_entry_requires_trusted_use_even_for_same_formal_payload (tests.test_w04_1_environment.W04EnvironmentTests.test_enabled_bound_entry_requires_trusted_use_even_for_same_formal_payload) ... ok
test_formal_ingress_checks_attachment_before_any_operation_write (tests.test_w04_1_environment.W04EnvironmentTests.test_formal_ingress_checks_attachment_before_any_operation_write) ... ok
test_four_states_and_current_availability_are_distinct (tests.test_w04_1_environment.W04EnvironmentTests.test_four_states_and_current_availability_are_distinct) ... ok
test_handoff_preparation_cannot_cross_subject_or_environment (tests.test_w04_1_environment.W04EnvironmentTests.test_handoff_preparation_cannot_cross_subject_or_environment) ... ok
test_history_current_source_permission_and_scope_are_checked (tests.test_w04_1_environment.W04EnvironmentTests.test_history_current_source_permission_and_scope_are_checked) ... ok
test_history_old_revision_cannot_be_reused_after_new_state (tests.test_w04_1_environment.W04EnvironmentTests.test_history_old_revision_cannot_be_reused_after_new_state) ... ok
test_history_permission_change_during_read_rejects_before_return (tests.test_w04_1_environment.W04EnvironmentTests.test_history_permission_change_during_read_rejects_before_return) ... ok
test_isolated_handoff_fences_old_host_and_restart_keeps_fence (tests.test_w04_1_environment.W04EnvironmentTests.test_isolated_handoff_fences_old_host_and_restart_keeps_fence) ... ok
test_migration_kinds_missing_inventory_and_production_not_ready (tests.test_w04_1_environment.W04EnvironmentTests.test_migration_kinds_missing_inventory_and_production_not_ready) ... ok
test_migration_preparation_status_cannot_contradict_kind_or_inventory (tests.test_w04_1_environment.W04EnvironmentTests.test_migration_preparation_status_cannot_contradict_kind_or_inventory) ... ok
test_model_api_is_not_an_engine_message_ingress (tests.test_w04_1_environment.W04EnvironmentTests.test_model_api_is_not_an_engine_message_ingress) ... ok
test_read_only_view_requires_current_subject_and_permission (tests.test_w04_1_environment.W04EnvironmentTests.test_read_only_view_requires_current_subject_and_permission) ... ok
test_revocation_during_current_permission_callback_is_seen (tests.test_w04_1_environment.W04EnvironmentTests.test_revocation_during_current_permission_callback_is_seen) ... ok
test_revocation_expiry_and_current_permission_stop_new_ingress (tests.test_w04_1_environment.W04EnvironmentTests.test_revocation_expiry_and_current_permission_stop_new_ingress) ... ok
test_same_account_name_and_wrong_subject_are_not_identity (tests.test_w04_1_environment.W04EnvironmentTests.test_same_account_name_and_wrong_subject_are_not_identity) ... ok
test_scoped_history_uses_original_router_composer_and_is_read_only (tests.test_w04_1_environment.W04EnvironmentTests.test_scoped_history_uses_original_router_composer_and_is_read_only) ... ok
test_sensor_contract_rejects_non_finite_bool_and_wrong_type (tests.test_w04_1_environment.W04EnvironmentTests.test_sensor_contract_rejects_non_finite_bool_and_wrong_type) ... ok
test_sensor_missing_ability_wrong_generation_and_expired_sample_rejected (tests.test_w04_1_environment.W04EnvironmentTests.test_sensor_missing_ability_wrong_generation_and_expired_sample_rejected) ... ok
test_original_action_request_can_bind_device_observation_and_command (tests.test_w04_2_simulation.DevicePayloadAdmissionTests.test_original_action_request_can_bind_device_observation_and_command) ... ok
test_body_action_and_sensor_reach_original_perception (tests.test_w04_2_simulation.W04SimulatedChainTests.test_body_action_and_sensor_reach_original_perception) ... ok
test_body_switch_fences_old_connection_preserves_subject_and_old_fact (tests.test_w04_2_simulation.W04SimulatedChainTests.test_body_switch_fences_old_connection_preserves_subject_and_old_fact) ... ok
test_cancel_before_effect_remains_cancelled (tests.test_w04_2_simulation.W04SimulatedChainTests.test_cancel_before_effect_remains_cancelled) ... ok
test_click_receipt_cannot_be_relabelled_as_saved (tests.test_w04_2_simulation.W04SimulatedChainTests.test_click_receipt_cannot_be_relabelled_as_saved) ... ok
test_corrupt_native_store_fails_closed_without_subject_change (tests.test_w04_2_simulation.W04SimulatedChainTests.test_corrupt_native_store_fails_closed_without_subject_change) ... ok
test_cross_process_body_receipt_recovery_and_replay (tests.test_w04_2_simulation.W04SimulatedChainTests.test_cross_process_body_receipt_recovery_and_replay) ... ok
test_deep_history_requires_willingness_and_current_permission (tests.test_w04_2_simulation.W04SimulatedChainTests.test_deep_history_requires_willingness_and_current_permission) ... ok
test_expired_history_not_consumable_but_original_receipt_recovers (tests.test_w04_2_simulation.W04SimulatedChainTests.test_expired_history_not_consumable_but_original_receipt_recovers) ... ok
test_external_instruction_is_observation_not_subject_authority (tests.test_w04_2_simulation.W04SimulatedChainTests.test_external_instruction_is_observation_not_subject_authority) ... ok
test_final_native_boundary_rechecks_takeover_and_authority (tests.test_w04_2_simulation.W04SimulatedChainTests.test_final_native_boundary_rechecks_takeover_and_authority) ... ok
test_focus_page_lock_offline_takeover_and_unobservable_block_stale_actions (tests.test_w04_2_simulation.W04SimulatedChainTests.test_focus_page_lock_offline_takeover_and_unobservable_block_stale_actions) ... ok
test_history_scope_filters_other_session_time_and_unreadable_records (tests.test_w04_2_simulation.W04SimulatedChainTests.test_history_scope_filters_other_session_time_and_unreadable_records) ... ok
test_history_source_withdrawal_blocks_old_context_and_keeps_fact (tests.test_w04_2_simulation.W04SimulatedChainTests.test_history_source_withdrawal_blocks_old_context_and_keeps_fact) ... ok
test_local_failure_retries_only_when_original_fact_proves_not_executed (tests.test_w04_2_simulation.W04SimulatedChainTests.test_local_failure_retries_only_when_original_fact_proves_not_executed) ... ok
test_locked_device_does_not_stop_runtime_control_or_other_work (tests.test_w04_2_simulation.W04SimulatedChainTests.test_locked_device_does_not_stop_runtime_control_or_other_work) ... ok
test_missing_capability_and_wrong_body_have_zero_effect (tests.test_w04_2_simulation.W04SimulatedChainTests.test_missing_capability_and_wrong_body_have_zero_effect) ... ok
test_missing_observation_or_tampered_argument_rejected_before_reservation (tests.test_w04_2_simulation.W04SimulatedChainTests.test_missing_observation_or_tampered_argument_rejected_before_reservation) ... ok
test_no_body_subject_and_unknown_zero_are_distinct (tests.test_w04_2_simulation.W04SimulatedChainTests.test_no_body_subject_and_unknown_zero_are_distinct) ... ok
test_observation_expiry_boundary_and_fresh_reobservation (tests.test_w04_2_simulation.W04SimulatedChainTests.test_observation_expiry_boundary_and_fresh_reobservation) ... ok
test_original_reality_denial_is_not_bypassed_by_ui (tests.test_w04_2_simulation.W04SimulatedChainTests.test_original_reality_denial_is_not_bypassed_by_ui) ... ok
test_permission_changes_in_last_resource_check_cannot_create_effect (tests.test_w04_2_simulation.W04SimulatedChainTests.test_permission_changes_in_last_resource_check_cannot_create_effect) ... ok
test_permission_or_device_connection_change_blocks_new_effect (tests.test_w04_2_simulation.W04SimulatedChainTests.test_permission_or_device_connection_change_blocks_new_effect) ... ok
test_permission_withdrawn_during_result_read_returns_no_details (tests.test_w04_2_simulation.W04SimulatedChainTests.test_permission_withdrawn_during_result_read_returns_no_details) ... ok
test_query_and_status_are_read_only_and_bounded (tests.test_w04_2_simulation.W04SimulatedChainTests.test_query_and_status_are_read_only_and_bounded) ... ok
test_raw_message_c1_device_action_result_and_legal_evolution_absorption (tests.test_w04_2_simulation.W04SimulatedChainTests.test_raw_message_c1_device_action_result_and_legal_evolution_absorption) ... ok
test_read_scope_required_and_observation_returns_detached_copy (tests.test_w04_2_simulation.W04SimulatedChainTests.test_read_scope_required_and_observation_returns_detached_copy) ... ok
test_repeated_receipt_and_lost_response_recover_without_new_effect (tests.test_w04_2_simulation.W04SimulatedChainTests.test_repeated_receipt_and_lost_response_recover_without_new_effect) ... ok
test_resource_and_recoverability_denials_keep_zero_cost (tests.test_w04_2_simulation.W04SimulatedChainTests.test_resource_and_recoverability_denials_keep_zero_cost) ... ok
test_same_request_identity_changed_content_is_conflict (tests.test_w04_2_simulation.W04SimulatedChainTests.test_same_request_identity_changed_content_is_conflict) ... ok
test_same_root_history_requery_does_not_create_independent_evidence (tests.test_w04_2_simulation.W04SimulatedChainTests.test_same_root_history_requery_does_not_create_independent_evidence) ... ok
test_secrets_rejected_before_ledger_and_standard_diagnostics_sanitized (tests.test_w04_2_simulation.W04SimulatedChainTests.test_secrets_rejected_before_ledger_and_standard_diagnostics_sanitized) ... ok
test_sensor_stale_wrong_unit_and_context_currentness (tests.test_w04_2_simulation.W04SimulatedChainTests.test_sensor_stale_wrong_unit_and_context_currentness) ... ok
test_somatic_and_dream_cannot_impersonate_hardware (tests.test_w04_2_simulation.W04SimulatedChainTests.test_somatic_and_dream_cannot_impersonate_hardware) ... ok
test_specific_output_capability_expiry_blocks_while_connection_valid (tests.test_w04_2_simulation.W04SimulatedChainTests.test_specific_output_capability_expiry_blocks_while_connection_valid) ... ok
test_subject_pause_blocks_new_device_effect_without_falsifying_old_fact (tests.test_w04_2_simulation.W04SimulatedChainTests.test_subject_pause_blocks_new_device_effect_without_falsifying_old_fact) ... ok
test_subject_without_body_can_still_process_normal_message (tests.test_w04_2_simulation.W04SimulatedChainTests.test_subject_without_body_can_still_process_normal_message) ... ok
test_terminal_failure_is_not_business_success (tests.test_w04_2_simulation.W04SimulatedChainTests.test_terminal_failure_is_not_business_success) ... ok
test_true_unknown_keeps_old_request_and_never_resends (tests.test_w04_2_simulation.W04SimulatedChainTests.test_true_unknown_keeps_old_request_and_never_resends) ... ok
test_ui_locate_click_type_scroll_save_send_and_reobserve (tests.test_w04_2_simulation.W04SimulatedChainTests.test_ui_locate_click_type_scroll_save_send_and_reobserve) ... ok
test_unavailable_route_can_reobserve_but_reality_denial_cannot_be_bypassed (tests.test_w04_2_simulation.W04SimulatedChainTests.test_unavailable_route_can_reobserve_but_reality_denial_cannot_be_bypassed) ... ok
test_wrong_subject_environment_account_device_and_session_are_rejected (tests.test_w04_2_simulation.W04SimulatedChainTests.test_wrong_subject_environment_account_device_and_session_are_rejected) ... ok
test_changed_bytes_and_corrupt_hash_cannot_reuse_old_registry (tests.test_w04_2_registry_recheck.RegistryCurrentPathTests.test_changed_bytes_and_corrupt_hash_cannot_reuse_old_registry) ... ok
test_current_directory_junction_rejects_and_restoring_real_directory_recovers (tests.test_w04_2_registry_recheck.RegistryCurrentPathTests.test_current_directory_junction_rejects_and_restoring_real_directory_recovers) ... ok
test_current_registry_repeated_read_is_read_only_and_returns_private_values (tests.test_w04_2_registry_recheck.RegistryCurrentPathTests.test_current_registry_repeated_read_is_read_only_and_returns_private_values) ... ok
test_missing_store_still_has_no_capability (tests.test_w04_2_registry_recheck.RegistryCurrentPathTests.test_missing_store_still_has_no_capability) ... ok
test_path_metadata_denial_is_not_a_successful_read (tests.test_w04_2_registry_recheck.RegistryCurrentPathTests.test_path_metadata_denial_is_not_a_successful_read) ... ok
test_recheck_all_current_ancestors_on_each_read_with_single_metadata_query (tests.test_w04_2_registry_recheck.RegistryCurrentPathTests.test_recheck_all_current_ancestors_on_each_read_with_single_metadata_query) ... ok
test_registry_revoke_is_seen_on_next_read_and_after_reopen (tests.test_w04_2_registry_recheck.RegistryCurrentPathTests.test_registry_revoke_is_seen_on_next_read_and_after_reopen) ... ok
test_expired_source_rejects_while_historical_receipt_is_preserved (tests.test_w04_2_history_selection.HistorySelectionTests.test_expired_source_rejects_while_historical_receipt_is_preserved) ... ok
test_non_targeted_result_source_keeps_original_candidate_ranking (tests.test_w04_2_history_selection.HistorySelectionTests.test_non_targeted_result_source_keeps_original_candidate_ranking) ... ok
test_permission_revoked_during_composition_rejects_before_return (tests.test_w04_2_history_selection.HistorySelectionTests.test_permission_revoked_during_composition_rejects_before_return) ... ok
test_reopen_and_same_query_replay_keep_original_facts (tests.test_w04_2_history_selection.HistorySelectionTests.test_reopen_and_same_query_replay_keep_original_facts) ... ok
test_revoked_permission_rejects_and_does_not_consume_old_receipt (tests.test_w04_2_history_selection.HistorySelectionTests.test_revoked_permission_rejects_and_does_not_consume_old_receipt) ... ok
test_target_priority_keeps_other_candidates_and_conflict_material (tests.test_w04_2_history_selection.HistorySelectionTests.test_target_priority_keeps_other_candidates_and_conflict_material) ... ok
test_target_that_cannot_fit_is_blocked_without_substituting_other_receipt (tests.test_w04_2_history_selection.HistorySelectionTests.test_target_that_cannot_fit_is_blocked_without_substituting_other_receipt) ... ok
test_two_current_targets_both_orders_and_distinct_identifiers (tests.test_w04_2_history_selection.HistorySelectionTests.test_two_current_targets_both_orders_and_distinct_identifiers) ... ok
test_withdrawn_source_cannot_be_replaced_by_other_same_root_copy (tests.test_w04_2_history_selection.HistorySelectionTests.test_withdrawn_source_cannot_be_replaced_by_other_same_root_copy) ... ok
test_budget_clipping_is_explicit_and_does_not_claim_input_consumed (tests.test_w02_input_integration.InputIntegrationTests.test_budget_clipping_is_explicit_and_does_not_claim_input_consumed) ... ok
test_cross_process_busy_admission_does_not_create_operation (tests.test_w02_input_integration.InputIntegrationTests.test_cross_process_busy_admission_does_not_create_operation) ... ok
test_current_material_is_bound_to_original_message_version (tests.test_w02_input_integration.InputIntegrationTests.test_current_material_is_bound_to_original_message_version) ... ok
test_disabled_feature_has_no_new_fields_or_component_calls (tests.test_w02_input_integration.InputIntegrationTests.test_disabled_feature_has_no_new_fields_or_component_calls) ... ok
test_material_rejected_before_any_w02_persistence (tests.test_w02_input_integration.InputIntegrationTests.test_material_rejected_before_any_w02_persistence) ... ok
test_model_capability_input_uses_the_same_current_input_composition (tests.test_w02_input_integration.InputIntegrationTests.test_model_capability_input_uses_the_same_current_input_composition) ... ok
test_native_opportunity_without_input_flag_preserves_original_chain (tests.test_w02_input_integration.InputIntegrationTests.test_native_opportunity_without_input_flag_preserves_original_chain) ... ok
test_ordinary_psychological_content_not_screened (tests.test_w02_input_integration.InputIntegrationTests.test_ordinary_psychological_content_not_screened) ... ok
test_protected_fixture_rejected_without_writes (tests.test_w02_input_integration.InputIntegrationTests.test_protected_fixture_rejected_without_writes) ... ok
test_read_rechecks_permission_before_return (tests.test_w02_input_integration.InputIntegrationTests.test_read_rechecks_permission_before_return) ... ok
test_read_view_does_not_call_model_or_write (tests.test_w02_input_integration.InputIntegrationTests.test_read_view_does_not_call_model_or_write) ... ok
test_real_process_restart_restores_original_effect_once (tests.test_w02_input_integration.InputIntegrationTests.test_real_process_restart_restores_original_effect_once) ... ok
test_snapshot_branch_preserves_input_progress (tests.test_w02_input_integration.InputIntegrationTests.test_snapshot_branch_preserves_input_progress) ... ok
test_w02_internal_evolution_survives_expression_refusal_and_replay (tests.test_w02_input_integration.InputIntegrationTests.test_w02_internal_evolution_survives_expression_refusal_and_replay) ... ok
test_admission_does_not_reclassify_an_application_runtime_error (tests.test_w02_input_recovery.InputRecoveryTests.test_admission_does_not_reclassify_an_application_runtime_error) ... ok
test_completed_station_not_reexecuted_after_later_checkpoint_fault (tests.test_w02_input_recovery.InputRecoveryTests.test_completed_station_not_reexecuted_after_later_checkpoint_fault) ... ok
test_composer_failure_preserves_finished_memory_and_safe_reason (tests.test_w02_input_recovery.InputRecoveryTests.test_composer_failure_preserves_finished_memory_and_safe_reason) ... ok
test_concurrent_submission_is_replayed_or_explicitly_busy_without_duplicate (tests.test_w02_input_recovery.InputRecoveryTests.test_concurrent_submission_is_replayed_or_explicitly_busy_without_duplicate) ... ok
test_context_expired_after_checkpoint_rejects (tests.test_w02_input_recovery.InputRecoveryTests.test_context_expired_after_checkpoint_rejects) ... ok
test_cross_operation_record_rejected (tests.test_w02_input_recovery.InputRecoveryTests.test_cross_operation_record_rejected) ... ok
test_current_permission_revocation_stops_new_thinking_without_effect (tests.test_w02_input_recovery.InputRecoveryTests.test_current_permission_revocation_stops_new_thinking_without_effect) ... ok
test_disabled_after_original_enabled_checkpoint_refuses_downgrade (tests.test_w02_input_recovery.InputRecoveryTests.test_disabled_after_original_enabled_checkpoint_refuses_downgrade) ... ok
test_forged_conversation_receipt_cannot_claim_a_missing_fragment (tests.test_w02_input_recovery.InputRecoveryTests.test_forged_conversation_receipt_cannot_claim_a_missing_fragment) ... ok
test_forged_memory_receipt_cannot_claim_message_was_remembered (tests.test_w02_input_recovery.InputRecoveryTests.test_forged_memory_receipt_cannot_claim_message_was_remembered) ... ok
test_idempotency_conflict_preserves_original_receipts (tests.test_w02_input_recovery.InputRecoveryTests.test_idempotency_conflict_preserves_original_receipts) ... ok
test_local_memory_failure_is_recorded_then_resumed (tests.test_w02_input_recovery.InputRecoveryTests.test_local_memory_failure_is_recorded_then_resumed) ... ok
test_missing_input_checkpoint_cannot_be_downgraded_to_legacy (tests.test_w02_input_recovery.InputRecoveryTests.test_missing_input_checkpoint_cannot_be_downgraded_to_legacy) ... ok
test_missing_original_gate_is_rejected (tests.test_w02_input_recovery.InputRecoveryTests.test_missing_original_gate_is_rejected) ... ok
test_receipt_cannot_be_rewritten_or_removed (tests.test_w02_input_recovery.InputRecoveryTests.test_receipt_cannot_be_rewritten_or_removed) ... ok
test_restart_completed_request_is_byte_stable_and_no_duplicate_effect (tests.test_w02_input_recovery.InputRecoveryTests.test_restart_completed_request_is_byte_stable_and_no_duplicate_effect) ... ok
test_saved_memory_fact_before_receipt_loss_is_not_written_twice (tests.test_w02_input_recovery.InputRecoveryTests.test_saved_memory_fact_before_receipt_loss_is_not_written_twice) ... ok
test_thinking_saved_before_checkpoint_reuses_original_session (tests.test_w02_input_recovery.InputRecoveryTests.test_thinking_saved_before_checkpoint_reuses_original_session) ... ok
test_composition_failure_exposes_other_station_and_resumes_only_failed (tests.test_w02_input_recovery.PartialInputQueryTests.test_composition_failure_exposes_other_station_and_resumes_only_failed) ... ok
test_legacy_partial_read_remains_unverified_until_explicit_resubmit (tests.test_w02_input_recovery.PartialInputQueryTests.test_legacy_partial_read_remains_unverified_until_explicit_resubmit) ... ok
test_partial_preparation_cannot_be_removed_or_rewritten (tests.test_w02_input_recovery.PartialInputQueryTests.test_partial_preparation_cannot_be_removed_or_rewritten) ... ok
test_partial_public_query_after_local_failure (tests.test_w02_input_recovery.PartialInputQueryTests.test_partial_public_query_after_local_failure) ... ok
test_partial_public_query_after_reopen (tests.test_w02_input_recovery.PartialInputQueryTests.test_partial_public_query_after_reopen) ... ok
test_partial_read_corruption_and_forged_success_refused (tests.test_w02_input_recovery.PartialInputQueryTests.test_partial_read_corruption_and_forged_success_refused) ... ok
test_partial_read_expired_context (tests.test_w02_input_recovery.PartialInputQueryTests.test_partial_read_expired_context) ... ok
test_partial_read_in_separate_process_is_read_only (tests.test_w02_input_recovery.PartialInputQueryTests.test_partial_read_in_separate_process_is_read_only) ... ok
test_partial_read_rechecks_revision_before_return (tests.test_w02_input_recovery.PartialInputQueryTests.test_partial_read_rechecks_revision_before_return) ... ok
test_partial_read_rejects_unbound_completed_result (tests.test_w02_input_recovery.PartialInputQueryTests.test_partial_read_rejects_unbound_completed_result) ... ok
test_partial_read_revoked_during_query (tests.test_w02_input_recovery.PartialInputQueryTests.test_partial_read_revoked_during_query) ... ok
test_partial_read_revoked_permission (tests.test_w02_input_recovery.PartialInputQueryTests.test_partial_read_revoked_permission) ... ok
test_partial_read_subject_and_environment_mismatch (tests.test_w02_input_recovery.PartialInputQueryTests.test_partial_read_subject_and_environment_mismatch) ... ok
test_partial_read_subject_revision_changed (tests.test_w02_input_recovery.PartialInputQueryTests.test_partial_read_subject_revision_changed) ... ok
test_repeat_read_and_resume_do_not_repeat_successful_stations (tests.test_w02_input_recovery.PartialInputQueryTests.test_repeat_read_and_resume_do_not_repeat_successful_stations) ... ok
test_atomic_storage_failure_and_legacy_serialization (tests.test_w03_unfinished_items.W03UnfinishedItemTests.test_atomic_storage_failure_and_legacy_serialization) ... ok
test_blocked_urgent_does_not_starve_normal_and_identity_is_stable (tests.test_w03_unfinished_items.W03UnfinishedItemTests.test_blocked_urgent_does_not_starve_normal_and_identity_is_stable) ... ok
test_create_replay_restart_and_read_only_view (tests.test_w03_unfinished_items.W03UnfinishedItemTests.test_create_replay_restart_and_read_only_view) ... ok
test_defer_due_and_cancel_keep_one_identity_without_dispatch (tests.test_w03_unfinished_items.W03UnfinishedItemTests.test_defer_due_and_cancel_keep_one_identity_without_dispatch) ... ok
test_future_deadline_does_not_hide_actionable_matter (tests.test_w03_unfinished_items.W03UnfinishedItemTests.test_future_deadline_does_not_hide_actionable_matter) ... ok
test_internal_result_must_bind_the_same_item_not_its_creation (tests.test_w03_unfinished_items.W03UnfinishedItemTests.test_internal_result_must_bind_the_same_item_not_its_creation) ... ok
test_older_low_priority_eventually_passes_continuous_urgent_arrivals (tests.test_w03_unfinished_items.W03UnfinishedItemTests.test_older_low_priority_eventually_passes_continuous_urgent_arrivals) ... ok
test_read_rechecks_permission_before_return_without_writing (tests.test_w03_unfinished_items.W03UnfinishedItemTests.test_read_rechecks_permission_before_return_without_writing) ... ok
test_revoked_source_stops_new_opportunity_but_keeps_item_history (tests.test_w03_unfinished_items.W03UnfinishedItemTests.test_revoked_source_stops_new_opportunity_but_keeps_item_history) ... ok
test_two_writers_with_one_revision_accept_one_item_only (tests.test_w03_unfinished_items.W03UnfinishedItemTests.test_two_writers_with_one_revision_accept_one_item_only) ... ok
test_unverified_completion_and_stale_revision_fail_without_write (tests.test_w03_unfinished_items.W03UnfinishedItemTests.test_unverified_completion_and_stale_revision_fail_without_write) ... ok
test_verified_effect_completes_once_and_cancel_is_terminal (tests.test_w03_unfinished_items.W03UnfinishedItemTests.test_verified_effect_completes_once_and_cancel_is_terminal) ... ok
test_completed_and_cancelled_sink_without_exhausting_64_current_slots (tests.test_w03_n06_repair.W03N06RepairTests.test_completed_and_cancelled_sink_without_exhausting_64_current_slots) ... ok
test_existing_structured_item_can_bind_legacy_on_terminal_transition (tests.test_w03_n06_repair.W03N06RepairTests.test_existing_structured_item_can_bind_legacy_on_terminal_transition) ... ok
test_original_w03_command_hash_replays_without_new_revision (tests.test_w03_n06_repair.W03N06RepairTests.test_original_w03_command_hash_replays_without_new_revision) ... ok
test_same_title_needs_explicit_version_bound_legacy_migration (tests.test_w03_n06_repair.W03N06RepairTests.test_same_title_needs_explicit_version_bound_legacy_migration) ... ok
test_same_title_without_binding_keeps_ambiguous_legacy_item (tests.test_w03_n06_repair.W03N06RepairTests.test_same_title_without_binding_keeps_ambiguous_legacy_item) ... ok
test_unavailable_local_memory_is_not_ready_and_read_is_read_only (tests.test_w03_n06_repair.W03N06RepairTests.test_unavailable_local_memory_is_not_ready_and_read_is_read_only) ... ok
test_withdrawn_external_rendering_stops_item_after_reopen (tests.test_w03_n06_repair.W03N06RepairTests.test_withdrawn_external_rendering_stops_item_after_reopen) ... ok

----------------------------------------------------------------------
Ran 153 tests in 278.354s

OK
