test_evidence_current_source_withdrawal_and_permission_rejection (tests.test_w04_4_delivery.DeliveryEvidenceTests.test_evidence_current_source_withdrawal_and_permission_rejection) ... ERROR
{"test": "tests.test_w04_4_delivery.DeliveryEvidenceTests.test_evidence_current_source_withdrawal_and_permission_rejection", "stage": "before-TEST-cleanup", "files": {"s/.p01-sandbox-root.v1.json": {"bytes": 98, "sha256": "3ced39d6b395df89d9b1f34e1b3faf46c14ccc6edab679a616f588a978e002f7"}, "s/s/se90015e5/b/bf1555356/branch-manifest.v1.json": {"bytes": 243, "sha256": "65add580152559f0fc987a66a88bb13efd536fde79c0497d3831e4111ac317f6"}, "s/s/se90015e5/b/bf1555356/data/awakening/cycles/c52d3df618513a8efe1040354fd8eb43b1129fda2ef320eb01354b9afd61ed23.json": {"bytes": 253, "sha256": "aa213781f8ce935552caa7bb191b1913fa3fec41bed99e1b7492d57e9e906982"}, "s/s/se90015e5/b/bf1555356/data/awakening/sessions/49af3b8b350f046d4d54987b0a59016a9adc4a5384de698ca6f08e02cdcc9433/458e45a77ec3da421b3eef2df5fffe2682b27b897765336deffa28b56b643bf5.json": {"bytes": 10657, "sha256": "7e8448d0a573034725f9e69db21a2c13fd35fa457f5e477dddacec2f76a89eef"}, "s/s/se90015e5/b/bf1555356/data/c1-receipts/p08-fake-receipts.json": {"bytes": 148, "sha256": "a411df96a3b6eea514baf41f59d45ab70c55b96ee9f28e118d79525ea3bfe8c8"}, "s/s/se90015e5/b/bf1555356/data/clock/subject-clock.v1.json": {"bytes": 109, "sha256": "9215b6977c7811370330d01c8bfe7e63b8e43ba8b12a8f09d85b24e7efac24ad"}, "s/s/se90015e5/b/bf1555356/data/contradiction/test/49af3b8b350f046d4d54987b0a59016a9adc4a5384de698ca6f08e02cdcc9433.json": {"bytes": 228, "sha256": "ac09b3d999db69a420f006e7bcccf5bd822d3abea610760b9d76996cbffbcba0"}, "s/s/se90015e5/b/bf1555356/data/environment-access/test/5a5ab12c08833d7b6afba04bc75d3adaf8be14512df520955f33b6745228d43d/attachments.v1.json": {"bytes": 8930, "sha256": "e2b6defd4821e70a6e7f0558b790821183cd307bce59ccb6dded558c4aed5629"}, "s/s/se90015e5/b/bf1555356/data/environment-access/test/5a5ab12c08833d7b6afba04bc75d3adaf8be14512df520955f33b6745228d43d/attachments.v1.lock": {"bytes": 1, "sha256": "5feceb66ffc86f38d952786c6d696c79c2dbc239dd4e91b46729d73a27fb57e9"}, "s/s/se90015e5/b/bf1555356/data/execution-outbox/test/5a5ab12c08833d7b6afba04bc75d3adaf8be14512df520955f33b6745228d43d/delivery.v1.json": {"bytes": 653, "sha256": "d3febd738ec4d5ccbc7f905bac15c68f795aaad697cdc7138e7f1b826b08d7a6"}, "s/s/se90015e5/b/bf1555356/data/execution-outbox/test/5a5ab12c08833d7b6afba04bc75d3adaf8be14512df520955f33b6745228d43d/delivery.v1.lock": {"bytes": 1, "sha256": "5feceb66ffc86f38d952786c6d696c79c2dbc239dd4e91b46729d73a27fb57e9"}, "s/s/se90015e5/b/bf1555356/data/fixture/c1-profile.v1.json": {"bytes": 102, "sha256": "8af17a53abcd5535639061398c9df820f83dddd2150e5f02439c6fe64da7cfee"}, "s/s/se90015e5/b/bf1555356/data/fixture/state-fixture.v1.json": {"bytes": 635, "sha256": "e47bf4b2cb0efc542fd12f87f72a9e5b72920036e13eb62930e2bdf6bf83f719"}, "s/s/se90015e5/b/bf1555356/data/integration/capability-ledger.v1.json": {"bytes": 15620, "sha256": "bf21717fe6bb2cb1ad3419123ce273f617117ac3700412d5be8ebaafdbec68eb"}, "s/s/se90015e5/b/bf1555356/data/integration/operation-journal.first-round-v1.json": {"bytes": 183546, "sha256": "b478ce6b95395fbb989be5b3503123c75ef192f85756115730aecab3e8b598f4"}, "s/s/se90015e5/b/bf1555356/data/integration/result-ledger.first-round-v1.json": {"bytes": 1564, "sha256": "1c9568b13f2ce166a1be048643a9dcb6800aae1d5265083f0626f2371261db6b"}, "s/s/se90015e5/b/bf1555356/data/integration/subject-binding.runtime-v1.json": {"bytes": 613, "sha256": "1a5cceb248dd301bbbf4d7eae740bcd2cc2af88a390a6ce44c7b8fdef4ad1a8a"}, "s/s/se90015e5/b/bf1555356/data/learning/49af3b8b350f046d4d54987b0a59016a9adc4a5384de698ca6f08e02cdcc9433.json": {"bytes": 2154, "sha256": "b0275aefee40b463599ea143475e2abb698f8289428388463a729a3079588365"}, "s/s/se90015e5/b/bf1555356/data/memory/test/49af3b8b350f046d4d54987b0a59016a9adc4a5384de698ca6f08e02cdcc9433.json": {"bytes": 4202, "sha256": "f85c36caadb770174b6d2818706f571fd226cd2cf330474d03d961783a1ea9d3"}, "s/s/se90015e5/b/bf1555356/data/resources/49af3b8b350f046d4d54987b0a59016a9adc4a5384de698ca6f08e02cdcc9433.json": {"bytes": 437, "sha256": "c6d880a54ce71068521e4213d53604c090d7ccfaf7d7868a5b5a72b556059a0a"}, "s/s/se90015e5/b/bf1555356/data/subject-state/49af3b8b350f046d4d54987b0a59016a9adc4a5384de698ca6f08e02cdcc9433.json": {"bytes": 4912, "sha256": "1f6b27b4535ba2863cc8c6b7474b11f391afcb7ba86717de7a07fbff772ac55f"}, "s/s/se90015e5/b/bf1555356/data/test-actions/action-sessions.v1.json": {"bytes": 128, "sha256": "e8786e5a08d6a09cdb56f053c666372d39f21b4867c52e712980318c3759f45e"}, "s/s/se90015e5/b/bf1555356/data/test-indexes/events.v1.json": {"bytes": 138, "sha256": "18d95f915fa85a1e0ec307e3c15b717895080b426d8d710273ec89fb7a50c739"}, "s/s/se90015e5/b/bf1555356/data/test-indexes/evolution.v1.json": {"bytes": 141, "sha256": "65127c007d143108b3c3ea021ab11a956ba15892ae39a4c7ecb908d947ec9ef2"}, "s/s/se90015e5/b/bf1555356/data/test-indexes/relationship-state.v1.json": {"bytes": 150, "sha256": "af777155fad935cf669021fb05b6972daafc73f326272695d91e2c8c48d644fe"}, "s/s/se90015e5/b/bf1555356/data/test-indexes/state-mutations.v1.json": {"bytes": 147, "sha256": "cdb8bd20ef1d3217ec3f2dec87ad67657abec1cf1ee74d680441ec60b223ecc3"}, "s/s/se90015e5/b/bf1555356/data/test-indexes/thinking-sessions.v1.json": {"bytes": 149, "sha256": "4b8a4affdcee59f042203249b0f7b4ea6375daab38b3bc2557a5f2d8e9e0988e"}, "s/s/se90015e5/b/bf1555356/data/test-indexes/wake-sessions.v1.json": {"bytes": 145, "sha256": "8b54b2d390aabd16c744cdcb2024e258128562642384497f549e248d4de5e3ce"}, "s/s/se90015e5/b/bf1555356/data/test-memory/memory-ledger.v1.json": {"bytes": 631, "sha256": "8193f976e185d94cd8d0bd6e6895fdf2788a253dc75b4115b081eb6a5ac991fb"}, "s/s/se90015e5/b/bf1555356/data/test-trace/subject-clock-trace.v1.json": {"bytes": 1558, "sha256": "ed7f2eada29009b485ff7d25b2becfb10358fdba06ed9df40cf0f1d135ac9563"}, "s/s/se90015e5/b/bf1555356/data/thinking/sessions/49af3b8b350f046d4d54987b0a59016a9adc4a5384de698ca6f08e02cdcc9433/edbc4f92e68afba179a46aca9f80dfb41e80de5d813350a962e4844b7b11bd11.json": {"bytes": 64756, "sha256": "0ea5efc6d95a1d10519da93a618c41f675a42c7b04d3a27f97ea3287d6848a5c"}, "s/s/se90015e5/b/bf1555356/data/worlds/entry-A/simulated-device.json": {"bytes": 3396, "sha256": "a87fdbb799ee25baec0f7806770ed654a4e13d2a875c32d85fce77752510f027"}, "s/s/se90015e5/b/bf1555356/data/worlds/entry-A/simulated-device.lock": {"bytes": 1, "sha256": "5feceb66ffc86f38d952786c6d696c79c2dbc239dd4e91b46729d73a27fb57e9"}, "s/s/se90015e5/sandbox-manifest.v1.json": {"bytes": 930, "sha256": "a6691deade350dc1e689f85109b1d330c830c6731fb09579ee18095639268a53"}, "s/sandbox-registry.v1.json": {"bytes": 486, "sha256": "ace7398f07e853d83bcd2c8c8255e616ebcad1b562d8489963e4f13c0215ed83"}}}
test_formed_matter_is_automatically_adopted_once_via_original_w03 (tests.test_w04_4_delivery.DeliveryEvidenceTests.test_formed_matter_is_automatically_adopted_once_via_original_w03) ... ERROR
{"test": "tests.test_w04_4_delivery.DeliveryEvidenceTests.test_formed_matter_is_automatically_adopted_once_via_original_w03", "stage": "before-TEST-cleanup", "files": {"s/.p01-sandbox-root.v1.json": {"bytes": 98, "sha256": "3ced39d6b395df89d9b1f34e1b3faf46c14ccc6edab679a616f588a978e002f7"}, "s/s/s0b098dec/b/b33238e9a/branch-manifest.v1.json": {"bytes": 243, "sha256": "80e600da8faecc3c44077164c7525c2b598409cd707555d03982a4ee02626689"}, "s/s/s0b098dec/b/b33238e9a/data/awakening/cycles/695f8907a119e5fb092026511388935c8656c6d5272617e3e7b5053028d75af9.json": {"bytes": 253, "sha256": "f6f161e309a96efba67b5fa0a66b7793c87075409dee5cd320b9f6aaa1dabf9c"}, "s/s/s0b098dec/b/b33238e9a/data/awakening/sessions/2b87c02173fd6ba9cdf9a05320d2e4117ec703a6861a5dbd390ed5a920a39f27/d05ca6a347801b73a8c38072d996f474b4ae5a54e312eda1f733b1cda80416a0.json": {"bytes": 10657, "sha256": "be0c49c845e895a7e535e751cf9619e71bf901720e023178ed786b40c8e2bf9b"}, "s/s/s0b098dec/b/b33238e9a/data/c1-receipts/p08-fake-receipts.json": {"bytes": 148, "sha256": "a411df96a3b6eea514baf41f59d45ab70c55b96ee9f28e118d79525ea3bfe8c8"}, "s/s/s0b098dec/b/b33238e9a/data/clock/subject-clock.v1.json": {"bytes": 109, "sha256": "9215b6977c7811370330d01c8bfe7e63b8e43ba8b12a8f09d85b24e7efac24ad"}, "s/s/s0b098dec/b/b33238e9a/data/contradiction/test/2b87c02173fd6ba9cdf9a05320d2e4117ec703a6861a5dbd390ed5a920a39f27.json": {"bytes": 228, "sha256": "596eb495cb53323c76a70ceef0c2ad3101fb7e28245ca4284e6b20819af8bf7d"}, "s/s/s0b098dec/b/b33238e9a/data/environment-access/test/719b636403e708caae02df6fccf846e6eadd6a620b87ceb287d5ab059864f3e5/attachments.v1.json": {"bytes": 8930, "sha256": "bdd9f4a5bf1b5fbeb74df56794a06e107e98f1a24c39bc0053537ce0df70825f"}, "s/s/s0b098dec/b/b33238e9a/data/environment-access/test/719b636403e708caae02df6fccf846e6eadd6a620b87ceb287d5ab059864f3e5/attachments.v1.lock": {"bytes": 1, "sha256": "5feceb66ffc86f38d952786c6d696c79c2dbc239dd4e91b46729d73a27fb57e9"}, "s/s/s0b098dec/b/b33238e9a/data/execution-outbox/test/719b636403e708caae02df6fccf846e6eadd6a620b87ceb287d5ab059864f3e5/delivery.v1.json": {"bytes": 653, "sha256": "7a3e271cfbfbdc33ccabe39852e2ca921c087515735fc3af9951b690f9a54624"}, "s/s/s0b098dec/b/b33238e9a/data/execution-outbox/test/719b636403e708caae02df6fccf846e6eadd6a620b87ceb287d5ab059864f3e5/delivery.v1.lock": {"bytes": 1, "sha256": "5feceb66ffc86f38d952786c6d696c79c2dbc239dd4e91b46729d73a27fb57e9"}, "s/s/s0b098dec/b/b33238e9a/data/fixture/c1-profile.v1.json": {"bytes": 102, "sha256": "7bffcd12c96f5f84dbce243d15950d527e7568242f0ed2c051f8a69b4e7d61ae"}, "s/s/s0b098dec/b/b33238e9a/data/fixture/state-fixture.v1.json": {"bytes": 635, "sha256": "44ffa51cf2d7b5f8f65f1caffdce0b5bd6a600717329e76e0a84188f588bd562"}, "s/s/s0b098dec/b/b33238e9a/data/integration/capability-ledger.v1.json": {"bytes": 15809, "sha256": "097c0e83cff96323fa0565c3bfdf3936d197b0a2cef538fc42ebb4eed51c91df"}, "s/s/s0b098dec/b/b33238e9a/data/integration/operation-journal.first-round-v1.json": {"bytes": 184193, "sha256": "47fd43abe47c514a030f0082205be4713e32198bc8f96f4cbf531a85f6021c32"}, "s/s/s0b098dec/b/b33238e9a/data/integration/result-ledger.first-round-v1.json": {"bytes": 1558, "sha256": "3933fdadbbb117feca8743fbca525f00ede9c28fb4ed3cee0e74239d4154dbbe"}, "s/s/s0b098dec/b/b33238e9a/data/integration/subject-binding.runtime-v1.json": {"bytes": 613, "sha256": "568eb036894ceff3fc47f6af548071ecb72b63b7ebbd52175489508f693e6fb4"}, "s/s/s0b098dec/b/b33238e9a/data/learning/2b87c02173fd6ba9cdf9a05320d2e4117ec703a6861a5dbd390ed5a920a39f27.json": {"bytes": 2154, "sha256": "3ad045f9c6b460365ed513502f9bc09dbd537be07f259bc98beb85bb0f60f829"}, "s/s/s0b098dec/b/b33238e9a/data/memory/test/2b87c02173fd6ba9cdf9a05320d2e4117ec703a6861a5dbd390ed5a920a39f27.json": {"bytes": 4202, "sha256": "a8a14b0f4abcf0855b911fc8bb12cdfdf701c9ec73a12ea76a70a46a8820ab99"}, "s/s/s0b098dec/b/b33238e9a/data/resources/2b87c02173fd6ba9cdf9a05320d2e4117ec703a6861a5dbd390ed5a920a39f27.json": {"bytes": 437, "sha256": "c2bb281d2331ecf975f30b9a99d108c3a119e9e203146d964be031c369b3a1dd"}, "s/s/s0b098dec/b/b33238e9a/data/subject-state/2b87c02173fd6ba9cdf9a05320d2e4117ec703a6861a5dbd390ed5a920a39f27.json": {"bytes": 9441, "sha256": "195751a65d7aa1b933a01e536805c415b2ab38f2d46f42eefa9556a8cc2fe140"}, "s/s/s0b098dec/b/b33238e9a/data/test-actions/action-sessions.v1.json": {"bytes": 128, "sha256": "326efc742752cb2b7c48c7769588d443da617f68e3c7aaa560d14014a8a76245"}, "s/s/s0b098dec/b/b33238e9a/data/test-indexes/events.v1.json": {"bytes": 138, "sha256": "081d2cbb6a4eda9f43d8666b7939d6e4440c29b8e254e395bd1a080a518bd532"}, "s/s/s0b098dec/b/b33238e9a/data/test-indexes/evolution.v1.json": {"bytes": 141, "sha256": "3b02b578449583c5ac38466c7d75fb0463e93aec0b5a5f0764ebdb791142df8c"}, "s/s/s0b098dec/b/b33238e9a/data/test-indexes/relationship-state.v1.json": {"bytes": 150, "sha256": "43a5a360d55bc385e73dfee16dfc60e7d98f0a4015ada990089116b02327d06f"}, "s/s/s0b098dec/b/b33238e9a/data/test-indexes/state-mutations.v1.json": {"bytes": 147, "sha256": "725a5826d953b6b1af786000a475a238be267704344d7d033952916688b24cfb"}, "s/s/s0b098dec/b/b33238e9a/data/test-indexes/thinking-sessions.v1.json": {"bytes": 149, "sha256": "4bbba992987ef120d000ccbb1681d68459bf8df85c06410b1b06e5ca390bdc25"}, "s/s/s0b098dec/b/b33238e9a/data/test-indexes/wake-sessions.v1.json": {"bytes": 145, "sha256": "47858adbcd14ba00af74c61670d451a41d6977d517813a7f615333016c3a6076"}, "s/s/s0b098dec/b/b33238e9a/data/test-memory/memory-ledger.v1.json": {"bytes": 631, "sha256": "e5eaab2b855f2011e2c9e2b6045431e58a6a97df72612cbc79efd28a353b7dbd"}, "s/s/s0b098dec/b/b33238e9a/data/test-trace/subject-clock-trace.v1.json": {"bytes": 1558, "sha256": "b533726cf184c6ba43e8987eb43084fac1905df9678ed57b9aa39ad78bc1e0ea"}, "s/s/s0b098dec/b/b33238e9a/data/thinking/sessions/2b87c02173fd6ba9cdf9a05320d2e4117ec703a6861a5dbd390ed5a920a39f27/89e3eff4964a0cc91093169e914867ec96ac2a1f90fb798cc966815e8bb9a4ad.json": {"bytes": 64757, "sha256": "3cc65d72dd6f943fb03b69a4ff357472bcb54097febf46d8f253c4dde4294938"}, "s/s/s0b098dec/b/b33238e9a/data/worlds/entry-A/simulated-device.json": {"bytes": 3384, "sha256": "54ba347f7c041cbfa4c01e6c1adf9ed7cbca5894a86c21fb98b3bc3da5430696"}, "s/s/s0b098dec/b/b33238e9a/data/worlds/entry-A/simulated-device.lock": {"bytes": 1, "sha256": "5feceb66ffc86f38d952786c6d696c79c2dbc239dd4e91b46729d73a27fb57e9"}, "s/s/s0b098dec/sandbox-manifest.v1.json": {"bytes": 930, "sha256": "8f8083625142b880438d7ba8ff624f033fffb129341848486baed775e7e65099"}, "s/sandbox-registry.v1.json": {"bytes": 486, "sha256": "0e9f90ef7eb6daf55106376702112a8e58a2322ab7023cb8c9d29721edbddeb0"}}}
test_send_receipt_cannot_substitute_for_read_observation (tests.test_w04_4_delivery.DeliveryEvidenceTests.test_send_receipt_cannot_substitute_for_read_observation) ... ok
test_sent_delivery_read_evidence_and_readonly_reopen (tests.test_w04_4_delivery.DeliveryEvidenceTests.test_sent_delivery_read_evidence_and_readonly_reopen) ... ERROR
{"test": "tests.test_w04_4_delivery.DeliveryEvidenceTests.test_sent_delivery_read_evidence_and_readonly_reopen", "stage": "before-TEST-cleanup", "files": {"s/.p01-sandbox-root.v1.json": {"bytes": 98, "sha256": "3ced39d6b395df89d9b1f34e1b3faf46c14ccc6edab679a616f588a978e002f7"}, "s/s/sb58cac68/b/b3dc6ac57/branch-manifest.v1.json": {"bytes": 243, "sha256": "e2a95e68f3d7434d1980fbe89f8ea1ecca92e7b3af7fa1b8850c1f7d4405f1d3"}, "s/s/sb58cac68/b/b3dc6ac57/data/awakening/cycles/1b7534db1042735a5da219baa6f27be4375c76b579d481c03647e0e2ba9a9ae0.json": {"bytes": 253, "sha256": "912d43c1b18aaee7d5028008b9036d7376a5c7417ef4b305545c35cba2ec5504"}, "s/s/sb58cac68/b/b3dc6ac57/data/awakening/sessions/3887daef5051575157b838c17ed79b8191b34edb4a0335b67249362911e23fa9/7a5f429997aef6faa0d4bfb33c47c3c7917035807da6e066930dae2ab73e1c4d.json": {"bytes": 10657, "sha256": "c955197b5824afbb82ddeceedc32ff1c0a266547e2418806447347c45de1bf2e"}, "s/s/sb58cac68/b/b3dc6ac57/data/c1-receipts/p08-fake-receipts.json": {"bytes": 148, "sha256": "a411df96a3b6eea514baf41f59d45ab70c55b96ee9f28e118d79525ea3bfe8c8"}, "s/s/sb58cac68/b/b3dc6ac57/data/clock/subject-clock.v1.json": {"bytes": 109, "sha256": "9215b6977c7811370330d01c8bfe7e63b8e43ba8b12a8f09d85b24e7efac24ad"}, "s/s/sb58cac68/b/b3dc6ac57/data/contradiction/test/3887daef5051575157b838c17ed79b8191b34edb4a0335b67249362911e23fa9.json": {"bytes": 228, "sha256": "513f1f2bbc53f947a8384d87245a51e24bc961516e83218b813b4b7d2994e06c"}, "s/s/sb58cac68/b/b3dc6ac57/data/environment-access/test/2574620341c40a5e1dc14d11cb4c64615aaac50b91967cc3822403918675547f/attachments.v1.json": {"bytes": 8930, "sha256": "80bb474a531d6cc258d2e093ad365421ef2b5b2d17d57a1723eb09f5c8be6377"}, "s/s/sb58cac68/b/b3dc6ac57/data/environment-access/test/2574620341c40a5e1dc14d11cb4c64615aaac50b91967cc3822403918675547f/attachments.v1.lock": {"bytes": 1, "sha256": "5feceb66ffc86f38d952786c6d696c79c2dbc239dd4e91b46729d73a27fb57e9"}, "s/s/sb58cac68/b/b3dc6ac57/data/execution-outbox/test/2574620341c40a5e1dc14d11cb4c64615aaac50b91967cc3822403918675547f/delivery.v1.json": {"bytes": 653, "sha256": "b7c67c28e92a0a9d6a598c348b35213a7502afdea76b19ea5a7a69e99c1d2b39"}, "s/s/sb58cac68/b/b3dc6ac57/data/execution-outbox/test/2574620341c40a5e1dc14d11cb4c64615aaac50b91967cc3822403918675547f/delivery.v1.lock": {"bytes": 1, "sha256": "5feceb66ffc86f38d952786c6d696c79c2dbc239dd4e91b46729d73a27fb57e9"}, "s/s/sb58cac68/b/b3dc6ac57/data/fixture/c1-profile.v1.json": {"bytes": 102, "sha256": "770c4f1cfa9cad442654e81eaf855228dcd59bc921c94409b8f6d916661c8a9b"}, "s/s/sb58cac68/b/b3dc6ac57/data/fixture/state-fixture.v1.json": {"bytes": 635, "sha256": "53beeec912a6c6ef2df0eabf3e98795722ab68747d7472709b6794a72b889380"}, "s/s/sb58cac68/b/b3dc6ac57/data/integration/capability-ledger.v1.json": {"bytes": 15629, "sha256": "5c5b2ababb9ab27700569461139e94320509598b6aab1c91638851fae7915be8"}, "s/s/sb58cac68/b/b3dc6ac57/data/integration/operation-journal.first-round-v1.json": {"bytes": 183582, "sha256": "90206854698578373d679dc500326bbf9525e9942054f1306690d9547e313c9a"}, "s/s/sb58cac68/b/b3dc6ac57/data/integration/result-ledger.first-round-v1.json": {"bytes": 1567, "sha256": "abdc564e0c9464064f5786b71145419ce9bd7d11fb4adf76af835c8a0c842553"}, "s/s/sb58cac68/b/b3dc6ac57/data/integration/subject-binding.runtime-v1.json": {"bytes": 613, "sha256": "7af8e981a6224e07c254bb6a9ced14d99f277496f04582d4cd9d2fa43b82be09"}, "s/s/sb58cac68/b/b3dc6ac57/data/learning/3887daef5051575157b838c17ed79b8191b34edb4a0335b67249362911e23fa9.json": {"bytes": 2154, "sha256": "7be1f6a539c0c831a349aeacd92c90f5041a33ae8785409c37e5708f7acb2500"}, "s/s/sb58cac68/b/b3dc6ac57/data/memory/test/3887daef5051575157b838c17ed79b8191b34edb4a0335b67249362911e23fa9.json": {"bytes": 4202, "sha256": "158e7d8317ac6fec99406a13322453379fdaa0f7a633c7286ac55ad18891d86a"}, "s/s/sb58cac68/b/b3dc6ac57/data/resources/3887daef5051575157b838c17ed79b8191b34edb4a0335b67249362911e23fa9.json": {"bytes": 437, "sha256": "c1cae09533cc20d662368c1b474147b6412493b45d17a3f63bca0c6da13aa86e"}, "s/s/sb58cac68/b/b3dc6ac57/data/subject-state/3887daef5051575157b838c17ed79b8191b34edb4a0335b67249362911e23fa9.json": {"bytes": 4912, "sha256": "4e65f38c34f0821c2e0c5364ef557ac231de16ca56b003e791bab4b6f3e5664e"}, "s/s/sb58cac68/b/b3dc6ac57/data/test-actions/action-sessions.v1.json": {"bytes": 128, "sha256": "615765c887bece2035a70bbd8ed38f6811811c61dda263192e31584c4ed09c80"}, "s/s/sb58cac68/b/b3dc6ac57/data/test-indexes/events.v1.json": {"bytes": 138, "sha256": "9bd1e005d96da74485732fb02799fea84cb7c51324c6647671867d22bf4085c5"}, "s/s/sb58cac68/b/b3dc6ac57/data/test-indexes/evolution.v1.json": {"bytes": 141, "sha256": "73a5f11c0c783fa16d9299c5476a467bdb3f2fc76b0d26ec0c5cfd18f8bcea6e"}, "s/s/sb58cac68/b/b3dc6ac57/data/test-indexes/relationship-state.v1.json": {"bytes": 150, "sha256": "2df8bb2ea77a740bd8edf99717b82612bf850a7ffba4f52ea17f41434afed73a"}, "s/s/sb58cac68/b/b3dc6ac57/data/test-indexes/state-mutations.v1.json": {"bytes": 147, "sha256": "3d67a7c1997919d0cfe3def7d2bf7ac0f235d06ef88bd4c748c4b676fae6b1d4"}, "s/s/sb58cac68/b/b3dc6ac57/data/test-indexes/thinking-sessions.v1.json": {"bytes": 149, "sha256": "973bffddcbc2c7a242c8f13d6583396cf3836ce1dfcca2d612a6bbcabab2201b"}, "s/s/sb58cac68/b/b3dc6ac57/data/test-indexes/wake-sessions.v1.json": {"bytes": 145, "sha256": "be6688b00d0cec80214d2a00dbe6f8527b315b9c12d6ad04e681c3585055ec03"}, "s/s/sb58cac68/b/b3dc6ac57/data/test-memory/memory-ledger.v1.json": {"bytes": 631, "sha256": "981c4eb648da7cbdee4a1e0dd0a7352ecb5517867604bc9368f85402b694c025"}, "s/s/sb58cac68/b/b3dc6ac57/data/test-trace/subject-clock-trace.v1.json": {"bytes": 1558, "sha256": "6868b6f987a5a039e316819a08d3d7c5ade3b7fb0ceae34efbce1ff2fe87caf4"}, "s/s/sb58cac68/b/b3dc6ac57/data/thinking/sessions/3887daef5051575157b838c17ed79b8191b34edb4a0335b67249362911e23fa9/64b13483d4e45e0343ed9edc39c01b0d6a9805e99b8ce3b0158557aa6900fbb7.json": {"bytes": 64768, "sha256": "ad5d29aed5bc03f255c6fdf505dd8eedc7e725f98bcf1e9bbd4d9ab5cd6ba73b"}, "s/s/sb58cac68/b/b3dc6ac57/data/worlds/entry-A/simulated-device.json": {"bytes": 3402, "sha256": "e71a333563254f02fbd69f3ca89aa49c519bbfac4a6b17f6b01853d5f95c1692"}, "s/s/sb58cac68/b/b3dc6ac57/data/worlds/entry-A/simulated-device.lock": {"bytes": 1, "sha256": "5feceb66ffc86f38d952786c6d696c79c2dbc239dd4e91b46729d73a27fb57e9"}, "s/s/sb58cac68/sandbox-manifest.v1.json": {"bytes": 930, "sha256": "0c54931dedd47a0e2277234aa3260bd57c65e0ed047465f58d9d5b44919caa76"}, "s/sandbox-registry.v1.json": {"bytes": 486, "sha256": "7007ace9edd7377a72e2c8ee2579d62b5514d6f885687c4dc5d66da8f2eb20b4"}}}

======================================================================
ERROR: test_evidence_current_source_withdrawal_and_permission_rejection (tests.test_w04_4_delivery.DeliveryEvidenceTests.test_evidence_current_source_withdrawal_and_permission_rejection)
----------------------------------------------------------------------
Traceback (most recent call last):
  File "C:\Users\Administrator\Documents\continuity-engine\src\continuity_engine\domain\integration_hashing.py", line 35, in canonicalize_json
    return rfc8785.dumps(_json_value(value))
           ~~~~~~~~~~~~~^^^^^^^^^^^^^^^^^^^^
  File "E:\Adobe\Lib\site-packages\rfc8785\_impl.py", line 184, in dumps
    dump(obj, sink)
    ~~~~^^^^^^^^^^^
  File "E:\Adobe\Lib\site-packages\rfc8785\_impl.py", line 250, in dump
    dump(value, sink)
    ~~~~^^^^^^^^^^^^^
  File "E:\Adobe\Lib\site-packages\rfc8785\_impl.py", line 225, in dump
    dump(elem, sink)
    ~~~~^^^^^^^^^^^^
  File "E:\Adobe\Lib\site-packages\rfc8785\_impl.py", line 250, in dump
    dump(value, sink)
    ~~~~^^^^^^^^^^^^^
  File "E:\Adobe\Lib\site-packages\rfc8785\_impl.py", line 254, in dump
    raise CanonicalizationError(f"unsupported type: {type(obj)}")
rfc8785._impl.CanonicalizationError: unsupported type: <class 'datetime.datetime'>

The above exception was the direct cause of the following exception:

Traceback (most recent call last):
  File "C:\Users\Administrator\Documents\continuity-engine\tests\test_w04_4_delivery.py", line 46, in test_evidence_current_source_withdrawal_and_permission_rejection
    f.delivery_notice('entry:A', send, 'READ')
    ~~~~~~~~~~~~~~~~~^^^^^^^^^^^^^^^^^^^^^^^^^
  File "C:\Users\Administrator\Documents\continuity-engine\src\continuity_engine\testing\w04_cross_entry_fixture.py", line 323, in delivery_notice
    port.change(history=[*port.store.load()['history'], row])
    ~~~~~~~~~~~^^^^^^^^^^^^^^^^^^^^^^^^^^^^^^^^^^^^^^^^^^^^^^
  File "C:\Users\Administrator\Documents\continuity-engine\src\continuity_engine\testing\w04_device_fixture.py", line 96, in change
    d.update(values); self.store.save(d)
                      ~~~~~~~~~~~~~~~^^^
  File "C:\Users\Administrator\Documents\continuity-engine\src\continuity_engine\storage\json_execution_outbox.py", line 109, in save
    json.dump({'document':document,'hash':digest(document)},stream,ensure_ascii=False,sort_keys=True)
                                          ~~~~~~^^^^^^^^^^
  File "C:\Users\Administrator\Documents\continuity-engine\src\continuity_engine\domain\action_planning.py", line 13, in digest
    return sha256_hash(canonicalize_json(value))
                       ~~~~~~~~~~~~~~~~~^^^^^^^
  File "C:\Users\Administrator\Documents\continuity-engine\src\continuity_engine\domain\integration_hashing.py", line 37, in canonicalize_json
    raise MachineContractValidationError(
        "value cannot be canonicalized as RFC 8785 JSON"
    ) from exc
continuity_engine.domain.errors.MachineContractValidationError: value cannot be canonicalized as RFC 8785 JSON

======================================================================
ERROR: test_formed_matter_is_automatically_adopted_once_via_original_w03 (tests.test_w04_4_delivery.DeliveryEvidenceTests.test_formed_matter_is_automatically_adopted_once_via_original_w03)
----------------------------------------------------------------------
Traceback (most recent call last):
  File "C:\Users\Administrator\Documents\continuity-engine\src\continuity_engine\services\continuity_interaction_service.py", line 264, in _submit
    self._verify_core_completed(completed_operation, lookup.result)
    ~~~~~~~~~~~~~~~~~~~~~~~~~~~^^^^^^^^^^^^^^^^^^^^^^^^^^^^^^^^^^^^
  File "C:\Users\Administrator\Documents\continuity-engine\src\continuity_engine\services\continuity_interaction_service.py", line 1294, in _verify_core_completed
    core.expression_policy.verify(core,operation,thinking,progress.action,current=expression_current)
    ~~~~~~~~~~~~~~~~~~~~~~~~~~~~~^^^^^^^^^^^^^^^^^^^^^^^^^^^^^^^^^^^^^^^^^^^^^^^^^^^^^^^^^^^^^^^^^^^^
  File "C:\Users\Administrator\Documents\continuity-engine\src\continuity_engine\services\expression_policy_service.py", line 227, in verify
    if current and not independent_denial and decision!=self.decide(core,operation,thinking,action,context):
                                                        ~~~~~~~~~~~^^^^^^^^^^^^^^^^^^^^^^^^^^^^^^^^^^^^^^^^
  File "C:\Users\Administrator\Documents\continuity-engine\src\continuity_engine\services\expression_policy_service.py", line 124, in decide
    raise ExpressionAccessError('EXPRESSION_CONTEXT_STALE_OR_UNAUTHORIZED')
continuity_engine.domain.expression.ExpressionAccessError: EXPRESSION_CONTEXT_STALE_OR_UNAUTHORIZED

The above exception was the direct cause of the following exception:

Traceback (most recent call last):
  File "C:\Users\Administrator\Documents\continuity-engine\tests\test_w04_4_delivery.py", line 69, in test_formed_matter_is_automatically_adopted_once_via_original_w03
    f.reopen(); f.entries.receive(f.last_request, f.last_message)
                ~~~~~~~~~~~~~~~~~^^^^^^^^^^^^^^^^^^^^^^^^^^^^^^^^
  File "C:\Users\Administrator\Documents\continuity-engine\src\continuity_engine\services\cross_entry_service.py", line 562, in receive
    result = self.interaction.submit(payload, entry_message=message)
  File "C:\Users\Administrator\Documents\continuity-engine\src\continuity_engine\services\continuity_interaction_service.py", line 192, in submit
    return self._submit(payload, access_use=access_use, entry_message=entry_message)
           ~~~~~~~~~~~~^^^^^^^^^^^^^^^^^^^^^^^^^^^^^^^^^^^^^^^^^^^^^^^^^^^^^^^^^^^^^
  File "C:\Users\Administrator\Documents\continuity-engine\src\continuity_engine\services\continuity_interaction_service.py", line 336, in _submit
    raise IntegrationExecutionError(
    ...<4 lines>...
    ) from exc
continuity_engine.domain.errors.IntegrationExecutionError: Local integration encountered an unexpected execution fault during ledger.

======================================================================
ERROR: test_sent_delivery_read_evidence_and_readonly_reopen (tests.test_w04_4_delivery.DeliveryEvidenceTests.test_sent_delivery_read_evidence_and_readonly_reopen)
----------------------------------------------------------------------
Traceback (most recent call last):
  File "C:\Users\Administrator\Documents\continuity-engine\src\continuity_engine\domain\integration_hashing.py", line 35, in canonicalize_json
    return rfc8785.dumps(_json_value(value))
           ~~~~~~~~~~~~~^^^^^^^^^^^^^^^^^^^^
  File "E:\Adobe\Lib\site-packages\rfc8785\_impl.py", line 184, in dumps
    dump(obj, sink)
    ~~~~^^^^^^^^^^^
  File "E:\Adobe\Lib\site-packages\rfc8785\_impl.py", line 250, in dump
    dump(value, sink)
    ~~~~^^^^^^^^^^^^^
  File "E:\Adobe\Lib\site-packages\rfc8785\_impl.py", line 225, in dump
    dump(elem, sink)
    ~~~~^^^^^^^^^^^^
  File "E:\Adobe\Lib\site-packages\rfc8785\_impl.py", line 250, in dump
    dump(value, sink)
    ~~~~^^^^^^^^^^^^^
  File "E:\Adobe\Lib\site-packages\rfc8785\_impl.py", line 254, in dump
    raise CanonicalizationError(f"unsupported type: {type(obj)}")
rfc8785._impl.CanonicalizationError: unsupported type: <class 'datetime.datetime'>

The above exception was the direct cause of the following exception:

Traceback (most recent call last):
  File "C:\Users\Administrator\Documents\continuity-engine\tests\test_w04_4_delivery.py", line 26, in test_sent_delivery_read_evidence_and_readonly_reopen
    f.delivery_notice('entry:A', send, 'DELIVERED')
    ~~~~~~~~~~~~~~~~~^^^^^^^^^^^^^^^^^^^^^^^^^^^^^^
  File "C:\Users\Administrator\Documents\continuity-engine\src\continuity_engine\testing\w04_cross_entry_fixture.py", line 323, in delivery_notice
    port.change(history=[*port.store.load()['history'], row])
    ~~~~~~~~~~~^^^^^^^^^^^^^^^^^^^^^^^^^^^^^^^^^^^^^^^^^^^^^^
  File "C:\Users\Administrator\Documents\continuity-engine\src\continuity_engine\testing\w04_device_fixture.py", line 96, in change
    d.update(values); self.store.save(d)
                      ~~~~~~~~~~~~~~~^^^
  File "C:\Users\Administrator\Documents\continuity-engine\src\continuity_engine\storage\json_execution_outbox.py", line 109, in save
    json.dump({'document':document,'hash':digest(document)},stream,ensure_ascii=False,sort_keys=True)
                                          ~~~~~~^^^^^^^^^^
  File "C:\Users\Administrator\Documents\continuity-engine\src\continuity_engine\domain\action_planning.py", line 13, in digest
    return sha256_hash(canonicalize_json(value))
                       ~~~~~~~~~~~~~~~~~^^^^^^^
  File "C:\Users\Administrator\Documents\continuity-engine\src\continuity_engine\domain\integration_hashing.py", line 37, in canonicalize_json
    raise MachineContractValidationError(
        "value cannot be canonicalized as RFC 8785 JSON"
    ) from exc
continuity_engine.domain.errors.MachineContractValidationError: value cannot be canonicalized as RFC 8785 JSON

----------------------------------------------------------------------
Ran 4 tests in 7.181s

FAILED (errors=3)
