test_api_question_followup_reply_same_engine_and_matter (tests.test_w04_4_continuity.CrossEntryTests.test_api_question_followup_reply_same_engine_and_matter) ... ERROR
{"test": "tests.test_w04_4_continuity.CrossEntryTests.test_api_question_followup_reply_same_engine_and_matter", "stage": "before-TEST-cleanup", "files": {"s/.p01-sandbox-root.v1.json": {"bytes": 98, "sha256": "3ced39d6b395df89d9b1f34e1b3faf46c14ccc6edab679a616f588a978e002f7"}, "s/s/s3f61f4a2/b/b108c2657/branch-manifest.v1.json": {"bytes": 243, "sha256": "59843708968dda86fbe1064bfeb51c453259fc408668ff931de41ad484cc8a62"}, "s/s/s3f61f4a2/b/b108c2657/data/awakening/cycles/3b9edb270eceb6addbcb35a7fe7fc3fdf1a0d5d2255d1d7c799fb846bfb0c441.json": {"bytes": 253, "sha256": "bc845c7fcbe44a087d9c08d111116075edac07c51e11c06653e1b432c3282a3b"}, "s/s/s3f61f4a2/b/b108c2657/data/awakening/sessions/e9adefff3563d6ff421926b9ea9f97f00e22b7a52545fc2811184bbe2750c74d/19aa4d669a2a03a64f3b6e27d4b2a020dfc0fd23497335d8a5f6e31a2d399a5a.json": {"bytes": 84389, "sha256": "13b29a94ddf1cbdccc87a51d609d99395271c0d93f441e557c80ad4778349291"}, "s/s/s3f61f4a2/b/b108c2657/data/awakening/sessions/e9adefff3563d6ff421926b9ea9f97f00e22b7a52545fc2811184bbe2750c74d/3823815ee1088ccdf63f0a10259174ce2af1be4b90d88537aa4b412d6b40d106.json": {"bytes": 10657, "sha256": "de3455ebadce973654070968873cac9e6781e17591358e015ed87a2aca73f6ef"}, "s/s/s3f61f4a2/b/b108c2657/data/awakening/sessions/e9adefff3563d6ff421926b9ea9f97f00e22b7a52545fc2811184bbe2750c74d/bf4f1a418264b3eedbbec1d0f8d099807eeb50b7060d9db365d76fed128e25f7.json": {"bytes": 17943, "sha256": "e7d0e17f0bb1c069c3a97c36914a70545761fd2f00cc8c076345e291fe728e3c"}, "s/s/s3f61f4a2/b/b108c2657/data/c1-receipts/p08-fake-receipts.json": {"bytes": 148, "sha256": "a411df96a3b6eea514baf41f59d45ab70c55b96ee9f28e118d79525ea3bfe8c8"}, "s/s/s3f61f4a2/b/b108c2657/data/clock/subject-clock.v1.json": {"bytes": 109, "sha256": "a12e3fbb74da240f6330c740f8c742b071e53b32f2f7187fb0b9938173b6c05f"}, "s/s/s3f61f4a2/b/b108c2657/data/contradiction/test/e9adefff3563d6ff421926b9ea9f97f00e22b7a52545fc2811184bbe2750c74d.json": {"bytes": 228, "sha256": "30095265c8819f9b98140f3bfd70b672b0b852a50262e0083e3180736609eff8"}, "s/s/s3f61f4a2/b/b108c2657/data/environment-access/test/ab6dbcd26b07b4edc3a27b805b8043204ff55b09c5f0a7c0905734cd2fe6bf60/attachments.v1.json": {"bytes": 8486, "sha256": "90fe4a206ee69f8aad6dff11e6b334bb6c238126b4a6b02a3ba8d51d7fae514f"}, "s/s/s3f61f4a2/b/b108c2657/data/environment-access/test/ab6dbcd26b07b4edc3a27b805b8043204ff55b09c5f0a7c0905734cd2fe6bf60/attachments.v1.lock": {"bytes": 1, "sha256": "5feceb66ffc86f38d952786c6d696c79c2dbc239dd4e91b46729d73a27fb57e9"}, "s/s/s3f61f4a2/b/b108c2657/data/execution-outbox/test/ab6dbcd26b07b4edc3a27b805b8043204ff55b09c5f0a7c0905734cd2fe6bf60/delivery.v1.json": {"bytes": 1091, "sha256": "bb2db78d3b99ecc42ae3f1e74e1444d27c57e906f2e3cb5373d42d936ea11306"}, "s/s/s3f61f4a2/b/b108c2657/data/execution-outbox/test/ab6dbcd26b07b4edc3a27b805b8043204ff55b09c5f0a7c0905734cd2fe6bf60/delivery.v1.lock": {"bytes": 1, "sha256": "5feceb66ffc86f38d952786c6d696c79c2dbc239dd4e91b46729d73a27fb57e9"}, "s/s/s3f61f4a2/b/b108c2657/data/fixture/c1-profile.v1.json": {"bytes": 102, "sha256": "1e8c0936ee82e1143ec59f6a613e48bb24c5e876ee9e4eb7eaa5e0a170bab8f3"}, "s/s/s3f61f4a2/b/b108c2657/data/fixture/state-fixture.v1.json": {"bytes": 635, "sha256": "8ae544a8cfca29c5e09937a0021f5d424ec94e424396abe4c582c3603480f3d3"}, "s/s/s3f61f4a2/b/b108c2657/data/integration/capability-ledger.v1.json": {"bytes": 32056, "sha256": "8eadc35e0f7eee4d9ab6215adf8b1e005dcb6f11e44e86190b804b1776ed6b42"}, "s/s/s3f61f4a2/b/b108c2657/data/integration/operation-journal.first-round-v1.json": {"bytes": 308707, "sha256": "15f377a1c07004ca8adb373d96c23c1fa4a00581dfad2c6ffa2f355b3ffc6c24"}, "s/s/s3f61f4a2/b/b108c2657/data/integration/result-ledger.first-round-v1.json": {"bytes": 1558, "sha256": "03d8302b06bf2a480f3b51906503a434abd423ae54f724c62e971064ec41b567"}, "s/s/s3f61f4a2/b/b108c2657/data/integration/subject-binding.runtime-v1.json": {"bytes": 613, "sha256": "990e11c6ab6978ef981809f595c6f3f6eb224928a1106168c47501c5623ed495"}, "s/s/s3f61f4a2/b/b108c2657/data/learning/e9adefff3563d6ff421926b9ea9f97f00e22b7a52545fc2811184bbe2750c74d.json": {"bytes": 2154, "sha256": "d7cc99fb46e53f05ddc88282cbc1c3af1b698191f9c05f395c72d3110e9b97c7"}, "s/s/s3f61f4a2/b/b108c2657/data/memory/test/e9adefff3563d6ff421926b9ea9f97f00e22b7a52545fc2811184bbe2750c74d.json": {"bytes": 15255, "sha256": "227a7cbed1de0f704b64ad1d40ebf6476455a0e107d477f6af971c712650bc1d"}, "s/s/s3f61f4a2/b/b108c2657/data/persistent-runtime/owner.lock": {"bytes": 1, "sha256": "5feceb66ffc86f38d952786c6d696c79c2dbc239dd4e91b46729d73a27fb57e9"}, "s/s/s3f61f4a2/b/b108c2657/data/persistent-runtime/runtime.v1.json": {"bytes": 784, "sha256": "f44d222e7c12e1cd432d6c4dffc9a0f565ec149af1e9381fa0208c82363588b1"}, "s/s/s3f61f4a2/b/b108c2657/data/persistent-runtime/runtime.v1.lock": {"bytes": 1, "sha256": "5feceb66ffc86f38d952786c6d696c79c2dbc239dd4e91b46729d73a27fb57e9"}, "s/s/s3f61f4a2/b/b108c2657/data/resources/e9adefff3563d6ff421926b9ea9f97f00e22b7a52545fc2811184bbe2750c74d.json": {"bytes": 4250, "sha256": "8188ae6b998f926c19d11b9943616e7a65f6a2461211f76014dd181384d05a4c"}, "s/s/s3f61f4a2/b/b108c2657/data/scheduler/queue.v1.json": {"bytes": 2672, "sha256": "c8eb7474a3232b2269df10994f738fb4e31a4acbfdcbc3cbbe9a149bfbe2d095"}, "s/s/s3f61f4a2/b/b108c2657/data/subject-state/e9adefff3563d6ff421926b9ea9f97f00e22b7a52545fc2811184bbe2750c74d.json": {"bytes": 56010, "sha256": "b6bbd69ca1febdc03c63909dfa9d154b870dbcbe0c5016ed50b8fe3241275ee9"}, "s/s/s3f61f4a2/b/b108c2657/data/test-actions/action-sessions.v1.json": {"bytes": 128, "sha256": "03dcbd6638cf129452be11d1d82f8c850f5fbd3f419d19f87223a542e8fdc4b7"}, "s/s/s3f61f4a2/b/b108c2657/data/test-indexes/events.v1.json": {"bytes": 138, "sha256": "8db8bf24a334b819360762e5ded10a217eceea326f195176ac545c21f8168897"}, "s/s/s3f61f4a2/b/b108c2657/data/test-indexes/evolution.v1.json": {"bytes": 141, "sha256": "bbeccaad9005af995f65241f3012ee26be1d09bf1bcc5ab8dfd4ff8275f3f375"}, "s/s/s3f61f4a2/b/b108c2657/data/test-indexes/relationship-state.v1.json": {"bytes": 150, "sha256": "bc70110df0df41f4859072f026a5bff800f0a32bec0d492bf872872e02734a93"}, "s/s/s3f61f4a2/b/b108c2657/data/test-indexes/state-mutations.v1.json": {"bytes": 147, "sha256": "87594a4ed29d56e9fc0f5a970f7de1fb63c00a10b86ef4e5e545eacb77b8aa74"}, "s/s/s3f61f4a2/b/b108c2657/data/test-indexes/thinking-sessions.v1.json": {"bytes": 149, "sha256": "5846c2a1aac3047dc68bbf9300c03a794e4bdcc77306d4b031c0f627143a3561"}, "s/s/s3f61f4a2/b/b108c2657/data/test-indexes/wake-sessions.v1.json": {"bytes": 145, "sha256": "8bdb3fcac6a77afd250be70ea6b4dfe93f02fca92ca50c8c219c5e042a96facd"}, "s/s/s3f61f4a2/b/b108c2657/data/test-memory/memory-ledger.v1.json": {"bytes": 631, "sha256": "4ca6dbc7f3203856a957766aec41519ef669a773e5397b666bfaa7a4b71dc975"}, "s/s/s3f61f4a2/b/b108c2657/data/test-trace/subject-clock-trace.v1.json": {"bytes": 1558, "sha256": "a51354259a0dd2bf599a2807b4676597b75e9cb15722b4ac5cb307065b23fc98"}, "s/s/s3f61f4a2/b/b108c2657/data/thinking/sessions/e9adefff3563d6ff421926b9ea9f97f00e22b7a52545fc2811184bbe2750c74d/497d19497c7462f9bb970ea05b2e9a633b7c19b08001305ba757bf70792d66f8.json": {"bytes": 64757, "sha256": "b1abc89ccfdee619e82a08c52e6c54f5c2214c658b9750145bfb62b21787d5a6"}, "s/s/s3f61f4a2/b/b108c2657/data/thinking/sessions/e9adefff3563d6ff421926b9ea9f97f00e22b7a52545fc2811184bbe2750c74d/891a88290f3fc1e65daeddb18b28c57f8f137b83400621eafa95042f8be1a770.json": {"bytes": 108964, "sha256": "29652bde5a0ec04471b12706751ef83031b8d2fb9cf2ad3a4a981f0c0ce829d5"}, "s/s/s3f61f4a2/b/b108c2657/data/worlds/entry-A/simulated-device.json": {"bytes": 3384, "sha256": "83993ea77080cdb8a913c8fd85f0723c37e55f458ee12b829efddf4338de11f0"}, "s/s/s3f61f4a2/b/b108c2657/data/worlds/entry-A/simulated-device.lock": {"bytes": 1, "sha256": "5feceb66ffc86f38d952786c6d696c79c2dbc239dd4e91b46729d73a27fb57e9"}, "s/s/s3f61f4a2/b/b108c2657/data/worlds/entry-B/simulated-device.json": {"bytes": 3384, "sha256": "031c037c22d8cb653dbfb183d1f7b0e2b6fad733b3c9fcb96e608c2b17908d95"}, "s/s/s3f61f4a2/b/b108c2657/data/worlds/entry-B/simulated-device.lock": {"bytes": 1, "sha256": "5feceb66ffc86f38d952786c6d696c79c2dbc239dd4e91b46729d73a27fb57e9"}, "s/s/s3f61f4a2/sandbox-manifest.v1.json": {"bytes": 916, "sha256": "26c074a3f1404dacab24fc46b62e0539348edf28b9fe9f0984bd007272a77068"}, "s/sandbox-registry.v1.json": {"bytes": 479, "sha256": "9de1df200350cd0c4401c254c8820f98d29b68a275261251b6196e4e7818a87d"}}}
test_simulated_ui_question_followup_reply_same_engine_and_matter (tests.test_w04_4_continuity.CrossEntryTests.test_simulated_ui_question_followup_reply_same_engine_and_matter) ... ERROR
{"test": "tests.test_w04_4_continuity.CrossEntryTests.test_simulated_ui_question_followup_reply_same_engine_and_matter", "stage": "before-TEST-cleanup", "files": {"s/.p01-sandbox-root.v1.json": {"bytes": 98, "sha256": "3ced39d6b395df89d9b1f34e1b3faf46c14ccc6edab679a616f588a978e002f7"}, "s/s/s2a07942d/b/b2f6c5c4f/branch-manifest.v1.json": {"bytes": 243, "sha256": "ba363f590e6f5477e0024fffa110c4329574402e2e218a3a58b155b0675c0a18"}, "s/s/s2a07942d/b/b2f6c5c4f/data/awakening/cycles/99ebc1f23fb729078553ac89689f6785050e8960495fe5eaba310235d0490d73.json": {"bytes": 253, "sha256": "ed232edb095ffcc1329f2a4187bd2e76c09cab3e96905e32a9f0384058324d9a"}, "s/s/s2a07942d/b/b2f6c5c4f/data/awakening/sessions/befbfc8a15c7effd3a35d638a6eabcbec904762321e79e6aa60aabc21374e6ff/0dbc58416008f8ae2ac1f2ec9ea682ef3953cc9a8447610203b4d65402d53f15.json": {"bytes": 84389, "sha256": "fc3de14970be0a93a44c5cbca2287de19d7dee1ee2eefe132fee5f4a27ce641d"}, "s/s/s2a07942d/b/b2f6c5c4f/data/awakening/sessions/befbfc8a15c7effd3a35d638a6eabcbec904762321e79e6aa60aabc21374e6ff/4df664c938368e3bf4a16f6bfb0a61f06d99c9d37a4b330124f59ebc8ebd78f3.json": {"bytes": 10657, "sha256": "57905aa2f484df645796214946a871cd9192d6c5dab83360214ec1494c8a973c"}, "s/s/s2a07942d/b/b2f6c5c4f/data/awakening/sessions/befbfc8a15c7effd3a35d638a6eabcbec904762321e79e6aa60aabc21374e6ff/7ee1f1ef038f7ffe3c83a4669266c03ae71b2c56997c19ee752e26f25c5a6035.json": {"bytes": 17943, "sha256": "fc0d392156ade7c873813e49f0ce3480a29a47dab2a81374e3086c67e2a076c6"}, "s/s/s2a07942d/b/b2f6c5c4f/data/c1-receipts/p08-fake-receipts.json": {"bytes": 148, "sha256": "a411df96a3b6eea514baf41f59d45ab70c55b96ee9f28e118d79525ea3bfe8c8"}, "s/s/s2a07942d/b/b2f6c5c4f/data/clock/subject-clock.v1.json": {"bytes": 109, "sha256": "a12e3fbb74da240f6330c740f8c742b071e53b32f2f7187fb0b9938173b6c05f"}, "s/s/s2a07942d/b/b2f6c5c4f/data/contradiction/test/befbfc8a15c7effd3a35d638a6eabcbec904762321e79e6aa60aabc21374e6ff.json": {"bytes": 228, "sha256": "220da2e9cfca166da91f7296df7dc83bb4767d2a457864ef348fffe2b9fd7083"}, "s/s/s2a07942d/b/b2f6c5c4f/data/environment-access/test/8256b175ee3b788c345a521e25da1780e9529d8b26c4ad24f7ce66162fe9e70e/attachments.v1.json": {"bytes": 8486, "sha256": "f5553ded97eca1bb7452f88e7f2ad743f6e567ebb30de3accc9b0980bc3cfb5a"}, "s/s/s2a07942d/b/b2f6c5c4f/data/environment-access/test/8256b175ee3b788c345a521e25da1780e9529d8b26c4ad24f7ce66162fe9e70e/attachments.v1.lock": {"bytes": 1, "sha256": "5feceb66ffc86f38d952786c6d696c79c2dbc239dd4e91b46729d73a27fb57e9"}, "s/s/s2a07942d/b/b2f6c5c4f/data/execution-outbox/test/8256b175ee3b788c345a521e25da1780e9529d8b26c4ad24f7ce66162fe9e70e/delivery.v1.json": {"bytes": 1091, "sha256": "30fe88a21817f767aac866451114a0ef4fafd65ef3785f8227b559d536d1bd44"}, "s/s/s2a07942d/b/b2f6c5c4f/data/execution-outbox/test/8256b175ee3b788c345a521e25da1780e9529d8b26c4ad24f7ce66162fe9e70e/delivery.v1.lock": {"bytes": 1, "sha256": "5feceb66ffc86f38d952786c6d696c79c2dbc239dd4e91b46729d73a27fb57e9"}, "s/s/s2a07942d/b/b2f6c5c4f/data/fixture/c1-profile.v1.json": {"bytes": 102, "sha256": "7b3a9b8844c12ddebd98ccbc2b6d6d54f14a09c6ec1a0d49aca620af65e4aa87"}, "s/s/s2a07942d/b/b2f6c5c4f/data/fixture/state-fixture.v1.json": {"bytes": 635, "sha256": "67f2d40a528f93a30f559442cf3f0fd90e9ea6da3e34759583180b2b12b5d510"}, "s/s/s2a07942d/b/b2f6c5c4f/data/integration/capability-ledger.v1.json": {"bytes": 32044, "sha256": "bd5b2fcb7ea1f1b0f2288e469dc2801dc301300757a59cb7d57f4656cb1fd6fe"}, "s/s/s2a07942d/b/b2f6c5c4f/data/integration/operation-journal.first-round-v1.json": {"bytes": 308707, "sha256": "674360869ec134b4ed1b508e6eaa0ecc19915c69a1bbcd8cc727d4ab36618346"}, "s/s/s2a07942d/b/b2f6c5c4f/data/integration/result-ledger.first-round-v1.json": {"bytes": 1558, "sha256": "3b00a8297649bae8221702bcdef85dcdc55cec460c6e3e19507938802575b032"}, "s/s/s2a07942d/b/b2f6c5c4f/data/integration/subject-binding.runtime-v1.json": {"bytes": 613, "sha256": "f147f763a0f15dc5222d59b64e439171030eecc9b3360092271aaa0bd799f177"}, "s/s/s2a07942d/b/b2f6c5c4f/data/learning/befbfc8a15c7effd3a35d638a6eabcbec904762321e79e6aa60aabc21374e6ff.json": {"bytes": 2154, "sha256": "24067f3991c7a4fe2d9d87efab7eeca1708a0a8fb10dfc841fa24b6ce07d307d"}, "s/s/s2a07942d/b/b2f6c5c4f/data/memory/test/befbfc8a15c7effd3a35d638a6eabcbec904762321e79e6aa60aabc21374e6ff.json": {"bytes": 15255, "sha256": "ef2fed00b0fa6117caef53e208e4568db4568f17fa88aad6b7e4347d7d0cd3df"}, "s/s/s2a07942d/b/b2f6c5c4f/data/persistent-runtime/owner.lock": {"bytes": 1, "sha256": "5feceb66ffc86f38d952786c6d696c79c2dbc239dd4e91b46729d73a27fb57e9"}, "s/s/s2a07942d/b/b2f6c5c4f/data/persistent-runtime/runtime.v1.json": {"bytes": 784, "sha256": "4add2edaa97700f9fe84480fc94383bc7e23d7c0ca3bb1d4014f9a46ca8fa6b3"}, "s/s/s2a07942d/b/b2f6c5c4f/data/persistent-runtime/runtime.v1.lock": {"bytes": 1, "sha256": "5feceb66ffc86f38d952786c6d696c79c2dbc239dd4e91b46729d73a27fb57e9"}, "s/s/s2a07942d/b/b2f6c5c4f/data/resources/befbfc8a15c7effd3a35d638a6eabcbec904762321e79e6aa60aabc21374e6ff.json": {"bytes": 4250, "sha256": "de0920918901ee789907600c0823b815e759de1d069d32475c537dd4cca7d642"}, "s/s/s2a07942d/b/b2f6c5c4f/data/scheduler/queue.v1.json": {"bytes": 2672, "sha256": "bcfa85c52e396e61f3746885d93735cfdc618187803eade23f01737829ef7655"}, "s/s/s2a07942d/b/b2f6c5c4f/data/subject-state/befbfc8a15c7effd3a35d638a6eabcbec904762321e79e6aa60aabc21374e6ff.json": {"bytes": 56010, "sha256": "03acd3cda646a4dc9438d1d4a63f2b4c5736a638f9781641367f35dc901172c9"}, "s/s/s2a07942d/b/b2f6c5c4f/data/test-actions/action-sessions.v1.json": {"bytes": 128, "sha256": "14ae511488fb2b5d1d4dee7b05751993c8f013d475eee523e12848a8a2e345ab"}, "s/s/s2a07942d/b/b2f6c5c4f/data/test-indexes/events.v1.json": {"bytes": 138, "sha256": "e71a96b7db20b74ed5455973b41c5155fc19fd65b248f1bf488cc4cacfec5e90"}, "s/s/s2a07942d/b/b2f6c5c4f/data/test-indexes/evolution.v1.json": {"bytes": 141, "sha256": "8d125c47939eb8a2bc8dbc15401cfd09b9c94453f074daa20ea09fe2d1809ad7"}, "s/s/s2a07942d/b/b2f6c5c4f/data/test-indexes/relationship-state.v1.json": {"bytes": 150, "sha256": "e33584a7c4363a5693ad559a3ece5d4d255b3bfda20750f24bca390785527824"}, "s/s/s2a07942d/b/b2f6c5c4f/data/test-indexes/state-mutations.v1.json": {"bytes": 147, "sha256": "cb954783814d416c16c5a2a807125a94ac6ba12c13956ce3847bbcdd76c6bd4f"}, "s/s/s2a07942d/b/b2f6c5c4f/data/test-indexes/thinking-sessions.v1.json": {"bytes": 149, "sha256": "d92697a175a8ad7c488a98e7d4949e93f682a7c83fea0c73ac4e270132c0cae7"}, "s/s/s2a07942d/b/b2f6c5c4f/data/test-indexes/wake-sessions.v1.json": {"bytes": 145, "sha256": "81fbfdfd9b866f2994d299c5294dcf795dc2587e693b866c2063f75262ae39f5"}, "s/s/s2a07942d/b/b2f6c5c4f/data/test-memory/memory-ledger.v1.json": {"bytes": 631, "sha256": "35a21e6cd34437ab272841cc9fc5fce89ea9ffd05f042e00045d6b21742300d2"}, "s/s/s2a07942d/b/b2f6c5c4f/data/test-trace/subject-clock-trace.v1.json": {"bytes": 1558, "sha256": "23d806f592347ac23823671c2f7bd8de876bbe2f41c8c239de3f99e8e13498a0"}, "s/s/s2a07942d/b/b2f6c5c4f/data/thinking/sessions/befbfc8a15c7effd3a35d638a6eabcbec904762321e79e6aa60aabc21374e6ff/8a1ee7b644d8055f8657f5bdcb68ee1223afc0395fdc6e986d9577847c846a9e.json": {"bytes": 109044, "sha256": "71c5242818ba931910d70a5968f58ff7727d4e58ef14c5614c691e2bf843170b"}, "s/s/s2a07942d/b/b2f6c5c4f/data/thinking/sessions/befbfc8a15c7effd3a35d638a6eabcbec904762321e79e6aa60aabc21374e6ff/a5652f47c93b31f92ef74f798aa25d1be7e09954b64c7868bcb32c71df4aff8c.json": {"bytes": 64757, "sha256": "f91e7847799dcff919c92c1c0030791e893540a13aed9fb488cfd86c5671662a"}, "s/s/s2a07942d/b/b2f6c5c4f/data/worlds/entry-A/simulated-device.json": {"bytes": 3524, "sha256": "7e452475aaca8b209894986b30b397e78543e6cf2818b5a188a6c27795d7a9f4"}, "s/s/s2a07942d/b/b2f6c5c4f/data/worlds/entry-A/simulated-device.lock": {"bytes": 1, "sha256": "5feceb66ffc86f38d952786c6d696c79c2dbc239dd4e91b46729d73a27fb57e9"}, "s/s/s2a07942d/b/b2f6c5c4f/data/worlds/entry-B/simulated-device.json": {"bytes": 3524, "sha256": "2ae0b7579b16557b50237a9811f389fac212c004e992eebe771d4af0615af679"}, "s/s/s2a07942d/b/b2f6c5c4f/data/worlds/entry-B/simulated-device.lock": {"bytes": 1, "sha256": "5feceb66ffc86f38d952786c6d696c79c2dbc239dd4e91b46729d73a27fb57e9"}, "s/s/s2a07942d/sandbox-manifest.v1.json": {"bytes": 916, "sha256": "768ef0776d6886c268575948f4675262adc7b9c2ce3489da8ea020bcd9a0ad43"}, "s/sandbox-registry.v1.json": {"bytes": 479, "sha256": "bdb9faef969f5dd8fa11b8a63286fd56b6af37fa174ac595dd947e6040311d22"}}}

======================================================================
ERROR: test_api_question_followup_reply_same_engine_and_matter (tests.test_w04_4_continuity.CrossEntryTests.test_api_question_followup_reply_same_engine_and_matter)
----------------------------------------------------------------------
Traceback (most recent call last):
  File "C:\Users\Administrator\Documents\continuity-engine\src\continuity_engine\services\continuity_interaction_service.py", line 321, in _submit
    operation, thinking_execution = self._run_domain(request, operation, binding)
                                    ~~~~~~~~~~~~~~~~^^^^^^^^^^^^^^^^^^^^^^^^^^^^^
  File "C:\Users\Administrator\Documents\continuity-engine\src\continuity_engine\services\continuity_interaction_service.py", line 876, in _run_domain
    perception = self._continuity_core.prepare(perception, operation,
        **({'save_input': save_input} if operation.input_processing_enabled else {}),
        **({'save_recall':save_recall} if operation.recall_enabled else {}))
  File "C:\Users\Administrator\Documents\continuity-engine\src\continuity_engine\services\continuity_core_service.py", line 348, in prepare
    return self._prepare(perception, operation, save_input=save_input,save_recall=save_recall)
           ~~~~~~~~~~~~~^^^^^^^^^^^^^^^^^^^^^^^^^^^^^^^^^^^^^^^^^^^^^^^^^^^^^^^^^^^^^^^^^^^^^^
  File "C:\Users\Administrator\Documents\continuity-engine\src\continuity_engine\services\continuity_core_service.py", line 427, in _prepare
    route,composition,recall_record=self.recall.prepare(perception,operation,save_recall,
                                    ~~~~~~~~~~~~~~~~~~~^^^^^^^^^^^^^^^^^^^^^^^^^^^^^^^^^^
        attention=mind['influence']['attention'] if mind is not None else None)
        ^^^^^^^^^^^^^^^^^^^^^^^^^^^^^^^^^^^^^^^^^^^^^^^^^^^^^^^^^^^^^^^^^^^^^^^
  File "C:\Users\Administrator\Documents\continuity-engine\src\continuity_engine\services\associative_recall_service.py", line 100, in prepare
    return self._prepare(perception,operation,save,attention=attention)
           ~~~~~~~~~~~~~^^^^^^^^^^^^^^^^^^^^^^^^^^^^^^^^^^^^^^^^^^^^^^^
  File "C:\Users\Administrator\Documents\continuity-engine\src\continuity_engine\services\associative_recall_service.py", line 211, in _prepare
    raise CapabilityValidationError(stop)
continuity_engine.domain.errors.CapabilityValidationError: RECALL_TIMEOUT

The above exception was the direct cause of the following exception:

Traceback (most recent call last):
  File "C:\Users\Administrator\Documents\continuity-engine\tests\test_w04_4_continuity.py", line 66, in test_api_question_followup_reply_same_engine_and_matter
    self.chain()
    ~~~~~~~~~~^^
  File "C:\Users\Administrator\Documents\continuity-engine\tests\test_w04_4_continuity.py", line 55, in chain
    response = self.f.submit('选河边店，窗边那张桌。', entry='entry:B', item_id=item.item_id,
                            reply_to=delivery['request_id'])
  File "C:\Users\Administrator\Documents\continuity-engine\src\continuity_engine\testing\w04_cross_entry_fixture.py", line 275, in submit
    return self.entries.receive(self.last_request, self.last_message)
           ~~~~~~~~~~~~~~~~~~~~^^^^^^^^^^^^^^^^^^^^^^^^^^^^^^^^^^^^^^
  File "C:\Users\Administrator\Documents\continuity-engine\src\continuity_engine\services\cross_entry_service.py", line 468, in receive
    return self.interaction.submit(payload, entry_message=message)
           ~~~~~~~~~~~~~~~~~~~~~~~^^^^^^^^^^^^^^^^^^^^^^^^^^^^^^^^
  File "C:\Users\Administrator\Documents\continuity-engine\src\continuity_engine\services\continuity_interaction_service.py", line 192, in submit
    return self._submit(payload, access_use=access_use, entry_message=entry_message)
           ~~~~~~~~~~~~^^^^^^^^^^^^^^^^^^^^^^^^^^^^^^^^^^^^^^^^^^^^^^^^^^^^^^^^^^^^^
  File "C:\Users\Administrator\Documents\continuity-engine\src\continuity_engine\services\continuity_interaction_service.py", line 333, in _submit
    raise IntegrationExecutionError(
    ...<4 lines>...
    ) from exc
continuity_engine.domain.errors.IntegrationExecutionError: Local integration encountered an unexpected execution fault during domain.

======================================================================
ERROR: test_simulated_ui_question_followup_reply_same_engine_and_matter (tests.test_w04_4_continuity.CrossEntryTests.test_simulated_ui_question_followup_reply_same_engine_and_matter)
----------------------------------------------------------------------
Traceback (most recent call last):
  File "C:\Users\Administrator\Documents\continuity-engine\src\continuity_engine\services\continuity_interaction_service.py", line 321, in _submit
    operation, thinking_execution = self._run_domain(request, operation, binding)
                                    ~~~~~~~~~~~~~~~~^^^^^^^^^^^^^^^^^^^^^^^^^^^^^
  File "C:\Users\Administrator\Documents\continuity-engine\src\continuity_engine\services\continuity_interaction_service.py", line 876, in _run_domain
    perception = self._continuity_core.prepare(perception, operation,
        **({'save_input': save_input} if operation.input_processing_enabled else {}),
        **({'save_recall':save_recall} if operation.recall_enabled else {}))
  File "C:\Users\Administrator\Documents\continuity-engine\src\continuity_engine\services\continuity_core_service.py", line 348, in prepare
    return self._prepare(perception, operation, save_input=save_input,save_recall=save_recall)
           ~~~~~~~~~~~~~^^^^^^^^^^^^^^^^^^^^^^^^^^^^^^^^^^^^^^^^^^^^^^^^^^^^^^^^^^^^^^^^^^^^^^
  File "C:\Users\Administrator\Documents\continuity-engine\src\continuity_engine\services\continuity_core_service.py", line 427, in _prepare
    route,composition,recall_record=self.recall.prepare(perception,operation,save_recall,
                                    ~~~~~~~~~~~~~~~~~~~^^^^^^^^^^^^^^^^^^^^^^^^^^^^^^^^^^
        attention=mind['influence']['attention'] if mind is not None else None)
        ^^^^^^^^^^^^^^^^^^^^^^^^^^^^^^^^^^^^^^^^^^^^^^^^^^^^^^^^^^^^^^^^^^^^^^^
  File "C:\Users\Administrator\Documents\continuity-engine\src\continuity_engine\services\associative_recall_service.py", line 100, in prepare
    return self._prepare(perception,operation,save,attention=attention)
           ~~~~~~~~~~~~~^^^^^^^^^^^^^^^^^^^^^^^^^^^^^^^^^^^^^^^^^^^^^^^
  File "C:\Users\Administrator\Documents\continuity-engine\src\continuity_engine\services\associative_recall_service.py", line 211, in _prepare
    raise CapabilityValidationError(stop)
continuity_engine.domain.errors.CapabilityValidationError: RECALL_TIMEOUT

The above exception was the direct cause of the following exception:

Traceback (most recent call last):
  File "C:\Users\Administrator\Documents\continuity-engine\tests\test_w04_4_continuity.py", line 69, in test_simulated_ui_question_followup_reply_same_engine_and_matter
    self.chain(ui=True)
    ~~~~~~~~~~^^^^^^^^^
  File "C:\Users\Administrator\Documents\continuity-engine\tests\test_w04_4_continuity.py", line 55, in chain
    response = self.f.submit('选河边店，窗边那张桌。', entry='entry:B', item_id=item.item_id,
                            reply_to=delivery['request_id'])
  File "C:\Users\Administrator\Documents\continuity-engine\src\continuity_engine\testing\w04_cross_entry_fixture.py", line 275, in submit
    return self.entries.receive(self.last_request, self.last_message)
           ~~~~~~~~~~~~~~~~~~~~^^^^^^^^^^^^^^^^^^^^^^^^^^^^^^^^^^^^^^
  File "C:\Users\Administrator\Documents\continuity-engine\src\continuity_engine\services\cross_entry_service.py", line 468, in receive
    return self.interaction.submit(payload, entry_message=message)
           ~~~~~~~~~~~~~~~~~~~~~~~^^^^^^^^^^^^^^^^^^^^^^^^^^^^^^^^
  File "C:\Users\Administrator\Documents\continuity-engine\src\continuity_engine\services\continuity_interaction_service.py", line 192, in submit
    return self._submit(payload, access_use=access_use, entry_message=entry_message)
           ~~~~~~~~~~~~^^^^^^^^^^^^^^^^^^^^^^^^^^^^^^^^^^^^^^^^^^^^^^^^^^^^^^^^^^^^^
  File "C:\Users\Administrator\Documents\continuity-engine\src\continuity_engine\services\continuity_interaction_service.py", line 333, in _submit
    raise IntegrationExecutionError(
    ...<4 lines>...
    ) from exc
continuity_engine.domain.errors.IntegrationExecutionError: Local integration encountered an unexpected execution fault during domain.

----------------------------------------------------------------------
Ran 2 tests in 23.493s

FAILED (errors=2)
