test_api_question_followup_reply_same_engine_and_matter (tests.test_w04_4_continuity.CrossEntryTests.test_api_question_followup_reply_same_engine_and_matter) ... ERROR
{"test": "tests.test_w04_4_continuity.CrossEntryTests.test_api_question_followup_reply_same_engine_and_matter", "stage": "before-TEST-cleanup", "files": {"s/.p01-sandbox-root.v1.json": {"bytes": 98, "sha256": "3ced39d6b395df89d9b1f34e1b3faf46c14ccc6edab679a616f588a978e002f7"}, "s/s/s77cd039b/b/b78e5ba51/branch-manifest.v1.json": {"bytes": 243, "sha256": "f1d1dd65c2b9deab23cf31a5a7761d97f3bc5955b326f8328628101741295b59"}, "s/s/s77cd039b/b/b78e5ba51/data/awakening/cycles/1cdcfa41a043c867a0357889a236170802d5664e40190dd3d63466e38a3ce39a.json": {"bytes": 253, "sha256": "7b0e317b4486e661bebf0f227af8dcfbe04e7e34583f4fd6fd79c33b1435567a"}, "s/s/s77cd039b/b/b78e5ba51/data/awakening/sessions/7505e78fb186fdf54e23c6999883bb189e7e86dad7341fd44983846d0bdeb90a/1f2e9c7bbd869795842565e9fd7d41bb2c292bb3c1ea83f9997a123da63eab38.json": {"bytes": 84389, "sha256": "35800443e9c8bbc06fc04d29563fb66bcb9d54f94ee9a638dbfa88ce5c19fead"}, "s/s/s77cd039b/b/b78e5ba51/data/awakening/sessions/7505e78fb186fdf54e23c6999883bb189e7e86dad7341fd44983846d0bdeb90a/7074a801306cce7ef6d8cdf3b16fa57e2072e48b38a9cccae07e09ef1cae1ccd.json": {"bytes": 10657, "sha256": "1ea640b1b4129314b7a06b4b10705fb39afd56935fd468f7caf0df2245c0fb3f"}, "s/s/s77cd039b/b/b78e5ba51/data/awakening/sessions/7505e78fb186fdf54e23c6999883bb189e7e86dad7341fd44983846d0bdeb90a/bc0daa45694d7dfea3563a13a7a529f9a89df810e46c0029c9d8ea2eb4898391.json": {"bytes": 17943, "sha256": "3bfa71e0e01519de2195c6fbc5a2b854b6200d38ee0adea76386352d29c6fd88"}, "s/s/s77cd039b/b/b78e5ba51/data/c1-receipts/p08-fake-receipts.json": {"bytes": 148, "sha256": "a411df96a3b6eea514baf41f59d45ab70c55b96ee9f28e118d79525ea3bfe8c8"}, "s/s/s77cd039b/b/b78e5ba51/data/clock/subject-clock.v1.json": {"bytes": 109, "sha256": "a12e3fbb74da240f6330c740f8c742b071e53b32f2f7187fb0b9938173b6c05f"}, "s/s/s77cd039b/b/b78e5ba51/data/contradiction/test/7505e78fb186fdf54e23c6999883bb189e7e86dad7341fd44983846d0bdeb90a.json": {"bytes": 228, "sha256": "867c6756cc7eb058f3cbb0b9cbb8110e7f0caa539fc9efd952cdc986385bc35a"}, "s/s/s77cd039b/b/b78e5ba51/data/environment-access/test/0ea76552a4877b83b8c2e38d446bd2b9b979ae30e588f6b0c8d5c04590f9bf2c/attachments.v1.json": {"bytes": 8486, "sha256": "af50a906e66b11f91715cc033b8d375419c6c1fddb712c6974083900740b2388"}, "s/s/s77cd039b/b/b78e5ba51/data/environment-access/test/0ea76552a4877b83b8c2e38d446bd2b9b979ae30e588f6b0c8d5c04590f9bf2c/attachments.v1.lock": {"bytes": 1, "sha256": "5feceb66ffc86f38d952786c6d696c79c2dbc239dd4e91b46729d73a27fb57e9"}, "s/s/s77cd039b/b/b78e5ba51/data/execution-outbox/test/0ea76552a4877b83b8c2e38d446bd2b9b979ae30e588f6b0c8d5c04590f9bf2c/delivery.v1.json": {"bytes": 1091, "sha256": "2dc56d121cb490b2f185189f61f7efe1bd9807c08d266431a716765c8a9e2f00"}, "s/s/s77cd039b/b/b78e5ba51/data/execution-outbox/test/0ea76552a4877b83b8c2e38d446bd2b9b979ae30e588f6b0c8d5c04590f9bf2c/delivery.v1.lock": {"bytes": 1, "sha256": "5feceb66ffc86f38d952786c6d696c79c2dbc239dd4e91b46729d73a27fb57e9"}, "s/s/s77cd039b/b/b78e5ba51/data/fixture/c1-profile.v1.json": {"bytes": 102, "sha256": "addbbc2826e36c678d47f4679b5ae15dfe088202c5432c45ecdb191eb4141863"}, "s/s/s77cd039b/b/b78e5ba51/data/fixture/state-fixture.v1.json": {"bytes": 635, "sha256": "74679e09d030426f00a207a545451db9b4410c82a092edf8ce189b94326e542a"}, "s/s/s77cd039b/b/b78e5ba51/data/integration/capability-ledger.v1.json": {"bytes": 32056, "sha256": "f324c633a9e5e35249037b9b0c505a2518670d96320b403049210c2ae2e223fe"}, "s/s/s77cd039b/b/b78e5ba51/data/integration/operation-journal.first-round-v1.json": {"bytes": 308707, "sha256": "66e6dfc1b536ad8b447a7c75a789d6791c8d1fff2766b9ea200acefefcfe8c50"}, "s/s/s77cd039b/b/b78e5ba51/data/integration/result-ledger.first-round-v1.json": {"bytes": 1558, "sha256": "276e124fb4d8738da21333d29f94f3e437e0c83fc9c92bb2e061b8b822c45403"}, "s/s/s77cd039b/b/b78e5ba51/data/integration/subject-binding.runtime-v1.json": {"bytes": 613, "sha256": "e2cc4778610bfaf5087ef60958e9155b2e99308852128e0c19a86689856458fa"}, "s/s/s77cd039b/b/b78e5ba51/data/learning/7505e78fb186fdf54e23c6999883bb189e7e86dad7341fd44983846d0bdeb90a.json": {"bytes": 2154, "sha256": "e0ee619a43223edcc26f9cb685f5b3120a6a3b911ec1a50ac1e4418e8ff5b993"}, "s/s/s77cd039b/b/b78e5ba51/data/memory/test/7505e78fb186fdf54e23c6999883bb189e7e86dad7341fd44983846d0bdeb90a.json": {"bytes": 15255, "sha256": "395d39cf27050e065dc9b18c0711e8292b9fe29122efe0b10581c29520fa840e"}, "s/s/s77cd039b/b/b78e5ba51/data/persistent-runtime/owner.lock": {"bytes": 1, "sha256": "5feceb66ffc86f38d952786c6d696c79c2dbc239dd4e91b46729d73a27fb57e9"}, "s/s/s77cd039b/b/b78e5ba51/data/persistent-runtime/runtime.v1.json": {"bytes": 784, "sha256": "9d606e78685a6aead5e40f9c3ba9743a70a4c35f76874d9133c9e6a48b767642"}, "s/s/s77cd039b/b/b78e5ba51/data/persistent-runtime/runtime.v1.lock": {"bytes": 1, "sha256": "5feceb66ffc86f38d952786c6d696c79c2dbc239dd4e91b46729d73a27fb57e9"}, "s/s/s77cd039b/b/b78e5ba51/data/resources/7505e78fb186fdf54e23c6999883bb189e7e86dad7341fd44983846d0bdeb90a.json": {"bytes": 4250, "sha256": "42d2a2a4eb144e0c5795d1ffdcd8c646641e0760d9e65b0e24b95604d05b6b8b"}, "s/s/s77cd039b/b/b78e5ba51/data/scheduler/queue.v1.json": {"bytes": 2672, "sha256": "7ed7f0b0d7c88b7778fb568e3ca38e9838b3cbc1abd43ae728aca65a053a1b86"}, "s/s/s77cd039b/b/b78e5ba51/data/subject-state/7505e78fb186fdf54e23c6999883bb189e7e86dad7341fd44983846d0bdeb90a.json": {"bytes": 56010, "sha256": "6d5f4d4a0f1d9785c2eb8e28ef57a7e4a859e6304c7d53518792b0186008cfb6"}, "s/s/s77cd039b/b/b78e5ba51/data/test-actions/action-sessions.v1.json": {"bytes": 128, "sha256": "17a88d9042b85a5f62dcbda333b2ef2089d37269510b44039a0f3ff729fc8f15"}, "s/s/s77cd039b/b/b78e5ba51/data/test-indexes/events.v1.json": {"bytes": 138, "sha256": "b4fbdf153a2153c572043cdc309de2fccd005a141e6475084f871e58378aa08e"}, "s/s/s77cd039b/b/b78e5ba51/data/test-indexes/evolution.v1.json": {"bytes": 141, "sha256": "90458e85abcc72af1de688522ba5a25ca94f4fd5a495806ff00073332394d593"}, "s/s/s77cd039b/b/b78e5ba51/data/test-indexes/relationship-state.v1.json": {"bytes": 150, "sha256": "94a0e1c02dde6f976b839d5d2d5659aab7c87fa77a7d19b99400280e653c48a9"}, "s/s/s77cd039b/b/b78e5ba51/data/test-indexes/state-mutations.v1.json": {"bytes": 147, "sha256": "b64a0802b288784266175a8cfc289b2a01b03894b0e200d58e2fe5b0c12ec24c"}, "s/s/s77cd039b/b/b78e5ba51/data/test-indexes/thinking-sessions.v1.json": {"bytes": 149, "sha256": "8661bcc684056712033cdf01fa122a1b60cc95ad80300c73ba25d7a9d85ec2b9"}, "s/s/s77cd039b/b/b78e5ba51/data/test-indexes/wake-sessions.v1.json": {"bytes": 145, "sha256": "235bee88a8163cfde2a2d11990f28fd2d18cb972935ec583a261ca9980f27111"}, "s/s/s77cd039b/b/b78e5ba51/data/test-memory/memory-ledger.v1.json": {"bytes": 631, "sha256": "b0d5e80b30b8cd94f4b4363e3d8a8215a531bf75d233cf72ba1bf0d1651cffb8"}, "s/s/s77cd039b/b/b78e5ba51/data/test-trace/subject-clock-trace.v1.json": {"bytes": 1558, "sha256": "116c735e75657d90d0491ccac6c291f117bfc716fba54a291e40d12805b4afef"}, "s/s/s77cd039b/b/b78e5ba51/data/thinking/sessions/7505e78fb186fdf54e23c6999883bb189e7e86dad7341fd44983846d0bdeb90a/1a0628a8122e3b254d07368c3337e8d7ad0402b0d463f66ba31af44d7acc623f.json": {"bytes": 64757, "sha256": "3d0f353a9a1cbc1a9d9a92aa831985f5847be7b7770dbc96f783c266885a3724"}, "s/s/s77cd039b/b/b78e5ba51/data/thinking/sessions/7505e78fb186fdf54e23c6999883bb189e7e86dad7341fd44983846d0bdeb90a/b61ab6a00486181db6086a685e45c72185f1349a440d155126f08605329e9a26.json": {"bytes": 108964, "sha256": "f97a4bbbc99447c1b5b2c2f4c9df4b0ecc9daf1f750a6d36a7ee30e31334a614"}, "s/s/s77cd039b/b/b78e5ba51/data/worlds/entry-A/simulated-device.json": {"bytes": 3384, "sha256": "75b09121170a0b77f6bba7d81c37b6b1e7586f5478d8d661c470ed21030d79b9"}, "s/s/s77cd039b/b/b78e5ba51/data/worlds/entry-A/simulated-device.lock": {"bytes": 1, "sha256": "5feceb66ffc86f38d952786c6d696c79c2dbc239dd4e91b46729d73a27fb57e9"}, "s/s/s77cd039b/b/b78e5ba51/data/worlds/entry-B/simulated-device.json": {"bytes": 3384, "sha256": "df8b13286566f28720bf51291077e82d86d1822b662467a376381a5850d2d0f8"}, "s/s/s77cd039b/b/b78e5ba51/data/worlds/entry-B/simulated-device.lock": {"bytes": 1, "sha256": "5feceb66ffc86f38d952786c6d696c79c2dbc239dd4e91b46729d73a27fb57e9"}, "s/s/s77cd039b/sandbox-manifest.v1.json": {"bytes": 916, "sha256": "2433dd8996c7ba44b8a587c6cab1e1003ffd2b3398a95697b47541ebac5442d8"}, "s/sandbox-registry.v1.json": {"bytes": 479, "sha256": "772d319c06b85c19185295438ceb312f09d96848174d9cbfdf79d638783eb68e"}}}
test_simulated_ui_question_followup_reply_same_engine_and_matter (tests.test_w04_4_continuity.CrossEntryTests.test_simulated_ui_question_followup_reply_same_engine_and_matter) ... ERROR
{"test": "tests.test_w04_4_continuity.CrossEntryTests.test_simulated_ui_question_followup_reply_same_engine_and_matter", "stage": "before-TEST-cleanup", "files": {"s/.p01-sandbox-root.v1.json": {"bytes": 98, "sha256": "3ced39d6b395df89d9b1f34e1b3faf46c14ccc6edab679a616f588a978e002f7"}, "s/s/s2bdfe7a3/b/b1c48a38b/branch-manifest.v1.json": {"bytes": 243, "sha256": "d0c168176f634a618ae2045a9967b1a31fba4ba155171a7e37cf6653a6d0b946"}, "s/s/s2bdfe7a3/b/b1c48a38b/data/awakening/cycles/2618d5cc12986d5516aaa286131ff2fb97bb1fe529220a85262f52fc078f93d8.json": {"bytes": 253, "sha256": "2228f558a6099ea17639e3ec732263eaf6498fd25bb20cf27a41c8b0655d5c7d"}, "s/s/s2bdfe7a3/b/b1c48a38b/data/awakening/sessions/033064cdf8e686b10e38f9e4d322a3a381bb5a28c409920deb60c3b8bebfd357/00473a27254cadd84770f87a078e0475e1a84ec1ae5c026a4f842a2db50b8803.json": {"bytes": 10657, "sha256": "03a806ad054a6bdd30901e5e9b701db70ee2dd0a6c09c11b34792e031e5db871"}, "s/s/s2bdfe7a3/b/b1c48a38b/data/awakening/sessions/033064cdf8e686b10e38f9e4d322a3a381bb5a28c409920deb60c3b8bebfd357/15db6b150085e0b11b0d7ab88774c96627baa1874adf224fdb30cd8a4e410e28.json": {"bytes": 17943, "sha256": "6bdfd09f1cc45d4c276fecb7c354215eb37ffc50e2a24bb158913bdae2dea876"}, "s/s/s2bdfe7a3/b/b1c48a38b/data/awakening/sessions/033064cdf8e686b10e38f9e4d322a3a381bb5a28c409920deb60c3b8bebfd357/d38fd0ac24561f240eb8844385f8f4baba55278dd3f1aa2333ccdb821a38e77f.json": {"bytes": 84389, "sha256": "34f95c7a1c8fac1edea23497afc557b1705fd7f67d6ff825a30402285292838b"}, "s/s/s2bdfe7a3/b/b1c48a38b/data/c1-receipts/p08-fake-receipts.json": {"bytes": 148, "sha256": "a411df96a3b6eea514baf41f59d45ab70c55b96ee9f28e118d79525ea3bfe8c8"}, "s/s/s2bdfe7a3/b/b1c48a38b/data/clock/subject-clock.v1.json": {"bytes": 109, "sha256": "a12e3fbb74da240f6330c740f8c742b071e53b32f2f7187fb0b9938173b6c05f"}, "s/s/s2bdfe7a3/b/b1c48a38b/data/contradiction/test/033064cdf8e686b10e38f9e4d322a3a381bb5a28c409920deb60c3b8bebfd357.json": {"bytes": 228, "sha256": "1d1c149a8b7c7ca12ef42c37a9ff839e3425a058b717c5a321ec2c160881d13d"}, "s/s/s2bdfe7a3/b/b1c48a38b/data/environment-access/test/ebe42c8d0d237cf78a403f7d28df6dd7c9abe5303e14ecc96ca0c64220f7bcd9/attachments.v1.json": {"bytes": 8486, "sha256": "44579a093c17d9b7b0774f47298648e8f314f5aecf5083a05e84942bccdc3585"}, "s/s/s2bdfe7a3/b/b1c48a38b/data/environment-access/test/ebe42c8d0d237cf78a403f7d28df6dd7c9abe5303e14ecc96ca0c64220f7bcd9/attachments.v1.lock": {"bytes": 1, "sha256": "5feceb66ffc86f38d952786c6d696c79c2dbc239dd4e91b46729d73a27fb57e9"}, "s/s/s2bdfe7a3/b/b1c48a38b/data/execution-outbox/test/ebe42c8d0d237cf78a403f7d28df6dd7c9abe5303e14ecc96ca0c64220f7bcd9/delivery.v1.json": {"bytes": 1091, "sha256": "645c77e2de981c6a5b699aee32348c0cf0f5d6115dd8dbac5a6032ad2390ace7"}, "s/s/s2bdfe7a3/b/b1c48a38b/data/execution-outbox/test/ebe42c8d0d237cf78a403f7d28df6dd7c9abe5303e14ecc96ca0c64220f7bcd9/delivery.v1.lock": {"bytes": 1, "sha256": "5feceb66ffc86f38d952786c6d696c79c2dbc239dd4e91b46729d73a27fb57e9"}, "s/s/s2bdfe7a3/b/b1c48a38b/data/fixture/c1-profile.v1.json": {"bytes": 102, "sha256": "41035514e0056847e36df6c22c5615e8cf835ea02717877a1e3ebc636b9432f3"}, "s/s/s2bdfe7a3/b/b1c48a38b/data/fixture/state-fixture.v1.json": {"bytes": 635, "sha256": "cf8250d6b49d2e70408c4ca7d495fd14b235c567b4883fa88d4247184f0261df"}, "s/s/s2bdfe7a3/b/b1c48a38b/data/integration/capability-ledger.v1.json": {"bytes": 32044, "sha256": "0cbd72f0f688b0d58f84fc6a75b84b65d66144d934514cf907edc5ab293b33a9"}, "s/s/s2bdfe7a3/b/b1c48a38b/data/integration/operation-journal.first-round-v1.json": {"bytes": 308707, "sha256": "e31bc43a0836e16cc051f9108d6b849f08b44924ddedd487f7900e1e983910cf"}, "s/s/s2bdfe7a3/b/b1c48a38b/data/integration/result-ledger.first-round-v1.json": {"bytes": 1558, "sha256": "ef0fa42b7b48f9ed941a7a83d1275ebb982f7e56345aa59aeb2e5e2774798ec4"}, "s/s/s2bdfe7a3/b/b1c48a38b/data/integration/subject-binding.runtime-v1.json": {"bytes": 613, "sha256": "26329aadcab83f64e85af3b9e6dee44116075ab3ecd25b5cc1f05c78c0cf4f9b"}, "s/s/s2bdfe7a3/b/b1c48a38b/data/learning/033064cdf8e686b10e38f9e4d322a3a381bb5a28c409920deb60c3b8bebfd357.json": {"bytes": 2154, "sha256": "49e9f7294bbf3b9843275e9e994e043fdfd14e8d4e3d7a43033f5274c5a8b89e"}, "s/s/s2bdfe7a3/b/b1c48a38b/data/memory/test/033064cdf8e686b10e38f9e4d322a3a381bb5a28c409920deb60c3b8bebfd357.json": {"bytes": 15255, "sha256": "1ef9ac80afc8ff40f173f832de20dbc3a604e264939c1c1e81d1790882281ceb"}, "s/s/s2bdfe7a3/b/b1c48a38b/data/persistent-runtime/owner.lock": {"bytes": 1, "sha256": "5feceb66ffc86f38d952786c6d696c79c2dbc239dd4e91b46729d73a27fb57e9"}, "s/s/s2bdfe7a3/b/b1c48a38b/data/persistent-runtime/runtime.v1.json": {"bytes": 784, "sha256": "41591519b7535496337f5bad263762b5b706475be3f65fce4ab1f056e4933b95"}, "s/s/s2bdfe7a3/b/b1c48a38b/data/persistent-runtime/runtime.v1.lock": {"bytes": 1, "sha256": "5feceb66ffc86f38d952786c6d696c79c2dbc239dd4e91b46729d73a27fb57e9"}, "s/s/s2bdfe7a3/b/b1c48a38b/data/resources/033064cdf8e686b10e38f9e4d322a3a381bb5a28c409920deb60c3b8bebfd357.json": {"bytes": 4250, "sha256": "038d307bed233d490b58a2ea62094bb66b5be6bd4d4021b3b2e60578e73432e1"}, "s/s/s2bdfe7a3/b/b1c48a38b/data/scheduler/queue.v1.json": {"bytes": 2672, "sha256": "9daecc744b77986a95270121d192bbc1eeb8775336fc9001bf7abc7f6edd8764"}, "s/s/s2bdfe7a3/b/b1c48a38b/data/subject-state/033064cdf8e686b10e38f9e4d322a3a381bb5a28c409920deb60c3b8bebfd357.json": {"bytes": 56010, "sha256": "fdb2eb9c3b9aba58d6a5b46ad2cb76b7e0f86acb2ed8af979f48cbfbebba3421"}, "s/s/s2bdfe7a3/b/b1c48a38b/data/test-actions/action-sessions.v1.json": {"bytes": 128, "sha256": "3d3555f9470912beef33111567ca92811142e1ddd10d284ca07e9e212f3bef95"}, "s/s/s2bdfe7a3/b/b1c48a38b/data/test-indexes/events.v1.json": {"bytes": 138, "sha256": "8d0198da0a4e999d44fafea9ec8aa05ec19d466021a27169f517bf86b010ae40"}, "s/s/s2bdfe7a3/b/b1c48a38b/data/test-indexes/evolution.v1.json": {"bytes": 141, "sha256": "3dd182b667f5e8c6cba04f56375a035886e3770dfb07998393e85184f8219a81"}, "s/s/s2bdfe7a3/b/b1c48a38b/data/test-indexes/relationship-state.v1.json": {"bytes": 150, "sha256": "87559594bafd98e992bdf7011c0cc219880dd0c939c2c30da89e40847dda168e"}, "s/s/s2bdfe7a3/b/b1c48a38b/data/test-indexes/state-mutations.v1.json": {"bytes": 147, "sha256": "f0a1de26693d53dd351654ff6237a1f28f58d4f3705bfd66c9724c500421c041"}, "s/s/s2bdfe7a3/b/b1c48a38b/data/test-indexes/thinking-sessions.v1.json": {"bytes": 149, "sha256": "cc9b6d59a8de5db08edb711ae746f70bb6e093d1a45d069c3a96884c2924d651"}, "s/s/s2bdfe7a3/b/b1c48a38b/data/test-indexes/wake-sessions.v1.json": {"bytes": 145, "sha256": "4dd2dcb0e29848bfb87b95e045c20f8f4255a8d709faa345e1f74ac122446312"}, "s/s/s2bdfe7a3/b/b1c48a38b/data/test-memory/memory-ledger.v1.json": {"bytes": 631, "sha256": "fe35b5b3fcd60be7970dfed3f3ca38819da9f85751462d794e6a73ac5a3fd0df"}, "s/s/s2bdfe7a3/b/b1c48a38b/data/test-trace/subject-clock-trace.v1.json": {"bytes": 1558, "sha256": "ab28f7f0ac83c3c3db89e1169af9188f23ecefe5d420798d1d616e624e7efb05"}, "s/s/s2bdfe7a3/b/b1c48a38b/data/thinking/sessions/033064cdf8e686b10e38f9e4d322a3a381bb5a28c409920deb60c3b8bebfd357/30870c0336f8dc1e941c45557ebf5c0ed938639ffeb30da78d4b9adc4470f865.json": {"bytes": 64757, "sha256": "2aaaea8aafc10cbe89ac404c576a21f0424bfe7a21e72f4e13fc09fc96cd37d6"}, "s/s/s2bdfe7a3/b/b1c48a38b/data/thinking/sessions/033064cdf8e686b10e38f9e4d322a3a381bb5a28c409920deb60c3b8bebfd357/ba0d57a4e401d5fb25cdbe7cd14d3c970111d4b95a1d191c93a8cf3a05371fcc.json": {"bytes": 109044, "sha256": "a449de569ab902166899220c7ad6155b9d3bc3a8de94ea68d9ddac6ac9cd8640"}, "s/s/s2bdfe7a3/b/b1c48a38b/data/worlds/entry-A/simulated-device.json": {"bytes": 3524, "sha256": "a0811c2759620b0752f3eb158489c835599dcad98256ce95b07a79b81040e85b"}, "s/s/s2bdfe7a3/b/b1c48a38b/data/worlds/entry-A/simulated-device.lock": {"bytes": 1, "sha256": "5feceb66ffc86f38d952786c6d696c79c2dbc239dd4e91b46729d73a27fb57e9"}, "s/s/s2bdfe7a3/b/b1c48a38b/data/worlds/entry-B/simulated-device.json": {"bytes": 3524, "sha256": "0cdfee19ebfc2cc54ede1d9c35bef585eaae2a461168acf34972522db5533318"}, "s/s/s2bdfe7a3/b/b1c48a38b/data/worlds/entry-B/simulated-device.lock": {"bytes": 1, "sha256": "5feceb66ffc86f38d952786c6d696c79c2dbc239dd4e91b46729d73a27fb57e9"}, "s/s/s2bdfe7a3/sandbox-manifest.v1.json": {"bytes": 916, "sha256": "0f366e77698a81d8a39536e15b4252494375486829bb69e7b8dbcb9c2939ae52"}, "s/sandbox-registry.v1.json": {"bytes": 479, "sha256": "ddede6461effa251165c4eff4c8899d86c40230ed1e75940daa8b662ea8c3cd5"}}}

======================================================================
ERROR: test_api_question_followup_reply_same_engine_and_matter (tests.test_w04_4_continuity.CrossEntryTests.test_api_question_followup_reply_same_engine_and_matter)
----------------------------------------------------------------------
Traceback (most recent call last):
  File "C:\Users\Administrator\Documents\continuity-engine\src\continuity_engine\services\continuity_interaction_service.py", line 321, in _submit
    operation, thinking_execution = self._run_domain(request, operation, binding)
                                    ~~~~~~~~~~~~~~~~^^^^^^^^^^^^^^^^^^^^^^^^^^^^^
  File "C:\Users\Administrator\Documents\continuity-engine\src\continuity_engine\services\continuity_interaction_service.py", line 876, in _run_domain
    perception = self._continuity_core.prepare(perception, operation,
        **({'save_input': save_input} if operation.input_processing_enabled else {}),
        **({'save_recall':save_recall} if operation.recall_enabled else {}))
  File "C:\Users\Administrator\Documents\continuity-engine\src\continuity_engine\services\continuity_core_service.py", line 347, in prepare
    return self._prepare(perception, operation, save_input=save_input,save_recall=save_recall)
           ~~~~~~~~~~~~~^^^^^^^^^^^^^^^^^^^^^^^^^^^^^^^^^^^^^^^^^^^^^^^^^^^^^^^^^^^^^^^^^^^^^^
  File "C:\Users\Administrator\Documents\continuity-engine\src\continuity_engine\services\continuity_core_service.py", line 426, in _prepare
    route,composition,recall_record=self.recall.prepare(perception,operation,save_recall,
                                    ~~~~~~~~~~~~~~~~~~~^^^^^^^^^^^^^^^^^^^^^^^^^^^^^^^^^^
        attention=mind['influence']['attention'] if mind is not None else None)
        ^^^^^^^^^^^^^^^^^^^^^^^^^^^^^^^^^^^^^^^^^^^^^^^^^^^^^^^^^^^^^^^^^^^^^^^
  File "C:\Users\Administrator\Documents\continuity-engine\src\continuity_engine\services\associative_recall_service.py", line 100, in prepare
    return self._prepare(perception,operation,save,attention=attention)
           ~~~~~~~~~~~~~^^^^^^^^^^^^^^^^^^^^^^^^^^^^^^^^^^^^^^^^^^^^^^^
  File "C:\Users\Administrator\Documents\continuity-engine\src\continuity_engine\services\associative_recall_service.py", line 211, in _prepare
    raise CapabilityValidationError(stop)
continuity_engine.domain.errors.CapabilityValidationError: RECALL_TIMEOUT

The above exception was the direct cause of the following exception:

Traceback (most recent call last):
  File "C:\Users\Administrator\Documents\continuity-engine\tests\test_w04_4_continuity.py", line 59, in test_api_question_followup_reply_same_engine_and_matter
    self.chain()
    ~~~~~~~~~~^^
  File "C:\Users\Administrator\Documents\continuity-engine\tests\test_w04_4_continuity.py", line 48, in chain
    response = self.f.submit('选河边店，窗边那张桌。', entry='entry:B', item_id=item.item_id,
                            reply_to=delivery['request_id'])
  File "C:\Users\Administrator\Documents\continuity-engine\src\continuity_engine\testing\w04_cross_entry_fixture.py", line 275, in submit
    return self.entries.receive(self.last_request, self.last_message)
           ~~~~~~~~~~~~~~~~~~~~^^^^^^^^^^^^^^^^^^^^^^^^^^^^^^^^^^^^^^
  File "C:\Users\Administrator\Documents\continuity-engine\src\continuity_engine\services\cross_entry_service.py", line 468, in receive
    return self.interaction.submit(payload, entry_message=message)
           ~~~~~~~~~~~~~~~~~~~~~~~^^^^^^^^^^^^^^^^^^^^^^^^^^^^^^^^
  File "C:\Users\Administrator\Documents\continuity-engine\src\continuity_engine\services\continuity_interaction_service.py", line 192, in submit
    return self._submit(payload, access_use=access_use, entry_message=entry_message)
           ~~~~~~~~~~~~^^^^^^^^^^^^^^^^^^^^^^^^^^^^^^^^^^^^^^^^^^^^^^^^^^^^^^^^^^^^^
  File "C:\Users\Administrator\Documents\continuity-engine\src\continuity_engine\services\continuity_interaction_service.py", line 333, in _submit
    raise IntegrationExecutionError(
    ...<4 lines>...
    ) from exc
continuity_engine.domain.errors.IntegrationExecutionError: Local integration encountered an unexpected execution fault during domain.

======================================================================
ERROR: test_simulated_ui_question_followup_reply_same_engine_and_matter (tests.test_w04_4_continuity.CrossEntryTests.test_simulated_ui_question_followup_reply_same_engine_and_matter)
----------------------------------------------------------------------
Traceback (most recent call last):
  File "C:\Users\Administrator\Documents\continuity-engine\src\continuity_engine\services\continuity_interaction_service.py", line 321, in _submit
    operation, thinking_execution = self._run_domain(request, operation, binding)
                                    ~~~~~~~~~~~~~~~~^^^^^^^^^^^^^^^^^^^^^^^^^^^^^
  File "C:\Users\Administrator\Documents\continuity-engine\src\continuity_engine\services\continuity_interaction_service.py", line 876, in _run_domain
    perception = self._continuity_core.prepare(perception, operation,
        **({'save_input': save_input} if operation.input_processing_enabled else {}),
        **({'save_recall':save_recall} if operation.recall_enabled else {}))
  File "C:\Users\Administrator\Documents\continuity-engine\src\continuity_engine\services\continuity_core_service.py", line 347, in prepare
    return self._prepare(perception, operation, save_input=save_input,save_recall=save_recall)
           ~~~~~~~~~~~~~^^^^^^^^^^^^^^^^^^^^^^^^^^^^^^^^^^^^^^^^^^^^^^^^^^^^^^^^^^^^^^^^^^^^^^
  File "C:\Users\Administrator\Documents\continuity-engine\src\continuity_engine\services\continuity_core_service.py", line 426, in _prepare
    route,composition,recall_record=self.recall.prepare(perception,operation,save_recall,
                                    ~~~~~~~~~~~~~~~~~~~^^^^^^^^^^^^^^^^^^^^^^^^^^^^^^^^^^
        attention=mind['influence']['attention'] if mind is not None else None)
        ^^^^^^^^^^^^^^^^^^^^^^^^^^^^^^^^^^^^^^^^^^^^^^^^^^^^^^^^^^^^^^^^^^^^^^^
  File "C:\Users\Administrator\Documents\continuity-engine\src\continuity_engine\services\associative_recall_service.py", line 100, in prepare
    return self._prepare(perception,operation,save,attention=attention)
           ~~~~~~~~~~~~~^^^^^^^^^^^^^^^^^^^^^^^^^^^^^^^^^^^^^^^^^^^^^^^
  File "C:\Users\Administrator\Documents\continuity-engine\src\continuity_engine\services\associative_recall_service.py", line 211, in _prepare
    raise CapabilityValidationError(stop)
continuity_engine.domain.errors.CapabilityValidationError: RECALL_TIMEOUT

The above exception was the direct cause of the following exception:

Traceback (most recent call last):
  File "C:\Users\Administrator\Documents\continuity-engine\tests\test_w04_4_continuity.py", line 62, in test_simulated_ui_question_followup_reply_same_engine_and_matter
    self.chain(ui=True)
    ~~~~~~~~~~^^^^^^^^^
  File "C:\Users\Administrator\Documents\continuity-engine\tests\test_w04_4_continuity.py", line 48, in chain
    response = self.f.submit('选河边店，窗边那张桌。', entry='entry:B', item_id=item.item_id,
                            reply_to=delivery['request_id'])
  File "C:\Users\Administrator\Documents\continuity-engine\src\continuity_engine\testing\w04_cross_entry_fixture.py", line 275, in submit
    return self.entries.receive(self.last_request, self.last_message)
           ~~~~~~~~~~~~~~~~~~~~^^^^^^^^^^^^^^^^^^^^^^^^^^^^^^^^^^^^^^
  File "C:\Users\Administrator\Documents\continuity-engine\src\continuity_engine\services\cross_entry_service.py", line 468, in receive
    return self.interaction.submit(payload, entry_message=message)
           ~~~~~~~~~~~~~~~~~~~~~~~^^^^^^^^^^^^^^^^^^^^^^^^^^^^^^^^
  File "C:\Users\Administrator\Documents\continuity-engine\src\continuity_engine\services\continuity_interaction_service.py", line 192, in submit
    return self._submit(payload, access_use=access_use, entry_message=entry_message)
           ~~~~~~~~~~~~^^^^^^^^^^^^^^^^^^^^^^^^^^^^^^^^^^^^^^^^^^^^^^^^^^^^^^^^^^^^^
  File "C:\Users\Administrator\Documents\continuity-engine\src\continuity_engine\services\continuity_interaction_service.py", line 333, in _submit
    raise IntegrationExecutionError(
    ...<4 lines>...
    ) from exc
continuity_engine.domain.errors.IntegrationExecutionError: Local integration encountered an unexpected execution fault during domain.

----------------------------------------------------------------------
Ran 2 tests in 25.046s

FAILED (errors=2)
