test_api_question_followup_reply_same_engine_and_matter (tests.test_w04_4_continuity.CrossEntryTests.test_api_question_followup_reply_same_engine_and_matter) ... ERROR
{"test": "tests.test_w04_4_continuity.CrossEntryTests.test_api_question_followup_reply_same_engine_and_matter", "stage": "before-TEST-cleanup", "files": {"s/.p01-sandbox-root.v1.json": {"bytes": 98, "sha256": "3ced39d6b395df89d9b1f34e1b3faf46c14ccc6edab679a616f588a978e002f7"}, "s/s/sc7b6a6e9/b/b8b636568/branch-manifest.v1.json": {"bytes": 243, "sha256": "960ac4d763dd12d433cc23d34fd87807943bd3cb331b9ac36d3972efbbfb9abf"}, "s/s/sc7b6a6e9/b/b8b636568/data/awakening/cycles/0f02f497bde7efbbde34002a2014cdc5ed7865ebe7066eae806d311bad2a1939.json": {"bytes": 253, "sha256": "b01f774e469745b4162387277eff051026d0a08719d86dc8cd22fbba9d5fae4a"}, "s/s/sc7b6a6e9/b/b8b636568/data/awakening/sessions/61e9c2fdfac6bf21bb9c7b4eb5a45687574cafea943e6b096d6056af63b0b4e4/07fcb0ccc5313431825e4a8f296b25dac250fef4fc85fe3759b2f22f532ee6dc.json": {"bytes": 10657, "sha256": "674a2414f644c4401c40e2f65e923fc8864d0b96d30e7dfc45c64f9ed4a80883"}, "s/s/sc7b6a6e9/b/b8b636568/data/awakening/sessions/61e9c2fdfac6bf21bb9c7b4eb5a45687574cafea943e6b096d6056af63b0b4e4/20c2f3cbfcddc28b1bd49bb3be98ea39757b41c0f89b47a18115979cbf313a86.json": {"bytes": 84389, "sha256": "3005ecc0dd623ad5e0dd5cac523d016e53440098fb7a54ae23dfaf3f511bc332"}, "s/s/sc7b6a6e9/b/b8b636568/data/awakening/sessions/61e9c2fdfac6bf21bb9c7b4eb5a45687574cafea943e6b096d6056af63b0b4e4/ebdef3e9aea2f17d158f9c0d97cce9714e8a000a6241438bcac1cb6f3802f306.json": {"bytes": 17943, "sha256": "d0ba40e0341c3823eeef903e02ba12023f8406dbb85cfcdbc7e0403b7aece2a9"}, "s/s/sc7b6a6e9/b/b8b636568/data/c1-receipts/p08-fake-receipts.json": {"bytes": 148, "sha256": "a411df96a3b6eea514baf41f59d45ab70c55b96ee9f28e118d79525ea3bfe8c8"}, "s/s/sc7b6a6e9/b/b8b636568/data/clock/subject-clock.v1.json": {"bytes": 109, "sha256": "a12e3fbb74da240f6330c740f8c742b071e53b32f2f7187fb0b9938173b6c05f"}, "s/s/sc7b6a6e9/b/b8b636568/data/contradiction/test/61e9c2fdfac6bf21bb9c7b4eb5a45687574cafea943e6b096d6056af63b0b4e4.json": {"bytes": 228, "sha256": "6579c6b82aca32a75ec1927aa7e840832c259f10594671225c16f94471154d5e"}, "s/s/sc7b6a6e9/b/b8b636568/data/environment-access/test/03c6adc28692f41aa6e800f1da9e6c0c84357282da110489219dca9c94c94038/attachments.v1.json": {"bytes": 8486, "sha256": "1731f681adb6664391bac6dec7eb86f1d87a85d706de1f4d6c569a5b3f12b39b"}, "s/s/sc7b6a6e9/b/b8b636568/data/environment-access/test/03c6adc28692f41aa6e800f1da9e6c0c84357282da110489219dca9c94c94038/attachments.v1.lock": {"bytes": 1, "sha256": "5feceb66ffc86f38d952786c6d696c79c2dbc239dd4e91b46729d73a27fb57e9"}, "s/s/sc7b6a6e9/b/b8b636568/data/execution-outbox/test/03c6adc28692f41aa6e800f1da9e6c0c84357282da110489219dca9c94c94038/delivery.v1.json": {"bytes": 1091, "sha256": "75906795549d8d804ee787cf5e8ac50041889a32c3e8e50719e7a62a7a6b0fc7"}, "s/s/sc7b6a6e9/b/b8b636568/data/execution-outbox/test/03c6adc28692f41aa6e800f1da9e6c0c84357282da110489219dca9c94c94038/delivery.v1.lock": {"bytes": 1, "sha256": "5feceb66ffc86f38d952786c6d696c79c2dbc239dd4e91b46729d73a27fb57e9"}, "s/s/sc7b6a6e9/b/b8b636568/data/fixture/c1-profile.v1.json": {"bytes": 102, "sha256": "8d84b4b86f6c49cc453306104ce35ce7da868d1a9c6010a3857c715aaffa3728"}, "s/s/sc7b6a6e9/b/b8b636568/data/fixture/state-fixture.v1.json": {"bytes": 635, "sha256": "f0bc6cbd36aba9bdb3d333af523201fae60a059158a9e974db5a2ad0be6e5cd3"}, "s/s/sc7b6a6e9/b/b8b636568/data/integration/capability-ledger.v1.json": {"bytes": 32056, "sha256": "01a22b5116929f64b4142dd9fd6d46e20ed8b9a5ca89581d45928566e14ca422"}, "s/s/sc7b6a6e9/b/b8b636568/data/integration/operation-journal.first-round-v1.json": {"bytes": 308707, "sha256": "1c5956c01b8a2f0d6a7cb53f7308d4393b9169cdb8ecdb2833c36867a14382e7"}, "s/s/sc7b6a6e9/b/b8b636568/data/integration/result-ledger.first-round-v1.json": {"bytes": 1558, "sha256": "de6798f4bd6e8131af20ca3fc7bbeac1f178f4edf41b2b9015a1689947561e31"}, "s/s/sc7b6a6e9/b/b8b636568/data/integration/subject-binding.runtime-v1.json": {"bytes": 613, "sha256": "e3fed1002f69296eb80091c1a61fca45e3aff2df58ed91d9487d73153fc278fc"}, "s/s/sc7b6a6e9/b/b8b636568/data/learning/61e9c2fdfac6bf21bb9c7b4eb5a45687574cafea943e6b096d6056af63b0b4e4.json": {"bytes": 2154, "sha256": "e769b10140b7934c7f3d185d07aa5c16b88d4380aa4475fedc3240cea97971a7"}, "s/s/sc7b6a6e9/b/b8b636568/data/memory/test/61e9c2fdfac6bf21bb9c7b4eb5a45687574cafea943e6b096d6056af63b0b4e4.json": {"bytes": 15255, "sha256": "648267bfd9a4ff5ff9beb79bb6bd4fc1c1d5d8b37cc90229f590f9158c9243aa"}, "s/s/sc7b6a6e9/b/b8b636568/data/persistent-runtime/owner.lock": {"bytes": 1, "sha256": "5feceb66ffc86f38d952786c6d696c79c2dbc239dd4e91b46729d73a27fb57e9"}, "s/s/sc7b6a6e9/b/b8b636568/data/persistent-runtime/runtime.v1.json": {"bytes": 784, "sha256": "9ec0455a64cee8d5862f73faf154785feb2f48a70ab4881b9445da7104a1e51d"}, "s/s/sc7b6a6e9/b/b8b636568/data/persistent-runtime/runtime.v1.lock": {"bytes": 1, "sha256": "5feceb66ffc86f38d952786c6d696c79c2dbc239dd4e91b46729d73a27fb57e9"}, "s/s/sc7b6a6e9/b/b8b636568/data/resources/61e9c2fdfac6bf21bb9c7b4eb5a45687574cafea943e6b096d6056af63b0b4e4.json": {"bytes": 4250, "sha256": "fd52efcecb93d338638480f2e6d10be59510b0bcb92816fa7b19e775e2e8bece"}, "s/s/sc7b6a6e9/b/b8b636568/data/scheduler/queue.v1.json": {"bytes": 2672, "sha256": "3101efa95c8500de4e7624555624c505950a7682a6abd500cc72201b74a5ac30"}, "s/s/sc7b6a6e9/b/b8b636568/data/subject-state/61e9c2fdfac6bf21bb9c7b4eb5a45687574cafea943e6b096d6056af63b0b4e4.json": {"bytes": 56010, "sha256": "cfa76cdb88f6152b9b0a48c5c5d0d33c67ae8f3bb5be4e6dc1dc4b5143e1fba5"}, "s/s/sc7b6a6e9/b/b8b636568/data/test-actions/action-sessions.v1.json": {"bytes": 128, "sha256": "eaf9511154fb9912c2f6d51c84546ece82fd4f68631a4840692d41994047a5dc"}, "s/s/sc7b6a6e9/b/b8b636568/data/test-indexes/events.v1.json": {"bytes": 138, "sha256": "a2eb1c8ce3a3d39959996c4a56cf5311a671bfb01a884cc19f02bde615a65ff2"}, "s/s/sc7b6a6e9/b/b8b636568/data/test-indexes/evolution.v1.json": {"bytes": 141, "sha256": "4025d8e3e567d6f77d08b37d6af6d17faa6ed7bf6297c268f1288e295cd56299"}, "s/s/sc7b6a6e9/b/b8b636568/data/test-indexes/relationship-state.v1.json": {"bytes": 150, "sha256": "b7c1884c8bf3620742b7da09da3fd62be7e124874bdba0911126230a93de0665"}, "s/s/sc7b6a6e9/b/b8b636568/data/test-indexes/state-mutations.v1.json": {"bytes": 147, "sha256": "42f302dd8a6a9f3cf364eb655bec371a48452f571dc7debffedaec6b5fc7111c"}, "s/s/sc7b6a6e9/b/b8b636568/data/test-indexes/thinking-sessions.v1.json": {"bytes": 149, "sha256": "85ecc5c3bb53fd1205115fa35b9dc8339b3aa9b0e3556167c15eabc6af2c5226"}, "s/s/sc7b6a6e9/b/b8b636568/data/test-indexes/wake-sessions.v1.json": {"bytes": 145, "sha256": "431be0e3b033df73356f7f30906b79c787706857332abacd403ae0ccd1d09b8e"}, "s/s/sc7b6a6e9/b/b8b636568/data/test-memory/memory-ledger.v1.json": {"bytes": 631, "sha256": "2a8a149fe7eb1fe25f4b5f859f2ba0e06788bb4fb743dc228f972cfd4d012b7b"}, "s/s/sc7b6a6e9/b/b8b636568/data/test-trace/subject-clock-trace.v1.json": {"bytes": 1558, "sha256": "ed47dd2e4573d5c0cb94fa3c80959355163df5ba63a5e1083ebc9128cdc515b2"}, "s/s/sc7b6a6e9/b/b8b636568/data/thinking/sessions/61e9c2fdfac6bf21bb9c7b4eb5a45687574cafea943e6b096d6056af63b0b4e4/e2a615c6a1e9610ab853a3eaa0286968b6b7f505bf01cd3fcf9c091ea2e82e69.json": {"bytes": 64757, "sha256": "58e9bc5d564a2b37d2fef107473cc7fd10bfbcdf4d05d7944958eb0b86679923"}, "s/s/sc7b6a6e9/b/b8b636568/data/thinking/sessions/61e9c2fdfac6bf21bb9c7b4eb5a45687574cafea943e6b096d6056af63b0b4e4/f36e8d228fe9337b070031d4338b388f234cdaca2c799cdf5be45aa494f436a0.json": {"bytes": 108964, "sha256": "3478e62d1d44ac2422dff1e3290a584cc8197f63bc5a51ce0656c9b1733ae49c"}, "s/s/sc7b6a6e9/b/b8b636568/data/worlds/entry-A/simulated-device.json": {"bytes": 3384, "sha256": "467c3dff845f185c406adfb4355e1a5b29f06b3d5eee7586d21f118d8af08309"}, "s/s/sc7b6a6e9/b/b8b636568/data/worlds/entry-A/simulated-device.lock": {"bytes": 1, "sha256": "5feceb66ffc86f38d952786c6d696c79c2dbc239dd4e91b46729d73a27fb57e9"}, "s/s/sc7b6a6e9/b/b8b636568/data/worlds/entry-B/simulated-device.json": {"bytes": 3384, "sha256": "436de47dc4f493e21cbb574a96ee46effd5033a986bca46459bdd9cdcd1952b9"}, "s/s/sc7b6a6e9/b/b8b636568/data/worlds/entry-B/simulated-device.lock": {"bytes": 1, "sha256": "5feceb66ffc86f38d952786c6d696c79c2dbc239dd4e91b46729d73a27fb57e9"}, "s/s/sc7b6a6e9/sandbox-manifest.v1.json": {"bytes": 916, "sha256": "cbf30500cd083da0170eb10adea9834634ee009051eb96d6e29a7714dc054708"}, "s/sandbox-registry.v1.json": {"bytes": 479, "sha256": "ba67ac6bffecc941ec8131b6ba99f576ad8a601a7c73facc88840835d74ff35d"}}}
test_simulated_ui_question_followup_reply_same_engine_and_matter (tests.test_w04_4_continuity.CrossEntryTests.test_simulated_ui_question_followup_reply_same_engine_and_matter) ... ERROR
{"test": "tests.test_w04_4_continuity.CrossEntryTests.test_simulated_ui_question_followup_reply_same_engine_and_matter", "stage": "before-TEST-cleanup", "files": {"s/.p01-sandbox-root.v1.json": {"bytes": 98, "sha256": "3ced39d6b395df89d9b1f34e1b3faf46c14ccc6edab679a616f588a978e002f7"}, "s/s/sf6b4c182/b/bebf18569/branch-manifest.v1.json": {"bytes": 243, "sha256": "dbb2694b1727160988267b3fd58a182fac2701fe9d766806faee8d34ffc9f5dd"}, "s/s/sf6b4c182/b/bebf18569/data/awakening/cycles/a9a952cf005bd8bb95aad75a3982e939c181cd3a6a0e9250b72871e3b27d1ee3.json": {"bytes": 253, "sha256": "632cac90a6f0fd9845eb6571720b22c9e2b37d2e41b97a27ce4194c7883045a0"}, "s/s/sf6b4c182/b/bebf18569/data/awakening/sessions/1ff7cfe1f4ecc0b83c963f9f889d77ad28b7576449e07322649c4c68a6d8eee0/d60a2e27f62f1368ad5166caf3041f5c29005bc8d948a48a87f88585d7973875.json": {"bytes": 10657, "sha256": "d048bb87e7399aa9490d6cfee9a04262a4b1119c0d98545e8da087b74cd1c9cc"}, "s/s/sf6b4c182/b/bebf18569/data/awakening/sessions/1ff7cfe1f4ecc0b83c963f9f889d77ad28b7576449e07322649c4c68a6d8eee0/da21dd9b083aee877d5987562499f7f6e0bc57d41b35c6fe70725647b36e9801.json": {"bytes": 17943, "sha256": "052cf9315ec8ee00315090e9908ea1740b73624b78dcaae77af00b42ff895283"}, "s/s/sf6b4c182/b/bebf18569/data/awakening/sessions/1ff7cfe1f4ecc0b83c963f9f889d77ad28b7576449e07322649c4c68a6d8eee0/e13bbd07a0dd958e126abf85a63845ae851ace0a93848f886819ed839ab85ee0.json": {"bytes": 84389, "sha256": "3f2ee660c52b3b97c491b1107ed11f03bd83d5c5e59b9fc26c0ec1eccb25278f"}, "s/s/sf6b4c182/b/bebf18569/data/c1-receipts/p08-fake-receipts.json": {"bytes": 148, "sha256": "a411df96a3b6eea514baf41f59d45ab70c55b96ee9f28e118d79525ea3bfe8c8"}, "s/s/sf6b4c182/b/bebf18569/data/clock/subject-clock.v1.json": {"bytes": 109, "sha256": "a12e3fbb74da240f6330c740f8c742b071e53b32f2f7187fb0b9938173b6c05f"}, "s/s/sf6b4c182/b/bebf18569/data/contradiction/test/1ff7cfe1f4ecc0b83c963f9f889d77ad28b7576449e07322649c4c68a6d8eee0.json": {"bytes": 228, "sha256": "e422f2e1d725489fc15a4c3c0de933a2efc007a4fb6b8810ab1c45f19a7fb00d"}, "s/s/sf6b4c182/b/bebf18569/data/environment-access/test/47eb9b8e149e66985fdd03deb9d252e7a5895d6722c6c43ebfdbfcbcca6109f6/attachments.v1.json": {"bytes": 8486, "sha256": "f510deb198144996d4627b791712044a739af198563f0fe47a1db86f78dbe244"}, "s/s/sf6b4c182/b/bebf18569/data/environment-access/test/47eb9b8e149e66985fdd03deb9d252e7a5895d6722c6c43ebfdbfcbcca6109f6/attachments.v1.lock": {"bytes": 1, "sha256": "5feceb66ffc86f38d952786c6d696c79c2dbc239dd4e91b46729d73a27fb57e9"}, "s/s/sf6b4c182/b/bebf18569/data/execution-outbox/test/47eb9b8e149e66985fdd03deb9d252e7a5895d6722c6c43ebfdbfcbcca6109f6/delivery.v1.json": {"bytes": 1091, "sha256": "690b9f1f8a8c0e857acc3017fb113281f91e0e56db483ea87c9e710e940ec53a"}, "s/s/sf6b4c182/b/bebf18569/data/execution-outbox/test/47eb9b8e149e66985fdd03deb9d252e7a5895d6722c6c43ebfdbfcbcca6109f6/delivery.v1.lock": {"bytes": 1, "sha256": "5feceb66ffc86f38d952786c6d696c79c2dbc239dd4e91b46729d73a27fb57e9"}, "s/s/sf6b4c182/b/bebf18569/data/fixture/c1-profile.v1.json": {"bytes": 102, "sha256": "ab5c24df78c6455b7ab30d3cddd6ed3b6fa9996d21069c1657bfdf5a9bcfdeec"}, "s/s/sf6b4c182/b/bebf18569/data/fixture/state-fixture.v1.json": {"bytes": 635, "sha256": "9521a3a6c14bd19f3f9c091e5e32232b83720d930807cb3adc8597c6f9858c3c"}, "s/s/sf6b4c182/b/bebf18569/data/integration/capability-ledger.v1.json": {"bytes": 32044, "sha256": "378be1c41812a0354dc7d3524d76eef2efeef554920f396747ff0ef0cd9acd62"}, "s/s/sf6b4c182/b/bebf18569/data/integration/operation-journal.first-round-v1.json": {"bytes": 308707, "sha256": "bf8d77aa8ed11aa2301edb36d9c14f8dc312297a75951ccdb98ef95151c3cbfd"}, "s/s/sf6b4c182/b/bebf18569/data/integration/result-ledger.first-round-v1.json": {"bytes": 1558, "sha256": "22e86ef57d410eea8f2fc19c0f501eb96d52dc50dd22c99e13f9688b757ba91d"}, "s/s/sf6b4c182/b/bebf18569/data/integration/subject-binding.runtime-v1.json": {"bytes": 613, "sha256": "8613a306604f3f414491e0fb180cea0b9b7e78ed53d13e12616c190c6970248f"}, "s/s/sf6b4c182/b/bebf18569/data/learning/1ff7cfe1f4ecc0b83c963f9f889d77ad28b7576449e07322649c4c68a6d8eee0.json": {"bytes": 2154, "sha256": "eb190f9f6de6f98800072bca4a55b9bc3f9cb2ffa64923463f46284ca809e374"}, "s/s/sf6b4c182/b/bebf18569/data/memory/test/1ff7cfe1f4ecc0b83c963f9f889d77ad28b7576449e07322649c4c68a6d8eee0.json": {"bytes": 15255, "sha256": "15f0853993bb6a560de491515adeeec33c1e4d2d87b15751245789424e862be0"}, "s/s/sf6b4c182/b/bebf18569/data/persistent-runtime/owner.lock": {"bytes": 1, "sha256": "5feceb66ffc86f38d952786c6d696c79c2dbc239dd4e91b46729d73a27fb57e9"}, "s/s/sf6b4c182/b/bebf18569/data/persistent-runtime/runtime.v1.json": {"bytes": 784, "sha256": "399c6c0681d00553d52ceb383cfdaa584a100064558fed3e789c2708873350b9"}, "s/s/sf6b4c182/b/bebf18569/data/persistent-runtime/runtime.v1.lock": {"bytes": 1, "sha256": "5feceb66ffc86f38d952786c6d696c79c2dbc239dd4e91b46729d73a27fb57e9"}, "s/s/sf6b4c182/b/bebf18569/data/resources/1ff7cfe1f4ecc0b83c963f9f889d77ad28b7576449e07322649c4c68a6d8eee0.json": {"bytes": 4250, "sha256": "98b820788c198cb01e4c7a73566f5cb483a4758ff3399ac1c6494cfaebb79536"}, "s/s/sf6b4c182/b/bebf18569/data/scheduler/queue.v1.json": {"bytes": 2672, "sha256": "2319c187d1364817f076ac0c7f1bfcb020da29cf8737b8a970156a930f191916"}, "s/s/sf6b4c182/b/bebf18569/data/subject-state/1ff7cfe1f4ecc0b83c963f9f889d77ad28b7576449e07322649c4c68a6d8eee0.json": {"bytes": 56010, "sha256": "f9665a32d9b7b1c70be88cbcac241bcb48635815f4702b18596b3d2f74ab784f"}, "s/s/sf6b4c182/b/bebf18569/data/test-actions/action-sessions.v1.json": {"bytes": 128, "sha256": "874b5de7d41ec97eeaabde53936f0fa82db429a15c06e7017bbb9ea8f5c51ef2"}, "s/s/sf6b4c182/b/bebf18569/data/test-indexes/events.v1.json": {"bytes": 138, "sha256": "0935b69a85f835d0d515f59b6d1933d6bbb08fe6ff79e8fd98465a3349b1af46"}, "s/s/sf6b4c182/b/bebf18569/data/test-indexes/evolution.v1.json": {"bytes": 141, "sha256": "b4d5a9bb73cfadf3beeda629b0684d4a05bc16cc9f3d176304928ccd09f422a7"}, "s/s/sf6b4c182/b/bebf18569/data/test-indexes/relationship-state.v1.json": {"bytes": 150, "sha256": "7ba07a4e92ed1cd2bb5e710810fe2725d1e2619608938933084e1ad9f0062489"}, "s/s/sf6b4c182/b/bebf18569/data/test-indexes/state-mutations.v1.json": {"bytes": 147, "sha256": "5ece193bb8108186d95d3f65083fa2efeb88cefe5dda68683123782b31a3e910"}, "s/s/sf6b4c182/b/bebf18569/data/test-indexes/thinking-sessions.v1.json": {"bytes": 149, "sha256": "3ea480d41637f4e8e3b7a155baf98b2b0e191484a49f090ec8809f28cc16322b"}, "s/s/sf6b4c182/b/bebf18569/data/test-indexes/wake-sessions.v1.json": {"bytes": 145, "sha256": "0b1b2ba1758e246cdbd8fe7e8c0ac113260fa0d77068ae735020d5ff07397fbd"}, "s/s/sf6b4c182/b/bebf18569/data/test-memory/memory-ledger.v1.json": {"bytes": 631, "sha256": "3c210c5563cd0f7fa8c64a198beca4374034711ab69763d95570e50e935e5e98"}, "s/s/sf6b4c182/b/bebf18569/data/test-trace/subject-clock-trace.v1.json": {"bytes": 1558, "sha256": "c2eeb28ebea758cf8b3312da0db1210eb3c4cd5720f98eb36143f8da894c5799"}, "s/s/sf6b4c182/b/bebf18569/data/thinking/sessions/1ff7cfe1f4ecc0b83c963f9f889d77ad28b7576449e07322649c4c68a6d8eee0/c38e7d5d450d398866c0c5dbedff2f4b77739add6f1550beca0b960fa985ba25.json": {"bytes": 64757, "sha256": "0bb264d168f2c1349dd2ff525ed182594aa3d9e6a1babde6f31ebddf4ade555b"}, "s/s/sf6b4c182/b/bebf18569/data/thinking/sessions/1ff7cfe1f4ecc0b83c963f9f889d77ad28b7576449e07322649c4c68a6d8eee0/f29fa6ce8578da89311d4ee610c14475f1a0e624da622709d070df51ae463bb0.json": {"bytes": 109044, "sha256": "f646e8f6ebde1617ec2ce80b072aaa351f14b339d42faa0db3f24f317e5e0d76"}, "s/s/sf6b4c182/b/bebf18569/data/worlds/entry-A/simulated-device.json": {"bytes": 3524, "sha256": "6569ef330f955e86c552b39e955cf76d83d5ebc085bb1c4c270109edd2c2b24f"}, "s/s/sf6b4c182/b/bebf18569/data/worlds/entry-A/simulated-device.lock": {"bytes": 1, "sha256": "5feceb66ffc86f38d952786c6d696c79c2dbc239dd4e91b46729d73a27fb57e9"}, "s/s/sf6b4c182/b/bebf18569/data/worlds/entry-B/simulated-device.json": {"bytes": 3524, "sha256": "760448b392cfc6761875418dea68144698b8121391791c0d2b546c62ed8fca1f"}, "s/s/sf6b4c182/b/bebf18569/data/worlds/entry-B/simulated-device.lock": {"bytes": 1, "sha256": "5feceb66ffc86f38d952786c6d696c79c2dbc239dd4e91b46729d73a27fb57e9"}, "s/s/sf6b4c182/sandbox-manifest.v1.json": {"bytes": 916, "sha256": "13301a65f2b1de7efe4b76bd1ab504c5572c27d23950c2801b10e1e7e95e83a5"}, "s/sandbox-registry.v1.json": {"bytes": 479, "sha256": "72610b787cd3210b819e03bc9851b021a7034d0e160ff4cc18ffd64ada9d7cfc"}}}

======================================================================
ERROR: test_api_question_followup_reply_same_engine_and_matter (tests.test_w04_4_continuity.CrossEntryTests.test_api_question_followup_reply_same_engine_and_matter)
----------------------------------------------------------------------
Traceback (most recent call last):
  File "C:\Users\Administrator\Documents\continuity-engine\src\continuity_engine\services\continuity_interaction_service.py", line 321, in _submit
    operation, thinking_execution = self._run_domain(request, operation, binding)
                                    ~~~~~~~~~~~~~~~~^^^^^^^^^^^^^^^^^^^^^^^^^^^^^
  File "C:\Users\Administrator\Documents\continuity-engine\src\continuity_engine\services\continuity_interaction_service.py", line 876, in _run_domain
    perception = self._continuity_core.prepare(perception, operation,
        **({'save_input': save_input} if operation.input_processing_enabled else {}),
        **({'save_recall':save_recall} if operation.recall_enabled else {}))
  File "C:\Users\Administrator\Documents\continuity-engine\src\continuity_engine\services\continuity_core_service.py", line 347, in prepare
    return self._prepare(perception, operation, save_input=save_input,save_recall=save_recall)
           ~~~~~~~~~~~~~^^^^^^^^^^^^^^^^^^^^^^^^^^^^^^^^^^^^^^^^^^^^^^^^^^^^^^^^^^^^^^^^^^^^^^
  File "C:\Users\Administrator\Documents\continuity-engine\src\continuity_engine\services\continuity_core_service.py", line 426, in _prepare
    route,composition,recall_record=self.recall.prepare(perception,operation,save_recall,
                                    ~~~~~~~~~~~~~~~~~~~^^^^^^^^^^^^^^^^^^^^^^^^^^^^^^^^^^
        attention=mind['influence']['attention'] if mind is not None else None)
        ^^^^^^^^^^^^^^^^^^^^^^^^^^^^^^^^^^^^^^^^^^^^^^^^^^^^^^^^^^^^^^^^^^^^^^^
  File "C:\Users\Administrator\Documents\continuity-engine\src\continuity_engine\services\associative_recall_service.py", line 100, in prepare
    return self._prepare(perception,operation,save,attention=attention)
           ~~~~~~~~~~~~~^^^^^^^^^^^^^^^^^^^^^^^^^^^^^^^^^^^^^^^^^^^^^^^
  File "C:\Users\Administrator\Documents\continuity-engine\src\continuity_engine\services\associative_recall_service.py", line 211, in _prepare
    raise CapabilityValidationError(stop)
continuity_engine.domain.errors.CapabilityValidationError: RECALL_TIMEOUT

The above exception was the direct cause of the following exception:

Traceback (most recent call last):
  File "C:\Users\Administrator\Documents\continuity-engine\tests\test_w04_4_continuity.py", line 59, in test_api_question_followup_reply_same_engine_and_matter
    self.chain()
    ~~~~~~~~~~^^
  File "C:\Users\Administrator\Documents\continuity-engine\tests\test_w04_4_continuity.py", line 48, in chain
    response = self.f.submit('选河边店，窗边那张桌。', entry='entry:B', item_id=item.item_id,
                            reply_to=delivery['request_id'])
  File "C:\Users\Administrator\Documents\continuity-engine\src\continuity_engine\testing\w04_cross_entry_fixture.py", line 275, in submit
    return self.entries.receive(self.last_request, self.last_message)
           ~~~~~~~~~~~~~~~~~~~~^^^^^^^^^^^^^^^^^^^^^^^^^^^^^^^^^^^^^^
  File "C:\Users\Administrator\Documents\continuity-engine\src\continuity_engine\services\cross_entry_service.py", line 468, in receive
    return self.interaction.submit(payload, entry_message=message)
           ~~~~~~~~~~~~~~~~~~~~~~~^^^^^^^^^^^^^^^^^^^^^^^^^^^^^^^^
  File "C:\Users\Administrator\Documents\continuity-engine\src\continuity_engine\services\continuity_interaction_service.py", line 192, in submit
    return self._submit(payload, access_use=access_use, entry_message=entry_message)
           ~~~~~~~~~~~~^^^^^^^^^^^^^^^^^^^^^^^^^^^^^^^^^^^^^^^^^^^^^^^^^^^^^^^^^^^^^
  File "C:\Users\Administrator\Documents\continuity-engine\src\continuity_engine\services\continuity_interaction_service.py", line 333, in _submit
    raise IntegrationExecutionError(
    ...<4 lines>...
    ) from exc
continuity_engine.domain.errors.IntegrationExecutionError: Local integration encountered an unexpected execution fault during domain.

======================================================================
ERROR: test_simulated_ui_question_followup_reply_same_engine_and_matter (tests.test_w04_4_continuity.CrossEntryTests.test_simulated_ui_question_followup_reply_same_engine_and_matter)
----------------------------------------------------------------------
Traceback (most recent call last):
  File "C:\Users\Administrator\Documents\continuity-engine\src\continuity_engine\services\continuity_interaction_service.py", line 321, in _submit
    operation, thinking_execution = self._run_domain(request, operation, binding)
                                    ~~~~~~~~~~~~~~~~^^^^^^^^^^^^^^^^^^^^^^^^^^^^^
  File "C:\Users\Administrator\Documents\continuity-engine\src\continuity_engine\services\continuity_interaction_service.py", line 876, in _run_domain
    perception = self._continuity_core.prepare(perception, operation,
        **({'save_input': save_input} if operation.input_processing_enabled else {}),
        **({'save_recall':save_recall} if operation.recall_enabled else {}))
  File "C:\Users\Administrator\Documents\continuity-engine\src\continuity_engine\services\continuity_core_service.py", line 347, in prepare
    return self._prepare(perception, operation, save_input=save_input,save_recall=save_recall)
           ~~~~~~~~~~~~~^^^^^^^^^^^^^^^^^^^^^^^^^^^^^^^^^^^^^^^^^^^^^^^^^^^^^^^^^^^^^^^^^^^^^^
  File "C:\Users\Administrator\Documents\continuity-engine\src\continuity_engine\services\continuity_core_service.py", line 426, in _prepare
    route,composition,recall_record=self.recall.prepare(perception,operation,save_recall,
                                    ~~~~~~~~~~~~~~~~~~~^^^^^^^^^^^^^^^^^^^^^^^^^^^^^^^^^^
        attention=mind['influence']['attention'] if mind is not None else None)
        ^^^^^^^^^^^^^^^^^^^^^^^^^^^^^^^^^^^^^^^^^^^^^^^^^^^^^^^^^^^^^^^^^^^^^^^
  File "C:\Users\Administrator\Documents\continuity-engine\src\continuity_engine\services\associative_recall_service.py", line 100, in prepare
    return self._prepare(perception,operation,save,attention=attention)
           ~~~~~~~~~~~~~^^^^^^^^^^^^^^^^^^^^^^^^^^^^^^^^^^^^^^^^^^^^^^^
  File "C:\Users\Administrator\Documents\continuity-engine\src\continuity_engine\services\associative_recall_service.py", line 211, in _prepare
    raise CapabilityValidationError(stop)
continuity_engine.domain.errors.CapabilityValidationError: RECALL_TIMEOUT

The above exception was the direct cause of the following exception:

Traceback (most recent call last):
  File "C:\Users\Administrator\Documents\continuity-engine\tests\test_w04_4_continuity.py", line 62, in test_simulated_ui_question_followup_reply_same_engine_and_matter
    self.chain(ui=True)
    ~~~~~~~~~~^^^^^^^^^
  File "C:\Users\Administrator\Documents\continuity-engine\tests\test_w04_4_continuity.py", line 48, in chain
    response = self.f.submit('选河边店，窗边那张桌。', entry='entry:B', item_id=item.item_id,
                            reply_to=delivery['request_id'])
  File "C:\Users\Administrator\Documents\continuity-engine\src\continuity_engine\testing\w04_cross_entry_fixture.py", line 275, in submit
    return self.entries.receive(self.last_request, self.last_message)
           ~~~~~~~~~~~~~~~~~~~~^^^^^^^^^^^^^^^^^^^^^^^^^^^^^^^^^^^^^^
  File "C:\Users\Administrator\Documents\continuity-engine\src\continuity_engine\services\cross_entry_service.py", line 468, in receive
    return self.interaction.submit(payload, entry_message=message)
           ~~~~~~~~~~~~~~~~~~~~~~~^^^^^^^^^^^^^^^^^^^^^^^^^^^^^^^^
  File "C:\Users\Administrator\Documents\continuity-engine\src\continuity_engine\services\continuity_interaction_service.py", line 192, in submit
    return self._submit(payload, access_use=access_use, entry_message=entry_message)
           ~~~~~~~~~~~~^^^^^^^^^^^^^^^^^^^^^^^^^^^^^^^^^^^^^^^^^^^^^^^^^^^^^^^^^^^^^
  File "C:\Users\Administrator\Documents\continuity-engine\src\continuity_engine\services\continuity_interaction_service.py", line 333, in _submit
    raise IntegrationExecutionError(
    ...<4 lines>...
    ) from exc
continuity_engine.domain.errors.IntegrationExecutionError: Local integration encountered an unexpected execution fault during domain.

----------------------------------------------------------------------
Ran 2 tests in 24.283s

FAILED (errors=2)
