test_api_question_followup_reply_same_engine_and_matter (tests.test_w04_4_continuity.CrossEntryTests.test_api_question_followup_reply_same_engine_and_matter) ... ERROR
{"test": "tests.test_w04_4_continuity.CrossEntryTests.test_api_question_followup_reply_same_engine_and_matter", "stage": "before-TEST-cleanup", "files": {"s/.p01-sandbox-root.v1.json": {"bytes": 98, "sha256": "3ced39d6b395df89d9b1f34e1b3faf46c14ccc6edab679a616f588a978e002f7"}, "s/s/sa4f4c25a/b/b6aeff986/branch-manifest.v1.json": {"bytes": 243, "sha256": "38072dc8b771f6218f3c66f8a229f53e19fc85ff4a204b27da25ad06bd4d5f3e"}, "s/s/sa4f4c25a/b/b6aeff986/data/awakening/cycles/44d765cc6fa01da4caaf540a50ea7b952950afe3e3b18c95b110c9788d10e337.json": {"bytes": 253, "sha256": "23a4e161ad9af7048683744b2a73fe968d017ed93440b82f5eed147c457648e6"}, "s/s/sa4f4c25a/b/b6aeff986/data/awakening/sessions/2468ecb6b1418f46f496744880426dc9ca09b8b6eaf6d1b7b7dcdc7430e0b0cf/6ee49fdea1b88fd8120c881bb1616091cbf57df83ae905d3fbb8f94c6d3792e5.json": {"bytes": 84389, "sha256": "6d39670fa94e01e3b6bd3092ecb7e4e088ffedd7e8213c46e5b4e88c5f43c222"}, "s/s/sa4f4c25a/b/b6aeff986/data/awakening/sessions/2468ecb6b1418f46f496744880426dc9ca09b8b6eaf6d1b7b7dcdc7430e0b0cf/9b4b6e98a84fd60b0cfd11c6cdf8a4f22f9d60aae2441c1e394207e2f09aa6d2.json": {"bytes": 10657, "sha256": "127883833d6a0cc182875246657c2dfd07ed7587f7cbd03979911b901818e22c"}, "s/s/sa4f4c25a/b/b6aeff986/data/awakening/sessions/2468ecb6b1418f46f496744880426dc9ca09b8b6eaf6d1b7b7dcdc7430e0b0cf/aca56316d1a2d0f7adcce99f1bdf2413b08c15185860698669cb2cd4033d71cd.json": {"bytes": 17943, "sha256": "57880a97f1c5867232f49c869755d0c94d6a0bbc5e3648ff1b86d3a04706f030"}, "s/s/sa4f4c25a/b/b6aeff986/data/c1-receipts/p08-fake-receipts.json": {"bytes": 148, "sha256": "a411df96a3b6eea514baf41f59d45ab70c55b96ee9f28e118d79525ea3bfe8c8"}, "s/s/sa4f4c25a/b/b6aeff986/data/clock/subject-clock.v1.json": {"bytes": 109, "sha256": "a12e3fbb74da240f6330c740f8c742b071e53b32f2f7187fb0b9938173b6c05f"}, "s/s/sa4f4c25a/b/b6aeff986/data/contradiction/test/2468ecb6b1418f46f496744880426dc9ca09b8b6eaf6d1b7b7dcdc7430e0b0cf.json": {"bytes": 228, "sha256": "7dd54f04834f02a28c3d7ea7b6c1aae31d9d191a11bd25bba235a3a9d70374bd"}, "s/s/sa4f4c25a/b/b6aeff986/data/environment-access/test/928735b80ff61a485e5be05497dae063c613de2825ca650b243850f3ef684b79/attachments.v1.json": {"bytes": 8486, "sha256": "e45ae6f9fc0541b46d0a4c5bc1fba3de7359891c096ddcd058401165c410ba8b"}, "s/s/sa4f4c25a/b/b6aeff986/data/environment-access/test/928735b80ff61a485e5be05497dae063c613de2825ca650b243850f3ef684b79/attachments.v1.lock": {"bytes": 1, "sha256": "5feceb66ffc86f38d952786c6d696c79c2dbc239dd4e91b46729d73a27fb57e9"}, "s/s/sa4f4c25a/b/b6aeff986/data/execution-outbox/test/928735b80ff61a485e5be05497dae063c613de2825ca650b243850f3ef684b79/delivery.v1.json": {"bytes": 1091, "sha256": "d4a16726656488a6b5133782940eeffe22024a35225f9480801c4305356b3362"}, "s/s/sa4f4c25a/b/b6aeff986/data/execution-outbox/test/928735b80ff61a485e5be05497dae063c613de2825ca650b243850f3ef684b79/delivery.v1.lock": {"bytes": 1, "sha256": "5feceb66ffc86f38d952786c6d696c79c2dbc239dd4e91b46729d73a27fb57e9"}, "s/s/sa4f4c25a/b/b6aeff986/data/fixture/c1-profile.v1.json": {"bytes": 102, "sha256": "a8519b0656a0180b9cc573a7c08bddbc89d705f91a507a96e853d063b8320470"}, "s/s/sa4f4c25a/b/b6aeff986/data/fixture/state-fixture.v1.json": {"bytes": 635, "sha256": "9f00b3c2d2cde7927fb0520ac34959e496fa5b639ea9c907e1d833f008222cd1"}, "s/s/sa4f4c25a/b/b6aeff986/data/integration/capability-ledger.v1.json": {"bytes": 32056, "sha256": "ccc047df5e0f7a7cecb00bd4bd6df7b63eb7ac59b0356f87f5e2d1b433fdb9f7"}, "s/s/sa4f4c25a/b/b6aeff986/data/integration/operation-journal.first-round-v1.json": {"bytes": 308707, "sha256": "f68c410c19ca9c6a42c6bf01269ce4367dca065bd24d9b260303ec8aeded8dbf"}, "s/s/sa4f4c25a/b/b6aeff986/data/integration/result-ledger.first-round-v1.json": {"bytes": 1558, "sha256": "8cc8be86719fdbc19195547cdaee54477b1bda4bfb40726bb99d205af9abc45e"}, "s/s/sa4f4c25a/b/b6aeff986/data/integration/subject-binding.runtime-v1.json": {"bytes": 613, "sha256": "d5bec17bc29f4fab35bfd501b18ae6885ca1579ceb0858ab7708a95244c0eda2"}, "s/s/sa4f4c25a/b/b6aeff986/data/learning/2468ecb6b1418f46f496744880426dc9ca09b8b6eaf6d1b7b7dcdc7430e0b0cf.json": {"bytes": 2154, "sha256": "57d5a8784a72588811a387ff2e83efb6160c7e2d45f9384928ac9a8f69012ce8"}, "s/s/sa4f4c25a/b/b6aeff986/data/memory/test/2468ecb6b1418f46f496744880426dc9ca09b8b6eaf6d1b7b7dcdc7430e0b0cf.json": {"bytes": 15255, "sha256": "973e755a94eef4c47e4917027a7e22d60135062d96c810574c7a9ed89b19c4b3"}, "s/s/sa4f4c25a/b/b6aeff986/data/persistent-runtime/owner.lock": {"bytes": 1, "sha256": "5feceb66ffc86f38d952786c6d696c79c2dbc239dd4e91b46729d73a27fb57e9"}, "s/s/sa4f4c25a/b/b6aeff986/data/persistent-runtime/runtime.v1.json": {"bytes": 784, "sha256": "44ef9e5b2efe94b5bbcd62cf0b73f35ca3f999f8baa369e3521f947149c7e037"}, "s/s/sa4f4c25a/b/b6aeff986/data/persistent-runtime/runtime.v1.lock": {"bytes": 1, "sha256": "5feceb66ffc86f38d952786c6d696c79c2dbc239dd4e91b46729d73a27fb57e9"}, "s/s/sa4f4c25a/b/b6aeff986/data/resources/2468ecb6b1418f46f496744880426dc9ca09b8b6eaf6d1b7b7dcdc7430e0b0cf.json": {"bytes": 4250, "sha256": "fdf9cde76a7e28c9f8e6b4675f68b1b056ae788c98156366f5ed74e81bf60fee"}, "s/s/sa4f4c25a/b/b6aeff986/data/scheduler/queue.v1.json": {"bytes": 2672, "sha256": "90d19c1132aac355e34fbc08dd00d0bc4818a8e2bf2292c132b53ec65e6c0024"}, "s/s/sa4f4c25a/b/b6aeff986/data/subject-state/2468ecb6b1418f46f496744880426dc9ca09b8b6eaf6d1b7b7dcdc7430e0b0cf.json": {"bytes": 56010, "sha256": "362bc0aeff4e4d5f5ebceee09959a595a638cf8e637c02bb84eeece5b907cd34"}, "s/s/sa4f4c25a/b/b6aeff986/data/test-actions/action-sessions.v1.json": {"bytes": 128, "sha256": "bed4da8ff8fc7b22188656d51011ce91241b8e796f6a331e8bce4bb984fcac76"}, "s/s/sa4f4c25a/b/b6aeff986/data/test-indexes/events.v1.json": {"bytes": 138, "sha256": "06807bf04764c64ac9e71e662d5b3d7d43048cd83f23c5ac205beb6540e1c51c"}, "s/s/sa4f4c25a/b/b6aeff986/data/test-indexes/evolution.v1.json": {"bytes": 141, "sha256": "41ce95817cbd059b5c0263c393fb3c8798683966bed0dddea38c3504309b7824"}, "s/s/sa4f4c25a/b/b6aeff986/data/test-indexes/relationship-state.v1.json": {"bytes": 150, "sha256": "010568aefd053ac050f5b13ac948e561e6467137b8bacc68943c9bcdab2b8975"}, "s/s/sa4f4c25a/b/b6aeff986/data/test-indexes/state-mutations.v1.json": {"bytes": 147, "sha256": "f663cc9124ac2b3e918804e0322da8dabc3b6c36b484cf3b384193544dcdeb28"}, "s/s/sa4f4c25a/b/b6aeff986/data/test-indexes/thinking-sessions.v1.json": {"bytes": 149, "sha256": "822865beb5495f6b03483db635bedbedbe799e7d5c32b4ec4fe990049f635b34"}, "s/s/sa4f4c25a/b/b6aeff986/data/test-indexes/wake-sessions.v1.json": {"bytes": 145, "sha256": "d2557f0ca0978d1b7558b06b5b2559a8d27be5ee0e6f32c208f30f560a9c1d07"}, "s/s/sa4f4c25a/b/b6aeff986/data/test-memory/memory-ledger.v1.json": {"bytes": 631, "sha256": "3a3c444336385800c0e5c5217de00cc3769a3b7ff7a7c0e08a91caa0d18fa465"}, "s/s/sa4f4c25a/b/b6aeff986/data/test-trace/subject-clock-trace.v1.json": {"bytes": 1558, "sha256": "43b6846ed5b0026b92e4e4fdc6615b8616bf9a8c8d06d1beea3ad3a38a85400b"}, "s/s/sa4f4c25a/b/b6aeff986/data/thinking/sessions/2468ecb6b1418f46f496744880426dc9ca09b8b6eaf6d1b7b7dcdc7430e0b0cf/bc757658b617cb15147b70a22052aba9432900581ad261328b39e3336a69c040.json": {"bytes": 108963, "sha256": "fbae136539337c830718c7c77e68119e94c0100130b2ef49bae82116c8713fa7"}, "s/s/sa4f4c25a/b/b6aeff986/data/thinking/sessions/2468ecb6b1418f46f496744880426dc9ca09b8b6eaf6d1b7b7dcdc7430e0b0cf/c61d95cbda5ba2a84289f242dc0fac887da0af4f6a040442ada2e3373ff82ef2.json": {"bytes": 64757, "sha256": "b782c384024382949f27bfc6e2631f380d4e95edb228cbf3d9860a7a349b9b57"}, "s/s/sa4f4c25a/b/b6aeff986/data/worlds/entry-A/simulated-device.json": {"bytes": 3384, "sha256": "0473727f3ec939ddbdfaaa97a4ba4e47e0e0367b59bdbae0f5e7569600f43365"}, "s/s/sa4f4c25a/b/b6aeff986/data/worlds/entry-A/simulated-device.lock": {"bytes": 1, "sha256": "5feceb66ffc86f38d952786c6d696c79c2dbc239dd4e91b46729d73a27fb57e9"}, "s/s/sa4f4c25a/b/b6aeff986/data/worlds/entry-B/simulated-device.json": {"bytes": 3384, "sha256": "bc4f1b57e23b81c75c1343a137271991e4380112b31724e59d2608b9bf48a94a"}, "s/s/sa4f4c25a/b/b6aeff986/data/worlds/entry-B/simulated-device.lock": {"bytes": 1, "sha256": "5feceb66ffc86f38d952786c6d696c79c2dbc239dd4e91b46729d73a27fb57e9"}, "s/s/sa4f4c25a/sandbox-manifest.v1.json": {"bytes": 916, "sha256": "8cc15179817bc95ac19205e91f7433ace5f35555b25d9e56efe5b4793433e88a"}, "s/sandbox-registry.v1.json": {"bytes": 479, "sha256": "376ef3fbcd57d5cd92df300b683df11b06c83521db8012f6f4e996a47cc846d1"}}}

======================================================================
ERROR: test_api_question_followup_reply_same_engine_and_matter (tests.test_w04_4_continuity.CrossEntryTests.test_api_question_followup_reply_same_engine_and_matter)
----------------------------------------------------------------------
Traceback (most recent call last):
  File "C:\Users\Administrator\Documents\continuity-engine\src\continuity_engine\services\continuity_interaction_service.py", line 321, in _submit
    operation, thinking_execution = self._run_domain(request, operation, binding)
                                    ~~~~~~~~~~~~~~~~^^^^^^^^^^^^^^^^^^^^^^^^^^^^^
  File "C:\Users\Administrator\Documents\continuity-engine\src\continuity_engine\services\continuity_interaction_service.py", line 876, in _run_domain
    perception = self._continuity_core.prepare(perception, operation,
        **({'save_input': save_input} if operation.input_processing_enabled else {}),
        **({'save_recall':save_recall} if operation.recall_enabled else {}))
  File "C:\Users\Administrator\Documents\continuity-engine\src\continuity_engine\services\continuity_core_service.py", line 344, in prepare
    return self._prepare(perception, operation, save_input=save_input,save_recall=save_recall)
           ~~~~~~~~~~~~~^^^^^^^^^^^^^^^^^^^^^^^^^^^^^^^^^^^^^^^^^^^^^^^^^^^^^^^^^^^^^^^^^^^^^^
  File "C:\Users\Administrator\Documents\continuity-engine\src\continuity_engine\services\continuity_core_service.py", line 423, in _prepare
    route,composition,recall_record=self.recall.prepare(perception,operation,save_recall,
                                    ~~~~~~~~~~~~~~~~~~~^^^^^^^^^^^^^^^^^^^^^^^^^^^^^^^^^^
        attention=mind['influence']['attention'] if mind is not None else None)
        ^^^^^^^^^^^^^^^^^^^^^^^^^^^^^^^^^^^^^^^^^^^^^^^^^^^^^^^^^^^^^^^^^^^^^^^
  File "C:\Users\Administrator\Documents\continuity-engine\src\continuity_engine\services\associative_recall_service.py", line 100, in prepare
    return self._prepare(perception,operation,save,attention=attention)
           ~~~~~~~~~~~~~^^^^^^^^^^^^^^^^^^^^^^^^^^^^^^^^^^^^^^^^^^^^^^^
  File "C:\Users\Administrator\Documents\continuity-engine\src\continuity_engine\services\associative_recall_service.py", line 211, in _prepare
    raise CapabilityValidationError(stop)
continuity_engine.domain.errors.CapabilityValidationError: RECALL_TIMEOUT

The above exception was the direct cause of the following exception:

Traceback (most recent call last):
  File "C:\Users\Administrator\Documents\continuity-engine\tests\test_w04_4_continuity.py", line 59, in test_api_question_followup_reply_same_engine_and_matter
    self.chain()
    ~~~~~~~~~~^^
  File "C:\Users\Administrator\Documents\continuity-engine\tests\test_w04_4_continuity.py", line 48, in chain
    response = self.f.submit('选河边店，窗边那张桌。', entry='entry:B', item_id=item.item_id,
                            reply_to=delivery['request_id'])
  File "C:\Users\Administrator\Documents\continuity-engine\src\continuity_engine\testing\w04_cross_entry_fixture.py", line 275, in submit
    return self.entries.receive(self.last_request, self.last_message)
           ~~~~~~~~~~~~~~~~~~~~^^^^^^^^^^^^^^^^^^^^^^^^^^^^^^^^^^^^^^
  File "C:\Users\Administrator\Documents\continuity-engine\src\continuity_engine\services\cross_entry_service.py", line 400, in receive
    return self.interaction.submit(payload, entry_message=message)
           ~~~~~~~~~~~~~~~~~~~~~~~^^^^^^^^^^^^^^^^^^^^^^^^^^^^^^^^
  File "C:\Users\Administrator\Documents\continuity-engine\src\continuity_engine\services\continuity_interaction_service.py", line 192, in submit
    return self._submit(payload, access_use=access_use, entry_message=entry_message)
           ~~~~~~~~~~~~^^^^^^^^^^^^^^^^^^^^^^^^^^^^^^^^^^^^^^^^^^^^^^^^^^^^^^^^^^^^^
  File "C:\Users\Administrator\Documents\continuity-engine\src\continuity_engine\services\continuity_interaction_service.py", line 333, in _submit
    raise IntegrationExecutionError(
    ...<4 lines>...
    ) from exc
continuity_engine.domain.errors.IntegrationExecutionError: Local integration encountered an unexpected execution fault during domain.

----------------------------------------------------------------------
Ran 1 test in 20.351s

FAILED (errors=1)
