test_api_question_followup_reply_same_engine_and_matter (tests.test_w04_4_continuity.CrossEntryTests.test_api_question_followup_reply_same_engine_and_matter) ... ERROR
{"test": "tests.test_w04_4_continuity.CrossEntryTests.test_api_question_followup_reply_same_engine_and_matter", "stage": "before-TEST-cleanup", "files": {"s/.p01-sandbox-root.v1.json": {"bytes": 98, "sha256": "3ced39d6b395df89d9b1f34e1b3faf46c14ccc6edab679a616f588a978e002f7"}, "s/s/s2a197abe/b/bd4b18b86/branch-manifest.v1.json": {"bytes": 243, "sha256": "e7c9e5636808efed93aab85e09878f4c2148df0d466ce5b968598df257d33551"}, "s/s/s2a197abe/b/bd4b18b86/data/awakening/cycles/6c45369300c76f5a4f0ffc3b749ff3b7ba792118b66647bab248e435f6526970.json": {"bytes": 253, "sha256": "ebaedc0e64b34766767dc05816ae0fab14f8d24c152df753e66230d2350459ef"}, "s/s/s2a197abe/b/bd4b18b86/data/awakening/sessions/0614077f0fa80c798ef6c01a26130edd3e80017cf2149d169c530eed5a1099a8/48703d2503fe99cf363e269fcc9c069483db3db729b9a527062e9f975b6131a2.json": {"bytes": 17943, "sha256": "faff27239f99a5d3e6cffdd254d6ce01228e9dd977f159cbd911d3a2b357da82"}, "s/s/s2a197abe/b/bd4b18b86/data/awakening/sessions/0614077f0fa80c798ef6c01a26130edd3e80017cf2149d169c530eed5a1099a8/add0b39b513312e0b94baacd6042c0345b835a8927336b69acf05055d29b165e.json": {"bytes": 10657, "sha256": "eac27eb72b940efcfc9cb16306d2088dc121ee8fada7e7ace0ca2a2c05249c6b"}, "s/s/s2a197abe/b/bd4b18b86/data/awakening/sessions/0614077f0fa80c798ef6c01a26130edd3e80017cf2149d169c530eed5a1099a8/d4fdb87089ed65a153a5556325d593d4317c8bb19c60ae35c5cdc9f6f084c2f4.json": {"bytes": 84389, "sha256": "5bcc26162a7d61c3fe196e0261a3376c69f6d8012924c20c44eb7c230541f068"}, "s/s/s2a197abe/b/bd4b18b86/data/c1-receipts/p08-fake-receipts.json": {"bytes": 148, "sha256": "a411df96a3b6eea514baf41f59d45ab70c55b96ee9f28e118d79525ea3bfe8c8"}, "s/s/s2a197abe/b/bd4b18b86/data/clock/subject-clock.v1.json": {"bytes": 109, "sha256": "a12e3fbb74da240f6330c740f8c742b071e53b32f2f7187fb0b9938173b6c05f"}, "s/s/s2a197abe/b/bd4b18b86/data/contradiction/test/0614077f0fa80c798ef6c01a26130edd3e80017cf2149d169c530eed5a1099a8.json": {"bytes": 228, "sha256": "a198b33c8e89e9644d6933e67f9c10367d934916f050dc4008b86ab440a634b0"}, "s/s/s2a197abe/b/bd4b18b86/data/environment-access/test/a3d2f09cbde62afa833d78611250f4845285c6c84159cdcc3be727a96f55b188/attachments.v1.json": {"bytes": 8486, "sha256": "e761fe6c541367b9e04f6686288f497935935b57a802fb84733c52ea6dbbbdf0"}, "s/s/s2a197abe/b/bd4b18b86/data/environment-access/test/a3d2f09cbde62afa833d78611250f4845285c6c84159cdcc3be727a96f55b188/attachments.v1.lock": {"bytes": 1, "sha256": "5feceb66ffc86f38d952786c6d696c79c2dbc239dd4e91b46729d73a27fb57e9"}, "s/s/s2a197abe/b/bd4b18b86/data/execution-outbox/test/a3d2f09cbde62afa833d78611250f4845285c6c84159cdcc3be727a96f55b188/delivery.v1.json": {"bytes": 1091, "sha256": "97af89f5903d86e6203f12dd78cbadf5f8af32c14e623c73b87572368506dd39"}, "s/s/s2a197abe/b/bd4b18b86/data/execution-outbox/test/a3d2f09cbde62afa833d78611250f4845285c6c84159cdcc3be727a96f55b188/delivery.v1.lock": {"bytes": 1, "sha256": "5feceb66ffc86f38d952786c6d696c79c2dbc239dd4e91b46729d73a27fb57e9"}, "s/s/s2a197abe/b/bd4b18b86/data/fixture/c1-profile.v1.json": {"bytes": 102, "sha256": "4fe4029b61fea1ddb142b4e351487e9b74eb48987686fabb744633aa7852b140"}, "s/s/s2a197abe/b/bd4b18b86/data/fixture/state-fixture.v1.json": {"bytes": 635, "sha256": "fdcd6c95042aadcee8419a8d82f8b259d0f9d56a350bb6e44b7a66125e5a0550"}, "s/s/s2a197abe/b/bd4b18b86/data/integration/capability-ledger.v1.json": {"bytes": 32056, "sha256": "793ae04d54392a9807fe3ce4fcbaa96fb7d83bcaa570849a6ffff12a921843b9"}, "s/s/s2a197abe/b/bd4b18b86/data/integration/operation-journal.first-round-v1.json": {"bytes": 308707, "sha256": "13fef39cff613192f18d93b6115923201e859499dda505b4d1dff70dac952543"}, "s/s/s2a197abe/b/bd4b18b86/data/integration/result-ledger.first-round-v1.json": {"bytes": 1558, "sha256": "427f36f17e35038e26515cd2bf7b8664f405ce322bcf2084bd154d149e9f8b49"}, "s/s/s2a197abe/b/bd4b18b86/data/integration/subject-binding.runtime-v1.json": {"bytes": 613, "sha256": "3cd1fc94aa725dd0733a135b9a0a865e0385cd5b28a54bbd55f3d28894db07af"}, "s/s/s2a197abe/b/bd4b18b86/data/learning/0614077f0fa80c798ef6c01a26130edd3e80017cf2149d169c530eed5a1099a8.json": {"bytes": 2154, "sha256": "c36a6af21a430b6d9a2f3b781d941868789c8ce9d0a2301a52aa1068f38f7a58"}, "s/s/s2a197abe/b/bd4b18b86/data/memory/test/0614077f0fa80c798ef6c01a26130edd3e80017cf2149d169c530eed5a1099a8.json": {"bytes": 15255, "sha256": "6faef17401555091dc1d8b0df66c99517e00df8f5534fa4765d6f91b06659794"}, "s/s/s2a197abe/b/bd4b18b86/data/persistent-runtime/owner.lock": {"bytes": 1, "sha256": "5feceb66ffc86f38d952786c6d696c79c2dbc239dd4e91b46729d73a27fb57e9"}, "s/s/s2a197abe/b/bd4b18b86/data/persistent-runtime/runtime.v1.json": {"bytes": 784, "sha256": "7a850a6e022aed4ff1bce620dfcf02b39f05ddb132555380039b56610140ece0"}, "s/s/s2a197abe/b/bd4b18b86/data/persistent-runtime/runtime.v1.lock": {"bytes": 1, "sha256": "5feceb66ffc86f38d952786c6d696c79c2dbc239dd4e91b46729d73a27fb57e9"}, "s/s/s2a197abe/b/bd4b18b86/data/resources/0614077f0fa80c798ef6c01a26130edd3e80017cf2149d169c530eed5a1099a8.json": {"bytes": 4250, "sha256": "2de4be632495e883b72860de8a8989dd3805fcbeb3676ccdf47c54d4b1c58a29"}, "s/s/s2a197abe/b/bd4b18b86/data/scheduler/queue.v1.json": {"bytes": 2672, "sha256": "fd3c13ac51d98d19dcbcbff4a0ece1831f68322749918b5d7726e0b211a3c4c1"}, "s/s/s2a197abe/b/bd4b18b86/data/subject-state/0614077f0fa80c798ef6c01a26130edd3e80017cf2149d169c530eed5a1099a8.json": {"bytes": 56010, "sha256": "098d29540edb1c6a50ea9ec80409e7bfc10cb50d080f90d20d3d421422275156"}, "s/s/s2a197abe/b/bd4b18b86/data/test-actions/action-sessions.v1.json": {"bytes": 128, "sha256": "11cf76d59aa9b6e275896f3a8a724a2303440bd81f23a440c013ef105e78223e"}, "s/s/s2a197abe/b/bd4b18b86/data/test-indexes/events.v1.json": {"bytes": 138, "sha256": "e01b75e4993c61946fd12887dd7bc25ac2d8b561df37d88f3f4ce0bef70dace6"}, "s/s/s2a197abe/b/bd4b18b86/data/test-indexes/evolution.v1.json": {"bytes": 141, "sha256": "9f31d65c1dc3d18544b7a8d26fed749667c62e288b4d517118a9503acdb40e63"}, "s/s/s2a197abe/b/bd4b18b86/data/test-indexes/relationship-state.v1.json": {"bytes": 150, "sha256": "8fe5808404c71b40bd6039c2d7877644b54f2a3976cc274de3dfde1c06c9bfc0"}, "s/s/s2a197abe/b/bd4b18b86/data/test-indexes/state-mutations.v1.json": {"bytes": 147, "sha256": "c708398e78dd9c29c24c92cc0df2c248bbc1c0885119e42f620fee6c78b26725"}, "s/s/s2a197abe/b/bd4b18b86/data/test-indexes/thinking-sessions.v1.json": {"bytes": 149, "sha256": "ad4eaad2d5aff60d345bc6eb220c66901077ba9fa7b8d6ee8c67b11a71d34cb3"}, "s/s/s2a197abe/b/bd4b18b86/data/test-indexes/wake-sessions.v1.json": {"bytes": 145, "sha256": "4316a8e866f9f2a9b86c9bc561cdea8aaa5902a1dcf6a4d9999a9dff777f8e4e"}, "s/s/s2a197abe/b/bd4b18b86/data/test-memory/memory-ledger.v1.json": {"bytes": 631, "sha256": "f216ed0bee1c67f84952ef0843aedb183a07d6393bdc149fa350c3bd9e4f7d5d"}, "s/s/s2a197abe/b/bd4b18b86/data/test-trace/subject-clock-trace.v1.json": {"bytes": 1558, "sha256": "a21200c3b2fee8c76dad4a86f75fae7b4d26a195e294c9af3001a37aa9116dbd"}, "s/s/s2a197abe/b/bd4b18b86/data/thinking/sessions/0614077f0fa80c798ef6c01a26130edd3e80017cf2149d169c530eed5a1099a8/031d627fb5cb9a4dc0986f6af327cec46616fca2141435289a875af800737cd1.json": {"bytes": 108964, "sha256": "e89c657474f9763f603cf1df75026564764d6943b95fe4909d5f9d2e6737cc72"}, "s/s/s2a197abe/b/bd4b18b86/data/thinking/sessions/0614077f0fa80c798ef6c01a26130edd3e80017cf2149d169c530eed5a1099a8/5ee49e897af9e7d4a196d6bf9b315204d4db9154567df229c341f11a2634972d.json": {"bytes": 64757, "sha256": "fd04c67f22634f85a578074d1ed5e1be562ba23b38c07d6c11ec9bed1488c63d"}, "s/s/s2a197abe/b/bd4b18b86/data/worlds/entry-A/simulated-device.json": {"bytes": 3384, "sha256": "0e93bbcd36d02a76e4ac20dd3b80a22cb9fc8c416163d08991aaa50b6b417397"}, "s/s/s2a197abe/b/bd4b18b86/data/worlds/entry-A/simulated-device.lock": {"bytes": 1, "sha256": "5feceb66ffc86f38d952786c6d696c79c2dbc239dd4e91b46729d73a27fb57e9"}, "s/s/s2a197abe/b/bd4b18b86/data/worlds/entry-B/simulated-device.json": {"bytes": 3384, "sha256": "a06ef48cd8a5d005bea9db83b5adcfa925c98e0436e66b23a82da105a5390b7b"}, "s/s/s2a197abe/b/bd4b18b86/data/worlds/entry-B/simulated-device.lock": {"bytes": 1, "sha256": "5feceb66ffc86f38d952786c6d696c79c2dbc239dd4e91b46729d73a27fb57e9"}, "s/s/s2a197abe/sandbox-manifest.v1.json": {"bytes": 916, "sha256": "aa505b32861fdd71304be442b07a1a1e07f95154a9a12e10e55e39534832a1eb"}, "s/sandbox-registry.v1.json": {"bytes": 479, "sha256": "75e9e43897daee2653cc8d1845011bb6f07165533af5898f398352a3cfb12a87"}}}
test_simulated_ui_question_followup_reply_same_engine_and_matter (tests.test_w04_4_continuity.CrossEntryTests.test_simulated_ui_question_followup_reply_same_engine_and_matter) ... ERROR
{"test": "tests.test_w04_4_continuity.CrossEntryTests.test_simulated_ui_question_followup_reply_same_engine_and_matter", "stage": "before-TEST-cleanup", "files": {"s/.p01-sandbox-root.v1.json": {"bytes": 98, "sha256": "3ced39d6b395df89d9b1f34e1b3faf46c14ccc6edab679a616f588a978e002f7"}, "s/s/sc87f9c10/b/b0a06d6f5/branch-manifest.v1.json": {"bytes": 243, "sha256": "0144ac2408a684eda45cc16c02ecfbf690ccdea3cee3658bbcceebd65a67783b"}, "s/s/sc87f9c10/b/b0a06d6f5/data/awakening/cycles/66779766a6846411c19423a5044ce6262b5fe1d7e8e340b5cbb602f165b9e677.json": {"bytes": 253, "sha256": "f9e225e64ca35e99c41873df990252293f8b7efb388b4bd60da4cacc615485cf"}, "s/s/sc87f9c10/b/b0a06d6f5/data/awakening/sessions/ffe545a28df01a40cd9d62ece261700925858a8ff169bd0b3ecb3b54bb703328/010b1a3c24351f2263c1e228c88f8877984e31d0250e9399eae59f6ea25095e4.json": {"bytes": 17943, "sha256": "c0bdbdc5fc1b4a9915bac70831fe3291e204198bf83a83e509d845df113ab033"}, "s/s/sc87f9c10/b/b0a06d6f5/data/awakening/sessions/ffe545a28df01a40cd9d62ece261700925858a8ff169bd0b3ecb3b54bb703328/91805f495cd75de7feb3bcc642c88a31539e45c0ebb6711c18ae8ba8a7fd19bb.json": {"bytes": 10657, "sha256": "265855b539401e100a2efbc5a9b5472968cfd22d0acef208db105cf9af064e83"}, "s/s/sc87f9c10/b/b0a06d6f5/data/awakening/sessions/ffe545a28df01a40cd9d62ece261700925858a8ff169bd0b3ecb3b54bb703328/b3714773f6435f85260406a152830a399242e2173b3339847e38ed42b70d1932.json": {"bytes": 84389, "sha256": "0883c78800c54afc8b0e7468b5e7b6272ad0c9126e11a4215c7fe415515dcce6"}, "s/s/sc87f9c10/b/b0a06d6f5/data/c1-receipts/p08-fake-receipts.json": {"bytes": 148, "sha256": "a411df96a3b6eea514baf41f59d45ab70c55b96ee9f28e118d79525ea3bfe8c8"}, "s/s/sc87f9c10/b/b0a06d6f5/data/clock/subject-clock.v1.json": {"bytes": 109, "sha256": "a12e3fbb74da240f6330c740f8c742b071e53b32f2f7187fb0b9938173b6c05f"}, "s/s/sc87f9c10/b/b0a06d6f5/data/contradiction/test/ffe545a28df01a40cd9d62ece261700925858a8ff169bd0b3ecb3b54bb703328.json": {"bytes": 228, "sha256": "6493cf4b3a7edc064b12e94da1f18920493e9904a42d63a75bfd309c1f9ce687"}, "s/s/sc87f9c10/b/b0a06d6f5/data/environment-access/test/8dfe67e37a34b53253ad728774e47e296b2100bb413d4c42b7b987ff4d13b3f1/attachments.v1.json": {"bytes": 8486, "sha256": "e819eb7ee0afe69d65689ce4a35d74089e1f21d5112a796955103a3044be33d6"}, "s/s/sc87f9c10/b/b0a06d6f5/data/environment-access/test/8dfe67e37a34b53253ad728774e47e296b2100bb413d4c42b7b987ff4d13b3f1/attachments.v1.lock": {"bytes": 1, "sha256": "5feceb66ffc86f38d952786c6d696c79c2dbc239dd4e91b46729d73a27fb57e9"}, "s/s/sc87f9c10/b/b0a06d6f5/data/execution-outbox/test/8dfe67e37a34b53253ad728774e47e296b2100bb413d4c42b7b987ff4d13b3f1/delivery.v1.json": {"bytes": 1091, "sha256": "70d596564abd7f79feda46743356dfcf04968890db1a94e16befef4830d855b1"}, "s/s/sc87f9c10/b/b0a06d6f5/data/execution-outbox/test/8dfe67e37a34b53253ad728774e47e296b2100bb413d4c42b7b987ff4d13b3f1/delivery.v1.lock": {"bytes": 1, "sha256": "5feceb66ffc86f38d952786c6d696c79c2dbc239dd4e91b46729d73a27fb57e9"}, "s/s/sc87f9c10/b/b0a06d6f5/data/fixture/c1-profile.v1.json": {"bytes": 102, "sha256": "6f82bb0a8ef13a482176d4bbf3421ee92715ea56edf807c23d3a37cf9a498ee0"}, "s/s/sc87f9c10/b/b0a06d6f5/data/fixture/state-fixture.v1.json": {"bytes": 635, "sha256": "16fd2cbbdc1cd52dffe65686003d598673c5fcfca7109476ec26e6565572aab4"}, "s/s/sc87f9c10/b/b0a06d6f5/data/integration/capability-ledger.v1.json": {"bytes": 32044, "sha256": "709d36699030da1c8c94c13cf4f992d9e2d932240036f4557d88fba7aa51fbdd"}, "s/s/sc87f9c10/b/b0a06d6f5/data/integration/operation-journal.first-round-v1.json": {"bytes": 308707, "sha256": "480e22ec39d8ef7f7b9270836c91b953735ed62164c2aff1f73dd5d31ba55d85"}, "s/s/sc87f9c10/b/b0a06d6f5/data/integration/result-ledger.first-round-v1.json": {"bytes": 1558, "sha256": "f70eb570f2327528186a9cbf2b50e77c805cf29805b9213bf0a92ff8b6bd26bf"}, "s/s/sc87f9c10/b/b0a06d6f5/data/integration/subject-binding.runtime-v1.json": {"bytes": 613, "sha256": "bba07b7a42d43f11e869b2d8aa833faf541e927eccd480fe691df6b7d723268b"}, "s/s/sc87f9c10/b/b0a06d6f5/data/learning/ffe545a28df01a40cd9d62ece261700925858a8ff169bd0b3ecb3b54bb703328.json": {"bytes": 2154, "sha256": "6602e3903c470e62c77e752999778d160d17828fb97c353a998a83009b9bb5b2"}, "s/s/sc87f9c10/b/b0a06d6f5/data/memory/test/ffe545a28df01a40cd9d62ece261700925858a8ff169bd0b3ecb3b54bb703328.json": {"bytes": 15255, "sha256": "fce4864af3ac01b74e4ee2a8837cc1cf9c9b75d9b4094672057cb705c2b2b27d"}, "s/s/sc87f9c10/b/b0a06d6f5/data/persistent-runtime/owner.lock": {"bytes": 1, "sha256": "5feceb66ffc86f38d952786c6d696c79c2dbc239dd4e91b46729d73a27fb57e9"}, "s/s/sc87f9c10/b/b0a06d6f5/data/persistent-runtime/runtime.v1.json": {"bytes": 784, "sha256": "5dd887f68923ac1b5911f55200b576194f72ef587e0ee517cdc79fbd0661aad5"}, "s/s/sc87f9c10/b/b0a06d6f5/data/persistent-runtime/runtime.v1.lock": {"bytes": 1, "sha256": "5feceb66ffc86f38d952786c6d696c79c2dbc239dd4e91b46729d73a27fb57e9"}, "s/s/sc87f9c10/b/b0a06d6f5/data/resources/ffe545a28df01a40cd9d62ece261700925858a8ff169bd0b3ecb3b54bb703328.json": {"bytes": 4250, "sha256": "e2bd32e6658325f2e8e3c3416c2381d953fdc4467b529b20a5ec3fdd3d779eae"}, "s/s/sc87f9c10/b/b0a06d6f5/data/scheduler/queue.v1.json": {"bytes": 2672, "sha256": "9dcca3327c5f22afd81734fc188529eb2a72bbadd4077a5d5fe4e78157f0f3e3"}, "s/s/sc87f9c10/b/b0a06d6f5/data/subject-state/ffe545a28df01a40cd9d62ece261700925858a8ff169bd0b3ecb3b54bb703328.json": {"bytes": 56010, "sha256": "badfef7406e55f36edc1d1de42e69c955024682615012a046c5de0c970968fc7"}, "s/s/sc87f9c10/b/b0a06d6f5/data/test-actions/action-sessions.v1.json": {"bytes": 128, "sha256": "1e3f650c90f92f381735a5ec138efb944c6dff0a052a75e3ecffb9e1a99b70e9"}, "s/s/sc87f9c10/b/b0a06d6f5/data/test-indexes/events.v1.json": {"bytes": 138, "sha256": "fc09a4305ff4fa8cb98aaeb549064395f11ccd6d97e603bac827999c8c07f124"}, "s/s/sc87f9c10/b/b0a06d6f5/data/test-indexes/evolution.v1.json": {"bytes": 141, "sha256": "09f8a1f143c32b57c499fde1bd786df8e1faf37f35e194beea4a9a1b1c699ea8"}, "s/s/sc87f9c10/b/b0a06d6f5/data/test-indexes/relationship-state.v1.json": {"bytes": 150, "sha256": "a0e3dea475c0f72b07be613ea379ab3552d7e5b25d6a7e92c4a863cb99ac51d4"}, "s/s/sc87f9c10/b/b0a06d6f5/data/test-indexes/state-mutations.v1.json": {"bytes": 147, "sha256": "b176a04fd8e03f0eeadc37ab3d1325e972b96e484d6af9792ba471029f0acfa0"}, "s/s/sc87f9c10/b/b0a06d6f5/data/test-indexes/thinking-sessions.v1.json": {"bytes": 149, "sha256": "36c14da77684a3a4e5cc3483e245f0c29098301a50c276b621a237aaf6b9a569"}, "s/s/sc87f9c10/b/b0a06d6f5/data/test-indexes/wake-sessions.v1.json": {"bytes": 145, "sha256": "6656513bd24cfc723107ed6fa38e41b3feb433bf0ddc87f6751105f410559f79"}, "s/s/sc87f9c10/b/b0a06d6f5/data/test-memory/memory-ledger.v1.json": {"bytes": 631, "sha256": "9649a320ae983d8a774d018bfc26c5af488ad4d6bfab847a651e640214d33649"}, "s/s/sc87f9c10/b/b0a06d6f5/data/test-trace/subject-clock-trace.v1.json": {"bytes": 1558, "sha256": "ff47cf8cad224cf5228368cf93eaf72d458285dcfc8e1987b94c8795c91e7c27"}, "s/s/sc87f9c10/b/b0a06d6f5/data/thinking/sessions/ffe545a28df01a40cd9d62ece261700925858a8ff169bd0b3ecb3b54bb703328/15bdc2f6a755581925c52ae65803301c733b995db97103ce9a5b08f6f922dbfa.json": {"bytes": 109044, "sha256": "6df3c3d17ed05c86809b8c4a2276d7d18b636229f1b2a76c26b96df3190dc8c0"}, "s/s/sc87f9c10/b/b0a06d6f5/data/thinking/sessions/ffe545a28df01a40cd9d62ece261700925858a8ff169bd0b3ecb3b54bb703328/9697ab717cd66c8482e125df3f304fb054c9af03a8a030ed06a19a61ff80f7f4.json": {"bytes": 64757, "sha256": "b2049d8fe1f42efc687bd609a49d189ca28e88c8ca3215cd5c2e00e6aa9e7e3c"}, "s/s/sc87f9c10/b/b0a06d6f5/data/worlds/entry-A/simulated-device.json": {"bytes": 3524, "sha256": "7495b71e1fb836ef3d1006ac04f7b3245527839f34110b3ce821cac184f443c8"}, "s/s/sc87f9c10/b/b0a06d6f5/data/worlds/entry-A/simulated-device.lock": {"bytes": 1, "sha256": "5feceb66ffc86f38d952786c6d696c79c2dbc239dd4e91b46729d73a27fb57e9"}, "s/s/sc87f9c10/b/b0a06d6f5/data/worlds/entry-B/simulated-device.json": {"bytes": 3524, "sha256": "8fdaa4eb850f8b929d6537a1096c4eafb7b35e6a2cb18f44b664184a9a66ccf3"}, "s/s/sc87f9c10/b/b0a06d6f5/data/worlds/entry-B/simulated-device.lock": {"bytes": 1, "sha256": "5feceb66ffc86f38d952786c6d696c79c2dbc239dd4e91b46729d73a27fb57e9"}, "s/s/sc87f9c10/sandbox-manifest.v1.json": {"bytes": 916, "sha256": "d113f6ba18088fae5153698e6984ad2b88d038c92378784efc2f74de47f896d5"}, "s/sandbox-registry.v1.json": {"bytes": 479, "sha256": "cd39516f08c78d2d7c76289855c580e6f78200b0aa615dd8aeea1bbd17cbd5da"}}}

======================================================================
ERROR: test_api_question_followup_reply_same_engine_and_matter (tests.test_w04_4_continuity.CrossEntryTests.test_api_question_followup_reply_same_engine_and_matter)
----------------------------------------------------------------------
Traceback (most recent call last):
  File "C:\Users\Administrator\Documents\continuity-engine\src\continuity_engine\services\continuity_interaction_service.py", line 321, in _submit
    operation, thinking_execution = self._run_domain(request, operation, binding)
                                    ~~~~~~~~~~~~~~~~^^^^^^^^^^^^^^^^^^^^^^^^^^^^^
  File "C:\Users\Administrator\Documents\continuity-engine\src\continuity_engine\services\continuity_interaction_service.py", line 876, in _run_domain
    perception = self._continuity_core.prepare(perception, operation,
        **({'save_input': save_input} if operation.input_processing_enabled else {}),
        **({'save_recall':save_recall} if operation.recall_enabled else {}))
  File "C:\Users\Administrator\Documents\continuity-engine\src\continuity_engine\services\continuity_core_service.py", line 344, in prepare
    return self._prepare(perception, operation, save_input=save_input,save_recall=save_recall)
           ~~~~~~~~~~~~~^^^^^^^^^^^^^^^^^^^^^^^^^^^^^^^^^^^^^^^^^^^^^^^^^^^^^^^^^^^^^^^^^^^^^^
  File "C:\Users\Administrator\Documents\continuity-engine\src\continuity_engine\services\continuity_core_service.py", line 423, in _prepare
    route,composition,recall_record=self.recall.prepare(perception,operation,save_recall,
                                    ~~~~~~~~~~~~~~~~~~~^^^^^^^^^^^^^^^^^^^^^^^^^^^^^^^^^^
        attention=mind['influence']['attention'] if mind is not None else None)
        ^^^^^^^^^^^^^^^^^^^^^^^^^^^^^^^^^^^^^^^^^^^^^^^^^^^^^^^^^^^^^^^^^^^^^^^
  File "C:\Users\Administrator\Documents\continuity-engine\src\continuity_engine\services\associative_recall_service.py", line 100, in prepare
    return self._prepare(perception,operation,save,attention=attention)
           ~~~~~~~~~~~~~^^^^^^^^^^^^^^^^^^^^^^^^^^^^^^^^^^^^^^^^^^^^^^^
  File "C:\Users\Administrator\Documents\continuity-engine\src\continuity_engine\services\associative_recall_service.py", line 211, in _prepare
    raise CapabilityValidationError(stop)
continuity_engine.domain.errors.CapabilityValidationError: RECALL_TIMEOUT

The above exception was the direct cause of the following exception:

Traceback (most recent call last):
  File "C:\Users\Administrator\Documents\continuity-engine\tests\test_w04_4_continuity.py", line 59, in test_api_question_followup_reply_same_engine_and_matter
    self.chain()
    ~~~~~~~~~~^^
  File "C:\Users\Administrator\Documents\continuity-engine\tests\test_w04_4_continuity.py", line 48, in chain
    response = self.f.submit('选河边店，窗边那张桌。', entry='entry:B', item_id=item.item_id,
                            reply_to=delivery['request_id'])
  File "C:\Users\Administrator\Documents\continuity-engine\src\continuity_engine\testing\w04_cross_entry_fixture.py", line 275, in submit
    return self.entries.receive(self.last_request, self.last_message)
           ~~~~~~~~~~~~~~~~~~~~^^^^^^^^^^^^^^^^^^^^^^^^^^^^^^^^^^^^^^
  File "C:\Users\Administrator\Documents\continuity-engine\src\continuity_engine\services\cross_entry_service.py", line 402, in receive
    return self.interaction.submit(payload, entry_message=message)
           ~~~~~~~~~~~~~~~~~~~~~~~^^^^^^^^^^^^^^^^^^^^^^^^^^^^^^^^
  File "C:\Users\Administrator\Documents\continuity-engine\src\continuity_engine\services\continuity_interaction_service.py", line 192, in submit
    return self._submit(payload, access_use=access_use, entry_message=entry_message)
           ~~~~~~~~~~~~^^^^^^^^^^^^^^^^^^^^^^^^^^^^^^^^^^^^^^^^^^^^^^^^^^^^^^^^^^^^^
  File "C:\Users\Administrator\Documents\continuity-engine\src\continuity_engine\services\continuity_interaction_service.py", line 333, in _submit
    raise IntegrationExecutionError(
    ...<4 lines>...
    ) from exc
continuity_engine.domain.errors.IntegrationExecutionError: Local integration encountered an unexpected execution fault during domain.

======================================================================
ERROR: test_simulated_ui_question_followup_reply_same_engine_and_matter (tests.test_w04_4_continuity.CrossEntryTests.test_simulated_ui_question_followup_reply_same_engine_and_matter)
----------------------------------------------------------------------
Traceback (most recent call last):
  File "C:\Users\Administrator\Documents\continuity-engine\src\continuity_engine\services\continuity_interaction_service.py", line 321, in _submit
    operation, thinking_execution = self._run_domain(request, operation, binding)
                                    ~~~~~~~~~~~~~~~~^^^^^^^^^^^^^^^^^^^^^^^^^^^^^
  File "C:\Users\Administrator\Documents\continuity-engine\src\continuity_engine\services\continuity_interaction_service.py", line 876, in _run_domain
    perception = self._continuity_core.prepare(perception, operation,
        **({'save_input': save_input} if operation.input_processing_enabled else {}),
        **({'save_recall':save_recall} if operation.recall_enabled else {}))
  File "C:\Users\Administrator\Documents\continuity-engine\src\continuity_engine\services\continuity_core_service.py", line 344, in prepare
    return self._prepare(perception, operation, save_input=save_input,save_recall=save_recall)
           ~~~~~~~~~~~~~^^^^^^^^^^^^^^^^^^^^^^^^^^^^^^^^^^^^^^^^^^^^^^^^^^^^^^^^^^^^^^^^^^^^^^
  File "C:\Users\Administrator\Documents\continuity-engine\src\continuity_engine\services\continuity_core_service.py", line 423, in _prepare
    route,composition,recall_record=self.recall.prepare(perception,operation,save_recall,
                                    ~~~~~~~~~~~~~~~~~~~^^^^^^^^^^^^^^^^^^^^^^^^^^^^^^^^^^
        attention=mind['influence']['attention'] if mind is not None else None)
        ^^^^^^^^^^^^^^^^^^^^^^^^^^^^^^^^^^^^^^^^^^^^^^^^^^^^^^^^^^^^^^^^^^^^^^^
  File "C:\Users\Administrator\Documents\continuity-engine\src\continuity_engine\services\associative_recall_service.py", line 100, in prepare
    return self._prepare(perception,operation,save,attention=attention)
           ~~~~~~~~~~~~~^^^^^^^^^^^^^^^^^^^^^^^^^^^^^^^^^^^^^^^^^^^^^^^
  File "C:\Users\Administrator\Documents\continuity-engine\src\continuity_engine\services\associative_recall_service.py", line 211, in _prepare
    raise CapabilityValidationError(stop)
continuity_engine.domain.errors.CapabilityValidationError: RECALL_TIMEOUT

The above exception was the direct cause of the following exception:

Traceback (most recent call last):
  File "C:\Users\Administrator\Documents\continuity-engine\tests\test_w04_4_continuity.py", line 62, in test_simulated_ui_question_followup_reply_same_engine_and_matter
    self.chain(ui=True)
    ~~~~~~~~~~^^^^^^^^^
  File "C:\Users\Administrator\Documents\continuity-engine\tests\test_w04_4_continuity.py", line 48, in chain
    response = self.f.submit('选河边店，窗边那张桌。', entry='entry:B', item_id=item.item_id,
                            reply_to=delivery['request_id'])
  File "C:\Users\Administrator\Documents\continuity-engine\src\continuity_engine\testing\w04_cross_entry_fixture.py", line 275, in submit
    return self.entries.receive(self.last_request, self.last_message)
           ~~~~~~~~~~~~~~~~~~~~^^^^^^^^^^^^^^^^^^^^^^^^^^^^^^^^^^^^^^
  File "C:\Users\Administrator\Documents\continuity-engine\src\continuity_engine\services\cross_entry_service.py", line 402, in receive
    return self.interaction.submit(payload, entry_message=message)
           ~~~~~~~~~~~~~~~~~~~~~~~^^^^^^^^^^^^^^^^^^^^^^^^^^^^^^^^
  File "C:\Users\Administrator\Documents\continuity-engine\src\continuity_engine\services\continuity_interaction_service.py", line 192, in submit
    return self._submit(payload, access_use=access_use, entry_message=entry_message)
           ~~~~~~~~~~~~^^^^^^^^^^^^^^^^^^^^^^^^^^^^^^^^^^^^^^^^^^^^^^^^^^^^^^^^^^^^^
  File "C:\Users\Administrator\Documents\continuity-engine\src\continuity_engine\services\continuity_interaction_service.py", line 333, in _submit
    raise IntegrationExecutionError(
    ...<4 lines>...
    ) from exc
continuity_engine.domain.errors.IntegrationExecutionError: Local integration encountered an unexpected execution fault during domain.

----------------------------------------------------------------------
Ran 2 tests in 36.047s

FAILED (errors=2)
