test_api_question_followup_reply_same_engine_and_matter (tests.test_w04_4_continuity.CrossEntryTests.test_api_question_followup_reply_same_engine_and_matter) ... ERROR
{"test": "tests.test_w04_4_continuity.CrossEntryTests.test_api_question_followup_reply_same_engine_and_matter", "stage": "before-TEST-cleanup", "files": {"s/.p01-sandbox-root.v1.json": {"bytes": 98, "sha256": "3ced39d6b395df89d9b1f34e1b3faf46c14ccc6edab679a616f588a978e002f7"}, "s/s/sfd19157d/b/bb8b37892/branch-manifest.v1.json": {"bytes": 243, "sha256": "66261a98d9d88eb8b81d9abeca1225ffcb3c5cec18dcf2044ff4fd1434c538c4"}, "s/s/sfd19157d/b/bb8b37892/data/awakening/cycles/460666f5e432574d11dd8595169734e2b0299fc6790dcf6be2b9d6deae35ddf3.json": {"bytes": 253, "sha256": "5d410be0244efd623cffb10da4f3ebcf7531a20088bf2c30612683d53f9b3ad4"}, "s/s/sfd19157d/b/bb8b37892/data/awakening/sessions/e947e456b9a044e629d94dfad33f64423bc0c19044c677adf5e31c7f51d66a33/3a09e1314b15c2d2607fbaabd9a1cb8e01fe72fe4c3302692d1886492836005d.json": {"bytes": 10657, "sha256": "800d2672825cb1e56c40a49d1847d94ef1e9065b9f98d8b48648278d6d44622c"}, "s/s/sfd19157d/b/bb8b37892/data/c1-receipts/p08-fake-receipts.json": {"bytes": 148, "sha256": "a411df96a3b6eea514baf41f59d45ab70c55b96ee9f28e118d79525ea3bfe8c8"}, "s/s/sfd19157d/b/bb8b37892/data/clock/subject-clock.v1.json": {"bytes": 109, "sha256": "9215b6977c7811370330d01c8bfe7e63b8e43ba8b12a8f09d85b24e7efac24ad"}, "s/s/sfd19157d/b/bb8b37892/data/contradiction/test/e947e456b9a044e629d94dfad33f64423bc0c19044c677adf5e31c7f51d66a33.json": {"bytes": 228, "sha256": "a2d25a8266300b6d04e4fc4cc2d4b069f49d026cb548aa2e88f4b1c14d19f8dc"}, "s/s/sfd19157d/b/bb8b37892/data/environment-access/test/36903fdcd7027186d54a8123f83e6d6b2455ab75f229ecc0a137a366fdfd284d/attachments.v1.json": {"bytes": 8486, "sha256": "8c9f039561bd662da21d5703d8b3243638d71bef47d6b3a623a43618a97aee0a"}, "s/s/sfd19157d/b/bb8b37892/data/environment-access/test/36903fdcd7027186d54a8123f83e6d6b2455ab75f229ecc0a137a366fdfd284d/attachments.v1.lock": {"bytes": 1, "sha256": "5feceb66ffc86f38d952786c6d696c79c2dbc239dd4e91b46729d73a27fb57e9"}, "s/s/sfd19157d/b/bb8b37892/data/execution-outbox/test/36903fdcd7027186d54a8123f83e6d6b2455ab75f229ecc0a137a366fdfd284d/delivery.v1.json": {"bytes": 653, "sha256": "7b7b1ab40175a6c7ae506338d0f88e35b7f81e4b48e55c5932e4773b702e675c"}, "s/s/sfd19157d/b/bb8b37892/data/execution-outbox/test/36903fdcd7027186d54a8123f83e6d6b2455ab75f229ecc0a137a366fdfd284d/delivery.v1.lock": {"bytes": 1, "sha256": "5feceb66ffc86f38d952786c6d696c79c2dbc239dd4e91b46729d73a27fb57e9"}, "s/s/sfd19157d/b/bb8b37892/data/fixture/c1-profile.v1.json": {"bytes": 102, "sha256": "d6fdd09b1b79cbd75b52813548a436688a1d2f843eaf5d62c64355bad00aef58"}, "s/s/sfd19157d/b/bb8b37892/data/fixture/state-fixture.v1.json": {"bytes": 635, "sha256": "8f6baaa595f883e3646a832ed2bf008808a65f9daf66daa6fcc7904c111c95e0"}, "s/s/sfd19157d/b/bb8b37892/data/integration/capability-ledger.v1.json": {"bytes": 15809, "sha256": "db162a69a8125da066fabb5a9535ae8200e63851fdb68ab7f8a0de2238d4ec01"}, "s/s/sfd19157d/b/bb8b37892/data/integration/operation-journal.first-round-v1.json": {"bytes": 185084, "sha256": "37bb614e21fed5b4f6ee274ca861a81876d096e50f49c9dc810e9c951fae6eaa"}, "s/s/sfd19157d/b/bb8b37892/data/integration/result-ledger.first-round-v1.json": {"bytes": 63, "sha256": "5407f91ac04019966f84bfbad51ebc1fb904bd085a6579febfa75a9ea068592a"}, "s/s/sfd19157d/b/bb8b37892/data/integration/subject-binding.runtime-v1.json": {"bytes": 613, "sha256": "273879413f5fcf6152b210cdf39204bf3d76322bc513f7fdaf5a7afaa68a024d"}, "s/s/sfd19157d/b/bb8b37892/data/learning/e947e456b9a044e629d94dfad33f64423bc0c19044c677adf5e31c7f51d66a33.json": {"bytes": 2154, "sha256": "3a98298ec0f2d68685a6e0b237c01774aa79784b42c80a4a2ca49f537ebacd9b"}, "s/s/sfd19157d/b/bb8b37892/data/memory/test/e947e456b9a044e629d94dfad33f64423bc0c19044c677adf5e31c7f51d66a33.json": {"bytes": 4202, "sha256": "9c7ee5c4d010f588219fe99e757f1ed38f805749ebd3c4258c349e4955ef1e8f"}, "s/s/sfd19157d/b/bb8b37892/data/resources/e947e456b9a044e629d94dfad33f64423bc0c19044c677adf5e31c7f51d66a33.json": {"bytes": 437, "sha256": "10d8f44f0ed4f1b5af01fb14b9d51e72f294b1f8359a627fba80c405bb982bc0"}, "s/s/sfd19157d/b/bb8b37892/data/subject-state/e947e456b9a044e629d94dfad33f64423bc0c19044c677adf5e31c7f51d66a33.json": {"bytes": 4912, "sha256": "1f13ad171779d7631369a05351e6460c3557c8ce9de85233d0dd1f83dee2dc0d"}, "s/s/sfd19157d/b/bb8b37892/data/test-actions/action-sessions.v1.json": {"bytes": 128, "sha256": "5e9f2a76f75b5e0e7f9dae690c93ea42cde6384a3b63c5c415ba95ea9cc2f3c1"}, "s/s/sfd19157d/b/bb8b37892/data/test-indexes/events.v1.json": {"bytes": 138, "sha256": "d40addb43f3db0f2eb739c32b7aa2731b61110f496640819f658c5df23a8b817"}, "s/s/sfd19157d/b/bb8b37892/data/test-indexes/evolution.v1.json": {"bytes": 141, "sha256": "771df1024fd0405ccd03db09ad9f723357c3c58d4a3f93b8a184cf2781b544c1"}, "s/s/sfd19157d/b/bb8b37892/data/test-indexes/relationship-state.v1.json": {"bytes": 150, "sha256": "1023bc63f645871ff4f7f08823a0a457683823addbd4007d3e0b3db81659e41a"}, "s/s/sfd19157d/b/bb8b37892/data/test-indexes/state-mutations.v1.json": {"bytes": 147, "sha256": "af85338de2068a663193db1d611f53ef6bb5549a44e2efc411334f1d5be01c6a"}, "s/s/sfd19157d/b/bb8b37892/data/test-indexes/thinking-sessions.v1.json": {"bytes": 149, "sha256": "1ce735220fdad661a826a8f4892b0d66c3ed878466889d79a840572907c739de"}, "s/s/sfd19157d/b/bb8b37892/data/test-indexes/wake-sessions.v1.json": {"bytes": 145, "sha256": "6ef1f04fb27a2987602c474965986a0b5de6617e8ba1a017db43095f7c6875ab"}, "s/s/sfd19157d/b/bb8b37892/data/test-memory/memory-ledger.v1.json": {"bytes": 631, "sha256": "2d6d22eca5d0d55dee5e1c8fa010c79d9fd7a709a5f03ed40adc3b05c9a6cd99"}, "s/s/sfd19157d/b/bb8b37892/data/test-trace/subject-clock-trace.v1.json": {"bytes": 1558, "sha256": "430554e53e98db46d4ad5c8c59c0882e14ef57058f5f33b17b071d97c6fd9c40"}, "s/s/sfd19157d/b/bb8b37892/data/thinking/sessions/e947e456b9a044e629d94dfad33f64423bc0c19044c677adf5e31c7f51d66a33/1347315d960437daedad87d4443a058e30b4a82c375e2610bb1442f4d0fad36e.json": {"bytes": 65267, "sha256": "84459d7ec9c2ccb43853468dec350100452933fa0820863b2ef913f1d612ab6a"}, "s/s/sfd19157d/b/bb8b37892/data/worlds/entry-A/simulated-device.json": {"bytes": 3384, "sha256": "381ca9616444ac811e525154e6da09ac333e22cc177a1ddc1ba7491c671f373e"}, "s/s/sfd19157d/b/bb8b37892/data/worlds/entry-A/simulated-device.lock": {"bytes": 1, "sha256": "5feceb66ffc86f38d952786c6d696c79c2dbc239dd4e91b46729d73a27fb57e9"}, "s/s/sfd19157d/sandbox-manifest.v1.json": {"bytes": 916, "sha256": "81f00f934827e2546c87014bda15c3a04bdd23e3b76fcd49a256f151b53cdd6f"}, "s/sandbox-registry.v1.json": {"bytes": 479, "sha256": "665cdb5189dabcb247bfbdd307a962799541c88719474c753662e7a55fd05f57"}}}

======================================================================
ERROR: test_api_question_followup_reply_same_engine_and_matter (tests.test_w04_4_continuity.CrossEntryTests.test_api_question_followup_reply_same_engine_and_matter)
----------------------------------------------------------------------
Traceback (most recent call last):
  File "C:\Users\Administrator\Documents\continuity-engine\src\continuity_engine\services\continuity_interaction_service.py", line 329, in _submit
    return self._finish_operation(binding, operation, thinking_execution)
           ~~~~~~~~~~~~~~~~~~~~~~^^^^^^^^^^^^^^^^^^^^^^^^^^^^^^^^^^^^^^^^
  File "C:\Users\Administrator\Documents\continuity-engine\src\continuity_engine\services\continuity_interaction_service.py", line 637, in _finish_operation
    self._verify_core_completed(operation, expression_current=False)
    ~~~~~~~~~~~~~~~~~~~~~~~~~~~^^^^^^^^^^^^^^^^^^^^^^^^^^^^^^^^^^^^^
  File "C:\Users\Administrator\Documents\continuity-engine\src\continuity_engine\services\continuity_interaction_service.py", line 1282, in _verify_core_completed
    core.after_action(operation, thinking, progress.action, replay=True)
    ~~~~~~~~~~~~~~~~~^^^^^^^^^^^^^^^^^^^^^^^^^^^^^^^^^^^^^^^^^^^^^^^^^^^
  File "C:\Users\Administrator\Documents\continuity-engine\src\continuity_engine\services\continuity_core_service.py", line 562, in after_action
    raise CapabilityValidationError('C1_ACTION_HISTORY_WITH_DENIED_EXPRESSION')
continuity_engine.domain.errors.CapabilityValidationError: C1_ACTION_HISTORY_WITH_DENIED_EXPRESSION

The above exception was the direct cause of the following exception:

Traceback (most recent call last):
  File "C:\Users\Administrator\Documents\continuity-engine\tests\test_w04_4_continuity.py", line 57, in test_api_question_followup_reply_same_engine_and_matter
    self.chain()
    ~~~~~~~~~~^^
  File "C:\Users\Administrator\Documents\continuity-engine\tests\test_w04_4_continuity.py", line 33, in chain
    first, item = self.begin()
                  ~~~~~~~~~~^^
  File "C:\Users\Administrator\Documents\continuity-engine\tests\test_w04_4_continuity.py", line 25, in begin
    result = self.f.submit('周六选河边店还是山坡店？')
             ~~~~~~~~~~~~~^^^^^^^^^^^^^^^^^^^^^^^^^^^^
  File "C:\Users\Administrator\Documents\continuity-engine\src\continuity_engine\testing\w04_cross_entry_fixture.py", line 181, in submit
    return self.entries.receive(self.last_request, self.last_message)
           ~~~~~~~~~~~~~~~~~~~~^^^^^^^^^^^^^^^^^^^^^^^^^^^^^^^^^^^^^^
  File "C:\Users\Administrator\Documents\continuity-engine\src\continuity_engine\services\cross_entry_service.py", line 313, in receive
    return self.interaction.submit(payload, entry_message=message)
           ~~~~~~~~~~~~~~~~~~~~~~~^^^^^^^^^^^^^^^^^^^^^^^^^^^^^^^^
  File "C:\Users\Administrator\Documents\continuity-engine\src\continuity_engine\services\continuity_interaction_service.py", line 192, in submit
    return self._submit(payload, access_use=access_use, entry_message=entry_message)
           ~~~~~~~~~~~~^^^^^^^^^^^^^^^^^^^^^^^^^^^^^^^^^^^^^^^^^^^^^^^^^^^^^^^^^^^^^
  File "C:\Users\Administrator\Documents\continuity-engine\src\continuity_engine\services\continuity_interaction_service.py", line 333, in _submit
    raise IntegrationExecutionError(
    ...<4 lines>...
    ) from exc
continuity_engine.domain.errors.IntegrationExecutionError: Local integration encountered an unexpected execution fault during completion.

----------------------------------------------------------------------
Ran 1 test in 7.949s

FAILED (errors=1)
