test_api_question_followup_reply_same_engine_and_matter (tests.test_w04_4_continuity.CrossEntryTests.test_api_question_followup_reply_same_engine_and_matter) ... ERROR
{"test": "tests.test_w04_4_continuity.CrossEntryTests.test_api_question_followup_reply_same_engine_and_matter", "stage": "before-TEST-cleanup", "files": {"s/.p01-sandbox-root.v1.json": {"bytes": 98, "sha256": "3ced39d6b395df89d9b1f34e1b3faf46c14ccc6edab679a616f588a978e002f7"}, "s/s/s5c1e2fd8/b/b9e5cd8b8/branch-manifest.v1.json": {"bytes": 243, "sha256": "527b6e067fce34f486cb56075d058df432a482740afaa28067fbad2ce418b625"}, "s/s/s5c1e2fd8/b/b9e5cd8b8/data/awakening/cycles/bca32e1f39a356f7a3b5857a989ab8dfc8faf5b7dcf7d8dcab2b58199c059533.json": {"bytes": 253, "sha256": "b6a5fa7a5b2091dd6f51d0f744cc682a996cf0ab9c05a16d498f98b832f60b91"}, "s/s/s5c1e2fd8/b/b9e5cd8b8/data/awakening/sessions/8318dd22026b6ae2d19ef4658ba325fc8fd2ca26d8a3b32e537a1bd7991832b7/55657b178d427c214f49ec37929589715e31e41d1fdda9c1be7bd2cf4e9353b3.json": {"bytes": 84389, "sha256": "127c25aa877901f61efe20c73df793e2080245599d5260a6fc56fd4340dab6e0"}, "s/s/s5c1e2fd8/b/b9e5cd8b8/data/awakening/sessions/8318dd22026b6ae2d19ef4658ba325fc8fd2ca26d8a3b32e537a1bd7991832b7/d1b6e2b8bb56eb8d83fc3144d33b2c77d199c12e386c17195d10728bafde21eb.json": {"bytes": 17943, "sha256": "6bc2a02300cd1efcf9b5decab32c855b308244b51ca02ca8cecc0e8df8847753"}, "s/s/s5c1e2fd8/b/b9e5cd8b8/data/awakening/sessions/8318dd22026b6ae2d19ef4658ba325fc8fd2ca26d8a3b32e537a1bd7991832b7/d50b31f95bdefb1d08cbd387642419dea67ab5c03646c92333337b06f8890a92.json": {"bytes": 10657, "sha256": "ac737a9fc30f618cc4019e76c91a184c076a8ec364403907e97e0f3e716e1d48"}, "s/s/s5c1e2fd8/b/b9e5cd8b8/data/c1-receipts/p08-fake-receipts.json": {"bytes": 148, "sha256": "a411df96a3b6eea514baf41f59d45ab70c55b96ee9f28e118d79525ea3bfe8c8"}, "s/s/s5c1e2fd8/b/b9e5cd8b8/data/clock/subject-clock.v1.json": {"bytes": 109, "sha256": "a12e3fbb74da240f6330c740f8c742b071e53b32f2f7187fb0b9938173b6c05f"}, "s/s/s5c1e2fd8/b/b9e5cd8b8/data/contradiction/test/8318dd22026b6ae2d19ef4658ba325fc8fd2ca26d8a3b32e537a1bd7991832b7.json": {"bytes": 228, "sha256": "e43d20aa5f9aeb382db67dbd0408df0660bf2a267d6487ab08c7121131c9b8fc"}, "s/s/s5c1e2fd8/b/b9e5cd8b8/data/environment-access/test/008281bba94c93fe1f368f88dad09946010c2ba21674cf5671d0bd0d600cbbc8/attachments.v1.json": {"bytes": 8486, "sha256": "3ad3a24f72450e87e28b89bb4b74993299b66af46b7d8c6f865bddb8367200f3"}, "s/s/s5c1e2fd8/b/b9e5cd8b8/data/environment-access/test/008281bba94c93fe1f368f88dad09946010c2ba21674cf5671d0bd0d600cbbc8/attachments.v1.lock": {"bytes": 1, "sha256": "5feceb66ffc86f38d952786c6d696c79c2dbc239dd4e91b46729d73a27fb57e9"}, "s/s/s5c1e2fd8/b/b9e5cd8b8/data/execution-outbox/test/008281bba94c93fe1f368f88dad09946010c2ba21674cf5671d0bd0d600cbbc8/delivery.v1.json": {"bytes": 1091, "sha256": "afb506b7c13b27553347d90bb41f573007e40afbecde1d3de9f118265a753ac0"}, "s/s/s5c1e2fd8/b/b9e5cd8b8/data/execution-outbox/test/008281bba94c93fe1f368f88dad09946010c2ba21674cf5671d0bd0d600cbbc8/delivery.v1.lock": {"bytes": 1, "sha256": "5feceb66ffc86f38d952786c6d696c79c2dbc239dd4e91b46729d73a27fb57e9"}, "s/s/s5c1e2fd8/b/b9e5cd8b8/data/fixture/c1-profile.v1.json": {"bytes": 102, "sha256": "0c56d0273f0271d16ca1e4e0e188217e0dc8d7654d46b43094e740e5fc55189c"}, "s/s/s5c1e2fd8/b/b9e5cd8b8/data/fixture/state-fixture.v1.json": {"bytes": 635, "sha256": "c6fd7151e73cbc8ec5541f833fe75bd6fbaf6cfb52abca40dc430b1e670c2821"}, "s/s/s5c1e2fd8/b/b9e5cd8b8/data/integration/capability-ledger.v1.json": {"bytes": 32056, "sha256": "248c7db47a0b3c685a41b22aa52a98dfce95a0a19a74f21fa9da366a940e5925"}, "s/s/s5c1e2fd8/b/b9e5cd8b8/data/integration/operation-journal.first-round-v1.json": {"bytes": 308707, "sha256": "1db9281f343a5de9f99d505145370a7fbd3c5115f5505a04c78888511be88d3e"}, "s/s/s5c1e2fd8/b/b9e5cd8b8/data/integration/result-ledger.first-round-v1.json": {"bytes": 1558, "sha256": "660c34150cfe5317f9f9b7477f053781c59d2938452de7f5f6f6bd00349f727e"}, "s/s/s5c1e2fd8/b/b9e5cd8b8/data/integration/subject-binding.runtime-v1.json": {"bytes": 613, "sha256": "dd06298002c6da285e0a3b0f7bca99e1ddb393d89263bd3d54abb2f9f8dd7cb6"}, "s/s/s5c1e2fd8/b/b9e5cd8b8/data/learning/8318dd22026b6ae2d19ef4658ba325fc8fd2ca26d8a3b32e537a1bd7991832b7.json": {"bytes": 2154, "sha256": "e94956a8bd38c9ea2527823bce533029d7d1b5db7b37b58e9e03c02b374ecd90"}, "s/s/s5c1e2fd8/b/b9e5cd8b8/data/memory/test/8318dd22026b6ae2d19ef4658ba325fc8fd2ca26d8a3b32e537a1bd7991832b7.json": {"bytes": 15255, "sha256": "29d4dc2c4c984af43236422c896ba62177a2ced7e6408bac8cef1e88225abaeb"}, "s/s/s5c1e2fd8/b/b9e5cd8b8/data/persistent-runtime/owner.lock": {"bytes": 1, "sha256": "5feceb66ffc86f38d952786c6d696c79c2dbc239dd4e91b46729d73a27fb57e9"}, "s/s/s5c1e2fd8/b/b9e5cd8b8/data/persistent-runtime/runtime.v1.json": {"bytes": 784, "sha256": "43cfe1b4e352d46b13db0933aa0b27b590cfbbb051bcc4bf0af15710bd682586"}, "s/s/s5c1e2fd8/b/b9e5cd8b8/data/persistent-runtime/runtime.v1.lock": {"bytes": 1, "sha256": "5feceb66ffc86f38d952786c6d696c79c2dbc239dd4e91b46729d73a27fb57e9"}, "s/s/s5c1e2fd8/b/b9e5cd8b8/data/resources/8318dd22026b6ae2d19ef4658ba325fc8fd2ca26d8a3b32e537a1bd7991832b7.json": {"bytes": 4250, "sha256": "76f631a41c131deceec7d1e3eb3bb5854c95471e7be2c5de48c8e7d85aa7a0d1"}, "s/s/s5c1e2fd8/b/b9e5cd8b8/data/scheduler/queue.v1.json": {"bytes": 2672, "sha256": "e0977a8ab77c19e8f5ad65a32209a58bb6117faeba2a9f7f748f42058189a47b"}, "s/s/s5c1e2fd8/b/b9e5cd8b8/data/subject-state/8318dd22026b6ae2d19ef4658ba325fc8fd2ca26d8a3b32e537a1bd7991832b7.json": {"bytes": 56010, "sha256": "a4f41c2061aac78e09aa05bc1825d014b2ef41ffbf8e57c80a9ed2488bae04ca"}, "s/s/s5c1e2fd8/b/b9e5cd8b8/data/test-actions/action-sessions.v1.json": {"bytes": 128, "sha256": "bebdb4ee2fc30817862a48e412a84444e32af6f2a8e92695579c5fdeb3661839"}, "s/s/s5c1e2fd8/b/b9e5cd8b8/data/test-indexes/events.v1.json": {"bytes": 138, "sha256": "2cd8642f6595a95687e29b9e45df356915e74a314bfd4c44c43b45d2ab8c6584"}, "s/s/s5c1e2fd8/b/b9e5cd8b8/data/test-indexes/evolution.v1.json": {"bytes": 141, "sha256": "9accbefe7b4000fd71c7d7227f83a9ae636fdae1c4cf97e4fb2d0476a0cbd55b"}, "s/s/s5c1e2fd8/b/b9e5cd8b8/data/test-indexes/relationship-state.v1.json": {"bytes": 150, "sha256": "219305283c4af542cf71582612b732fd36721bb883509f6d8a5b20e481141a48"}, "s/s/s5c1e2fd8/b/b9e5cd8b8/data/test-indexes/state-mutations.v1.json": {"bytes": 147, "sha256": "8b1e25100b13479e22c659c4c164d0f9ce7bb2b1b5a41cda3421bb64912b0b1a"}, "s/s/s5c1e2fd8/b/b9e5cd8b8/data/test-indexes/thinking-sessions.v1.json": {"bytes": 149, "sha256": "f59f750d7881bdc86b30e6a30e44d17b316a8044ab4008f66b4c05523bfdb789"}, "s/s/s5c1e2fd8/b/b9e5cd8b8/data/test-indexes/wake-sessions.v1.json": {"bytes": 145, "sha256": "2d075ff13bff14327375d0eb7d335bda7c8c13fca73119b83f09bbf04703fc3f"}, "s/s/s5c1e2fd8/b/b9e5cd8b8/data/test-memory/memory-ledger.v1.json": {"bytes": 631, "sha256": "b4fc985870f8d4aee3e0b4aa324b6474d6256129899cf3d07940f276721d6ed8"}, "s/s/s5c1e2fd8/b/b9e5cd8b8/data/test-trace/subject-clock-trace.v1.json": {"bytes": 1558, "sha256": "ca4409436dcdcb0e985ca4795cce60b2d40b7e9435cb569801cc489218eb9728"}, "s/s/s5c1e2fd8/b/b9e5cd8b8/data/thinking/sessions/8318dd22026b6ae2d19ef4658ba325fc8fd2ca26d8a3b32e537a1bd7991832b7/0d06f427d20f670321ae7ddd9f07f327320fbed12ac0c172c0acec6264731b69.json": {"bytes": 108964, "sha256": "770cea29590b059c2607c7246903e03d77c0f791de770f5f26f9e2af797d53ab"}, "s/s/s5c1e2fd8/b/b9e5cd8b8/data/thinking/sessions/8318dd22026b6ae2d19ef4658ba325fc8fd2ca26d8a3b32e537a1bd7991832b7/a72b84ee687ca84b5e48fcf4cc2c36c21ad8a3cb43763a06ecdd193038174e80.json": {"bytes": 64757, "sha256": "4b8af8186e491bb433d7085445bf2704437c7354720de8f3a435f33a63727298"}, "s/s/s5c1e2fd8/b/b9e5cd8b8/data/worlds/entry-A/simulated-device.json": {"bytes": 3384, "sha256": "d119f0aaed221f2597ac550b3049e44f96928327ea3fb000017fb10eb2c66587"}, "s/s/s5c1e2fd8/b/b9e5cd8b8/data/worlds/entry-A/simulated-device.lock": {"bytes": 1, "sha256": "5feceb66ffc86f38d952786c6d696c79c2dbc239dd4e91b46729d73a27fb57e9"}, "s/s/s5c1e2fd8/b/b9e5cd8b8/data/worlds/entry-B/simulated-device.json": {"bytes": 3384, "sha256": "2285e29e0314139ad2f7d1c6e9c5647c77c6fba2a74bc2064ff3ebf8db989ade"}, "s/s/s5c1e2fd8/b/b9e5cd8b8/data/worlds/entry-B/simulated-device.lock": {"bytes": 1, "sha256": "5feceb66ffc86f38d952786c6d696c79c2dbc239dd4e91b46729d73a27fb57e9"}, "s/s/s5c1e2fd8/sandbox-manifest.v1.json": {"bytes": 916, "sha256": "4ff19a32b8e5d98510455d3fd7a140e39962745dae3dba12ae01ce35051c536b"}, "s/sandbox-registry.v1.json": {"bytes": 479, "sha256": "d89bbaafde6912c056407ce4854507d68d80107baea65cc13c757fc5b9b05c31"}}}

======================================================================
ERROR: test_api_question_followup_reply_same_engine_and_matter (tests.test_w04_4_continuity.CrossEntryTests.test_api_question_followup_reply_same_engine_and_matter)
----------------------------------------------------------------------
Traceback (most recent call last):
  File "C:\Users\Administrator\Documents\continuity-engine\src\continuity_engine\services\continuity_interaction_service.py", line 321, in _submit
    operation, thinking_execution = self._run_domain(request, operation, binding)
                                    ~~~~~~~~~~~~~~~~^^^^^^^^^^^^^^^^^^^^^^^^^^^^^
  File "C:\Users\Administrator\Documents\continuity-engine\src\continuity_engine\services\continuity_interaction_service.py", line 876, in _run_domain
    perception = self._continuity_core.prepare(perception, operation,
        **({'save_input': save_input} if operation.input_processing_enabled else {}),
        **({'save_recall':save_recall} if operation.recall_enabled else {}))
  File "C:\Users\Administrator\Documents\continuity-engine\src\continuity_engine\services\continuity_core_service.py", line 344, in prepare
    return self._prepare(perception, operation, save_input=save_input,save_recall=save_recall)
           ~~~~~~~~~~~~~^^^^^^^^^^^^^^^^^^^^^^^^^^^^^^^^^^^^^^^^^^^^^^^^^^^^^^^^^^^^^^^^^^^^^^
  File "C:\Users\Administrator\Documents\continuity-engine\src\continuity_engine\services\continuity_core_service.py", line 423, in _prepare
    route,composition,recall_record=self.recall.prepare(perception,operation,save_recall,
                                    ~~~~~~~~~~~~~~~~~~~^^^^^^^^^^^^^^^^^^^^^^^^^^^^^^^^^^
        attention=mind['influence']['attention'] if mind is not None else None)
        ^^^^^^^^^^^^^^^^^^^^^^^^^^^^^^^^^^^^^^^^^^^^^^^^^^^^^^^^^^^^^^^^^^^^^^^
  File "C:\Users\Administrator\Documents\continuity-engine\src\continuity_engine\services\associative_recall_service.py", line 100, in prepare
    return self._prepare(perception,operation,save,attention=attention)
           ~~~~~~~~~~~~~^^^^^^^^^^^^^^^^^^^^^^^^^^^^^^^^^^^^^^^^^^^^^^^
  File "C:\Users\Administrator\Documents\continuity-engine\src\continuity_engine\services\associative_recall_service.py", line 211, in _prepare
    raise CapabilityValidationError(stop)
continuity_engine.domain.errors.CapabilityValidationError: RECALL_TIMEOUT

The above exception was the direct cause of the following exception:

Traceback (most recent call last):
  File "C:\Users\Administrator\Documents\continuity-engine\tests\test_w04_4_continuity.py", line 59, in test_api_question_followup_reply_same_engine_and_matter
    self.chain()
    ~~~~~~~~~~^^
  File "C:\Users\Administrator\Documents\continuity-engine\tests\test_w04_4_continuity.py", line 48, in chain
    response = self.f.submit('选河边店，窗边那张桌。', entry='entry:B', item_id=item.item_id,
                            reply_to=delivery['request_id'])
  File "C:\Users\Administrator\Documents\continuity-engine\src\continuity_engine\testing\w04_cross_entry_fixture.py", line 275, in submit
    return self.entries.receive(self.last_request, self.last_message)
           ~~~~~~~~~~~~~~~~~~~~^^^^^^^^^^^^^^^^^^^^^^^^^^^^^^^^^^^^^^
  File "C:\Users\Administrator\Documents\continuity-engine\src\continuity_engine\services\cross_entry_service.py", line 408, in receive
    return self.interaction.submit(payload, entry_message=message)
           ~~~~~~~~~~~~~~~~~~~~~~~^^^^^^^^^^^^^^^^^^^^^^^^^^^^^^^^
  File "C:\Users\Administrator\Documents\continuity-engine\src\continuity_engine\services\continuity_interaction_service.py", line 192, in submit
    return self._submit(payload, access_use=access_use, entry_message=entry_message)
           ~~~~~~~~~~~~^^^^^^^^^^^^^^^^^^^^^^^^^^^^^^^^^^^^^^^^^^^^^^^^^^^^^^^^^^^^^
  File "C:\Users\Administrator\Documents\continuity-engine\src\continuity_engine\services\continuity_interaction_service.py", line 333, in _submit
    raise IntegrationExecutionError(
    ...<4 lines>...
    ) from exc
continuity_engine.domain.errors.IntegrationExecutionError: Local integration encountered an unexpected execution fault during domain.

----------------------------------------------------------------------
Ran 1 test in 15.157s

FAILED (errors=1)
