test_api_question_followup_reply_same_engine_and_matter (tests.test_w04_4_continuity.CrossEntryTests.test_api_question_followup_reply_same_engine_and_matter) ... ERROR
{"test": "tests.test_w04_4_continuity.CrossEntryTests.test_api_question_followup_reply_same_engine_and_matter", "stage": "before-TEST-cleanup", "files": {"s/.p01-sandbox-root.v1.json": {"bytes": 98, "sha256": "3ced39d6b395df89d9b1f34e1b3faf46c14ccc6edab679a616f588a978e002f7"}, "s/s/sffc17d0a/b/baca7b556/branch-manifest.v1.json": {"bytes": 243, "sha256": "27949f124ba544f673f604531cb3e5c29546366033ac60920a515dc32c23f0a6"}, "s/s/sffc17d0a/b/baca7b556/data/awakening/cycles/6e116c25875b61e1bfd2780bda6b493aa49b820cc5096fb6a5b7cf10cfdff26a.json": {"bytes": 253, "sha256": "f80532c31620d8e67db66b22df92937af4f425627bfb4d68e008902cbdb49933"}, "s/s/sffc17d0a/b/baca7b556/data/awakening/sessions/8b9a4fd5ff132310f6c76adcd13f7107b41e51f9c6988997b97f316c61833ca6/00c1a4eee7b0e5ce7a1be7844bec1068bdf7b7af5602d35004934f35edf829ec.json": {"bytes": 84389, "sha256": "4381b968c99936695e93c4fd1580294ab5ae1ec14608f67971cc4f676c56756f"}, "s/s/sffc17d0a/b/baca7b556/data/awakening/sessions/8b9a4fd5ff132310f6c76adcd13f7107b41e51f9c6988997b97f316c61833ca6/9d8583e60e218d0cb487568d62a4803cbb19ff2a50716032e2a42696b4e36223.json": {"bytes": 17943, "sha256": "4a9fdcaaa0698f582f108511397ea316d1960e0f2535ba63fa020400c4eccbba"}, "s/s/sffc17d0a/b/baca7b556/data/awakening/sessions/8b9a4fd5ff132310f6c76adcd13f7107b41e51f9c6988997b97f316c61833ca6/b5d08d5c08600fda7455cae552eff26e6386b989df154f702d54a8e7b5c00932.json": {"bytes": 10657, "sha256": "9239213cb62b22f3088a6f1e00a019024d4d74276e80d0da5e45a4797579e360"}, "s/s/sffc17d0a/b/baca7b556/data/c1-receipts/p08-fake-receipts.json": {"bytes": 148, "sha256": "a411df96a3b6eea514baf41f59d45ab70c55b96ee9f28e118d79525ea3bfe8c8"}, "s/s/sffc17d0a/b/baca7b556/data/clock/subject-clock.v1.json": {"bytes": 109, "sha256": "a12e3fbb74da240f6330c740f8c742b071e53b32f2f7187fb0b9938173b6c05f"}, "s/s/sffc17d0a/b/baca7b556/data/contradiction/test/8b9a4fd5ff132310f6c76adcd13f7107b41e51f9c6988997b97f316c61833ca6.json": {"bytes": 228, "sha256": "baf757e905e398183c7dd9be94cf51d61bc1a4e7b860870d6d11dc94ca1a893d"}, "s/s/sffc17d0a/b/baca7b556/data/environment-access/test/684b62113d8abc6086e96195bb1c0c6088ebfbf5276dfb7aa013606645e16817/attachments.v1.json": {"bytes": 8486, "sha256": "c968b5acf4c0d88d8a2155c5b2b431088e20a1d16ae195cc4b3dadff16122de0"}, "s/s/sffc17d0a/b/baca7b556/data/environment-access/test/684b62113d8abc6086e96195bb1c0c6088ebfbf5276dfb7aa013606645e16817/attachments.v1.lock": {"bytes": 1, "sha256": "5feceb66ffc86f38d952786c6d696c79c2dbc239dd4e91b46729d73a27fb57e9"}, "s/s/sffc17d0a/b/baca7b556/data/execution-outbox/test/684b62113d8abc6086e96195bb1c0c6088ebfbf5276dfb7aa013606645e16817/delivery.v1.json": {"bytes": 1091, "sha256": "85870db4841943a578cb7f30e7c95b326ce18be8a6768e93354787cd6f105abd"}, "s/s/sffc17d0a/b/baca7b556/data/execution-outbox/test/684b62113d8abc6086e96195bb1c0c6088ebfbf5276dfb7aa013606645e16817/delivery.v1.lock": {"bytes": 1, "sha256": "5feceb66ffc86f38d952786c6d696c79c2dbc239dd4e91b46729d73a27fb57e9"}, "s/s/sffc17d0a/b/baca7b556/data/fixture/c1-profile.v1.json": {"bytes": 102, "sha256": "9e435aa844ea97e5b789ea74070aef98f8912a3b91bc591185bdde4caa846ec2"}, "s/s/sffc17d0a/b/baca7b556/data/fixture/state-fixture.v1.json": {"bytes": 635, "sha256": "3719c48222138a51620ce7c861b10b67e45764dd5c04b3786d656bdad238e771"}, "s/s/sffc17d0a/b/baca7b556/data/integration/capability-ledger.v1.json": {"bytes": 32056, "sha256": "114adc5561dcc5e3d244a9a84152b68a76c8938aad582c254b98c6c3febd9150"}, "s/s/sffc17d0a/b/baca7b556/data/integration/operation-journal.first-round-v1.json": {"bytes": 308707, "sha256": "64625a1ada00c9fbeed3be090b9b9a86dc937c5302d537512b04e6edc72d3720"}, "s/s/sffc17d0a/b/baca7b556/data/integration/result-ledger.first-round-v1.json": {"bytes": 1558, "sha256": "c90a400e8db0f0a730b91f48626e6a2c4c5ea828fd191cf3d19f1f8eea57e131"}, "s/s/sffc17d0a/b/baca7b556/data/integration/subject-binding.runtime-v1.json": {"bytes": 613, "sha256": "5c443b5e25367aa943bfd4b39a51e83c392840e0731e0be16b12fd95e6a2a4e1"}, "s/s/sffc17d0a/b/baca7b556/data/learning/8b9a4fd5ff132310f6c76adcd13f7107b41e51f9c6988997b97f316c61833ca6.json": {"bytes": 2154, "sha256": "c53867f1ab5200e5ca570d3f4ff498b88fe166ecb70a16afe14a870c604be274"}, "s/s/sffc17d0a/b/baca7b556/data/memory/test/8b9a4fd5ff132310f6c76adcd13f7107b41e51f9c6988997b97f316c61833ca6.json": {"bytes": 15255, "sha256": "b5afe028c221c615c0ae9716728ad7d077e4e44743f85272b921c2f9e4160f58"}, "s/s/sffc17d0a/b/baca7b556/data/persistent-runtime/owner.lock": {"bytes": 1, "sha256": "5feceb66ffc86f38d952786c6d696c79c2dbc239dd4e91b46729d73a27fb57e9"}, "s/s/sffc17d0a/b/baca7b556/data/persistent-runtime/runtime.v1.json": {"bytes": 784, "sha256": "70d09c75c3f21a5eaeddbd21503183aee43da7407d2b46631a0185cf11886ab7"}, "s/s/sffc17d0a/b/baca7b556/data/persistent-runtime/runtime.v1.lock": {"bytes": 1, "sha256": "5feceb66ffc86f38d952786c6d696c79c2dbc239dd4e91b46729d73a27fb57e9"}, "s/s/sffc17d0a/b/baca7b556/data/resources/8b9a4fd5ff132310f6c76adcd13f7107b41e51f9c6988997b97f316c61833ca6.json": {"bytes": 4250, "sha256": "ab7e06e4ee3f09cd030aff5f45aef5a93dc342322bb86a35a815fca34453cd11"}, "s/s/sffc17d0a/b/baca7b556/data/scheduler/queue.v1.json": {"bytes": 2672, "sha256": "00475379517765548f12804edd3cc09931a55202f01cb5289d48a3dae0b9ceb8"}, "s/s/sffc17d0a/b/baca7b556/data/subject-state/8b9a4fd5ff132310f6c76adcd13f7107b41e51f9c6988997b97f316c61833ca6.json": {"bytes": 56010, "sha256": "6ecb52bd7de75e1137a7018e3dacb71fe8877a480a7342e01f6a77b3453c0a77"}, "s/s/sffc17d0a/b/baca7b556/data/test-actions/action-sessions.v1.json": {"bytes": 128, "sha256": "a8f507ae501b0a0aceb4a3f61152bcf7cfca7bc3d151e186fe0edca515369cc1"}, "s/s/sffc17d0a/b/baca7b556/data/test-indexes/events.v1.json": {"bytes": 138, "sha256": "f13e1660644f6f03cae5749a78b2c0ec887ea3d9cb5b64af5d8ac3b8f3d05934"}, "s/s/sffc17d0a/b/baca7b556/data/test-indexes/evolution.v1.json": {"bytes": 141, "sha256": "5fa093c121a9779b1b32821ad31d777723bf0fa5180d2fc965dd37b6677b98b8"}, "s/s/sffc17d0a/b/baca7b556/data/test-indexes/relationship-state.v1.json": {"bytes": 150, "sha256": "c20e87e74edd5c0b1791b9db71992c183774fa0fb5dc424b957c383449d89d0a"}, "s/s/sffc17d0a/b/baca7b556/data/test-indexes/state-mutations.v1.json": {"bytes": 147, "sha256": "7f2f351d0638956ca779545fcf9469c9ad6833c05222ff717e88d9accc69c63c"}, "s/s/sffc17d0a/b/baca7b556/data/test-indexes/thinking-sessions.v1.json": {"bytes": 149, "sha256": "8113675c417120a9160ce33cfc184e6783c14febc61edd21ec291d6537963bda"}, "s/s/sffc17d0a/b/baca7b556/data/test-indexes/wake-sessions.v1.json": {"bytes": 145, "sha256": "825411a091dd9a7058074299faaa556634f637272f689f75a91b7a54a9bc8ab6"}, "s/s/sffc17d0a/b/baca7b556/data/test-memory/memory-ledger.v1.json": {"bytes": 631, "sha256": "cbabe13548fa50481c6d0c1e81de10f25b79c35cd4c4073e78a467cffc1797ae"}, "s/s/sffc17d0a/b/baca7b556/data/test-trace/subject-clock-trace.v1.json": {"bytes": 1558, "sha256": "825339550ef23fe1035924f85713d60049c2c67355d7a36492273373a3c37751"}, "s/s/sffc17d0a/b/baca7b556/data/thinking/sessions/8b9a4fd5ff132310f6c76adcd13f7107b41e51f9c6988997b97f316c61833ca6/2f41a3d7ce1355439f6bd78a35c556e87981be01643c36eb79e5987c27d45786.json": {"bytes": 64757, "sha256": "6be69cb5e7af3e8cab1cbb08d606f48a950c88a37eed9a6eff94a7e410b9681a"}, "s/s/sffc17d0a/b/baca7b556/data/thinking/sessions/8b9a4fd5ff132310f6c76adcd13f7107b41e51f9c6988997b97f316c61833ca6/9f4758105c0c6a9e3c9abce2a45bc886ae3158feb68d768a13adc703d425010c.json": {"bytes": 108962, "sha256": "fc11a2d6fe688945e85882d3c0c4852a65bf4825c47dfccc3de2015ce94de229"}, "s/s/sffc17d0a/b/baca7b556/data/worlds/entry-A/simulated-device.json": {"bytes": 3384, "sha256": "65c681ff6157e9911f8e0c670cf3dbc95f82ffe8793e97f7e6e6177256abfbc3"}, "s/s/sffc17d0a/b/baca7b556/data/worlds/entry-A/simulated-device.lock": {"bytes": 1, "sha256": "5feceb66ffc86f38d952786c6d696c79c2dbc239dd4e91b46729d73a27fb57e9"}, "s/s/sffc17d0a/b/baca7b556/data/worlds/entry-B/simulated-device.json": {"bytes": 3384, "sha256": "19299ef8dc4d4ab01600e33bfdccf1feecf311cf00c0616e9ce2b158ddb6594e"}, "s/s/sffc17d0a/b/baca7b556/data/worlds/entry-B/simulated-device.lock": {"bytes": 1, "sha256": "5feceb66ffc86f38d952786c6d696c79c2dbc239dd4e91b46729d73a27fb57e9"}, "s/s/sffc17d0a/sandbox-manifest.v1.json": {"bytes": 916, "sha256": "7d7a1d8fad785182c0661505626d6b9e2aecfef91c5f26d66e308a517c022756"}, "s/sandbox-registry.v1.json": {"bytes": 479, "sha256": "f1a6b1c5c9fac7822de65d9e7491a70f7443dbff8f6fed3a83a1a212f410c2c9"}}}
test_simulated_ui_question_followup_reply_same_engine_and_matter (tests.test_w04_4_continuity.CrossEntryTests.test_simulated_ui_question_followup_reply_same_engine_and_matter) ... ERROR
{"test": "tests.test_w04_4_continuity.CrossEntryTests.test_simulated_ui_question_followup_reply_same_engine_and_matter", "stage": "before-TEST-cleanup", "files": {"s/.p01-sandbox-root.v1.json": {"bytes": 98, "sha256": "3ced39d6b395df89d9b1f34e1b3faf46c14ccc6edab679a616f588a978e002f7"}, "s/s/s761efcd6/b/b5131d5fa/branch-manifest.v1.json": {"bytes": 243, "sha256": "4ab99f783a39bf6c469e9674fc478ec4572fe1a6db5704f2e3575c63970ee873"}, "s/s/s761efcd6/b/b5131d5fa/data/awakening/cycles/73eda9543529bf7e99c03b6939555a40c8d612f35b460b6b3f67a94d81e00466.json": {"bytes": 253, "sha256": "16d14b0cb7cb301150bbcfb93cc7bf5c07ab385ebb6bd19f3177d68d773f34ba"}, "s/s/s761efcd6/b/b5131d5fa/data/awakening/sessions/053ec8a65727f291862acf2e641079be2c579048cb249697fcdfa7e6a626cd46/34c3c6f062de0fc7bba9956a9d5ff9223613334372e62800ffcaebdf72a61b7b.json": {"bytes": 17943, "sha256": "30e1ab7bc7cd8822448405f4b2671f4366601af2cb8af4b1af492e035ffc837c"}, "s/s/s761efcd6/b/b5131d5fa/data/awakening/sessions/053ec8a65727f291862acf2e641079be2c579048cb249697fcdfa7e6a626cd46/660c007ef7f23db95c393add2ab5442707c32a33ebeafd9efa0ae3aea7ba1e14.json": {"bytes": 84389, "sha256": "046ba08f2969f3b198b5dc9993001d05361e442fb17ec2ec414600e223defaee"}, "s/s/s761efcd6/b/b5131d5fa/data/awakening/sessions/053ec8a65727f291862acf2e641079be2c579048cb249697fcdfa7e6a626cd46/fdc597ddf7bbe8fbec5eb070a7bcfb5837ce3611326c3fa1e6dc7451e57d1e68.json": {"bytes": 10657, "sha256": "94e27bdc62f8beeb3baffc62cf0ca3b0055dbfce8c28c33206bdd0e96a6ad6a3"}, "s/s/s761efcd6/b/b5131d5fa/data/c1-receipts/p08-fake-receipts.json": {"bytes": 148, "sha256": "a411df96a3b6eea514baf41f59d45ab70c55b96ee9f28e118d79525ea3bfe8c8"}, "s/s/s761efcd6/b/b5131d5fa/data/clock/subject-clock.v1.json": {"bytes": 109, "sha256": "a12e3fbb74da240f6330c740f8c742b071e53b32f2f7187fb0b9938173b6c05f"}, "s/s/s761efcd6/b/b5131d5fa/data/contradiction/test/053ec8a65727f291862acf2e641079be2c579048cb249697fcdfa7e6a626cd46.json": {"bytes": 228, "sha256": "4171bd5661a89607bb74fe59779a8e494c3a3344b00f6438a21afea47f9aaf70"}, "s/s/s761efcd6/b/b5131d5fa/data/environment-access/test/ebe4eeb820f5e923c6ea72d59170cf37e6ef8a82d18bb39c67450e6a601be7ac/attachments.v1.json": {"bytes": 8486, "sha256": "9add649c4f2c7821364127dbf6543c62ead19a6d4cbedf5527a4ca6a78c868ec"}, "s/s/s761efcd6/b/b5131d5fa/data/environment-access/test/ebe4eeb820f5e923c6ea72d59170cf37e6ef8a82d18bb39c67450e6a601be7ac/attachments.v1.lock": {"bytes": 1, "sha256": "5feceb66ffc86f38d952786c6d696c79c2dbc239dd4e91b46729d73a27fb57e9"}, "s/s/s761efcd6/b/b5131d5fa/data/execution-outbox/test/ebe4eeb820f5e923c6ea72d59170cf37e6ef8a82d18bb39c67450e6a601be7ac/delivery.v1.json": {"bytes": 1091, "sha256": "659a0d31ab75a2e253c3ff4d110a2fcb4ee4bf6bf138b6952a5409e2bda39e1e"}, "s/s/s761efcd6/b/b5131d5fa/data/execution-outbox/test/ebe4eeb820f5e923c6ea72d59170cf37e6ef8a82d18bb39c67450e6a601be7ac/delivery.v1.lock": {"bytes": 1, "sha256": "5feceb66ffc86f38d952786c6d696c79c2dbc239dd4e91b46729d73a27fb57e9"}, "s/s/s761efcd6/b/b5131d5fa/data/fixture/c1-profile.v1.json": {"bytes": 102, "sha256": "cebdf7187b3d49ef2b51b5ac9dc68d74316838b6b4078db6818cd9c75bafbdb1"}, "s/s/s761efcd6/b/b5131d5fa/data/fixture/state-fixture.v1.json": {"bytes": 635, "sha256": "30b142cefb3061758ae0fa1abfa049049b29c1628a551a8fc44d944d6625fec6"}, "s/s/s761efcd6/b/b5131d5fa/data/integration/capability-ledger.v1.json": {"bytes": 32044, "sha256": "f11a6e2fe0d10e4adc87494c7e4d0f48dbfa5a7de8057d5921f7750dc89e3241"}, "s/s/s761efcd6/b/b5131d5fa/data/integration/operation-journal.first-round-v1.json": {"bytes": 308703, "sha256": "b14ac0912c341bad3d29f6cb8770c59e0a261464b8fe0f79c552c6b8ea2f68fe"}, "s/s/s761efcd6/b/b5131d5fa/data/integration/result-ledger.first-round-v1.json": {"bytes": 1558, "sha256": "05bfd8a70d3a3330d6a2d4142499398b4bd50718beae0e954c1b93694e27ca64"}, "s/s/s761efcd6/b/b5131d5fa/data/integration/subject-binding.runtime-v1.json": {"bytes": 613, "sha256": "b6b73a7035e7dc2fd3e124c26209fa2f400f69752c1d7ed9cc3aa98ad68dad87"}, "s/s/s761efcd6/b/b5131d5fa/data/learning/053ec8a65727f291862acf2e641079be2c579048cb249697fcdfa7e6a626cd46.json": {"bytes": 2154, "sha256": "a6e4f0ba3a6431c18ca9abc862c8b681287ea1fce74972ee3cc5d1ea83e3a10f"}, "s/s/s761efcd6/b/b5131d5fa/data/memory/test/053ec8a65727f291862acf2e641079be2c579048cb249697fcdfa7e6a626cd46.json": {"bytes": 15255, "sha256": "0c426e7746b02652667f1208569d2d0086eb12ce9a1b957297cee13dda229347"}, "s/s/s761efcd6/b/b5131d5fa/data/persistent-runtime/owner.lock": {"bytes": 1, "sha256": "5feceb66ffc86f38d952786c6d696c79c2dbc239dd4e91b46729d73a27fb57e9"}, "s/s/s761efcd6/b/b5131d5fa/data/persistent-runtime/runtime.v1.json": {"bytes": 784, "sha256": "1d35cfb23f65b1d738956b679cb2d4e7ee16f2e2207297edc6ec303df694d162"}, "s/s/s761efcd6/b/b5131d5fa/data/persistent-runtime/runtime.v1.lock": {"bytes": 1, "sha256": "5feceb66ffc86f38d952786c6d696c79c2dbc239dd4e91b46729d73a27fb57e9"}, "s/s/s761efcd6/b/b5131d5fa/data/resources/053ec8a65727f291862acf2e641079be2c579048cb249697fcdfa7e6a626cd46.json": {"bytes": 4250, "sha256": "da15b1427f57971fb1cabd4133c2330263b67cb79c57eeaa607175cfb9ca643d"}, "s/s/s761efcd6/b/b5131d5fa/data/scheduler/queue.v1.json": {"bytes": 2672, "sha256": "922a03d958323447b600a406e8d7c030a1805d634c8f6e5693a8e5fcb705bb52"}, "s/s/s761efcd6/b/b5131d5fa/data/subject-state/053ec8a65727f291862acf2e641079be2c579048cb249697fcdfa7e6a626cd46.json": {"bytes": 56010, "sha256": "46447d55f1708d18ab425b11b9b9f49f968a6ea8eaf10bf09009aa322a382c92"}, "s/s/s761efcd6/b/b5131d5fa/data/test-actions/action-sessions.v1.json": {"bytes": 128, "sha256": "16e416efd1bcb9044673b22043a37b6bdf16ac41c72a856fcc2f1d59252ca423"}, "s/s/s761efcd6/b/b5131d5fa/data/test-indexes/events.v1.json": {"bytes": 138, "sha256": "19f52ab3853e4f409e42b9b26efa8e7c685c5aff9cb340a42608c987c8852a54"}, "s/s/s761efcd6/b/b5131d5fa/data/test-indexes/evolution.v1.json": {"bytes": 141, "sha256": "4d10af96a57af2821d0758cd4c606b6b868b650d8740ae85a5e1955b6e3f6766"}, "s/s/s761efcd6/b/b5131d5fa/data/test-indexes/relationship-state.v1.json": {"bytes": 150, "sha256": "acec602a82436260d38f7c45d202df7963e935a8b5964212adfcbd5cb4dc9946"}, "s/s/s761efcd6/b/b5131d5fa/data/test-indexes/state-mutations.v1.json": {"bytes": 147, "sha256": "0656cc2c309b91ae0622da62a3f6a5284c602b987b64b4bc9fc9e6c2d262c9df"}, "s/s/s761efcd6/b/b5131d5fa/data/test-indexes/thinking-sessions.v1.json": {"bytes": 149, "sha256": "125c04008ce85ace9a4fed4b0ccc8547064f8a6376a88632649daa7d40123343"}, "s/s/s761efcd6/b/b5131d5fa/data/test-indexes/wake-sessions.v1.json": {"bytes": 145, "sha256": "c479623ed75a80220382df543728023b418147ed67e70b6bdd690f312740bc82"}, "s/s/s761efcd6/b/b5131d5fa/data/test-memory/memory-ledger.v1.json": {"bytes": 631, "sha256": "b4dd3691d3833ddc6b4fe4ff426072194ccfe4cedd48ae4c8e092d2140d0697b"}, "s/s/s761efcd6/b/b5131d5fa/data/test-trace/subject-clock-trace.v1.json": {"bytes": 1558, "sha256": "cb87d3f02a559c79ce9f10272f31afe1e9a5d4e2bd58a7d7b00aaf294f2acd71"}, "s/s/s761efcd6/b/b5131d5fa/data/thinking/sessions/053ec8a65727f291862acf2e641079be2c579048cb249697fcdfa7e6a626cd46/21ef84796b7e2d1e20de84cd5b6167013f8035472361be0d297386bbf823f583.json": {"bytes": 64756, "sha256": "8f145e806eb124a5f4f36f5dd33f0ddf111fd88b520dd549e2b4a9ad320a40ca"}, "s/s/s761efcd6/b/b5131d5fa/data/thinking/sessions/053ec8a65727f291862acf2e641079be2c579048cb249697fcdfa7e6a626cd46/649b557456725b7110c541ac3ad27a7fb0c45391ceb16fe575977f01b5ebd48a.json": {"bytes": 109044, "sha256": "6244fad7e4d38d7f73e348dbd761c6f4a3e635991b7fb853762b2988245a2aaf"}, "s/s/s761efcd6/b/b5131d5fa/data/worlds/entry-A/simulated-device.json": {"bytes": 3524, "sha256": "6678d1417388ecaf2d82e375293690b061bb7ec0b7fdd47589296982d319e804"}, "s/s/s761efcd6/b/b5131d5fa/data/worlds/entry-A/simulated-device.lock": {"bytes": 1, "sha256": "5feceb66ffc86f38d952786c6d696c79c2dbc239dd4e91b46729d73a27fb57e9"}, "s/s/s761efcd6/b/b5131d5fa/data/worlds/entry-B/simulated-device.json": {"bytes": 3524, "sha256": "4f49b762f19625df15adcd46af42445d6f874298ffe19adc7ccb9228b8cf1705"}, "s/s/s761efcd6/b/b5131d5fa/data/worlds/entry-B/simulated-device.lock": {"bytes": 1, "sha256": "5feceb66ffc86f38d952786c6d696c79c2dbc239dd4e91b46729d73a27fb57e9"}, "s/s/s761efcd6/sandbox-manifest.v1.json": {"bytes": 916, "sha256": "5a3c39bf510b3b5b4868fc6cba54da8294d3c099f3c2a19de6d9a7616f8a1c52"}, "s/sandbox-registry.v1.json": {"bytes": 479, "sha256": "6da027f1f201dfba4a2585d37dca1e3c73c89afffc65aa55ca1cb3dfbd180303"}}}

======================================================================
ERROR: test_api_question_followup_reply_same_engine_and_matter (tests.test_w04_4_continuity.CrossEntryTests.test_api_question_followup_reply_same_engine_and_matter)
----------------------------------------------------------------------
Traceback (most recent call last):
  File "C:\Users\Administrator\Documents\continuity-engine\src\continuity_engine\services\continuity_interaction_service.py", line 321, in _submit
    operation, thinking_execution = self._run_domain(request, operation, binding)
                                    ~~~~~~~~~~~~~~~~^^^^^^^^^^^^^^^^^^^^^^^^^^^^^
  File "C:\Users\Administrator\Documents\continuity-engine\src\continuity_engine\services\continuity_interaction_service.py", line 876, in _run_domain
    perception = self._continuity_core.prepare(perception, operation,
        **({'save_input': save_input} if operation.input_processing_enabled else {}),
        **({'save_recall':save_recall} if operation.recall_enabled else {}))
  File "C:\Users\Administrator\Documents\continuity-engine\src\continuity_engine\services\continuity_core_service.py", line 344, in prepare
    return self._prepare(perception, operation, save_input=save_input,save_recall=save_recall)
           ~~~~~~~~~~~~~^^^^^^^^^^^^^^^^^^^^^^^^^^^^^^^^^^^^^^^^^^^^^^^^^^^^^^^^^^^^^^^^^^^^^^
  File "C:\Users\Administrator\Documents\continuity-engine\src\continuity_engine\services\continuity_core_service.py", line 423, in _prepare
    route,composition,recall_record=self.recall.prepare(perception,operation,save_recall,
                                    ~~~~~~~~~~~~~~~~~~~^^^^^^^^^^^^^^^^^^^^^^^^^^^^^^^^^^
        attention=mind['influence']['attention'] if mind is not None else None)
        ^^^^^^^^^^^^^^^^^^^^^^^^^^^^^^^^^^^^^^^^^^^^^^^^^^^^^^^^^^^^^^^^^^^^^^^
  File "C:\Users\Administrator\Documents\continuity-engine\src\continuity_engine\services\associative_recall_service.py", line 100, in prepare
    return self._prepare(perception,operation,save,attention=attention)
           ~~~~~~~~~~~~~^^^^^^^^^^^^^^^^^^^^^^^^^^^^^^^^^^^^^^^^^^^^^^^
  File "C:\Users\Administrator\Documents\continuity-engine\src\continuity_engine\services\associative_recall_service.py", line 211, in _prepare
    raise CapabilityValidationError(stop)
continuity_engine.domain.errors.CapabilityValidationError: RECALL_TIMEOUT

The above exception was the direct cause of the following exception:

Traceback (most recent call last):
  File "C:\Users\Administrator\Documents\continuity-engine\tests\test_w04_4_continuity.py", line 59, in test_api_question_followup_reply_same_engine_and_matter
    self.chain()
    ~~~~~~~~~~^^
  File "C:\Users\Administrator\Documents\continuity-engine\tests\test_w04_4_continuity.py", line 48, in chain
    response = self.f.submit('选河边店，窗边那张桌。', entry='entry:B', item_id=item.item_id,
                            reply_to=delivery['request_id'])
  File "C:\Users\Administrator\Documents\continuity-engine\src\continuity_engine\testing\w04_cross_entry_fixture.py", line 275, in submit
    return self.entries.receive(self.last_request, self.last_message)
           ~~~~~~~~~~~~~~~~~~~~^^^^^^^^^^^^^^^^^^^^^^^^^^^^^^^^^^^^^^
  File "C:\Users\Administrator\Documents\continuity-engine\src\continuity_engine\services\cross_entry_service.py", line 411, in receive
    return self.interaction.submit(payload, entry_message=message)
           ~~~~~~~~~~~~~~~~~~~~~~~^^^^^^^^^^^^^^^^^^^^^^^^^^^^^^^^
  File "C:\Users\Administrator\Documents\continuity-engine\src\continuity_engine\services\continuity_interaction_service.py", line 192, in submit
    return self._submit(payload, access_use=access_use, entry_message=entry_message)
           ~~~~~~~~~~~~^^^^^^^^^^^^^^^^^^^^^^^^^^^^^^^^^^^^^^^^^^^^^^^^^^^^^^^^^^^^^
  File "C:\Users\Administrator\Documents\continuity-engine\src\continuity_engine\services\continuity_interaction_service.py", line 333, in _submit
    raise IntegrationExecutionError(
    ...<4 lines>...
    ) from exc
continuity_engine.domain.errors.IntegrationExecutionError: Local integration encountered an unexpected execution fault during domain.

======================================================================
ERROR: test_simulated_ui_question_followup_reply_same_engine_and_matter (tests.test_w04_4_continuity.CrossEntryTests.test_simulated_ui_question_followup_reply_same_engine_and_matter)
----------------------------------------------------------------------
Traceback (most recent call last):
  File "C:\Users\Administrator\Documents\continuity-engine\src\continuity_engine\services\continuity_interaction_service.py", line 321, in _submit
    operation, thinking_execution = self._run_domain(request, operation, binding)
                                    ~~~~~~~~~~~~~~~~^^^^^^^^^^^^^^^^^^^^^^^^^^^^^
  File "C:\Users\Administrator\Documents\continuity-engine\src\continuity_engine\services\continuity_interaction_service.py", line 876, in _run_domain
    perception = self._continuity_core.prepare(perception, operation,
        **({'save_input': save_input} if operation.input_processing_enabled else {}),
        **({'save_recall':save_recall} if operation.recall_enabled else {}))
  File "C:\Users\Administrator\Documents\continuity-engine\src\continuity_engine\services\continuity_core_service.py", line 344, in prepare
    return self._prepare(perception, operation, save_input=save_input,save_recall=save_recall)
           ~~~~~~~~~~~~~^^^^^^^^^^^^^^^^^^^^^^^^^^^^^^^^^^^^^^^^^^^^^^^^^^^^^^^^^^^^^^^^^^^^^^
  File "C:\Users\Administrator\Documents\continuity-engine\src\continuity_engine\services\continuity_core_service.py", line 423, in _prepare
    route,composition,recall_record=self.recall.prepare(perception,operation,save_recall,
                                    ~~~~~~~~~~~~~~~~~~~^^^^^^^^^^^^^^^^^^^^^^^^^^^^^^^^^^
        attention=mind['influence']['attention'] if mind is not None else None)
        ^^^^^^^^^^^^^^^^^^^^^^^^^^^^^^^^^^^^^^^^^^^^^^^^^^^^^^^^^^^^^^^^^^^^^^^
  File "C:\Users\Administrator\Documents\continuity-engine\src\continuity_engine\services\associative_recall_service.py", line 100, in prepare
    return self._prepare(perception,operation,save,attention=attention)
           ~~~~~~~~~~~~~^^^^^^^^^^^^^^^^^^^^^^^^^^^^^^^^^^^^^^^^^^^^^^^
  File "C:\Users\Administrator\Documents\continuity-engine\src\continuity_engine\services\associative_recall_service.py", line 211, in _prepare
    raise CapabilityValidationError(stop)
continuity_engine.domain.errors.CapabilityValidationError: RECALL_TIMEOUT

The above exception was the direct cause of the following exception:

Traceback (most recent call last):
  File "C:\Users\Administrator\Documents\continuity-engine\tests\test_w04_4_continuity.py", line 62, in test_simulated_ui_question_followup_reply_same_engine_and_matter
    self.chain(ui=True)
    ~~~~~~~~~~^^^^^^^^^
  File "C:\Users\Administrator\Documents\continuity-engine\tests\test_w04_4_continuity.py", line 48, in chain
    response = self.f.submit('选河边店，窗边那张桌。', entry='entry:B', item_id=item.item_id,
                            reply_to=delivery['request_id'])
  File "C:\Users\Administrator\Documents\continuity-engine\src\continuity_engine\testing\w04_cross_entry_fixture.py", line 275, in submit
    return self.entries.receive(self.last_request, self.last_message)
           ~~~~~~~~~~~~~~~~~~~~^^^^^^^^^^^^^^^^^^^^^^^^^^^^^^^^^^^^^^
  File "C:\Users\Administrator\Documents\continuity-engine\src\continuity_engine\services\cross_entry_service.py", line 411, in receive
    return self.interaction.submit(payload, entry_message=message)
           ~~~~~~~~~~~~~~~~~~~~~~~^^^^^^^^^^^^^^^^^^^^^^^^^^^^^^^^
  File "C:\Users\Administrator\Documents\continuity-engine\src\continuity_engine\services\continuity_interaction_service.py", line 192, in submit
    return self._submit(payload, access_use=access_use, entry_message=entry_message)
           ~~~~~~~~~~~~^^^^^^^^^^^^^^^^^^^^^^^^^^^^^^^^^^^^^^^^^^^^^^^^^^^^^^^^^^^^^
  File "C:\Users\Administrator\Documents\continuity-engine\src\continuity_engine\services\continuity_interaction_service.py", line 333, in _submit
    raise IntegrationExecutionError(
    ...<4 lines>...
    ) from exc
continuity_engine.domain.errors.IntegrationExecutionError: Local integration encountered an unexpected execution fault during domain.

----------------------------------------------------------------------
Ran 2 tests in 30.694s

FAILED (errors=2)
