test_api_question_followup_reply_same_engine_and_matter (tests.test_w04_4_continuity.CrossEntryTests.test_api_question_followup_reply_same_engine_and_matter) ... ERROR
{"test": "tests.test_w04_4_continuity.CrossEntryTests.test_api_question_followup_reply_same_engine_and_matter", "stage": "before-TEST-cleanup", "files": {"s/.p01-sandbox-root.v1.json": {"bytes": 98, "sha256": "3ced39d6b395df89d9b1f34e1b3faf46c14ccc6edab679a616f588a978e002f7"}, "s/s/s101c417e/b/b0a67c41a/branch-manifest.v1.json": {"bytes": 243, "sha256": "7c6eaabe7ff983992943d53245b09754458bb9fa9265ea8ed73959b8e29d5ff5"}, "s/s/s101c417e/b/b0a67c41a/data/awakening/cycles/7dd99ce44178f46193ec4620fa5bb1a4be5e5ba28c22d281b4777443674ae92a.json": {"bytes": 253, "sha256": "b0485d492fb48a5cd562be3e794b3129c66d33d82ce713d5c45607497d465ceb"}, "s/s/s101c417e/b/b0a67c41a/data/awakening/sessions/fc511229d843a56d13680191b33e2bc9c6736f732c1f3b26d6939b0e5e51f3d4/275cb41f4c9f8e50eb736e3bf66a788f52a87ab3692c3d4bebcf474a70ee94f6.json": {"bytes": 84389, "sha256": "727514a8e9f1748b903067d165183716c363c60313220e6b38cd9bf444e2a839"}, "s/s/s101c417e/b/b0a67c41a/data/awakening/sessions/fc511229d843a56d13680191b33e2bc9c6736f732c1f3b26d6939b0e5e51f3d4/79b185fcb8e8278f87e654388eafe06031313ef0d97b43b109bae461260bc6eb.json": {"bytes": 10657, "sha256": "492e9e5013c1f2b9584dbc2e5de1e00f23af602a0e9e6616106b43c70b7bbca9"}, "s/s/s101c417e/b/b0a67c41a/data/awakening/sessions/fc511229d843a56d13680191b33e2bc9c6736f732c1f3b26d6939b0e5e51f3d4/ec0659be390ed897aa23f456153c4433bf043d8fbd6831165ec9377414c0f693.json": {"bytes": 17943, "sha256": "a1c8590cde174a6cda4a49908a2b39593a61d3117d3f5a72a57bf891623be0cb"}, "s/s/s101c417e/b/b0a67c41a/data/c1-receipts/p08-fake-receipts.json": {"bytes": 148, "sha256": "a411df96a3b6eea514baf41f59d45ab70c55b96ee9f28e118d79525ea3bfe8c8"}, "s/s/s101c417e/b/b0a67c41a/data/clock/subject-clock.v1.json": {"bytes": 109, "sha256": "a12e3fbb74da240f6330c740f8c742b071e53b32f2f7187fb0b9938173b6c05f"}, "s/s/s101c417e/b/b0a67c41a/data/contradiction/test/fc511229d843a56d13680191b33e2bc9c6736f732c1f3b26d6939b0e5e51f3d4.json": {"bytes": 228, "sha256": "c1574d04d29a569bf2064ecdd80be45355f84a404cf2f5e5997b09e1f87f1bb8"}, "s/s/s101c417e/b/b0a67c41a/data/environment-access/test/a9e0351421f8e29780e63232e12db8cc12b19c0644ce304c8298025331540a1f/attachments.v1.json": {"bytes": 8486, "sha256": "57f551340c8556256537c80ae0d9e3b96f7d57816db0e98ecd7a8068101cc589"}, "s/s/s101c417e/b/b0a67c41a/data/environment-access/test/a9e0351421f8e29780e63232e12db8cc12b19c0644ce304c8298025331540a1f/attachments.v1.lock": {"bytes": 1, "sha256": "5feceb66ffc86f38d952786c6d696c79c2dbc239dd4e91b46729d73a27fb57e9"}, "s/s/s101c417e/b/b0a67c41a/data/execution-outbox/test/a9e0351421f8e29780e63232e12db8cc12b19c0644ce304c8298025331540a1f/delivery.v1.json": {"bytes": 1091, "sha256": "4bb14453aa70ae0b7455d7847df2fb34252f598bf81f7c79fe199baa0747ce84"}, "s/s/s101c417e/b/b0a67c41a/data/execution-outbox/test/a9e0351421f8e29780e63232e12db8cc12b19c0644ce304c8298025331540a1f/delivery.v1.lock": {"bytes": 1, "sha256": "5feceb66ffc86f38d952786c6d696c79c2dbc239dd4e91b46729d73a27fb57e9"}, "s/s/s101c417e/b/b0a67c41a/data/fixture/c1-profile.v1.json": {"bytes": 102, "sha256": "7fe11f1f55722333cdd7ac06a9b1a3435462b85520cb913aae0632c7594084b6"}, "s/s/s101c417e/b/b0a67c41a/data/fixture/state-fixture.v1.json": {"bytes": 635, "sha256": "282cc7ff557e30fbf7e259207bd516cbf56ddd8e72992df6b3cec1ab1af4e1b6"}, "s/s/s101c417e/b/b0a67c41a/data/integration/capability-ledger.v1.json": {"bytes": 32056, "sha256": "5ddd93be01112c0f86c6029071cd310c918aa710a7f80e5e9089c2bb83435fd7"}, "s/s/s101c417e/b/b0a67c41a/data/integration/operation-journal.first-round-v1.json": {"bytes": 308707, "sha256": "8dd8e70ad7c8c646ebbc7d3a16b9da0970c12625095b37e67d9115d18782d43d"}, "s/s/s101c417e/b/b0a67c41a/data/integration/result-ledger.first-round-v1.json": {"bytes": 1558, "sha256": "59f78088fce67be939325c0c1c57e817091d792488cdda4c79dae39e517b5542"}, "s/s/s101c417e/b/b0a67c41a/data/integration/subject-binding.runtime-v1.json": {"bytes": 613, "sha256": "e50057e9128d890d4b5db8f729450ce81b94a2a732e753af0978ec7af340f74a"}, "s/s/s101c417e/b/b0a67c41a/data/learning/fc511229d843a56d13680191b33e2bc9c6736f732c1f3b26d6939b0e5e51f3d4.json": {"bytes": 2154, "sha256": "bf2f3fd70ec841fb41ffcb9b5c50ed680b57d524d8e742b374eb1e1c9bd2ecfa"}, "s/s/s101c417e/b/b0a67c41a/data/memory/test/fc511229d843a56d13680191b33e2bc9c6736f732c1f3b26d6939b0e5e51f3d4.json": {"bytes": 15255, "sha256": "fc45e4e457e5a587da1a28444509a7c3f566e6c7d78de1dcc5c36007a6e84df1"}, "s/s/s101c417e/b/b0a67c41a/data/persistent-runtime/owner.lock": {"bytes": 1, "sha256": "5feceb66ffc86f38d952786c6d696c79c2dbc239dd4e91b46729d73a27fb57e9"}, "s/s/s101c417e/b/b0a67c41a/data/persistent-runtime/runtime.v1.json": {"bytes": 784, "sha256": "e9e7a0f72959cd5e79eed441d38e2427c7782474b5c3dfcd4ace9ccbd6c6586c"}, "s/s/s101c417e/b/b0a67c41a/data/persistent-runtime/runtime.v1.lock": {"bytes": 1, "sha256": "5feceb66ffc86f38d952786c6d696c79c2dbc239dd4e91b46729d73a27fb57e9"}, "s/s/s101c417e/b/b0a67c41a/data/resources/fc511229d843a56d13680191b33e2bc9c6736f732c1f3b26d6939b0e5e51f3d4.json": {"bytes": 4250, "sha256": "5af2067b8c002827c8e776be548c757b4c8e2b161fea11180065e675258cd448"}, "s/s/s101c417e/b/b0a67c41a/data/scheduler/queue.v1.json": {"bytes": 2672, "sha256": "2b023885e79b845e73c46c00c6dec011d6562aee02a0d4611282e298867cd42a"}, "s/s/s101c417e/b/b0a67c41a/data/subject-state/fc511229d843a56d13680191b33e2bc9c6736f732c1f3b26d6939b0e5e51f3d4.json": {"bytes": 56010, "sha256": "8d545f4dab5271b8300cab1c4e5eb302ea8a86c3b3a1bef0a5e2f8b415b6a7d9"}, "s/s/s101c417e/b/b0a67c41a/data/test-actions/action-sessions.v1.json": {"bytes": 128, "sha256": "f3b89f97315826f6b2a22d04252214fe66c0be0d725f7a349ad55dce79e718c3"}, "s/s/s101c417e/b/b0a67c41a/data/test-indexes/events.v1.json": {"bytes": 138, "sha256": "8d542956df4716acc2ed26369f5be2c1645a7b259e2f84ab43d2e9225f45b200"}, "s/s/s101c417e/b/b0a67c41a/data/test-indexes/evolution.v1.json": {"bytes": 141, "sha256": "9ea096360b40087f31fb9e976ed146aae9c9639c372f96d0ced39d4a02b67a34"}, "s/s/s101c417e/b/b0a67c41a/data/test-indexes/relationship-state.v1.json": {"bytes": 150, "sha256": "7faa3c3c0cf29b0972f9bd436ef61ec8a4452f2d02ac9346e20b7929c435d134"}, "s/s/s101c417e/b/b0a67c41a/data/test-indexes/state-mutations.v1.json": {"bytes": 147, "sha256": "6cc5342789d157097380ce882fd347ac3e237164be540fdd5ce76c9ad87cd50d"}, "s/s/s101c417e/b/b0a67c41a/data/test-indexes/thinking-sessions.v1.json": {"bytes": 149, "sha256": "ecdd9c1c666999743726bb37f791fc22f79a574818d4308c6ad08c72f86473f6"}, "s/s/s101c417e/b/b0a67c41a/data/test-indexes/wake-sessions.v1.json": {"bytes": 145, "sha256": "651e653c2ddf2f489b9abae39b19d67e6cd723c87c163a50e11f8ddc1fdf1963"}, "s/s/s101c417e/b/b0a67c41a/data/test-memory/memory-ledger.v1.json": {"bytes": 631, "sha256": "374ff2872dd2c14d498970399f2d8db1c5776a0b397df320a864541bb6adf579"}, "s/s/s101c417e/b/b0a67c41a/data/test-trace/subject-clock-trace.v1.json": {"bytes": 1558, "sha256": "0d7fa768037db66efe63e03de864ac7ce7bdda91ff674cb86200eef07d206cad"}, "s/s/s101c417e/b/b0a67c41a/data/thinking/sessions/fc511229d843a56d13680191b33e2bc9c6736f732c1f3b26d6939b0e5e51f3d4/840cd27d05be11fd8607bbbe58b8e45e9b25e89c3520753025b7e195e74e9559.json": {"bytes": 108964, "sha256": "5e2947f0f0b28dfbbc6c787a3884628fb6003e79a6dceece0fdf04c97972e66d"}, "s/s/s101c417e/b/b0a67c41a/data/thinking/sessions/fc511229d843a56d13680191b33e2bc9c6736f732c1f3b26d6939b0e5e51f3d4/edf561ecb42f41bd605852232213552b05282a8da81267f190a48fbc2f474836.json": {"bytes": 64757, "sha256": "bd56a42f2f813cd16819b677732ffbc5d1af25ed1abebd7f4501ea4a54b283dd"}, "s/s/s101c417e/b/b0a67c41a/data/worlds/entry-A/simulated-device.json": {"bytes": 3384, "sha256": "2c6ff97c5af214aa7433920cd2f51ecc702e0b124f7d589c4320e598759f3688"}, "s/s/s101c417e/b/b0a67c41a/data/worlds/entry-A/simulated-device.lock": {"bytes": 1, "sha256": "5feceb66ffc86f38d952786c6d696c79c2dbc239dd4e91b46729d73a27fb57e9"}, "s/s/s101c417e/b/b0a67c41a/data/worlds/entry-B/simulated-device.json": {"bytes": 3384, "sha256": "89b5a177dfd38a7e1ba86a21ea02a076bf9d6f5426ebf6dd17faf5dc49780f2f"}, "s/s/s101c417e/b/b0a67c41a/data/worlds/entry-B/simulated-device.lock": {"bytes": 1, "sha256": "5feceb66ffc86f38d952786c6d696c79c2dbc239dd4e91b46729d73a27fb57e9"}, "s/s/s101c417e/sandbox-manifest.v1.json": {"bytes": 916, "sha256": "d25d5140abb8b28d39abcfed1d4e12d03d8ced58ce5af80fbce368c305dea34f"}, "s/sandbox-registry.v1.json": {"bytes": 479, "sha256": "dd45fafe29a7514548cd2a42699361fe4cda5dded57bf0922d6268efb368e240"}}}
test_simulated_ui_question_followup_reply_same_engine_and_matter (tests.test_w04_4_continuity.CrossEntryTests.test_simulated_ui_question_followup_reply_same_engine_and_matter) ... ERROR
{"test": "tests.test_w04_4_continuity.CrossEntryTests.test_simulated_ui_question_followup_reply_same_engine_and_matter", "stage": "before-TEST-cleanup", "files": {"s/.p01-sandbox-root.v1.json": {"bytes": 98, "sha256": "3ced39d6b395df89d9b1f34e1b3faf46c14ccc6edab679a616f588a978e002f7"}, "s/s/s308a801b/b/bf89f4849/branch-manifest.v1.json": {"bytes": 243, "sha256": "bc2f64f2e4f39c353898d92fb03a2b19267a250b49a72ee4946e7db699e1c484"}, "s/s/s308a801b/b/bf89f4849/data/awakening/cycles/3ce6fb3a8149eb6a2fcacdf4626504a332c1c6902b491c50dfded71602e94514.json": {"bytes": 253, "sha256": "181fdfeb74573bcb91d1b6b1a61c8668e125560c396529ccda11c2012fbbbe4a"}, "s/s/s308a801b/b/bf89f4849/data/awakening/sessions/5550707c1f4df2cd434f22386e7e07fcc8bdfe7755765770bb8c622ed4a73491/b29fc480aa84ff962a2aadba6b669d64a76b19e65815ad861ca9ebc7712a7d46.json": {"bytes": 17943, "sha256": "360bf10ccc1808808f036e3485a78b1ff87c395de01f1ff7ae355a40628fae0f"}, "s/s/s308a801b/b/bf89f4849/data/awakening/sessions/5550707c1f4df2cd434f22386e7e07fcc8bdfe7755765770bb8c622ed4a73491/c2588e094fc2f6af1d4e64bc9fea3eedc0deaaa0d6e19537cbd7021066fa6695.json": {"bytes": 84389, "sha256": "36b93b56edcd3ec8f1abe2fdd8c564f57205dfdc3c6cea9e8bf25f38c346c087"}, "s/s/s308a801b/b/bf89f4849/data/awakening/sessions/5550707c1f4df2cd434f22386e7e07fcc8bdfe7755765770bb8c622ed4a73491/ffc8009092d5dee95f898ff08ce82486d7a2838b047738f77f0c349ff88047ce.json": {"bytes": 10657, "sha256": "4b2ce598b5ef52650ccbe3ec40a3618096095946a636c556ebb60990b6f11a04"}, "s/s/s308a801b/b/bf89f4849/data/c1-receipts/p08-fake-receipts.json": {"bytes": 148, "sha256": "a411df96a3b6eea514baf41f59d45ab70c55b96ee9f28e118d79525ea3bfe8c8"}, "s/s/s308a801b/b/bf89f4849/data/clock/subject-clock.v1.json": {"bytes": 109, "sha256": "a12e3fbb74da240f6330c740f8c742b071e53b32f2f7187fb0b9938173b6c05f"}, "s/s/s308a801b/b/bf89f4849/data/contradiction/test/5550707c1f4df2cd434f22386e7e07fcc8bdfe7755765770bb8c622ed4a73491.json": {"bytes": 228, "sha256": "bf8f26912ac99bfd93f09feaedf318c8c01c43b1ee54fd34d7a13125c2248763"}, "s/s/s308a801b/b/bf89f4849/data/environment-access/test/a864b2b76eee1fd5afd8ce3a875fe1c4ca5e716aaf0f87991888158348e71b00/attachments.v1.json": {"bytes": 8486, "sha256": "944c6e6fb712d09d9c86fd49e50b2aaac0ead8e1b85f64ddf6eec2fb204e0d98"}, "s/s/s308a801b/b/bf89f4849/data/environment-access/test/a864b2b76eee1fd5afd8ce3a875fe1c4ca5e716aaf0f87991888158348e71b00/attachments.v1.lock": {"bytes": 1, "sha256": "5feceb66ffc86f38d952786c6d696c79c2dbc239dd4e91b46729d73a27fb57e9"}, "s/s/s308a801b/b/bf89f4849/data/execution-outbox/test/a864b2b76eee1fd5afd8ce3a875fe1c4ca5e716aaf0f87991888158348e71b00/delivery.v1.json": {"bytes": 1091, "sha256": "d3c9880952e078930096338fba9236bfb093d3203c42c6ae9f14cd985f192b52"}, "s/s/s308a801b/b/bf89f4849/data/execution-outbox/test/a864b2b76eee1fd5afd8ce3a875fe1c4ca5e716aaf0f87991888158348e71b00/delivery.v1.lock": {"bytes": 1, "sha256": "5feceb66ffc86f38d952786c6d696c79c2dbc239dd4e91b46729d73a27fb57e9"}, "s/s/s308a801b/b/bf89f4849/data/fixture/c1-profile.v1.json": {"bytes": 102, "sha256": "19f2fc557e55b39ef18621264f1a894d2c850a12a454547272182173654ae521"}, "s/s/s308a801b/b/bf89f4849/data/fixture/state-fixture.v1.json": {"bytes": 635, "sha256": "65ac953e56431fc225d8e037fb1e402f6bb03ff16f333c3209c5f615aac9ae53"}, "s/s/s308a801b/b/bf89f4849/data/integration/capability-ledger.v1.json": {"bytes": 32044, "sha256": "d3cf760a6906ca47cf4dd61bf91a019b5d6b81aa8b489e2cc15901a112dd7ce2"}, "s/s/s308a801b/b/bf89f4849/data/integration/operation-journal.first-round-v1.json": {"bytes": 308707, "sha256": "d8e505c278d5f100e065018a1505643330a54c86e53aa9b75078aa38c14f0792"}, "s/s/s308a801b/b/bf89f4849/data/integration/result-ledger.first-round-v1.json": {"bytes": 1558, "sha256": "043c5f3370dbbc80799328c270043869a319f98c7c3c8b86b87657e27455e9c0"}, "s/s/s308a801b/b/bf89f4849/data/integration/subject-binding.runtime-v1.json": {"bytes": 613, "sha256": "75615d72b2db6b9e1506671772692fddee75df6674be7a036d32e7064a1142b5"}, "s/s/s308a801b/b/bf89f4849/data/learning/5550707c1f4df2cd434f22386e7e07fcc8bdfe7755765770bb8c622ed4a73491.json": {"bytes": 2154, "sha256": "ddfed699ca74ed05850b0b0f6bb8c18a3240ddc6fe79baa88a8c7345bfec313f"}, "s/s/s308a801b/b/bf89f4849/data/memory/test/5550707c1f4df2cd434f22386e7e07fcc8bdfe7755765770bb8c622ed4a73491.json": {"bytes": 15255, "sha256": "4744a135fb9cafee4f7f42691f044f6b8d74b44baefd91c20aaed35306ea9c2c"}, "s/s/s308a801b/b/bf89f4849/data/persistent-runtime/owner.lock": {"bytes": 1, "sha256": "5feceb66ffc86f38d952786c6d696c79c2dbc239dd4e91b46729d73a27fb57e9"}, "s/s/s308a801b/b/bf89f4849/data/persistent-runtime/runtime.v1.json": {"bytes": 784, "sha256": "1589cfe4d3a16071a1632cd7467cb7344178c7b03815ad3c977cb04f3dcf1671"}, "s/s/s308a801b/b/bf89f4849/data/persistent-runtime/runtime.v1.lock": {"bytes": 1, "sha256": "5feceb66ffc86f38d952786c6d696c79c2dbc239dd4e91b46729d73a27fb57e9"}, "s/s/s308a801b/b/bf89f4849/data/resources/5550707c1f4df2cd434f22386e7e07fcc8bdfe7755765770bb8c622ed4a73491.json": {"bytes": 4250, "sha256": "6e49803e559d21dc1a1a879a47a1621f55ad6c5d42ee7fd16760931eae1c590e"}, "s/s/s308a801b/b/bf89f4849/data/scheduler/queue.v1.json": {"bytes": 2672, "sha256": "dac04d1ac29a047641b152bf8c1930a9797b8049d6f437223c4c9bd83b7e82e1"}, "s/s/s308a801b/b/bf89f4849/data/subject-state/5550707c1f4df2cd434f22386e7e07fcc8bdfe7755765770bb8c622ed4a73491.json": {"bytes": 56010, "sha256": "d67ac575f70d690c069dc58e7db1de68f44be53b7f8b3b8926a6cffb9d9a0670"}, "s/s/s308a801b/b/bf89f4849/data/test-actions/action-sessions.v1.json": {"bytes": 128, "sha256": "4858c924f7551eb4355890d067ac322d8996fc385492b1bc3f61211b77018b1b"}, "s/s/s308a801b/b/bf89f4849/data/test-indexes/events.v1.json": {"bytes": 138, "sha256": "18969ad7eefdc3dbe5ff0a9f6a05d9cdbe47e0e3c0487dbbe791fd75430bafa1"}, "s/s/s308a801b/b/bf89f4849/data/test-indexes/evolution.v1.json": {"bytes": 141, "sha256": "31cb4de83e7fae51d345e242d1a4366386515b52593efc0460e370be120e71a5"}, "s/s/s308a801b/b/bf89f4849/data/test-indexes/relationship-state.v1.json": {"bytes": 150, "sha256": "e91fe53c373a471f395d412fa00f394dc7eb341e8fcb2a7b3bca89db7ae20a6c"}, "s/s/s308a801b/b/bf89f4849/data/test-indexes/state-mutations.v1.json": {"bytes": 147, "sha256": "02b7ecd7ea8bc5231e8c950bf942083007cdd3ca12bc82b3666539e6d5171238"}, "s/s/s308a801b/b/bf89f4849/data/test-indexes/thinking-sessions.v1.json": {"bytes": 149, "sha256": "1b0ac647cd3e5ebe011f8a8192cc98bb1cc9ae99df89e4e62a8e4df239365171"}, "s/s/s308a801b/b/bf89f4849/data/test-indexes/wake-sessions.v1.json": {"bytes": 145, "sha256": "40e140fe4f1c3cfa8bc563842e02b2f2275385e827961b173ada7c8b30d6a182"}, "s/s/s308a801b/b/bf89f4849/data/test-memory/memory-ledger.v1.json": {"bytes": 631, "sha256": "f6710caa57ea48195dace7278af9a91f3ef54c69539b6b2932b2470ed8f496aa"}, "s/s/s308a801b/b/bf89f4849/data/test-trace/subject-clock-trace.v1.json": {"bytes": 1558, "sha256": "bbfc385415d28e9f3bb95425e92cc50d8ebacf05a4bc9216a2645d83fa724580"}, "s/s/s308a801b/b/bf89f4849/data/thinking/sessions/5550707c1f4df2cd434f22386e7e07fcc8bdfe7755765770bb8c622ed4a73491/9aa0fd9491f9c7c44d0c8a170cdbbeffe5f41b61b6ac11a3673eb5d491d6cae8.json": {"bytes": 64757, "sha256": "d13e82ba688096c2098ae9477276f896336d3a3d4d8ae75032f02a8baf0ee879"}, "s/s/s308a801b/b/bf89f4849/data/thinking/sessions/5550707c1f4df2cd434f22386e7e07fcc8bdfe7755765770bb8c622ed4a73491/e542de32ad0224514a9620bf9474a7631e328db2d9c3c5ef8a97ffe9ea0344a3.json": {"bytes": 109044, "sha256": "02fe71783a8520be7c0ef626679b5463c7f4829ccf2cef325ba6ba046d7ab0e3"}, "s/s/s308a801b/b/bf89f4849/data/worlds/entry-A/simulated-device.json": {"bytes": 3524, "sha256": "6474c349af24aa2bb9bbd1ccbf05326012fd16a79690fe8b75eb434750f1adf6"}, "s/s/s308a801b/b/bf89f4849/data/worlds/entry-A/simulated-device.lock": {"bytes": 1, "sha256": "5feceb66ffc86f38d952786c6d696c79c2dbc239dd4e91b46729d73a27fb57e9"}, "s/s/s308a801b/b/bf89f4849/data/worlds/entry-B/simulated-device.json": {"bytes": 3524, "sha256": "204ecd97273c7b1cfcab695c7c497c261cfa212ff2d816df4b273b67401f6208"}, "s/s/s308a801b/b/bf89f4849/data/worlds/entry-B/simulated-device.lock": {"bytes": 1, "sha256": "5feceb66ffc86f38d952786c6d696c79c2dbc239dd4e91b46729d73a27fb57e9"}, "s/s/s308a801b/sandbox-manifest.v1.json": {"bytes": 916, "sha256": "445bcbfd13dbc0d2e9b25ec488e8862639bc9cfe9a672be170bfb859af16dd24"}, "s/sandbox-registry.v1.json": {"bytes": 479, "sha256": "31c153bd5516b320c92adfb751d6777670f6d31f1eff88c8dd0ccd8a0f006933"}}}

======================================================================
ERROR: test_api_question_followup_reply_same_engine_and_matter (tests.test_w04_4_continuity.CrossEntryTests.test_api_question_followup_reply_same_engine_and_matter)
----------------------------------------------------------------------
Traceback (most recent call last):
  File "C:\Users\Administrator\Documents\continuity-engine\src\continuity_engine\services\continuity_interaction_service.py", line 321, in _submit
    operation, thinking_execution = self._run_domain(request, operation, binding)
                                    ~~~~~~~~~~~~~~~~^^^^^^^^^^^^^^^^^^^^^^^^^^^^^
  File "C:\Users\Administrator\Documents\continuity-engine\src\continuity_engine\services\continuity_interaction_service.py", line 876, in _run_domain
    perception = self._continuity_core.prepare(perception, operation,
        **({'save_input': save_input} if operation.input_processing_enabled else {}),
        **({'save_recall':save_recall} if operation.recall_enabled else {}))
  File "C:\Users\Administrator\Documents\continuity-engine\src\continuity_engine\services\continuity_core_service.py", line 344, in prepare
    return self._prepare(perception, operation, save_input=save_input,save_recall=save_recall)
           ~~~~~~~~~~~~~^^^^^^^^^^^^^^^^^^^^^^^^^^^^^^^^^^^^^^^^^^^^^^^^^^^^^^^^^^^^^^^^^^^^^^
  File "C:\Users\Administrator\Documents\continuity-engine\src\continuity_engine\services\continuity_core_service.py", line 423, in _prepare
    route,composition,recall_record=self.recall.prepare(perception,operation,save_recall,
                                    ~~~~~~~~~~~~~~~~~~~^^^^^^^^^^^^^^^^^^^^^^^^^^^^^^^^^^
        attention=mind['influence']['attention'] if mind is not None else None)
        ^^^^^^^^^^^^^^^^^^^^^^^^^^^^^^^^^^^^^^^^^^^^^^^^^^^^^^^^^^^^^^^^^^^^^^^
  File "C:\Users\Administrator\Documents\continuity-engine\src\continuity_engine\services\associative_recall_service.py", line 100, in prepare
    return self._prepare(perception,operation,save,attention=attention)
           ~~~~~~~~~~~~~^^^^^^^^^^^^^^^^^^^^^^^^^^^^^^^^^^^^^^^^^^^^^^^
  File "C:\Users\Administrator\Documents\continuity-engine\src\continuity_engine\services\associative_recall_service.py", line 211, in _prepare
    raise CapabilityValidationError(stop)
continuity_engine.domain.errors.CapabilityValidationError: RECALL_TIMEOUT

The above exception was the direct cause of the following exception:

Traceback (most recent call last):
  File "C:\Users\Administrator\Documents\continuity-engine\tests\test_w04_4_continuity.py", line 59, in test_api_question_followup_reply_same_engine_and_matter
    self.chain()
    ~~~~~~~~~~^^
  File "C:\Users\Administrator\Documents\continuity-engine\tests\test_w04_4_continuity.py", line 48, in chain
    response = self.f.submit('选河边店，窗边那张桌。', entry='entry:B', item_id=item.item_id,
                            reply_to=delivery['request_id'])
  File "C:\Users\Administrator\Documents\continuity-engine\src\continuity_engine\testing\w04_cross_entry_fixture.py", line 275, in submit
    return self.entries.receive(self.last_request, self.last_message)
           ~~~~~~~~~~~~~~~~~~~~^^^^^^^^^^^^^^^^^^^^^^^^^^^^^^^^^^^^^^
  File "C:\Users\Administrator\Documents\continuity-engine\src\continuity_engine\services\cross_entry_service.py", line 433, in receive
    return self.interaction.submit(payload, entry_message=message)
           ~~~~~~~~~~~~~~~~~~~~~~~^^^^^^^^^^^^^^^^^^^^^^^^^^^^^^^^
  File "C:\Users\Administrator\Documents\continuity-engine\src\continuity_engine\services\continuity_interaction_service.py", line 192, in submit
    return self._submit(payload, access_use=access_use, entry_message=entry_message)
           ~~~~~~~~~~~~^^^^^^^^^^^^^^^^^^^^^^^^^^^^^^^^^^^^^^^^^^^^^^^^^^^^^^^^^^^^^
  File "C:\Users\Administrator\Documents\continuity-engine\src\continuity_engine\services\continuity_interaction_service.py", line 333, in _submit
    raise IntegrationExecutionError(
    ...<4 lines>...
    ) from exc
continuity_engine.domain.errors.IntegrationExecutionError: Local integration encountered an unexpected execution fault during domain.

======================================================================
ERROR: test_simulated_ui_question_followup_reply_same_engine_and_matter (tests.test_w04_4_continuity.CrossEntryTests.test_simulated_ui_question_followup_reply_same_engine_and_matter)
----------------------------------------------------------------------
Traceback (most recent call last):
  File "C:\Users\Administrator\Documents\continuity-engine\src\continuity_engine\services\continuity_interaction_service.py", line 321, in _submit
    operation, thinking_execution = self._run_domain(request, operation, binding)
                                    ~~~~~~~~~~~~~~~~^^^^^^^^^^^^^^^^^^^^^^^^^^^^^
  File "C:\Users\Administrator\Documents\continuity-engine\src\continuity_engine\services\continuity_interaction_service.py", line 876, in _run_domain
    perception = self._continuity_core.prepare(perception, operation,
        **({'save_input': save_input} if operation.input_processing_enabled else {}),
        **({'save_recall':save_recall} if operation.recall_enabled else {}))
  File "C:\Users\Administrator\Documents\continuity-engine\src\continuity_engine\services\continuity_core_service.py", line 344, in prepare
    return self._prepare(perception, operation, save_input=save_input,save_recall=save_recall)
           ~~~~~~~~~~~~~^^^^^^^^^^^^^^^^^^^^^^^^^^^^^^^^^^^^^^^^^^^^^^^^^^^^^^^^^^^^^^^^^^^^^^
  File "C:\Users\Administrator\Documents\continuity-engine\src\continuity_engine\services\continuity_core_service.py", line 423, in _prepare
    route,composition,recall_record=self.recall.prepare(perception,operation,save_recall,
                                    ~~~~~~~~~~~~~~~~~~~^^^^^^^^^^^^^^^^^^^^^^^^^^^^^^^^^^
        attention=mind['influence']['attention'] if mind is not None else None)
        ^^^^^^^^^^^^^^^^^^^^^^^^^^^^^^^^^^^^^^^^^^^^^^^^^^^^^^^^^^^^^^^^^^^^^^^
  File "C:\Users\Administrator\Documents\continuity-engine\src\continuity_engine\services\associative_recall_service.py", line 100, in prepare
    return self._prepare(perception,operation,save,attention=attention)
           ~~~~~~~~~~~~~^^^^^^^^^^^^^^^^^^^^^^^^^^^^^^^^^^^^^^^^^^^^^^^
  File "C:\Users\Administrator\Documents\continuity-engine\src\continuity_engine\services\associative_recall_service.py", line 211, in _prepare
    raise CapabilityValidationError(stop)
continuity_engine.domain.errors.CapabilityValidationError: RECALL_TIMEOUT

The above exception was the direct cause of the following exception:

Traceback (most recent call last):
  File "C:\Users\Administrator\Documents\continuity-engine\tests\test_w04_4_continuity.py", line 62, in test_simulated_ui_question_followup_reply_same_engine_and_matter
    self.chain(ui=True)
    ~~~~~~~~~~^^^^^^^^^
  File "C:\Users\Administrator\Documents\continuity-engine\tests\test_w04_4_continuity.py", line 48, in chain
    response = self.f.submit('选河边店，窗边那张桌。', entry='entry:B', item_id=item.item_id,
                            reply_to=delivery['request_id'])
  File "C:\Users\Administrator\Documents\continuity-engine\src\continuity_engine\testing\w04_cross_entry_fixture.py", line 275, in submit
    return self.entries.receive(self.last_request, self.last_message)
           ~~~~~~~~~~~~~~~~~~~~^^^^^^^^^^^^^^^^^^^^^^^^^^^^^^^^^^^^^^
  File "C:\Users\Administrator\Documents\continuity-engine\src\continuity_engine\services\cross_entry_service.py", line 433, in receive
    return self.interaction.submit(payload, entry_message=message)
           ~~~~~~~~~~~~~~~~~~~~~~~^^^^^^^^^^^^^^^^^^^^^^^^^^^^^^^^
  File "C:\Users\Administrator\Documents\continuity-engine\src\continuity_engine\services\continuity_interaction_service.py", line 192, in submit
    return self._submit(payload, access_use=access_use, entry_message=entry_message)
           ~~~~~~~~~~~~^^^^^^^^^^^^^^^^^^^^^^^^^^^^^^^^^^^^^^^^^^^^^^^^^^^^^^^^^^^^^
  File "C:\Users\Administrator\Documents\continuity-engine\src\continuity_engine\services\continuity_interaction_service.py", line 333, in _submit
    raise IntegrationExecutionError(
    ...<4 lines>...
    ) from exc
continuity_engine.domain.errors.IntegrationExecutionError: Local integration encountered an unexpected execution fault during domain.

----------------------------------------------------------------------
Ran 2 tests in 24.879s

FAILED (errors=2)
