test_action_permission_refusal_is_not_overridden_by_expression_confirmation (tests.test_w04_4_expression.EntryExpressionTests.test_action_permission_refusal_is_not_overridden_by_expression_confirmation) ... ok
test_exact_confirmation_satisfies_contact_without_erasing_required_flag (tests.test_w04_4_expression.EntryExpressionTests.test_exact_confirmation_satisfies_contact_without_erasing_required_flag) ... ok
test_failed_presentation_precedes_native_effect (tests.test_w04_4_expression.EntryExpressionTests.test_failed_presentation_precedes_native_effect) ... ok
test_historical_confirmed_artifact_does_not_grant_current_consumption (tests.test_w04_4_expression.EntryExpressionTests.test_historical_confirmed_artifact_does_not_grant_current_consumption) ... ok
test_revocation_during_presentation_prevents_delivery (tests.test_w04_4_expression.EntryExpressionTests.test_revocation_during_presentation_prevents_delivery) ... ok
test_saved_refusal_is_not_upgraded_when_confirmation_later_appears (tests.test_w04_4_expression.EntryExpressionTests.test_saved_refusal_is_not_upgraded_when_confirmation_later_appears) ... ok
test_unconfirmed_contact_keeps_refusal_and_has_no_effect (tests.test_w04_4_expression.EntryExpressionTests.test_unconfirmed_contact_keeps_refusal_and_has_no_effect) ... ok
test_disabled_normal_core_accepts_explicit_expression_configuration (tests.test_p13_expression_policy.ExpressionInputTests.test_disabled_normal_core_accepts_explicit_expression_configuration) ... ok
test_formed_seven_modes_roundtrip_without_mutating_judgment (tests.test_p13_expression_policy.ExpressionInputTests.test_formed_seven_modes_roundtrip_without_mutating_judgment) ... ok
test_old_thinking_serialization_omits_extension (tests.test_p13_expression_policy.ExpressionInputTests.test_old_thinking_serialization_omits_extension) ... ok
test_unknown_mode_rejected (tests.test_p13_expression_policy.ExpressionInputTests.test_unknown_mode_rejected) ... ok
test_budget_rejection_keeps_whole_original_body (tests.test_p13_expression_policy.ExpressionPolicyTests.test_budget_rejection_keeps_whole_original_body) ... ok
test_expression_gate_off_no_port_call_no_extension (tests.test_p13_expression_policy.ExpressionPolicyTests.test_expression_gate_off_no_port_call_no_extension) ... ok
test_generation_failure_is_not_subject_silence_or_refusal (tests.test_p13_expression_policy.ExpressionPolicyTests.test_generation_failure_is_not_subject_silence_or_refusal) ... ok
test_invalidation_inside_presentation_cannot_complete (tests.test_p13_expression_policy.ExpressionPolicyTests.test_invalidation_inside_presentation_cannot_complete) ... ok
test_mode_and_binding_changes_rejected (tests.test_p13_expression_policy.ExpressionPolicyTests.test_mode_and_binding_changes_rejected) ... ok
test_protected_root_rejected_zero_writes (tests.test_p13_expression_policy.ExpressionPolicyTests.test_protected_root_rejected_zero_writes) ... ok
test_reversing_provider_rejected_no_final_result (tests.test_p13_expression_policy.ExpressionPolicyTests.test_reversing_provider_rejected_no_final_result) ... ok
test_seven_modes_normal_entry_persist_and_keep_authorities (tests.test_p13_expression_policy.ExpressionPolicyTests.test_seven_modes_normal_entry_persist_and_keep_authorities) ... ok
test_silence_does_not_require_visible_output_budget_or_presentation (tests.test_p13_expression_policy.ExpressionPolicyTests.test_silence_does_not_require_visible_output_budget_or_presentation) ... ok
test_bounded_three_day_seven_round_golden_no_cognitive_overwrite (tests.test_p13_expression_recovery.ExpressionRecoveryTests.test_bounded_three_day_seven_round_golden_no_cognitive_overwrite) ... ok
test_context_rejection_and_platform_denial_are_distinct_from_subject_refusal (tests.test_p13_expression_recovery.ExpressionRecoveryTests.test_context_rejection_and_platform_denial_are_distinct_from_subject_refusal) ... ok
test_crash_after_domain_recovers_artifact_without_presentation (tests.test_p13_expression_recovery.ExpressionRecoveryTests.test_crash_after_domain_recovers_artifact_without_presentation) ... ok
test_crash_after_thinking_reuses_original_result_not_new_mode (tests.test_p13_expression_recovery.ExpressionRecoveryTests.test_crash_after_thinking_reuses_original_result_not_new_mode) ... ok
test_cross_subject_and_environment_composition_rejects_before_port_or_writes (tests.test_p13_expression_recovery.ExpressionRecoveryTests.test_cross_subject_and_environment_composition_rejects_before_port_or_writes) ... ok
test_current_approved_evolution_keeps_proposal_and_revision_semantics (tests.test_p13_expression_recovery.ExpressionRecoveryTests.test_current_approved_evolution_keeps_proposal_and_revision_semantics) ... ok
test_direct_and_optional_planner_preserve_expression_mode (tests.test_p13_expression_recovery.ExpressionRecoveryTests.test_direct_and_optional_planner_preserve_expression_mode) ... ok
test_disabled_expression_outcome_has_no_component_reads (tests.test_p13_expression_recovery.ExpressionRecoveryTests.test_disabled_expression_outcome_has_no_component_reads) ... ok
test_existing_emotion_only_affects_explicit_emphasis_preference (tests.test_p13_expression_recovery.ExpressionRecoveryTests.test_existing_emotion_only_affects_explicit_emphasis_preference) ... ok
test_expired_context_blocks_text_but_keeps_original_receipts (tests.test_p13_expression_recovery.ExpressionRecoveryTests.test_expired_context_blocks_text_but_keeps_original_receipts) ... ok
test_forged_action_input_rejected_before_materialization (tests.test_p13_expression_recovery.ExpressionRecoveryTests.test_forged_action_input_rejected_before_materialization) ... ok
test_formal_relationship_and_compact_preference_change_format_only (tests.test_p13_expression_recovery.ExpressionRecoveryTests.test_formal_relationship_and_compact_preference_change_format_only) ... ok
test_fresh_process_restores_original_expression_without_provider_or_effect (tests.test_p13_expression_recovery.ExpressionRecoveryTests.test_fresh_process_restores_original_expression_without_provider_or_effect) ... ok
test_generation_failure_retry_does_not_rethink_or_duplicate_action (tests.test_p13_expression_recovery.ExpressionRecoveryTests.test_generation_failure_retry_does_not_rethink_or_duplicate_action) ... ok
test_missing_completed_artifact_cannot_downgrade_to_legacy (tests.test_p13_expression_recovery.ExpressionRecoveryTests.test_missing_completed_artifact_cannot_downgrade_to_legacy) ... ok
test_model_result_restart_expression_uses_one_original_capability_ledger (tests.test_p13_expression_recovery.ExpressionRecoveryTests.test_model_result_restart_expression_uses_one_original_capability_ledger) ... ok
test_model_waiting_remains_waiting_not_subject_silence (tests.test_p13_expression_recovery.ExpressionRecoveryTests.test_model_waiting_remains_waiting_not_subject_silence) ... ok
test_original_router_request_cannot_be_rebound_to_another_operation (tests.test_p13_expression_recovery.ExpressionRecoveryTests.test_original_router_request_cannot_be_rebound_to_another_operation) ... ok
test_p12_archive_invalidates_saved_expression_and_normal_future_context (tests.test_p13_expression_recovery.ExpressionRecoveryTests.test_p12_archive_invalidates_saved_expression_and_normal_future_context) ... ok
test_real_evolution_recovers_after_expiry_without_releasing_old_text (tests.test_p13_expression_recovery.ExpressionRecoveryTests.test_real_evolution_recovers_after_expiry_without_releasing_old_text) ... ok
test_removing_original_gate_cannot_remove_expression_ownership (tests.test_p13_expression_recovery.ExpressionRecoveryTests.test_removing_original_gate_cannot_remove_expression_ownership) ... ok
test_restart_repeat_submit_and_query_do_not_regenerate_or_execute (tests.test_p13_expression_recovery.ExpressionRecoveryTests.test_restart_repeat_submit_and_query_do_not_regenerate_or_execute) ... ok
test_revoked_exact_permission_blocks_completed_replay_zero_writes (tests.test_p13_expression_recovery.ExpressionRecoveryTests.test_revoked_exact_permission_blocks_completed_replay_zero_writes) ... ok
test_snapshot_branch_preserves_artifact_and_does_not_touch_original (tests.test_p13_expression_recovery.ExpressionRecoveryTests.test_snapshot_branch_preserves_artifact_and_does_not_touch_original) ... ok
test_unknown_historical_receipt_cannot_be_expression_success (tests.test_p13_expression_recovery.ExpressionRecoveryTests.test_unknown_historical_receipt_cannot_be_expression_success) ... ok
test_broker_revoked_during_thinking_does_not_erase_internal_proposal (tests.test_pre_p19_autonomy_execution.AutonomyExecutionTests.test_broker_revoked_during_thinking_does_not_erase_internal_proposal) ... ok
test_current_world_resource_refusal_keeps_independent_mind_commit (tests.test_pre_p19_autonomy_execution.AutonomyExecutionTests.test_current_world_resource_refusal_keeps_independent_mind_commit) ... ok
test_denial_reopen_recovers_internal_fact_without_resubmitting (tests.test_pre_p19_autonomy_execution.AutonomyExecutionTests.test_denial_reopen_recovers_internal_fact_without_resubmitting) ... ok
test_denied_reality_keeps_experience_formed_commitment_for_next_cognition (tests.test_pre_p19_autonomy_execution.AutonomyExecutionTests.test_denied_reality_keeps_experience_formed_commitment_for_next_cognition) ... ok
test_external_gate_does_not_decide_whether_intent_exists (tests.test_pre_p19_autonomy_execution.AutonomyExecutionTests.test_external_gate_does_not_decide_whether_intent_exists) ... ok
test_mixed_provider_proposal_cannot_assert_an_unperformed_effect (tests.test_pre_p19_autonomy_execution.AutonomyExecutionTests.test_mixed_provider_proposal_cannot_assert_an_unperformed_effect) ... ok
test_normal_action_and_internal_commit_remain_once (tests.test_pre_p19_autonomy_execution.AutonomyExecutionTests.test_normal_action_and_internal_commit_remain_once) ... ok
test_normal_c1_input_preserves_internal_commit_on_reality_refusal (tests.test_pre_p19_autonomy_execution.AutonomyExecutionTests.test_normal_c1_input_preserves_internal_commit_on_reality_refusal) ... ok
test_platform_denial_preserves_intent_without_dispatch (tests.test_pre_p19_autonomy_execution.AutonomyExecutionTests.test_platform_denial_preserves_intent_without_dispatch) ... ok
test_reality_refusal_keeps_independent_mind_commit (tests.test_pre_p19_autonomy_execution.AutonomyExecutionTests.test_reality_refusal_keeps_independent_mind_commit) ... ok
test_refused_effect_internal_commit_survives_crashes_before_and_after_write (tests.test_pre_p19_autonomy_execution.AutonomyExecutionTests.test_refused_effect_internal_commit_survives_crashes_before_and_after_write) ... {"stage": "native-exception-before-cleanup", "task_id": "cognition:beea4b3f13500ebb55ad7120ff912d3f8550eab8c34b4ee07db70ede241ab573", "attempt_id": "p11-attempt-36144cab35a0765098b3ec284ab2ff289aa7f2711a5434bade7862a5160f977a", "chain": [{"frames": [{"file": "testing/p18_runtime_fixture.py", "line": 140, "function": "diagnosed_continue"}, {"file": "services/runtime_cognition.py", "line": 242, "function": "_continue"}, {"file": "services/wake_perception_thinking_action_service.py", "line": 90, "function": "wake_manual"}, {"file": "services/wake_perception_thinking_action_service.py", "line": 128, "function": "_continue"}, {"file": "services/wake_perception_thinking_action_service.py", "line": 333, "function": "_continue_mind"}, {"file": "services/runtime_cognition.py", "line": 84, "function": "<lambda>"}, {"file": "testing/p18_runtime_fixture.py", "line": 126, "function": "<lambda>"}], "code": "TEST_NATIVE_EXCEPTION"}], "systemChain": [{"type": "ENGINE_EXCEPTION", "operation": "other", "frames": [{"file": "testing/p18_runtime_fixture.py", "line": 140, "function": "diagnosed_continue"}, {"file": "services/runtime_cognition.py", "line": 242, "function": "_continue"}, {"file": "services/wake_perception_thinking_action_service.py", "line": 90, "function": "wake_manual"}, {"file": "services/wake_perception_thinking_action_service.py", "line": 128, "function": "_continue"}, {"file": "services/wake_perception_thinking_action_service.py", "line": 333, "function": "_continue_mind"}, {"file": "services/runtime_cognition.py", "line": 84, "function": "<lambda>"}, {"file": "testing/p18_runtime_fixture.py", "line": 126, "function": "<lambda>"}], "errno": null, "winerror": null}], "stateWriteLockOwnedAfterUnwind": false}
{"stage": "native-exception-before-cleanup", "task_id": "cognition:ec2bc0da41d90366e455215fb013d1417ba5e5d2766d4ec3331dbe250ee476c4", "attempt_id": "p11-attempt-34226739421e20a4230e16a8340ad10afdac9ab69550d8d691f805d30398af89", "chain": [{"frames": [{"file": "testing/p18_runtime_fixture.py", "line": 140, "function": "diagnosed_continue"}, {"file": "services/runtime_cognition.py", "line": 242, "function": "_continue"}, {"file": "services/wake_perception_thinking_action_service.py", "line": 90, "function": "wake_manual"}, {"file": "services/wake_perception_thinking_action_service.py", "line": 128, "function": "_continue"}, {"file": "services/wake_perception_thinking_action_service.py", "line": 359, "function": "_continue_mind"}, {"file": "services/runtime_cognition.py", "line": 84, "function": "<lambda>"}, {"file": "testing/p18_runtime_fixture.py", "line": 126, "function": "<lambda>"}], "code": "TEST_NATIVE_EXCEPTION"}], "systemChain": [{"type": "ENGINE_EXCEPTION", "operation": "other", "frames": [{"file": "testing/p18_runtime_fixture.py", "line": 140, "function": "diagnosed_continue"}, {"file": "services/runtime_cognition.py", "line": 242, "function": "_continue"}, {"file": "services/wake_perception_thinking_action_service.py", "line": 90, "function": "wake_manual"}, {"file": "services/wake_perception_thinking_action_service.py", "line": 128, "function": "_continue"}, {"file": "services/wake_perception_thinking_action_service.py", "line": 359, "function": "_continue_mind"}, {"file": "services/runtime_cognition.py", "line": 84, "function": "<lambda>"}, {"file": "testing/p18_runtime_fixture.py", "line": 126, "function": "<lambda>"}], "errno": null, "winerror": null}], "stateWriteLockOwnedAfterUnwind": false}
ok
test_stale_context_still_prevents_new_internal_commit (tests.test_pre_p19_autonomy_execution.AutonomyExecutionTests.test_stale_context_still_prevents_new_internal_commit) ... {"stage": "native-exception-before-cleanup", "task_id": "cognition:fbdf7a3be9f5921569a88fb7a1be56a4926e54d84e342edeecd347bbda51ca08", "attempt_id": "p11-attempt-b442f28605c4eaa4bea38dac58e393b25490a113195c8bf56208d511927d07bf", "chain": [{"frames": [{"file": "testing/p18_runtime_fixture.py", "line": 140, "function": "diagnosed_continue"}, {"file": "services/runtime_cognition.py", "line": 242, "function": "_continue"}, {"file": "services/wake_perception_thinking_action_service.py", "line": 90, "function": "wake_manual"}, {"file": "services/wake_perception_thinking_action_service.py", "line": 128, "function": "_continue"}, {"file": "services/wake_perception_thinking_action_service.py", "line": 229, "function": "_continue_mind"}, {"file": "services/thinking_service.py", "line": 190, "function": "handle_perception"}, {"file": "services/thinking_service.py", "line": 295, "function": "_run_provider"}], "code": "TEST_NATIVE_EXCEPTION"}, {"frames": [{"file": "services/thinking_service.py", "line": 248, "function": "_run_provider"}, {"file": "services/continuity_core_service.py", "line": 174, "function": "process_thinking"}, {"file": "services/dynamic_mind_service.py", "line": 532, "function": "process"}], "code": "TEST_NATIVE_EXCEPTION"}], "systemChain": [{"type": "ENGINE_EXCEPTION", "operation": "other", "frames": [{"file": "testing/p18_runtime_fixture.py", "line": 140, "function": "diagnosed_continue"}, {"file": "services/runtime_cognition.py", "line": 242, "function": "_continue"}, {"file": "services/wake_perception_thinking_action_service.py", "line": 90, "function": "wake_manual"}, {"file": "services/wake_perception_thinking_action_service.py", "line": 128, "function": "_continue"}, {"file": "services/wake_perception_thinking_action_service.py", "line": 229, "function": "_continue_mind"}, {"file": "services/thinking_service.py", "line": 190, "function": "handle_perception"}, {"file": "services/thinking_service.py", "line": 295, "function": "_run_provider"}], "errno": null, "winerror": null}, {"type": "ENGINE_EXCEPTION", "operation": "other", "frames": [{"file": "services/thinking_service.py", "line": 248, "function": "_run_provider"}, {"file": "services/continuity_core_service.py", "line": 174, "function": "process_thinking"}, {"file": "services/dynamic_mind_service.py", "line": 532, "function": "process"}], "errno": null, "winerror": null}], "stateWriteLockOwnedAfterUnwind": false}
ok
test_unknown_after_lost_response_recovers_receipt_without_repeating_effect (tests.test_pre_p19_autonomy_execution.AutonomyExecutionTests.test_unknown_after_lost_response_recovers_receipt_without_repeating_effect) ... ok
test_unknown_does_not_prevent_internal_commit_or_imply_success (tests.test_pre_p19_autonomy_execution.AutonomyExecutionTests.test_unknown_does_not_prevent_internal_commit_or_imply_success) ... ok
test_unresolved_world_does_not_exhaust_cognition_queue (tests.test_pre_p19_autonomy_execution.AutonomyExecutionTests.test_unresolved_world_does_not_exhaust_cognition_queue) ... ok

----------------------------------------------------------------------
Ran 60 tests in 87.204s

OK
