test_environment_current_junction_rejects_before_ingress_and_restores (test_w04_4_boundaries.EntryBoundaryTests.test_environment_current_junction_rejects_before_ingress_and_restores) ... ERROR
{"test": "test_w04_4_boundaries.EntryBoundaryTests.test_environment_current_junction_rejects_before_ingress_and_restores", "stage": "before-TEST-cleanup", "files": {"s/.p01-sandbox-root.v1.json": {"bytes": 98, "sha256": "3ced39d6b395df89d9b1f34e1b3faf46c14ccc6edab679a616f588a978e002f7"}, "s/s/s8159247a/b/bba19dad3/branch-manifest.v1.json": {"bytes": 243, "sha256": "1d6f5acfac0935fd2ce963ae643e4949577361c9692280534c5225a2f87b2137"}, "s/s/s8159247a/b/bba19dad3/data/awakening/cycles/aa6770e64827cbcb950df83c4bd7b01af0ce454cc73ff88b28ca67fc9197dabf.json": {"bytes": 235, "sha256": "a0d361a17d4f5aaec6a8a9fa0131ea1ddc47af7f0d53399c9a8a6e7744ee07a6"}, "s/s/s8159247a/b/bba19dad3/data/c1-receipts/p08-fake-receipts.json": {"bytes": 148, "sha256": "a411df96a3b6eea514baf41f59d45ab70c55b96ee9f28e118d79525ea3bfe8c8"}, "s/s/s8159247a/b/bba19dad3/data/clock/subject-clock.v1.json": {"bytes": 109, "sha256": "9215b6977c7811370330d01c8bfe7e63b8e43ba8b12a8f09d85b24e7efac24ad"}, "s/s/s8159247a/b/bba19dad3/data/contradiction/test/d75b48a9a4d137244ded71a32f5b6663e985b3c909651a556799c773f127bed6.json": {"bytes": 228, "sha256": "a576d2eb2db9900672d9bd6e4080f325772091f43c6433f716dc006b7806887c"}, "s/s/s8159247a/b/bba19dad3/data/environment-access/test/c95b4ae61b9a8aefe603fee9d5f3ae934d092ad57aa7010cf9baecdd531d3a8c/attachments.v1.json": {"bytes": 8930, "sha256": "777aeba8e28b6c9e643a85adaae59981adbcadaf8dcd39021dda080f0b19b535"}, "s/s/s8159247a/b/bba19dad3/data/environment-access/test/c95b4ae61b9a8aefe603fee9d5f3ae934d092ad57aa7010cf9baecdd531d3a8c/attachments.v1.lock": {"bytes": 1, "sha256": "5feceb66ffc86f38d952786c6d696c79c2dbc239dd4e91b46729d73a27fb57e9"}, "s/s/s8159247a/b/bba19dad3/data/fixture/c1-profile.v1.json": {"bytes": 102, "sha256": "db118bad24cad3591444a6aed79f8309ba82243b6cc245f6299b5be7b62c78a9"}, "s/s/s8159247a/b/bba19dad3/data/fixture/state-fixture.v1.json": {"bytes": 635, "sha256": "284df567589974896efc97274f61c167242ba0651a15930304c7a6c4e56b9d58"}, "s/s/s8159247a/b/bba19dad3/data/integration/capability-ledger.v1.json": {"bytes": 82, "sha256": "95f292f0db842e43cccb490ce10bbeefd3bab92d43fa69f4bb1b6188d4ed43de"}, "s/s/s8159247a/b/bba19dad3/data/integration/operation-journal.first-round-v1.json": {"bytes": 65, "sha256": "d99f9c31a9492c478a6023ebeabc5d660810a3e6d9ba6f1d9b76a425b89b2eab"}, "s/s/s8159247a/b/bba19dad3/data/integration/result-ledger.first-round-v1.json": {"bytes": 63, "sha256": "5407f91ac04019966f84bfbad51ebc1fb904bd085a6579febfa75a9ea068592a"}, "s/s/s8159247a/b/bba19dad3/data/integration/subject-binding.runtime-v1.json": {"bytes": 613, "sha256": "46579fe14a85b374e6d0ab24d99ad8972ee2c9214397d82e53775e3273949fb7"}, "s/s/s8159247a/b/bba19dad3/data/learning/d75b48a9a4d137244ded71a32f5b6663e985b3c909651a556799c773f127bed6.json": {"bytes": 2154, "sha256": "1535617e9071cc4d9186148b2aa7d57b8dc86168757b038ce1182cd9644eb06e"}, "s/s/s8159247a/b/bba19dad3/data/memory/test/d75b48a9a4d137244ded71a32f5b6663e985b3c909651a556799c773f127bed6.json": {"bytes": 302, "sha256": "c690a1f2f14bd09afe704a7d46704de2a73bbd44953f5f59fd6070e7dc05d02a"}, "s/s/s8159247a/b/bba19dad3/data/resources/d75b48a9a4d137244ded71a32f5b6663e985b3c909651a556799c773f127bed6.json": {"bytes": 437, "sha256": "f575a1a019e31ccbbbed91065323aa2b697fe08156c0ee779a0bd42dcc76ed45"}, "s/s/s8159247a/b/bba19dad3/data/subject-state/d75b48a9a4d137244ded71a32f5b6663e985b3c909651a556799c773f127bed6.json": {"bytes": 4912, "sha256": "e4f64199ecdff95b2fb87b02a08df38b3afc4f55e18bd5da6a5835155bdcd88e"}, "s/s/s8159247a/b/bba19dad3/data/test-actions/action-sessions.v1.json": {"bytes": 128, "sha256": "41b9857640983806a9890b5fabcaea66cb037bccaba43bae58130537f73b4b0d"}, "s/s/s8159247a/b/bba19dad3/data/test-indexes/events.v1.json": {"bytes": 138, "sha256": "c6ac4818496af535792b7b670f302c743e3f5d6e006586834dce838ea2e734b9"}, "s/s/s8159247a/b/bba19dad3/data/test-indexes/evolution.v1.json": {"bytes": 141, "sha256": "e70b231c79c037f872d8516f3621e19f4abe413f95092be7bfc6291c488915ea"}, "s/s/s8159247a/b/bba19dad3/data/test-indexes/relationship-state.v1.json": {"bytes": 150, "sha256": "6dc9ab4b0abe9c8385a0ad4252e28e773bb9037806697c2c44ef021ea8071b6b"}, "s/s/s8159247a/b/bba19dad3/data/test-indexes/state-mutations.v1.json": {"bytes": 147, "sha256": "e41da11bacfc2e47e56b2c0f1159dcf5008f15778960a3246660c6cd37355c61"}, "s/s/s8159247a/b/bba19dad3/data/test-indexes/thinking-sessions.v1.json": {"bytes": 149, "sha256": "bbc1664a68c2ada61ccd279f7e3fbed79aeaae03b4f3521d21d5517477d11dc8"}, "s/s/s8159247a/b/bba19dad3/data/test-indexes/wake-sessions.v1.json": {"bytes": 145, "sha256": "103662787bf720fd996be3299af481fe58f7dd64c21eae3fac3e8d7391f0622a"}, "s/s/s8159247a/b/bba19dad3/data/test-memory/memory-ledger.v1.json": {"bytes": 631, "sha256": "2dd9ca0c4a4edcc9108ff61b1a7967b97945d2eb4c37794fb5081b6bbf822e2b"}, "s/s/s8159247a/b/bba19dad3/data/test-trace/subject-clock-trace.v1.json": {"bytes": 1558, "sha256": "584d10db8872259a3e535058fe2ea0c7070cc4ca16f2b18091e638897d1972d0"}, "s/s/s8159247a/sandbox-manifest.v1.json": {"bytes": 930, "sha256": "7df5b10eef3e6e0f5842256c5f5f5fe2cfbd9736ca23024c10b8bab9de40596a"}, "s/sandbox-registry.v1.json": {"bytes": 486, "sha256": "61e0bed59e4e21e27d850ba4ef71bf5af04a4a7beee082bee1c694cb31afe039"}}}
test_environment_metadata_access_denied_is_not_absent_or_cached (test_w04_4_boundaries.EntryBoundaryTests.test_environment_metadata_access_denied_is_not_absent_or_cached) ... ERROR
{"test": "test_w04_4_boundaries.EntryBoundaryTests.test_environment_metadata_access_denied_is_not_absent_or_cached", "stage": "before-TEST-cleanup", "files": {"s/.p01-sandbox-root.v1.json": {"bytes": 98, "sha256": "3ced39d6b395df89d9b1f34e1b3faf46c14ccc6edab679a616f588a978e002f7"}, "s/s/s37d88448/b/ba9b0a050/branch-manifest.v1.json": {"bytes": 243, "sha256": "431d2be86c855c5079f72b558b8b659cbc6700f7835d7062dc4cce05be4bacc4"}, "s/s/s37d88448/b/ba9b0a050/data/awakening/cycles/c96c5b7bd5dd99f3d90aeafd06cd2dc9b20eae2eaa2dfc268e68194a6f5264ce.json": {"bytes": 235, "sha256": "4b67b4c1a52a2d4ced0d342b5574d1cf8b5e7fb1c5c68fab7c5cf3e046d81f2a"}, "s/s/s37d88448/b/ba9b0a050/data/c1-receipts/p08-fake-receipts.json": {"bytes": 148, "sha256": "a411df96a3b6eea514baf41f59d45ab70c55b96ee9f28e118d79525ea3bfe8c8"}, "s/s/s37d88448/b/ba9b0a050/data/clock/subject-clock.v1.json": {"bytes": 109, "sha256": "9215b6977c7811370330d01c8bfe7e63b8e43ba8b12a8f09d85b24e7efac24ad"}, "s/s/s37d88448/b/ba9b0a050/data/contradiction/test/ef5f190f51c9bad8c4c60a1a8d38c4b8eca4924b4809338915c31c59ac282afc.json": {"bytes": 228, "sha256": "674830e3796d8f9fdca038fa696bf900ec06efc2beb3d72a18f59a9570a79ea7"}, "s/s/s37d88448/b/ba9b0a050/data/environment-access/test/f70803088480947d746eb79b76a0b4b2ff0015aabb9f6f0e3efc3951cb51b79f/attachments.v1.json": {"bytes": 8930, "sha256": "5da7c92b98479ebf82513952871dee2201be99ec1f1a85129420f0d786b2a398"}, "s/s/s37d88448/b/ba9b0a050/data/environment-access/test/f70803088480947d746eb79b76a0b4b2ff0015aabb9f6f0e3efc3951cb51b79f/attachments.v1.lock": {"bytes": 1, "sha256": "5feceb66ffc86f38d952786c6d696c79c2dbc239dd4e91b46729d73a27fb57e9"}, "s/s/s37d88448/b/ba9b0a050/data/fixture/c1-profile.v1.json": {"bytes": 102, "sha256": "4c8a78739fb9bb1f3738daf2d73b34d1d27bec9c794153b142f50e3e2a8b2bb4"}, "s/s/s37d88448/b/ba9b0a050/data/fixture/state-fixture.v1.json": {"bytes": 635, "sha256": "0a817a081ff6d8df0c7479f658ad45f4ed332ce8f3a1681b702978c5d654cd8a"}, "s/s/s37d88448/b/ba9b0a050/data/integration/capability-ledger.v1.json": {"bytes": 82, "sha256": "95f292f0db842e43cccb490ce10bbeefd3bab92d43fa69f4bb1b6188d4ed43de"}, "s/s/s37d88448/b/ba9b0a050/data/integration/operation-journal.first-round-v1.json": {"bytes": 65, "sha256": "d99f9c31a9492c478a6023ebeabc5d660810a3e6d9ba6f1d9b76a425b89b2eab"}, "s/s/s37d88448/b/ba9b0a050/data/integration/result-ledger.first-round-v1.json": {"bytes": 63, "sha256": "5407f91ac04019966f84bfbad51ebc1fb904bd085a6579febfa75a9ea068592a"}, "s/s/s37d88448/b/ba9b0a050/data/integration/subject-binding.runtime-v1.json": {"bytes": 613, "sha256": "cf748770cd334e7a042d731e8c8dd987392ee8c03e4731192f63de3fd550d00a"}, "s/s/s37d88448/b/ba9b0a050/data/learning/ef5f190f51c9bad8c4c60a1a8d38c4b8eca4924b4809338915c31c59ac282afc.json": {"bytes": 2154, "sha256": "44a05c4d0fc085560399f956a1f4f3321275cdbf84aaba62eb92527e27ec1112"}, "s/s/s37d88448/b/ba9b0a050/data/memory/test/ef5f190f51c9bad8c4c60a1a8d38c4b8eca4924b4809338915c31c59ac282afc.json": {"bytes": 302, "sha256": "51d79f3b34cd55d15e09b9b7baafc998aabf78f99bf854cb31c746e7029de595"}, "s/s/s37d88448/b/ba9b0a050/data/resources/ef5f190f51c9bad8c4c60a1a8d38c4b8eca4924b4809338915c31c59ac282afc.json": {"bytes": 437, "sha256": "bf7471001c92a45d85bb5f890df20da68b3a618a3413985d198a822c36d48e8d"}, "s/s/s37d88448/b/ba9b0a050/data/subject-state/ef5f190f51c9bad8c4c60a1a8d38c4b8eca4924b4809338915c31c59ac282afc.json": {"bytes": 4912, "sha256": "b14bf2b8846d0ace00ad02fa199b69e52782e6df8f82df16886ced70c7be8564"}, "s/s/s37d88448/b/ba9b0a050/data/test-actions/action-sessions.v1.json": {"bytes": 128, "sha256": "3236358f76b562969fef86ce7112def8ebe2ceed8d24f0ac759fb77e83c8ff85"}, "s/s/s37d88448/b/ba9b0a050/data/test-indexes/events.v1.json": {"bytes": 138, "sha256": "c7f37a8f235ba3c3f45165c3e29cb01a732d49cf51c733fa243a2ac0b366b53a"}, "s/s/s37d88448/b/ba9b0a050/data/test-indexes/evolution.v1.json": {"bytes": 141, "sha256": "646ebe48a7f11854af643abcd6abfe0a5d41e0ba4c8a90a91923594830817185"}, "s/s/s37d88448/b/ba9b0a050/data/test-indexes/relationship-state.v1.json": {"bytes": 150, "sha256": "0d68a401d202db024c9c49cbbeb39b7333f8f3e27561744822024e5e93846917"}, "s/s/s37d88448/b/ba9b0a050/data/test-indexes/state-mutations.v1.json": {"bytes": 147, "sha256": "970dafcb9d002af7ed09c420ef2b36a2fc957c94fb52540660cc4e8f3549836c"}, "s/s/s37d88448/b/ba9b0a050/data/test-indexes/thinking-sessions.v1.json": {"bytes": 149, "sha256": "d8cc422e695e6677a09c924d4b9bec4b61624f29c0918333b2472e24a6a5f247"}, "s/s/s37d88448/b/ba9b0a050/data/test-indexes/wake-sessions.v1.json": {"bytes": 145, "sha256": "295b3144b251121249a5d9197f4a8a51db4c246eb2dadc1d4449910e178b2c20"}, "s/s/s37d88448/b/ba9b0a050/data/test-memory/memory-ledger.v1.json": {"bytes": 631, "sha256": "1d36a1e5ef7c36fb6b04dfeabf25ed429aa3f92ba5a274719fbc472eba9aff4e"}, "s/s/s37d88448/b/ba9b0a050/data/test-trace/subject-clock-trace.v1.json": {"bytes": 1558, "sha256": "cccbffc62a7ef2197356af6e4d971185e7e9aee5ffda7950c0cdfc2ed174b420"}, "s/s/s37d88448/sandbox-manifest.v1.json": {"bytes": 930, "sha256": "1b1e7622f5787c87b5c63eba1b7fb480ce3c345c6cd17aa5163b1d047633bf7a"}, "s/sandbox-registry.v1.json": {"bytes": 486, "sha256": "f909cc3056d9cea299079f4adab67e557b675d3f27de4fc3e9ebca1b370a477a"}}}
test_provenance_projection_validates_whole_current_journal_and_isolates (test_w04_4_boundaries.EntryBoundaryTests.test_provenance_projection_validates_whole_current_journal_and_isolates) ... ok
test_simulated_ui_question_followup_reply_same_engine_and_matter (test_w04_4_continuity.CrossEntryTests.test_simulated_ui_question_followup_reply_same_engine_and_matter) ... ok
test_discovery_history_body_and_native_cross_entry_share_authorities (test_w04_package.W04PackageTests.test_discovery_history_body_and_native_cross_entry_share_authorities) ... ok

======================================================================
ERROR: test_environment_current_junction_rejects_before_ingress_and_restores (test_w04_4_boundaries.EntryBoundaryTests.test_environment_current_junction_rejects_before_ingress_and_restores)
----------------------------------------------------------------------
Traceback (most recent call last):
  File "C:\Users\Administrator\Documents\continuity-engine\src\continuity_engine\services\continuity_interaction_service.py", line 232, in _submit
    entry_record, duplicate = entry.prepare(request, entry_message)
                              ~~~~~~~~~~~~~^^^^^^^^^^^^^^^^^^^^^^^^
  File "C:\Users\Administrator\Documents\continuity-engine\src\continuity_engine\services\cross_entry_service.py", line 208, in prepare
    binding = self.binding(message.entry_id)
  File "C:\Users\Administrator\Documents\continuity-engine\src\continuity_engine\services\cross_entry_service.py", line 71, in binding
    document = self.access.repository.load()
  File "C:\Users\Administrator\Documents\continuity-engine\src\continuity_engine\storage\json_environment_repository.py", line 71, in load
    raise EnvironmentAccessError('W04_STORE_LINK_FORBIDDEN')
continuity_engine.domain.environment_access.EnvironmentAccessError: W04_STORE_LINK_FORBIDDEN

The above exception was the direct cause of the following exception:

Traceback (most recent call last):
  File "C:\Users\Administrator\Documents\continuity-engine\tests\test_w04_4_boundaries.py", line 316, in test_environment_current_junction_rejects_before_ingress_and_restores
    self.f.entries.receive(request,message)
    ~~~~~~~~~~~~~~~~~~~~~~^^^^^^^^^^^^^^^^^
  File "C:\Users\Administrator\Documents\continuity-engine\src\continuity_engine\services\cross_entry_service.py", line 601, in receive
    return self.interaction.submit(payload, entry_message=message)
           ~~~~~~~~~~~~~~~~~~~~~~~^^^^^^^^^^^^^^^^^^^^^^^^^^^^^^^^
  File "C:\Users\Administrator\Documents\continuity-engine\src\continuity_engine\services\continuity_interaction_service.py", line 192, in submit
    return self._submit(payload, access_use=access_use, entry_message=entry_message)
           ~~~~~~~~~~~~^^^^^^^^^^^^^^^^^^^^^^^^^^^^^^^^^^^^^^^^^^^^^^^^^^^^^^^^^^^^^
  File "C:\Users\Administrator\Documents\continuity-engine\src\continuity_engine\services\continuity_interaction_service.py", line 336, in _submit
    raise IntegrationExecutionError(
    ...<4 lines>...
    ) from exc
continuity_engine.domain.errors.IntegrationExecutionError: Local integration encountered an unexpected execution fault during binding.

======================================================================
ERROR: test_environment_metadata_access_denied_is_not_absent_or_cached (test_w04_4_boundaries.EntryBoundaryTests.test_environment_metadata_access_denied_is_not_absent_or_cached)
----------------------------------------------------------------------
Traceback (most recent call last):
  File "C:\Users\Administrator\Documents\continuity-engine\src\continuity_engine\services\continuity_interaction_service.py", line 232, in _submit
    entry_record, duplicate = entry.prepare(request, entry_message)
                              ~~~~~~~~~~~~~^^^^^^^^^^^^^^^^^^^^^^^^
  File "C:\Users\Administrator\Documents\continuity-engine\src\continuity_engine\services\cross_entry_service.py", line 208, in prepare
    binding = self.binding(message.entry_id)
  File "C:\Users\Administrator\Documents\continuity-engine\src\continuity_engine\services\cross_entry_service.py", line 71, in binding
    document = self.access.repository.load()
  File "C:\Users\Administrator\Documents\continuity-engine\src\continuity_engine\storage\json_environment_repository.py", line 70, in load
    if _path_is_link(path):
       ~~~~~~~~~~~~~^^^^^^
  File "C:\Users\Administrator\Documents\continuity-engine\src\continuity_engine\storage\json_environment_repository.py", line 39, in _path_is_link
    raise ctypes.WinError(error)
PermissionError: [WinError 5] 拒绝访问。

The above exception was the direct cause of the following exception:

Traceback (most recent call last):
  File "C:\Users\Administrator\Documents\continuity-engine\tests\test_w04_4_boundaries.py", line 339, in test_environment_metadata_access_denied_is_not_absent_or_cached
    with self.assertRaises(PermissionError):self.f.entries.receive(request,message)
                                            ~~~~~~~~~~~~~~~~~~~~~~^^^^^^^^^^^^^^^^^
  File "C:\Users\Administrator\Documents\continuity-engine\src\continuity_engine\services\cross_entry_service.py", line 601, in receive
    return self.interaction.submit(payload, entry_message=message)
           ~~~~~~~~~~~~~~~~~~~~~~~^^^^^^^^^^^^^^^^^^^^^^^^^^^^^^^^
  File "C:\Users\Administrator\Documents\continuity-engine\src\continuity_engine\services\continuity_interaction_service.py", line 192, in submit
    return self._submit(payload, access_use=access_use, entry_message=entry_message)
           ~~~~~~~~~~~~^^^^^^^^^^^^^^^^^^^^^^^^^^^^^^^^^^^^^^^^^^^^^^^^^^^^^^^^^^^^^
  File "C:\Users\Administrator\Documents\continuity-engine\src\continuity_engine\services\continuity_interaction_service.py", line 336, in _submit
    raise IntegrationExecutionError(
    ...<4 lines>...
    ) from exc
continuity_engine.domain.errors.IntegrationExecutionError: Local integration encountered an unexpected execution fault during binding.

----------------------------------------------------------------------
Ran 5 tests in 135.167s

FAILED (errors=2)
