test_api_question_followup_reply_same_engine_and_matter (tests.test_w04_4_continuity.CrossEntryTests.test_api_question_followup_reply_same_engine_and_matter) ... ERROR
{"test": "tests.test_w04_4_continuity.CrossEntryTests.test_api_question_followup_reply_same_engine_and_matter", "stage": "before-TEST-cleanup", "files": {"s/.p01-sandbox-root.v1.json": {"bytes": 98, "sha256": "3ced39d6b395df89d9b1f34e1b3faf46c14ccc6edab679a616f588a978e002f7"}, "s/s/sc509bec4/b/b695c78d2/branch-manifest.v1.json": {"bytes": 243, "sha256": "282437dc745d0bc3ec39c48949900e092448618419f8ee9a94adb937c69f1950"}, "s/s/sc509bec4/b/b695c78d2/data/awakening/cycles/bc2e69a7aabd15271c553945a07115656ff982a455e5a8052c67f37b17c083c7.json": {"bytes": 253, "sha256": "f013715db3a213eec972b0000b9748c8604bd5e5109ca1171a5151e1877cf844"}, "s/s/sc509bec4/b/b695c78d2/data/awakening/sessions/d3a8cb0eca3a30ea511812c93e168b54e657d5fad88ba9dc12e2a7f4c9fb861c/0d748c2321462e0d4c608ada477cfaa40b1862ebc859288cf1026050806db2a3.json": {"bytes": 10657, "sha256": "36928c166530a4dc03c869acb403a1c13bba6c72670f1fb91de8297604a94f28"}, "s/s/sc509bec4/b/b695c78d2/data/awakening/sessions/d3a8cb0eca3a30ea511812c93e168b54e657d5fad88ba9dc12e2a7f4c9fb861c/33762353e8d1d9ae6dc349dd5e5a0cc3c32297fa97b4abf10f3969a99ea9b232.json": {"bytes": 17943, "sha256": "c0fee6bd527d04b08ea4c4ddb58eb1b01aeca398e2c4b7c5fdea853bed1c243d"}, "s/s/sc509bec4/b/b695c78d2/data/awakening/sessions/d3a8cb0eca3a30ea511812c93e168b54e657d5fad88ba9dc12e2a7f4c9fb861c/e6e22fe04126b422434394a82e02b8829cebe2f6a0498613b2dd53e787ffaf8b.json": {"bytes": 84389, "sha256": "c62d9309e81f9804b2529f34f5f0bccdeca1b7da9f31353e82a4d31af93f528f"}, "s/s/sc509bec4/b/b695c78d2/data/c1-receipts/p08-fake-receipts.json": {"bytes": 148, "sha256": "a411df96a3b6eea514baf41f59d45ab70c55b96ee9f28e118d79525ea3bfe8c8"}, "s/s/sc509bec4/b/b695c78d2/data/clock/subject-clock.v1.json": {"bytes": 109, "sha256": "a12e3fbb74da240f6330c740f8c742b071e53b32f2f7187fb0b9938173b6c05f"}, "s/s/sc509bec4/b/b695c78d2/data/contradiction/test/d3a8cb0eca3a30ea511812c93e168b54e657d5fad88ba9dc12e2a7f4c9fb861c.json": {"bytes": 228, "sha256": "bb5025bd237d6f275e304759dc90de098111f12ca7edf514964e52789d321450"}, "s/s/sc509bec4/b/b695c78d2/data/environment-access/test/b47ae4a8cfdc3801a7a5b2a42f39945c336885b3b6bdcf8b3f82965bf207391e/attachments.v1.json": {"bytes": 8486, "sha256": "61f8d946e9f92da72c2e9bba01a744c74be56522930c8cd041750f033de7f62e"}, "s/s/sc509bec4/b/b695c78d2/data/environment-access/test/b47ae4a8cfdc3801a7a5b2a42f39945c336885b3b6bdcf8b3f82965bf207391e/attachments.v1.lock": {"bytes": 1, "sha256": "5feceb66ffc86f38d952786c6d696c79c2dbc239dd4e91b46729d73a27fb57e9"}, "s/s/sc509bec4/b/b695c78d2/data/execution-outbox/test/b47ae4a8cfdc3801a7a5b2a42f39945c336885b3b6bdcf8b3f82965bf207391e/delivery.v1.json": {"bytes": 1091, "sha256": "e8ecdc999064ffb6d527487021bdd6d6b50eae57b75054c35e51eaa8e5d7f95a"}, "s/s/sc509bec4/b/b695c78d2/data/execution-outbox/test/b47ae4a8cfdc3801a7a5b2a42f39945c336885b3b6bdcf8b3f82965bf207391e/delivery.v1.lock": {"bytes": 1, "sha256": "5feceb66ffc86f38d952786c6d696c79c2dbc239dd4e91b46729d73a27fb57e9"}, "s/s/sc509bec4/b/b695c78d2/data/fixture/c1-profile.v1.json": {"bytes": 102, "sha256": "243c1a26cf76dae20787bf8017d3e2240193f552e4e50522cc3c557664394ad4"}, "s/s/sc509bec4/b/b695c78d2/data/fixture/state-fixture.v1.json": {"bytes": 635, "sha256": "be6d5c0688df744b89d918a067a5503c9db07f27f3e593c141c6510692c37c48"}, "s/s/sc509bec4/b/b695c78d2/data/integration/capability-ledger.v1.json": {"bytes": 32056, "sha256": "664740d6b718ad8e2caca219cc58505d5695b49ddaa302614d48445ff0691b3b"}, "s/s/sc509bec4/b/b695c78d2/data/integration/operation-journal.first-round-v1.json": {"bytes": 308707, "sha256": "0ea32314d490d108b093674f97cd3b6dcf1ca7d9530c8c8a87a56f3ab34b82e8"}, "s/s/sc509bec4/b/b695c78d2/data/integration/result-ledger.first-round-v1.json": {"bytes": 1558, "sha256": "68eb97f286cc8b782e52d1a055709b894b2ea08a73c61fb3c45f0b8c271efb7a"}, "s/s/sc509bec4/b/b695c78d2/data/integration/subject-binding.runtime-v1.json": {"bytes": 613, "sha256": "e6d1b9ae915498ba8232ef7053382fabd6895b5fa52c498e9fe284baac63aa63"}, "s/s/sc509bec4/b/b695c78d2/data/learning/d3a8cb0eca3a30ea511812c93e168b54e657d5fad88ba9dc12e2a7f4c9fb861c.json": {"bytes": 2154, "sha256": "f496fcc324219c87e12e06d2090e838ee650fee72fdc03372253b0c378fceda0"}, "s/s/sc509bec4/b/b695c78d2/data/memory/test/d3a8cb0eca3a30ea511812c93e168b54e657d5fad88ba9dc12e2a7f4c9fb861c.json": {"bytes": 15255, "sha256": "61b6d22dfdc5f7162d2bbacf81172ecae1410637c871b207af557278ce9e00d9"}, "s/s/sc509bec4/b/b695c78d2/data/persistent-runtime/owner.lock": {"bytes": 1, "sha256": "5feceb66ffc86f38d952786c6d696c79c2dbc239dd4e91b46729d73a27fb57e9"}, "s/s/sc509bec4/b/b695c78d2/data/persistent-runtime/runtime.v1.json": {"bytes": 784, "sha256": "7a1678b81398362452cbacd2e0fb9c52af9c7c8867553c4d4e70633c25e3970b"}, "s/s/sc509bec4/b/b695c78d2/data/persistent-runtime/runtime.v1.lock": {"bytes": 1, "sha256": "5feceb66ffc86f38d952786c6d696c79c2dbc239dd4e91b46729d73a27fb57e9"}, "s/s/sc509bec4/b/b695c78d2/data/resources/d3a8cb0eca3a30ea511812c93e168b54e657d5fad88ba9dc12e2a7f4c9fb861c.json": {"bytes": 4250, "sha256": "917c2b01b13298e331040d92f4755f7a5ffb2927a963ba199947e9ac23298bb0"}, "s/s/sc509bec4/b/b695c78d2/data/scheduler/queue.v1.json": {"bytes": 2672, "sha256": "5737d208649e6b95603447b840e4488913906da01ac3c463b6bdf174c2b7fa72"}, "s/s/sc509bec4/b/b695c78d2/data/subject-state/d3a8cb0eca3a30ea511812c93e168b54e657d5fad88ba9dc12e2a7f4c9fb861c.json": {"bytes": 56010, "sha256": "30c9c6c4b2edb2f969a388e75f43fc6102bcae723f4aef21edb8acb78fe4caee"}, "s/s/sc509bec4/b/b695c78d2/data/test-actions/action-sessions.v1.json": {"bytes": 128, "sha256": "6493a32c5a23b5bbed13ee1dc7734e71bf2c812b913b584ba01bed218b59a03b"}, "s/s/sc509bec4/b/b695c78d2/data/test-indexes/events.v1.json": {"bytes": 138, "sha256": "30e6f8f77ebbca8aadd5d4d903cda6f35682111cab17a54280df735c45d095c4"}, "s/s/sc509bec4/b/b695c78d2/data/test-indexes/evolution.v1.json": {"bytes": 141, "sha256": "75c091671dc6dfb31ab178a3d2c7da236d666143bce6635f81bfd8c30cdfba81"}, "s/s/sc509bec4/b/b695c78d2/data/test-indexes/relationship-state.v1.json": {"bytes": 150, "sha256": "3c58919daf1e2a058937d649ba29e0c034698f51c270105f48795d869fced884"}, "s/s/sc509bec4/b/b695c78d2/data/test-indexes/state-mutations.v1.json": {"bytes": 147, "sha256": "f0001fb550fe3cc88c9955539a1ec6f0d69d5d31c3abd9d40ef09529b12e5a14"}, "s/s/sc509bec4/b/b695c78d2/data/test-indexes/thinking-sessions.v1.json": {"bytes": 149, "sha256": "ed8abec1b084e2cf4dc30477a23f6c059725c6e53dd47b3b75bf3fbff28ecbe2"}, "s/s/sc509bec4/b/b695c78d2/data/test-indexes/wake-sessions.v1.json": {"bytes": 145, "sha256": "481c0a1db712c9253978b68f681458e9079b45bfe7a196e19ac25530ea53b7c5"}, "s/s/sc509bec4/b/b695c78d2/data/test-memory/memory-ledger.v1.json": {"bytes": 631, "sha256": "0cb25b3d43d6a0dc8db519ad0377dbb8645a1ecef23c52e516dda6bb6eadc469"}, "s/s/sc509bec4/b/b695c78d2/data/test-trace/subject-clock-trace.v1.json": {"bytes": 1558, "sha256": "a7363f57a40ffa2c78fa1308b5d5309738ea4bdf03782de0df6f39f132b05d1d"}, "s/s/sc509bec4/b/b695c78d2/data/thinking/sessions/d3a8cb0eca3a30ea511812c93e168b54e657d5fad88ba9dc12e2a7f4c9fb861c/5f4d0d6498ab7b27a622c553646fa8476bf24d93345a777ca3685b61867640a9.json": {"bytes": 108964, "sha256": "38c003a3724f9d5e313bf71643f7ca64ce7642ccec4d8179b14a846db185ee9c"}, "s/s/sc509bec4/b/b695c78d2/data/thinking/sessions/d3a8cb0eca3a30ea511812c93e168b54e657d5fad88ba9dc12e2a7f4c9fb861c/60659dd4de44bb970c97250a9666cc08da5d80a9f8bb74102fb5821c786a3b00.json": {"bytes": 64757, "sha256": "4fe6efae12f43ae9cf7189e8516f98f7b82d512fee988e5fde9a58a1851f5416"}, "s/s/sc509bec4/b/b695c78d2/data/worlds/entry-A/simulated-device.json": {"bytes": 3384, "sha256": "f029cbedb69991bd2781e2dd213652f107d89aa7f430d0b3489536be69b0a17c"}, "s/s/sc509bec4/b/b695c78d2/data/worlds/entry-A/simulated-device.lock": {"bytes": 1, "sha256": "5feceb66ffc86f38d952786c6d696c79c2dbc239dd4e91b46729d73a27fb57e9"}, "s/s/sc509bec4/b/b695c78d2/data/worlds/entry-B/simulated-device.json": {"bytes": 3384, "sha256": "c965cbb636190d53f5299c3eeb4df600564029e72d7289246fab445de1ed1f60"}, "s/s/sc509bec4/b/b695c78d2/data/worlds/entry-B/simulated-device.lock": {"bytes": 1, "sha256": "5feceb66ffc86f38d952786c6d696c79c2dbc239dd4e91b46729d73a27fb57e9"}, "s/s/sc509bec4/sandbox-manifest.v1.json": {"bytes": 916, "sha256": "55d1ff4afe48ef974fc0ea6ec13b062f32c1c5069540af5bb986e783b4ed0680"}, "s/sandbox-registry.v1.json": {"bytes": 479, "sha256": "0d9f77e735e4cdeafe372aad03416d1363eee783690a100ec56cde2828ff0ecc"}}}
test_simulated_ui_question_followup_reply_same_engine_and_matter (tests.test_w04_4_continuity.CrossEntryTests.test_simulated_ui_question_followup_reply_same_engine_and_matter) ... ERROR
{"test": "tests.test_w04_4_continuity.CrossEntryTests.test_simulated_ui_question_followup_reply_same_engine_and_matter", "stage": "before-TEST-cleanup", "files": {"s/.p01-sandbox-root.v1.json": {"bytes": 98, "sha256": "3ced39d6b395df89d9b1f34e1b3faf46c14ccc6edab679a616f588a978e002f7"}, "s/s/saf9efa27/b/bcd8a61e8/branch-manifest.v1.json": {"bytes": 243, "sha256": "5775ea6787d79a2d83df795f3228c85eb60757ab0faed2130e73daec5973a3a6"}, "s/s/saf9efa27/b/bcd8a61e8/data/awakening/cycles/a7b545c0235ad7045914e6f277e92725b6b9c61e34849ad15914f1ddad83cebd.json": {"bytes": 253, "sha256": "56fd3278e05ab39067305bf861abda0ecdb661358a153e2ff604b845e00f6d5b"}, "s/s/saf9efa27/b/bcd8a61e8/data/awakening/sessions/230af1b2d9ae2843df04001a34e864a2f3a7f2d1449ff4296c7631f9949f755c/01b6f83401dc75f37b612e05ed79dc5da87e60df0974ae80b182798d5baec1c2.json": {"bytes": 17943, "sha256": "8dd61f8d41369deeccb35613536138323597368c4be086c8c53d937d8ba40b0d"}, "s/s/saf9efa27/b/bcd8a61e8/data/awakening/sessions/230af1b2d9ae2843df04001a34e864a2f3a7f2d1449ff4296c7631f9949f755c/33e8249a0d019abf1848a50a4c4d3d9e5055b8b1509b0769b97c5ea57d938ef3.json": {"bytes": 84389, "sha256": "a08ce2ab8a1b77df09d944a75be908f1b3ee99586a4bdb68d87fb3166259143d"}, "s/s/saf9efa27/b/bcd8a61e8/data/awakening/sessions/230af1b2d9ae2843df04001a34e864a2f3a7f2d1449ff4296c7631f9949f755c/9d429c2eea2e9c8c96827fe0b3ad9f4809f5937580c988392ed0fccc41d645f4.json": {"bytes": 10657, "sha256": "43c55efd59197269005c8dd18d2b2bbd31296fd035a3470d00a8f7c4053e2d22"}, "s/s/saf9efa27/b/bcd8a61e8/data/c1-receipts/p08-fake-receipts.json": {"bytes": 148, "sha256": "a411df96a3b6eea514baf41f59d45ab70c55b96ee9f28e118d79525ea3bfe8c8"}, "s/s/saf9efa27/b/bcd8a61e8/data/clock/subject-clock.v1.json": {"bytes": 109, "sha256": "a12e3fbb74da240f6330c740f8c742b071e53b32f2f7187fb0b9938173b6c05f"}, "s/s/saf9efa27/b/bcd8a61e8/data/contradiction/test/230af1b2d9ae2843df04001a34e864a2f3a7f2d1449ff4296c7631f9949f755c.json": {"bytes": 228, "sha256": "5eb0d30df5d2655868ba1264265f6be14da87fe9ae2e75df42c942817cc5914c"}, "s/s/saf9efa27/b/bcd8a61e8/data/environment-access/test/9a5eca97cd6fad34953803a0010fde5f12d7677f7f90b5c513ca14eeeccb605c/attachments.v1.json": {"bytes": 8486, "sha256": "775f3345b11b18693da7b7c5b269c7d756944642b0840d6769d32e105a9d40db"}, "s/s/saf9efa27/b/bcd8a61e8/data/environment-access/test/9a5eca97cd6fad34953803a0010fde5f12d7677f7f90b5c513ca14eeeccb605c/attachments.v1.lock": {"bytes": 1, "sha256": "5feceb66ffc86f38d952786c6d696c79c2dbc239dd4e91b46729d73a27fb57e9"}, "s/s/saf9efa27/b/bcd8a61e8/data/execution-outbox/test/9a5eca97cd6fad34953803a0010fde5f12d7677f7f90b5c513ca14eeeccb605c/delivery.v1.json": {"bytes": 1091, "sha256": "ac75a6ea72ab3e877118cbf522587c411f67fe2bc84c2a227ea0b613f0a175b1"}, "s/s/saf9efa27/b/bcd8a61e8/data/execution-outbox/test/9a5eca97cd6fad34953803a0010fde5f12d7677f7f90b5c513ca14eeeccb605c/delivery.v1.lock": {"bytes": 1, "sha256": "5feceb66ffc86f38d952786c6d696c79c2dbc239dd4e91b46729d73a27fb57e9"}, "s/s/saf9efa27/b/bcd8a61e8/data/fixture/c1-profile.v1.json": {"bytes": 102, "sha256": "958f67d806c6487dd63b3f0a809e836c9a02b3ceb89118cc28f240bbbbd6ac52"}, "s/s/saf9efa27/b/bcd8a61e8/data/fixture/state-fixture.v1.json": {"bytes": 635, "sha256": "1f312266a62e27fc059c11ff82b5d887dcb5b842bae097dab0b865336d101701"}, "s/s/saf9efa27/b/bcd8a61e8/data/integration/capability-ledger.v1.json": {"bytes": 32044, "sha256": "756556e3075e08456e72e41b9392e8e595d0fba22ffc4dbe033aad97ad447a82"}, "s/s/saf9efa27/b/bcd8a61e8/data/integration/operation-journal.first-round-v1.json": {"bytes": 308707, "sha256": "59cf7b9da38019db7c833bcfaa8f223152ae4a445ec75ecefd1795b676de6807"}, "s/s/saf9efa27/b/bcd8a61e8/data/integration/result-ledger.first-round-v1.json": {"bytes": 1558, "sha256": "dbf1441a8f39449fa692f7d52fc92bf466a66018cfbf46114038cabd229f1d44"}, "s/s/saf9efa27/b/bcd8a61e8/data/integration/subject-binding.runtime-v1.json": {"bytes": 613, "sha256": "b15ce796ddd4f0b5916758e0fae03f67435d1ada8a6783e4acaa58c229f9b3a6"}, "s/s/saf9efa27/b/bcd8a61e8/data/learning/230af1b2d9ae2843df04001a34e864a2f3a7f2d1449ff4296c7631f9949f755c.json": {"bytes": 2154, "sha256": "7ff60d9d390304a487941f56db42f89c2c9a47a953ad07ae525988fe134a0d3b"}, "s/s/saf9efa27/b/bcd8a61e8/data/memory/test/230af1b2d9ae2843df04001a34e864a2f3a7f2d1449ff4296c7631f9949f755c.json": {"bytes": 15255, "sha256": "c09ef0ef1e395716102173afa1e8e58b8966b0ed5b7d1293b3f27a0d500c1e97"}, "s/s/saf9efa27/b/bcd8a61e8/data/persistent-runtime/owner.lock": {"bytes": 1, "sha256": "5feceb66ffc86f38d952786c6d696c79c2dbc239dd4e91b46729d73a27fb57e9"}, "s/s/saf9efa27/b/bcd8a61e8/data/persistent-runtime/runtime.v1.json": {"bytes": 784, "sha256": "bbc9c4eda6db31881b975905d49007162e27898762aa4237d1d5793304dbdcde"}, "s/s/saf9efa27/b/bcd8a61e8/data/persistent-runtime/runtime.v1.lock": {"bytes": 1, "sha256": "5feceb66ffc86f38d952786c6d696c79c2dbc239dd4e91b46729d73a27fb57e9"}, "s/s/saf9efa27/b/bcd8a61e8/data/resources/230af1b2d9ae2843df04001a34e864a2f3a7f2d1449ff4296c7631f9949f755c.json": {"bytes": 4250, "sha256": "55252273c347f219e06a3e1519fccb0c4ce9edf0116f11eea8bef5733eee3e81"}, "s/s/saf9efa27/b/bcd8a61e8/data/scheduler/queue.v1.json": {"bytes": 2672, "sha256": "4578308b8ba959f465e8fd73548095af76beb00f05c4bf7e3c6ec1d46fb99319"}, "s/s/saf9efa27/b/bcd8a61e8/data/subject-state/230af1b2d9ae2843df04001a34e864a2f3a7f2d1449ff4296c7631f9949f755c.json": {"bytes": 56010, "sha256": "1d471260cb8682325a30e956ca6136cb371adf0e30d9ddf977289bf07a31bfa8"}, "s/s/saf9efa27/b/bcd8a61e8/data/test-actions/action-sessions.v1.json": {"bytes": 128, "sha256": "970c8fb7ce3670322110a9ab2045252cf61314c61280c1d38a1c23b3031df87b"}, "s/s/saf9efa27/b/bcd8a61e8/data/test-indexes/events.v1.json": {"bytes": 138, "sha256": "bca2f38621620e552f80cb8b06507988bad09a9dac5a8c3cbd2a1ff68b14b4a8"}, "s/s/saf9efa27/b/bcd8a61e8/data/test-indexes/evolution.v1.json": {"bytes": 141, "sha256": "a96b826a9ec0118977732cef93fd7fcf42eb45805fe9339c5a9d8a8c0e565727"}, "s/s/saf9efa27/b/bcd8a61e8/data/test-indexes/relationship-state.v1.json": {"bytes": 150, "sha256": "b67d50b900679ef9c3fe9a856e7c849cdabc019953af7542bbffa63ab7e5f3d0"}, "s/s/saf9efa27/b/bcd8a61e8/data/test-indexes/state-mutations.v1.json": {"bytes": 147, "sha256": "b2969bdf5f1b4fb73df68fb4680f1f4a41c7a93a3cf471a644f9b49c2015cd1f"}, "s/s/saf9efa27/b/bcd8a61e8/data/test-indexes/thinking-sessions.v1.json": {"bytes": 149, "sha256": "5ead4299df7ea897061f274a39926b5fd5781105af417edfd8f82153ebdde042"}, "s/s/saf9efa27/b/bcd8a61e8/data/test-indexes/wake-sessions.v1.json": {"bytes": 145, "sha256": "17b4b1dc635f7343dde451bf921d682d492f8daf6fb2e4300bcbc61a5ef9cf8f"}, "s/s/saf9efa27/b/bcd8a61e8/data/test-memory/memory-ledger.v1.json": {"bytes": 631, "sha256": "da764d75635923ca34e30e314fc308cf2377e378a32b91b4ff5cbcff95d76606"}, "s/s/saf9efa27/b/bcd8a61e8/data/test-trace/subject-clock-trace.v1.json": {"bytes": 1558, "sha256": "a28c663e7bd6df25ff3cd8d9d3d9edbf54fca4a01752a6de69dbe8872d264c4e"}, "s/s/saf9efa27/b/bcd8a61e8/data/thinking/sessions/230af1b2d9ae2843df04001a34e864a2f3a7f2d1449ff4296c7631f9949f755c/579683341e4f96c15c2a17a7cdf3c348989cf201bbb888525cd9a4d8e97c244c.json": {"bytes": 109044, "sha256": "1986c8bfd9d4f19398786b82b88c1242fe59dcd9128ed828ba3d50e7769253cb"}, "s/s/saf9efa27/b/bcd8a61e8/data/thinking/sessions/230af1b2d9ae2843df04001a34e864a2f3a7f2d1449ff4296c7631f9949f755c/81dea4d3f4c2ac924fd41038596fed5b266fc0f1c700e07bcff1d5d3909d11a4.json": {"bytes": 64757, "sha256": "ed5a1218118891a60a1c6badd503d394a705fd8119bb7b95e7f04977f802ac16"}, "s/s/saf9efa27/b/bcd8a61e8/data/worlds/entry-A/simulated-device.json": {"bytes": 3524, "sha256": "1361189313133a79e0d167fa71a683ff578ccdcd048987b5e7560c79a64a44de"}, "s/s/saf9efa27/b/bcd8a61e8/data/worlds/entry-A/simulated-device.lock": {"bytes": 1, "sha256": "5feceb66ffc86f38d952786c6d696c79c2dbc239dd4e91b46729d73a27fb57e9"}, "s/s/saf9efa27/b/bcd8a61e8/data/worlds/entry-B/simulated-device.json": {"bytes": 3524, "sha256": "cf038432b11f2b84b97f5ac8b13f7f0d5b98989ae1584bee51a3e214c7411650"}, "s/s/saf9efa27/b/bcd8a61e8/data/worlds/entry-B/simulated-device.lock": {"bytes": 1, "sha256": "5feceb66ffc86f38d952786c6d696c79c2dbc239dd4e91b46729d73a27fb57e9"}, "s/s/saf9efa27/sandbox-manifest.v1.json": {"bytes": 916, "sha256": "b5244abb420ba7f58d515573f232ff3721eccd05fe84033bc070668299f83f00"}, "s/sandbox-registry.v1.json": {"bytes": 479, "sha256": "670cbc81b254849d28017ee59825b08e7fa6a152c8fe4a37faeadc863a9d5945"}}}

======================================================================
ERROR: test_api_question_followup_reply_same_engine_and_matter (tests.test_w04_4_continuity.CrossEntryTests.test_api_question_followup_reply_same_engine_and_matter)
----------------------------------------------------------------------
Traceback (most recent call last):
  File "C:\Users\Administrator\Documents\continuity-engine\src\continuity_engine\services\continuity_interaction_service.py", line 321, in _submit
    operation, thinking_execution = self._run_domain(request, operation, binding)
                                    ~~~~~~~~~~~~~~~~^^^^^^^^^^^^^^^^^^^^^^^^^^^^^
  File "C:\Users\Administrator\Documents\continuity-engine\src\continuity_engine\services\continuity_interaction_service.py", line 876, in _run_domain
    perception = self._continuity_core.prepare(perception, operation,
        **({'save_input': save_input} if operation.input_processing_enabled else {}),
        **({'save_recall':save_recall} if operation.recall_enabled else {}))
  File "C:\Users\Administrator\Documents\continuity-engine\src\continuity_engine\services\continuity_core_service.py", line 344, in prepare
    return self._prepare(perception, operation, save_input=save_input,save_recall=save_recall)
           ~~~~~~~~~~~~~^^^^^^^^^^^^^^^^^^^^^^^^^^^^^^^^^^^^^^^^^^^^^^^^^^^^^^^^^^^^^^^^^^^^^^
  File "C:\Users\Administrator\Documents\continuity-engine\src\continuity_engine\services\continuity_core_service.py", line 423, in _prepare
    route,composition,recall_record=self.recall.prepare(perception,operation,save_recall,
                                    ~~~~~~~~~~~~~~~~~~~^^^^^^^^^^^^^^^^^^^^^^^^^^^^^^^^^^
        attention=mind['influence']['attention'] if mind is not None else None)
        ^^^^^^^^^^^^^^^^^^^^^^^^^^^^^^^^^^^^^^^^^^^^^^^^^^^^^^^^^^^^^^^^^^^^^^^
  File "C:\Users\Administrator\Documents\continuity-engine\src\continuity_engine\services\associative_recall_service.py", line 100, in prepare
    return self._prepare(perception,operation,save,attention=attention)
           ~~~~~~~~~~~~~^^^^^^^^^^^^^^^^^^^^^^^^^^^^^^^^^^^^^^^^^^^^^^^
  File "C:\Users\Administrator\Documents\continuity-engine\src\continuity_engine\services\associative_recall_service.py", line 211, in _prepare
    raise CapabilityValidationError(stop)
continuity_engine.domain.errors.CapabilityValidationError: RECALL_TIMEOUT

The above exception was the direct cause of the following exception:

Traceback (most recent call last):
  File "C:\Users\Administrator\Documents\continuity-engine\tests\test_w04_4_continuity.py", line 59, in test_api_question_followup_reply_same_engine_and_matter
    self.chain()
    ~~~~~~~~~~^^
  File "C:\Users\Administrator\Documents\continuity-engine\tests\test_w04_4_continuity.py", line 48, in chain
    response = self.f.submit('选河边店，窗边那张桌。', entry='entry:B', item_id=item.item_id,
                            reply_to=delivery['request_id'])
  File "C:\Users\Administrator\Documents\continuity-engine\src\continuity_engine\testing\w04_cross_entry_fixture.py", line 275, in submit
    return self.entries.receive(self.last_request, self.last_message)
           ~~~~~~~~~~~~~~~~~~~~^^^^^^^^^^^^^^^^^^^^^^^^^^^^^^^^^^^^^^
  File "C:\Users\Administrator\Documents\continuity-engine\src\continuity_engine\services\cross_entry_service.py", line 391, in receive
    return self.interaction.submit(payload, entry_message=message)
           ~~~~~~~~~~~~~~~~~~~~~~~^^^^^^^^^^^^^^^^^^^^^^^^^^^^^^^^
  File "C:\Users\Administrator\Documents\continuity-engine\src\continuity_engine\services\continuity_interaction_service.py", line 192, in submit
    return self._submit(payload, access_use=access_use, entry_message=entry_message)
           ~~~~~~~~~~~~^^^^^^^^^^^^^^^^^^^^^^^^^^^^^^^^^^^^^^^^^^^^^^^^^^^^^^^^^^^^^
  File "C:\Users\Administrator\Documents\continuity-engine\src\continuity_engine\services\continuity_interaction_service.py", line 333, in _submit
    raise IntegrationExecutionError(
    ...<4 lines>...
    ) from exc
continuity_engine.domain.errors.IntegrationExecutionError: Local integration encountered an unexpected execution fault during domain.

======================================================================
ERROR: test_simulated_ui_question_followup_reply_same_engine_and_matter (tests.test_w04_4_continuity.CrossEntryTests.test_simulated_ui_question_followup_reply_same_engine_and_matter)
----------------------------------------------------------------------
Traceback (most recent call last):
  File "C:\Users\Administrator\Documents\continuity-engine\src\continuity_engine\services\continuity_interaction_service.py", line 321, in _submit
    operation, thinking_execution = self._run_domain(request, operation, binding)
                                    ~~~~~~~~~~~~~~~~^^^^^^^^^^^^^^^^^^^^^^^^^^^^^
  File "C:\Users\Administrator\Documents\continuity-engine\src\continuity_engine\services\continuity_interaction_service.py", line 876, in _run_domain
    perception = self._continuity_core.prepare(perception, operation,
        **({'save_input': save_input} if operation.input_processing_enabled else {}),
        **({'save_recall':save_recall} if operation.recall_enabled else {}))
  File "C:\Users\Administrator\Documents\continuity-engine\src\continuity_engine\services\continuity_core_service.py", line 344, in prepare
    return self._prepare(perception, operation, save_input=save_input,save_recall=save_recall)
           ~~~~~~~~~~~~~^^^^^^^^^^^^^^^^^^^^^^^^^^^^^^^^^^^^^^^^^^^^^^^^^^^^^^^^^^^^^^^^^^^^^^
  File "C:\Users\Administrator\Documents\continuity-engine\src\continuity_engine\services\continuity_core_service.py", line 423, in _prepare
    route,composition,recall_record=self.recall.prepare(perception,operation,save_recall,
                                    ~~~~~~~~~~~~~~~~~~~^^^^^^^^^^^^^^^^^^^^^^^^^^^^^^^^^^
        attention=mind['influence']['attention'] if mind is not None else None)
        ^^^^^^^^^^^^^^^^^^^^^^^^^^^^^^^^^^^^^^^^^^^^^^^^^^^^^^^^^^^^^^^^^^^^^^^
  File "C:\Users\Administrator\Documents\continuity-engine\src\continuity_engine\services\associative_recall_service.py", line 100, in prepare
    return self._prepare(perception,operation,save,attention=attention)
           ~~~~~~~~~~~~~^^^^^^^^^^^^^^^^^^^^^^^^^^^^^^^^^^^^^^^^^^^^^^^
  File "C:\Users\Administrator\Documents\continuity-engine\src\continuity_engine\services\associative_recall_service.py", line 211, in _prepare
    raise CapabilityValidationError(stop)
continuity_engine.domain.errors.CapabilityValidationError: RECALL_TIMEOUT

The above exception was the direct cause of the following exception:

Traceback (most recent call last):
  File "C:\Users\Administrator\Documents\continuity-engine\tests\test_w04_4_continuity.py", line 62, in test_simulated_ui_question_followup_reply_same_engine_and_matter
    self.chain(ui=True)
    ~~~~~~~~~~^^^^^^^^^
  File "C:\Users\Administrator\Documents\continuity-engine\tests\test_w04_4_continuity.py", line 48, in chain
    response = self.f.submit('选河边店，窗边那张桌。', entry='entry:B', item_id=item.item_id,
                            reply_to=delivery['request_id'])
  File "C:\Users\Administrator\Documents\continuity-engine\src\continuity_engine\testing\w04_cross_entry_fixture.py", line 275, in submit
    return self.entries.receive(self.last_request, self.last_message)
           ~~~~~~~~~~~~~~~~~~~~^^^^^^^^^^^^^^^^^^^^^^^^^^^^^^^^^^^^^^
  File "C:\Users\Administrator\Documents\continuity-engine\src\continuity_engine\services\cross_entry_service.py", line 391, in receive
    return self.interaction.submit(payload, entry_message=message)
           ~~~~~~~~~~~~~~~~~~~~~~~^^^^^^^^^^^^^^^^^^^^^^^^^^^^^^^^
  File "C:\Users\Administrator\Documents\continuity-engine\src\continuity_engine\services\continuity_interaction_service.py", line 192, in submit
    return self._submit(payload, access_use=access_use, entry_message=entry_message)
           ~~~~~~~~~~~~^^^^^^^^^^^^^^^^^^^^^^^^^^^^^^^^^^^^^^^^^^^^^^^^^^^^^^^^^^^^^
  File "C:\Users\Administrator\Documents\continuity-engine\src\continuity_engine\services\continuity_interaction_service.py", line 333, in _submit
    raise IntegrationExecutionError(
    ...<4 lines>...
    ) from exc
continuity_engine.domain.errors.IntegrationExecutionError: Local integration encountered an unexpected execution fault during domain.

----------------------------------------------------------------------
Ran 2 tests in 41.902s

FAILED (errors=2)
