test_related_native_memory_cannot_bypass_entry_transfer_withdrawal (tests.test_w04_4_boundaries.EntryBoundaryTests.test_related_native_memory_cannot_bypass_entry_transfer_withdrawal) ... ok
test_api_question_followup_reply_same_engine_and_matter (tests.test_w04_4_continuity.CrossEntryTests.test_api_question_followup_reply_same_engine_and_matter) ... ERROR
{"test": "tests.test_w04_4_continuity.CrossEntryTests.test_api_question_followup_reply_same_engine_and_matter", "stage": "before-TEST-cleanup", "files": {"s/.p01-sandbox-root.v1.json": {"bytes": 98, "sha256": "3ced39d6b395df89d9b1f34e1b3faf46c14ccc6edab679a616f588a978e002f7"}, "s/s/s088a3cf4/b/b50d0e84c/branch-manifest.v1.json": {"bytes": 243, "sha256": "f429b34d39dd12bd3dd338dfe46c7a8208c5896c4f3235e141375ecdddd6c975"}, "s/s/s088a3cf4/b/b50d0e84c/data/awakening/cycles/23442bced1050c66c88c63c463e59f79c6cd9373769eb19a03625cde3f2082db.json": {"bytes": 253, "sha256": "f7e3749cc34d41bfd84bf659f2732c7e56fe80928582b82b55e411643aa4c875"}, "s/s/s088a3cf4/b/b50d0e84c/data/awakening/sessions/ccfc9d81d90eba8f3361464ed9ddcd7598cd4bf06b0bdc96ff50fda3ed988bc9/00334a5e3111ee9a2b76c2b56bd668177762cc0bdfa8465072ec331640e43c72.json": {"bytes": 84389, "sha256": "28e15d6723f4f25e8c435f7cf4476690fc7c94b27fe0a23f538518798acceecd"}, "s/s/s088a3cf4/b/b50d0e84c/data/awakening/sessions/ccfc9d81d90eba8f3361464ed9ddcd7598cd4bf06b0bdc96ff50fda3ed988bc9/72c1e4a7143c0c146bc621733883dc291e36dfc3fad7b028ce2b50cb3578251a.json": {"bytes": 10657, "sha256": "ed859788cd2e0a6be36f5ae0529e1b39d21b2697e59aa2e4593f30e83161fe78"}, "s/s/s088a3cf4/b/b50d0e84c/data/awakening/sessions/ccfc9d81d90eba8f3361464ed9ddcd7598cd4bf06b0bdc96ff50fda3ed988bc9/f5016470162fa8ca6636e233b312b8eb15e63b0c1b096856d1e398c508a042df.json": {"bytes": 17943, "sha256": "a7cfa89497ea2b9d9b0b329ea840b4a750cd3e026c42475989736d090642cc66"}, "s/s/s088a3cf4/b/b50d0e84c/data/c1-receipts/p08-fake-receipts.json": {"bytes": 148, "sha256": "a411df96a3b6eea514baf41f59d45ab70c55b96ee9f28e118d79525ea3bfe8c8"}, "s/s/s088a3cf4/b/b50d0e84c/data/clock/subject-clock.v1.json": {"bytes": 109, "sha256": "a12e3fbb74da240f6330c740f8c742b071e53b32f2f7187fb0b9938173b6c05f"}, "s/s/s088a3cf4/b/b50d0e84c/data/contradiction/test/ccfc9d81d90eba8f3361464ed9ddcd7598cd4bf06b0bdc96ff50fda3ed988bc9.json": {"bytes": 228, "sha256": "54f817f09995582039dcce13e3244fd8650ce2f2a080a5ae4639b84745b52bd1"}, "s/s/s088a3cf4/b/b50d0e84c/data/environment-access/test/5ee7a6cdce359ab69c731076ac4bb7d6dafca279d4d7ea2a8a2fb72c9f642a1d/attachments.v1.json": {"bytes": 8486, "sha256": "935f67b45b4fbbba65ba20a62947b1679952756994a7397cd10a88a34e3a5ab3"}, "s/s/s088a3cf4/b/b50d0e84c/data/environment-access/test/5ee7a6cdce359ab69c731076ac4bb7d6dafca279d4d7ea2a8a2fb72c9f642a1d/attachments.v1.lock": {"bytes": 1, "sha256": "5feceb66ffc86f38d952786c6d696c79c2dbc239dd4e91b46729d73a27fb57e9"}, "s/s/s088a3cf4/b/b50d0e84c/data/execution-outbox/test/5ee7a6cdce359ab69c731076ac4bb7d6dafca279d4d7ea2a8a2fb72c9f642a1d/delivery.v1.json": {"bytes": 1091, "sha256": "14601278b7909f890cb2a9983b4687fed3bc9ec7157cafeaea25aa87751b08e4"}, "s/s/s088a3cf4/b/b50d0e84c/data/execution-outbox/test/5ee7a6cdce359ab69c731076ac4bb7d6dafca279d4d7ea2a8a2fb72c9f642a1d/delivery.v1.lock": {"bytes": 1, "sha256": "5feceb66ffc86f38d952786c6d696c79c2dbc239dd4e91b46729d73a27fb57e9"}, "s/s/s088a3cf4/b/b50d0e84c/data/fixture/c1-profile.v1.json": {"bytes": 102, "sha256": "7a24f83fb155433c1e5ae54586588762079463409a6a91c1a0b0d2c9b8ad6032"}, "s/s/s088a3cf4/b/b50d0e84c/data/fixture/state-fixture.v1.json": {"bytes": 635, "sha256": "c61aafc8d0ee4f334e09364d60874e5633e80a675f0c6af7e7a20186984c752c"}, "s/s/s088a3cf4/b/b50d0e84c/data/integration/capability-ledger.v1.json": {"bytes": 32056, "sha256": "39dff6902c14b9dfa06c0c91f3f04331162307a79124ff946dbdcc5460f90a36"}, "s/s/s088a3cf4/b/b50d0e84c/data/integration/operation-journal.first-round-v1.json": {"bytes": 308707, "sha256": "d5bdcc09028bbe80650624721e6aeb905569b5e798259e553def8d0575618a04"}, "s/s/s088a3cf4/b/b50d0e84c/data/integration/result-ledger.first-round-v1.json": {"bytes": 1558, "sha256": "1af3b1238a88378631f5240ed148b9c3a4fdfd42644c924711aa76ad98a69fc5"}, "s/s/s088a3cf4/b/b50d0e84c/data/integration/subject-binding.runtime-v1.json": {"bytes": 613, "sha256": "c3e6ea0fa2bc19d57cb10429d48938fe9450942af13c291e48b06e1c38fa13c1"}, "s/s/s088a3cf4/b/b50d0e84c/data/learning/ccfc9d81d90eba8f3361464ed9ddcd7598cd4bf06b0bdc96ff50fda3ed988bc9.json": {"bytes": 2154, "sha256": "0cd7d365d19bd0c78eb3ae1754f13931d31e453e30b47be2fb6cdc89e75dc33e"}, "s/s/s088a3cf4/b/b50d0e84c/data/memory/test/ccfc9d81d90eba8f3361464ed9ddcd7598cd4bf06b0bdc96ff50fda3ed988bc9.json": {"bytes": 15255, "sha256": "f0c09b41675115ee84cdf50ea9097afb1f3682e552144b47351db3770a95874a"}, "s/s/s088a3cf4/b/b50d0e84c/data/persistent-runtime/owner.lock": {"bytes": 1, "sha256": "5feceb66ffc86f38d952786c6d696c79c2dbc239dd4e91b46729d73a27fb57e9"}, "s/s/s088a3cf4/b/b50d0e84c/data/persistent-runtime/runtime.v1.json": {"bytes": 784, "sha256": "7e2226950eaf61c0f0a763b260cfb576265e161c3b1b3a6f08250383bbf0348e"}, "s/s/s088a3cf4/b/b50d0e84c/data/persistent-runtime/runtime.v1.lock": {"bytes": 1, "sha256": "5feceb66ffc86f38d952786c6d696c79c2dbc239dd4e91b46729d73a27fb57e9"}, "s/s/s088a3cf4/b/b50d0e84c/data/resources/ccfc9d81d90eba8f3361464ed9ddcd7598cd4bf06b0bdc96ff50fda3ed988bc9.json": {"bytes": 4250, "sha256": "82cdf82f13619215e55744abe9d7a9fbc390512b790ca102c9103f19a0dd0c96"}, "s/s/s088a3cf4/b/b50d0e84c/data/scheduler/queue.v1.json": {"bytes": 2672, "sha256": "329983282473589ca542770427666b54794acac1521666ff9ae014b7a0107934"}, "s/s/s088a3cf4/b/b50d0e84c/data/subject-state/ccfc9d81d90eba8f3361464ed9ddcd7598cd4bf06b0bdc96ff50fda3ed988bc9.json": {"bytes": 56010, "sha256": "0289c3eaff0592465f2fcf3f0e5ab03b0ca6541b9c1dc0fcb1218eb4e67c390b"}, "s/s/s088a3cf4/b/b50d0e84c/data/test-actions/action-sessions.v1.json": {"bytes": 128, "sha256": "88a23df18067a4705860adba890df7508041066eb3d48e2d292b8f5f7bb01c2d"}, "s/s/s088a3cf4/b/b50d0e84c/data/test-indexes/events.v1.json": {"bytes": 138, "sha256": "afb0068af9cd037401656ee8e8fd873ae5b4a18988aa3bf917272e5d6f86df80"}, "s/s/s088a3cf4/b/b50d0e84c/data/test-indexes/evolution.v1.json": {"bytes": 141, "sha256": "5abf1fcd19fa829d33f92d64a1bcab05197d6f6cb4bdca1e32e59857f129f8da"}, "s/s/s088a3cf4/b/b50d0e84c/data/test-indexes/relationship-state.v1.json": {"bytes": 150, "sha256": "1559e7d751d561de4f4f0fd2c8f84283bfc9399494ae5e0a929b36bfba70b62d"}, "s/s/s088a3cf4/b/b50d0e84c/data/test-indexes/state-mutations.v1.json": {"bytes": 147, "sha256": "9a033582a1da8470be45e01000ff6e675f690c2ac091e5a370100efbe1e6ebca"}, "s/s/s088a3cf4/b/b50d0e84c/data/test-indexes/thinking-sessions.v1.json": {"bytes": 149, "sha256": "0a73cda7a1b3fd0262f1955fcad4592eff44325bb5d718ea9b2c79786dec3258"}, "s/s/s088a3cf4/b/b50d0e84c/data/test-indexes/wake-sessions.v1.json": {"bytes": 145, "sha256": "667a14944d91985ee774b9bab458478413b2f30501d6a5bf9ae4d20f234ad614"}, "s/s/s088a3cf4/b/b50d0e84c/data/test-memory/memory-ledger.v1.json": {"bytes": 631, "sha256": "a01aa62284861ef24a55fa4aade6a7ccfa5ddc49bf7ca08c5e4817d0f65404bf"}, "s/s/s088a3cf4/b/b50d0e84c/data/test-trace/subject-clock-trace.v1.json": {"bytes": 1558, "sha256": "8a872a3d715e11b3cda8a11bea7e8efabee2cf602c38e38479e023dc86090c1f"}, "s/s/s088a3cf4/b/b50d0e84c/data/thinking/sessions/ccfc9d81d90eba8f3361464ed9ddcd7598cd4bf06b0bdc96ff50fda3ed988bc9/4e3a70886f5b7dc0002ce78d075916ee9a48d6613afce3834258331b04779352.json": {"bytes": 108964, "sha256": "36342e444df7a15633e889832ecc5583d83d27d054e079b6e50c901fff17fb67"}, "s/s/s088a3cf4/b/b50d0e84c/data/thinking/sessions/ccfc9d81d90eba8f3361464ed9ddcd7598cd4bf06b0bdc96ff50fda3ed988bc9/bea72e3942384bb62c02a88c292ec8877e1df2e74c45123855c241f16d6320d4.json": {"bytes": 64757, "sha256": "496e07f0545aed0001702fc1fb531ffb8fccc4f6a3c4eb6412a177995c0593db"}, "s/s/s088a3cf4/b/b50d0e84c/data/worlds/entry-A/simulated-device.json": {"bytes": 3384, "sha256": "7180c8cee4d0e5df4737d869f18ccad423b12f560c1961e0ac596c191302a2d3"}, "s/s/s088a3cf4/b/b50d0e84c/data/worlds/entry-A/simulated-device.lock": {"bytes": 1, "sha256": "5feceb66ffc86f38d952786c6d696c79c2dbc239dd4e91b46729d73a27fb57e9"}, "s/s/s088a3cf4/b/b50d0e84c/data/worlds/entry-B/simulated-device.json": {"bytes": 3384, "sha256": "1f896ae5210846fd394b877dc8eb8f98d1ae039d5d96b45f0fc9e2f9c5b639ac"}, "s/s/s088a3cf4/b/b50d0e84c/data/worlds/entry-B/simulated-device.lock": {"bytes": 1, "sha256": "5feceb66ffc86f38d952786c6d696c79c2dbc239dd4e91b46729d73a27fb57e9"}, "s/s/s088a3cf4/sandbox-manifest.v1.json": {"bytes": 916, "sha256": "90eaaffa7e973326077081d4b833cbbf67069b6d4e5dd951b58aef19ca1ddcb8"}, "s/sandbox-registry.v1.json": {"bytes": 479, "sha256": "8e4bf1486751a54a9dc4d51d2d8e2e7c3e087f373d01df0737f27217c85a78f6"}}}

======================================================================
ERROR: test_api_question_followup_reply_same_engine_and_matter (tests.test_w04_4_continuity.CrossEntryTests.test_api_question_followup_reply_same_engine_and_matter)
----------------------------------------------------------------------
Traceback (most recent call last):
  File "C:\Users\Administrator\Documents\continuity-engine\src\continuity_engine\services\continuity_interaction_service.py", line 324, in _submit
    operation, thinking_execution = self._run_domain(request, operation, binding)
                                    ~~~~~~~~~~~~~~~~^^^^^^^^^^^^^^^^^^^^^^^^^^^^^
  File "C:\Users\Administrator\Documents\continuity-engine\src\continuity_engine\services\continuity_interaction_service.py", line 879, in _run_domain
    perception = self._continuity_core.prepare(perception, operation,
        **({'save_input': save_input} if operation.input_processing_enabled else {}),
        **({'save_recall':save_recall} if operation.recall_enabled else {}))
  File "C:\Users\Administrator\Documents\continuity-engine\src\continuity_engine\services\continuity_core_service.py", line 348, in prepare
    return self._prepare(perception, operation, save_input=save_input,save_recall=save_recall)
           ~~~~~~~~~~~~~^^^^^^^^^^^^^^^^^^^^^^^^^^^^^^^^^^^^^^^^^^^^^^^^^^^^^^^^^^^^^^^^^^^^^^
  File "C:\Users\Administrator\Documents\continuity-engine\src\continuity_engine\services\continuity_core_service.py", line 427, in _prepare
    route,composition,recall_record=self.recall.prepare(perception,operation,save_recall,
                                    ~~~~~~~~~~~~~~~~~~~^^^^^^^^^^^^^^^^^^^^^^^^^^^^^^^^^^
        attention=mind['influence']['attention'] if mind is not None else None)
        ^^^^^^^^^^^^^^^^^^^^^^^^^^^^^^^^^^^^^^^^^^^^^^^^^^^^^^^^^^^^^^^^^^^^^^^
  File "C:\Users\Administrator\Documents\continuity-engine\src\continuity_engine\services\associative_recall_service.py", line 100, in prepare
    return self._prepare(perception,operation,save,attention=attention)
           ~~~~~~~~~~~~~^^^^^^^^^^^^^^^^^^^^^^^^^^^^^^^^^^^^^^^^^^^^^^^
  File "C:\Users\Administrator\Documents\continuity-engine\src\continuity_engine\services\associative_recall_service.py", line 211, in _prepare
    raise CapabilityValidationError(stop)
continuity_engine.domain.errors.CapabilityValidationError: RECALL_TIMEOUT

The above exception was the direct cause of the following exception:

Traceback (most recent call last):
  File "C:\Users\Administrator\Documents\continuity-engine\tests\test_w04_4_continuity.py", line 66, in test_api_question_followup_reply_same_engine_and_matter
    self.chain()
    ~~~~~~~~~~^^
  File "C:\Users\Administrator\Documents\continuity-engine\tests\test_w04_4_continuity.py", line 55, in chain
    response = self.f.submit('选河边店，窗边那张桌。', entry='entry:B', item_id=item.item_id,
                            reply_to=delivery['request_id'])
  File "C:\Users\Administrator\Documents\continuity-engine\src\continuity_engine\testing\w04_cross_entry_fixture.py", line 275, in submit
    return self.entries.receive(self.last_request, self.last_message)
           ~~~~~~~~~~~~~~~~~~~~^^^^^^^^^^^^^^^^^^^^^^^^^^^^^^^^^^^^^^
  File "C:\Users\Administrator\Documents\continuity-engine\src\continuity_engine\services\cross_entry_service.py", line 539, in receive
    return self.interaction.submit(payload, entry_message=message)
           ~~~~~~~~~~~~~~~~~~~~~~~^^^^^^^^^^^^^^^^^^^^^^^^^^^^^^^^
  File "C:\Users\Administrator\Documents\continuity-engine\src\continuity_engine\services\continuity_interaction_service.py", line 192, in submit
    return self._submit(payload, access_use=access_use, entry_message=entry_message)
           ~~~~~~~~~~~~^^^^^^^^^^^^^^^^^^^^^^^^^^^^^^^^^^^^^^^^^^^^^^^^^^^^^^^^^^^^^
  File "C:\Users\Administrator\Documents\continuity-engine\src\continuity_engine\services\continuity_interaction_service.py", line 336, in _submit
    raise IntegrationExecutionError(
    ...<4 lines>...
    ) from exc
continuity_engine.domain.errors.IntegrationExecutionError: Local integration encountered an unexpected execution fault during domain.

----------------------------------------------------------------------
Ran 2 tests in 23.257s

FAILED (errors=1)
