test_discovery_history_body_and_native_cross_entry_share_authorities (tests.test_w04_package.W04PackageTests.test_discovery_history_body_and_native_cross_entry_share_authorities) ... ERROR
{"test": "tests.test_w04_package.W04PackageTests.test_discovery_history_body_and_native_cross_entry_share_authorities", "stage": "before-TEST-cleanup", "files": {"s/.p01-sandbox-root.v1.json": {"bytes": 98, "sha256": "3ced39d6b395df89d9b1f34e1b3faf46c14ccc6edab679a616f588a978e002f7"}, "s/s/sef604c1f/b/b6130739e/branch-manifest.v1.json": {"bytes": 243, "sha256": "b0d1b916ec02172538af0ad9b8a10ebd28cd0ec9cd15bebf4f0be393431b2bde"}, "s/s/sef604c1f/b/b6130739e/data/awakening/cycles/0ad3505d583ea5b403bfd9bd525a5d164f81057ea594aa1bcb0001a85b1da7b6.json": {"bytes": 253, "sha256": "04da5e14e5b8156c97176aef691c5952505f9e18082dcd2ddaef7c8ae917faff"}, "s/s/sef604c1f/b/b6130739e/data/awakening/sessions/adea87c020301d8c28c984ab7b87a0b6f87d884985ac31a12b4ec128b7d1aad1/6e5eeaf1e908edcc39a1159d5db98e1a0fbcc93c7951547c405529d2e0262611.json": {"bytes": 10657, "sha256": "a450b859a3a0cfe469c0e052f6771eb2aaf009f613c64e25f3a9de579ba0c220"}, "s/s/sef604c1f/b/b6130739e/data/awakening/sessions/adea87c020301d8c28c984ab7b87a0b6f87d884985ac31a12b4ec128b7d1aad1/9468539ff8fab416118e52b183d731363413437d7d0c0dc06fcdc1424f650c16.json": {"bytes": 10657, "sha256": "1f2ee39ded95646451e6759276f453bddf23a0704363514caf16bd2c9f78db85"}, "s/s/sef604c1f/b/b6130739e/data/awakening/sessions/adea87c020301d8c28c984ab7b87a0b6f87d884985ac31a12b4ec128b7d1aad1/d08f9e3bd8326830f354956ed8236be7b2ae0509e60bb8e24faf497fc4830d35.json": {"bytes": 10657, "sha256": "a521e3bc242515c8f078f08b0c37e84f8cff81d42474e1038938cde798ee07f2"}, "s/s/sef604c1f/b/b6130739e/data/c1-receipts/p08-fake-receipts.json": {"bytes": 148, "sha256": "a411df96a3b6eea514baf41f59d45ab70c55b96ee9f28e118d79525ea3bfe8c8"}, "s/s/sef604c1f/b/b6130739e/data/clock/subject-clock.v1.json": {"bytes": 109, "sha256": "9215b6977c7811370330d01c8bfe7e63b8e43ba8b12a8f09d85b24e7efac24ad"}, "s/s/sef604c1f/b/b6130739e/data/contradiction/test/adea87c020301d8c28c984ab7b87a0b6f87d884985ac31a12b4ec128b7d1aad1.json": {"bytes": 228, "sha256": "9d2b21d32567e7b666c6e634108538af61233fd6824b4f0ab2e77a4415cc66f0"}, "s/s/sef604c1f/b/b6130739e/data/environment-access/test/fef1edba1400303fee281a36e9ff1ec5b20730a9386d166002a5c92bdf5c6a54/attachments.v1.json": {"bytes": 10922, "sha256": "675142df3d87fb94f14c2bc98b7796003ec396f1fa2ec43867f8dfdeae0e98fe"}, "s/s/sef604c1f/b/b6130739e/data/environment-access/test/fef1edba1400303fee281a36e9ff1ec5b20730a9386d166002a5c92bdf5c6a54/attachments.v1.lock": {"bytes": 1, "sha256": "5feceb66ffc86f38d952786c6d696c79c2dbc239dd4e91b46729d73a27fb57e9"}, "s/s/sef604c1f/b/b6130739e/data/execution-outbox/test/fef1edba1400303fee281a36e9ff1ec5b20730a9386d166002a5c92bdf5c6a54/delivery.v1.json": {"bytes": 1967, "sha256": "156ceadb53c7b9cb6120b41bb033ca72a47cd67fdf87648340102ff71c526121"}, "s/s/sef604c1f/b/b6130739e/data/execution-outbox/test/fef1edba1400303fee281a36e9ff1ec5b20730a9386d166002a5c92bdf5c6a54/delivery.v1.lock": {"bytes": 1, "sha256": "5feceb66ffc86f38d952786c6d696c79c2dbc239dd4e91b46729d73a27fb57e9"}, "s/s/sef604c1f/b/b6130739e/data/external-providers/test/fef1edba1400303fee281a36e9ff1ec5b20730a9386d166002a5c92bdf5c6a54/cache.json": {"bytes": 3353, "sha256": "00933d612e21e8543b883d1f623bc84134ad83f30e121dc802dd67825963a512"}, "s/s/sef604c1f/b/b6130739e/data/external-providers/test/fef1edba1400303fee281a36e9ff1ec5b20730a9386d166002a5c92bdf5c6a54/registry.json": {"bytes": 1850, "sha256": "28949e3a6a61e86cbf8b3a5361ddde1df1ad7d4fd29e638971fc111b7388f2a7"}, "s/s/sef604c1f/b/b6130739e/data/fixture/c1-profile.v1.json": {"bytes": 102, "sha256": "1bca2479a419533c7ca4bc05945fdc1cafa14301b75e2ebc14b6f0cd645d813c"}, "s/s/sef604c1f/b/b6130739e/data/fixture/p16-control.json": {"bytes": 504, "sha256": "4294af9c4ea2ca79491d6daa477e1a2bf3cb9e16aed2bf1729716c88778c6144"}, "s/s/sef604c1f/b/b6130739e/data/fixture/p16-profile.json": {"bytes": 96, "sha256": "d6294d0ccc66051473633e50d6ce1b0a562b73c2cbfe2afd6fc99d11b2ed4dbc"}, "s/s/sef604c1f/b/b6130739e/data/fixture/state-fixture.v1.json": {"bytes": 635, "sha256": "f16bc67f6fc2b7ce3932ccf4b8cd053f91528a919102622b82e0fe12bee9a42e"}, "s/s/sef604c1f/b/b6130739e/data/fixture/tool-grants.json": {"bytes": 154, "sha256": "d8c8246f63b9d7532c0d55a929c1fe46e668befbeff8f52d44a5e71db50f4f1d"}, "s/s/sef604c1f/b/b6130739e/data/integration/capability-ledger.v1.json": {"bytes": 64735, "sha256": "cbfb5d7b4063f7934e1deb1a9a283c40e6cd2c8cc4a4dd3d81e7284c8605687d"}, "s/s/sef604c1f/b/b6130739e/data/integration/operation-journal.first-round-v1.json": {"bytes": 323235, "sha256": "99db94511313cd5dd5ba5d10607dfa6e9d340ac510654ad36fd666d867bb4526"}, "s/s/sef604c1f/b/b6130739e/data/integration/result-ledger.first-round-v1.json": {"bytes": 3108, "sha256": "686ad0638512224978188a07e276fecd67c0331fde8516bfd665269917b57127"}, "s/s/sef604c1f/b/b6130739e/data/integration/subject-binding.runtime-v1.json": {"bytes": 613, "sha256": "290d62f106d4ff12b7f5e97fe6590550ca269c4ad2bef159bb50f5b09ad4f289"}, "s/s/sef604c1f/b/b6130739e/data/learning/adea87c020301d8c28c984ab7b87a0b6f87d884985ac31a12b4ec128b7d1aad1.json": {"bytes": 2154, "sha256": "a8901b6061e08d020103f7a141361676fb329696a124ac6f8b8bc2d5e1eafe25"}, "s/s/sef604c1f/b/b6130739e/data/memory/test/adea87c020301d8c28c984ab7b87a0b6f87d884985ac31a12b4ec128b7d1aad1.json": {"bytes": 4202, "sha256": "9d67ea5da97f684f07c094bf1eab4bcd7d4d4be0390973a55fafdf460d9f94ee"}, "s/s/sef604c1f/b/b6130739e/data/p16-fake/facts.json": {"bytes": 4184, "sha256": "29fdadfc988912a62a14f34984814778d0bb7ccfdb55eb1532b4dfa36d3a4863"}, "s/s/sef604c1f/b/b6130739e/data/resources/adea87c020301d8c28c984ab7b87a0b6f87d884985ac31a12b4ec128b7d1aad1.json": {"bytes": 437, "sha256": "7e3c3e8d7938efc3d9ae9fe2ca52e78fd037ecfdc95f024fa49fb6f4b345f95f"}, "s/s/sef604c1f/b/b6130739e/data/subject-state/adea87c020301d8c28c984ab7b87a0b6f87d884985ac31a12b4ec128b7d1aad1.json": {"bytes": 4912, "sha256": "7986ae2fd67eed9066d22185cba4e1d8b6a700ae23567f953d2567f34aae4c10"}, "s/s/sef604c1f/b/b6130739e/data/test-actions/action-sessions.v1.json": {"bytes": 128, "sha256": "7dd16f7aaf7e800f6866150e11be4fe066f5df75f20885a37b21eec17d34fa9b"}, "s/s/sef604c1f/b/b6130739e/data/test-indexes/events.v1.json": {"bytes": 138, "sha256": "bf60d8a944150a02fab0e045dd875a08db862f3b5abdb61c6446dd103a2a14f6"}, "s/s/sef604c1f/b/b6130739e/data/test-indexes/evolution.v1.json": {"bytes": 141, "sha256": "9b83923e3e676dfbed4f8995f0da5bcad85e82483a2ea0e8064b4da9710d2475"}, "s/s/sef604c1f/b/b6130739e/data/test-indexes/relationship-state.v1.json": {"bytes": 150, "sha256": "b6cfeeb6fdb742b05a9e75ce8e46877016a2b32b5e5c1416c6e0cf14411e99eb"}, "s/s/sef604c1f/b/b6130739e/data/test-indexes/state-mutations.v1.json": {"bytes": 147, "sha256": "a4fc137c9003fba6366f1f226f3b7675185a87c014b457ed63ab74ef9a282a3f"}, "s/s/sef604c1f/b/b6130739e/data/test-indexes/thinking-sessions.v1.json": {"bytes": 149, "sha256": "8b7c75a0d348d6e337b515abab074d0bd5d2e00b2702ab374ef98b3e93a3a38f"}, "s/s/sef604c1f/b/b6130739e/data/test-indexes/wake-sessions.v1.json": {"bytes": 145, "sha256": "329cfd43c513f01fd98b867f59c46f2dac4c849367e667e0b0d6727e344a9f80"}, "s/s/sef604c1f/b/b6130739e/data/test-memory/memory-ledger.v1.json": {"bytes": 631, "sha256": "0ff86cb290ae4b822d9ae0595997fff353448beeaaea111844be5b787633058d"}, "s/s/sef604c1f/b/b6130739e/data/test-trace/subject-clock-trace.v1.json": {"bytes": 1558, "sha256": "86cfbab725d0166e650454b2cb3f15080e27b51f199bb7316104f7073c86ed38"}, "s/s/sef604c1f/b/b6130739e/data/thinking/sessions/adea87c020301d8c28c984ab7b87a0b6f87d884985ac31a12b4ec128b7d1aad1/b4968db72c1cfc2b52eddb7a238506a59382ec01569830037f7c2068f92a9d58.json": {"bytes": 54177, "sha256": "6a36a20d6ec8114f438b22c570258ba0daa4cbbeb430515ca8057c6fcdb54bf7"}, "s/s/sef604c1f/b/b6130739e/data/thinking/sessions/adea87c020301d8c28c984ab7b87a0b6f87d884985ac31a12b4ec128b7d1aad1/dc8804e96bf2c7f3b4bd192452105532b176e66b6d9c5f9bcb7bc364db38a8ef.json": {"bytes": 73580, "sha256": "4f48b6535b4b852abc68ab741487b527c59673a1860b0b0db5edb1e9975a4010"}, "s/s/sef604c1f/b/b6130739e/data/worlds/entry-A/simulated-device.json": {"bytes": 3438, "sha256": "afa940c884824ecf856b88f60eac3137aa0582a5760c1f776dc79311c9339449"}, "s/s/sef604c1f/b/b6130739e/data/worlds/entry-A/simulated-device.lock": {"bytes": 1, "sha256": "5feceb66ffc86f38d952786c6d696c79c2dbc239dd4e91b46729d73a27fb57e9"}, "s/s/sef604c1f/b/b6130739e/data/worlds/tools/connections.json": {"bytes": 2760, "sha256": "641741a32002c0f7fc9b36b21d1ba8b3e509b698364ef76ecc9879f033d24b05"}, "s/s/sef604c1f/b/b6130739e/data/worlds/tools/connections.lock": {"bytes": 1, "sha256": "5feceb66ffc86f38d952786c6d696c79c2dbc239dd4e91b46729d73a27fb57e9"}, "s/s/sef604c1f/b/b6130739e/data/worlds/w04-device/simulated-device.json": {"bytes": 4031, "sha256": "98c5571d14c2b848a4ac89499c22007dede28a1fefb8dfe7df973f6aca4557cc"}, "s/s/sef604c1f/b/b6130739e/data/worlds/w04-device/simulated-device.lock": {"bytes": 1, "sha256": "5feceb66ffc86f38d952786c6d696c79c2dbc239dd4e91b46729d73a27fb57e9"}, "s/s/sef604c1f/sandbox-manifest.v1.json": {"bytes": 928, "sha256": "1eae2c03eac526ed56fef5c34563fcd755fb76bebbe1561b04db20d907e98483"}, "s/sandbox-registry.v1.json": {"bytes": 485, "sha256": "12998618d33fd9bed8368e350250bf6604913e8ae77ba4d6477a8e242c6e400b"}}}

======================================================================
ERROR: test_discovery_history_body_and_native_cross_entry_share_authorities (tests.test_w04_package.W04PackageTests.test_discovery_history_body_and_native_cross_entry_share_authorities)
----------------------------------------------------------------------
Traceback (most recent call last):
  File "C:\Users\Administrator\Documents\continuity-engine\src\continuity_engine\services\continuity_interaction_service.py", line 324, in _submit
    operation, thinking_execution = self._run_domain(request, operation, binding)
                                    ~~~~~~~~~~~~~~~~^^^^^^^^^^^^^^^^^^^^^^^^^^^^^
  File "C:\Users\Administrator\Documents\continuity-engine\src\continuity_engine\services\continuity_interaction_service.py", line 879, in _run_domain
    perception = self._continuity_core.prepare(perception, operation,
        **({'save_input': save_input} if operation.input_processing_enabled else {}),
        **({'save_recall':save_recall} if operation.recall_enabled else {}))
  File "C:\Users\Administrator\Documents\continuity-engine\src\continuity_engine\services\continuity_core_service.py", line 348, in prepare
    return self._prepare(perception, operation, save_input=save_input,save_recall=save_recall)
           ~~~~~~~~~~~~~^^^^^^^^^^^^^^^^^^^^^^^^^^^^^^^^^^^^^^^^^^^^^^^^^^^^^^^^^^^^^^^^^^^^^^
  File "C:\Users\Administrator\Documents\continuity-engine\src\continuity_engine\services\continuity_core_service.py", line 427, in _prepare
    route,composition,recall_record=self.recall.prepare(perception,operation,save_recall,
                                    ~~~~~~~~~~~~~~~~~~~^^^^^^^^^^^^^^^^^^^^^^^^^^^^^^^^^^
        attention=mind['influence']['attention'] if mind is not None else None)
        ^^^^^^^^^^^^^^^^^^^^^^^^^^^^^^^^^^^^^^^^^^^^^^^^^^^^^^^^^^^^^^^^^^^^^^^
  File "C:\Users\Administrator\Documents\continuity-engine\src\continuity_engine\services\associative_recall_service.py", line 100, in prepare
    return self._prepare(perception,operation,save,attention=attention)
           ~~~~~~~~~~~~~^^^^^^^^^^^^^^^^^^^^^^^^^^^^^^^^^^^^^^^^^^^^^^^
  File "C:\Users\Administrator\Documents\continuity-engine\src\continuity_engine\services\associative_recall_service.py", line 211, in _prepare
    raise CapabilityValidationError(stop)
continuity_engine.domain.errors.CapabilityValidationError: RECALL_TIMEOUT

The above exception was the direct cause of the following exception:

Traceback (most recent call last):
  File "C:\Users\Administrator\Documents\continuity-engine\tests\test_w04_package.py", line 46, in test_discovery_history_body_and_native_cross_entry_share_authorities
    f.submit('周六选河边店还是山坡店？')
    ~~~~~~~~^^^^^^^^^^^^^^^^^^^^^^^^^^^^
  File "C:\Users\Administrator\Documents\continuity-engine\src\continuity_engine\testing\w04_cross_entry_fixture.py", line 309, in submit
    return self.entries.receive(self.last_request, self.last_message)
           ~~~~~~~~~~~~~~~~~~~~^^^^^^^^^^^^^^^^^^^^^^^^^^^^^^^^^^^^^^
  File "C:\Users\Administrator\Documents\continuity-engine\src\continuity_engine\services\cross_entry_service.py", line 562, in receive
    return self.interaction.submit(payload, entry_message=message)
           ~~~~~~~~~~~~~~~~~~~~~~~^^^^^^^^^^^^^^^^^^^^^^^^^^^^^^^^
  File "C:\Users\Administrator\Documents\continuity-engine\src\continuity_engine\services\continuity_interaction_service.py", line 192, in submit
    return self._submit(payload, access_use=access_use, entry_message=entry_message)
           ~~~~~~~~~~~~^^^^^^^^^^^^^^^^^^^^^^^^^^^^^^^^^^^^^^^^^^^^^^^^^^^^^^^^^^^^^
  File "C:\Users\Administrator\Documents\continuity-engine\src\continuity_engine\services\continuity_interaction_service.py", line 336, in _submit
    raise IntegrationExecutionError(
    ...<4 lines>...
    ) from exc
continuity_engine.domain.errors.IntegrationExecutionError: Local integration encountered an unexpected execution fault during domain.

----------------------------------------------------------------------
Ran 1 test in 12.291s

FAILED (errors=1)
