test_discovery_history_body_and_native_cross_entry_share_authorities (tests.test_w04_package.W04PackageTests.test_discovery_history_body_and_native_cross_entry_share_authorities) ... ERROR
{"test": "tests.test_w04_package.W04PackageTests.test_discovery_history_body_and_native_cross_entry_share_authorities", "stage": "before-TEST-cleanup", "files": {"s/.p01-sandbox-root.v1.json": {"bytes": 98, "sha256": "3ced39d6b395df89d9b1f34e1b3faf46c14ccc6edab679a616f588a978e002f7"}, "s/s/sac5862f9/b/b1988f49d/branch-manifest.v1.json": {"bytes": 243, "sha256": "1f9a187a1966027da12fc90ded734d41c30c4e06f759fba77af9c5bf4f7d8832"}, "s/s/sac5862f9/b/b1988f49d/data/awakening/cycles/6642483f4a767b7c3bcb4b0cce42bdf2921774d3d88498948b79035eb44ba8ae.json": {"bytes": 253, "sha256": "78f2108d5d5da7e59949f97c31701f0e7f681b96ad7dd754b3e02f9bd269884e"}, "s/s/sac5862f9/b/b1988f49d/data/awakening/sessions/4df28f5bbea233fee2048699d09da30e70b21c310c4738f765d4ad3080848113/7f52dbfda8fd609e1d985b95f0af77bd363be85753a59bb906f39af5355c5ed9.json": {"bytes": 10657, "sha256": "3203fefaac1466194b145592bb1e05031ffa4ff24320e6c696d3de2e7c0b040c"}, "s/s/sac5862f9/b/b1988f49d/data/awakening/sessions/4df28f5bbea233fee2048699d09da30e70b21c310c4738f765d4ad3080848113/9d8a4feff98fd0b4bb6108607387f3e85bdf28ab2036c84ec926e60ae0f5e208.json": {"bytes": 10657, "sha256": "49f695e87cd86e3c3df5f24c90d9998bfc1aa74dabf3ef28b623c5e6a943197b"}, "s/s/sac5862f9/b/b1988f49d/data/awakening/sessions/4df28f5bbea233fee2048699d09da30e70b21c310c4738f765d4ad3080848113/c4d808a3fb1e6ee41f594924248e7ed6d9e6f52c9f8563d70da18636430a358c.json": {"bytes": 10657, "sha256": "d59bb9ff9b8b12839c0f17809b61229ee6f4c71f2e0d186f5029657cf3a3b6e4"}, "s/s/sac5862f9/b/b1988f49d/data/c1-receipts/p08-fake-receipts.json": {"bytes": 148, "sha256": "a411df96a3b6eea514baf41f59d45ab70c55b96ee9f28e118d79525ea3bfe8c8"}, "s/s/sac5862f9/b/b1988f49d/data/clock/subject-clock.v1.json": {"bytes": 109, "sha256": "9215b6977c7811370330d01c8bfe7e63b8e43ba8b12a8f09d85b24e7efac24ad"}, "s/s/sac5862f9/b/b1988f49d/data/contradiction/test/4df28f5bbea233fee2048699d09da30e70b21c310c4738f765d4ad3080848113.json": {"bytes": 228, "sha256": "9c9bbba6b0568aeb2cc020086a9bd24c62f37b157cbd954106193cbf1a8ad733"}, "s/s/sac5862f9/b/b1988f49d/data/environment-access/test/b1ad9187d01613b8183219182411c3235e46f8910483d015552d293745ce48e8/attachments.v1.json": {"bytes": 10922, "sha256": "11d83b5c25031d796a3057474e40263000ec54a74dcf5c9c0b5b95fee9e97b30"}, "s/s/sac5862f9/b/b1988f49d/data/environment-access/test/b1ad9187d01613b8183219182411c3235e46f8910483d015552d293745ce48e8/attachments.v1.lock": {"bytes": 1, "sha256": "5feceb66ffc86f38d952786c6d696c79c2dbc239dd4e91b46729d73a27fb57e9"}, "s/s/sac5862f9/b/b1988f49d/data/execution-outbox/test/b1ad9187d01613b8183219182411c3235e46f8910483d015552d293745ce48e8/delivery.v1.json": {"bytes": 1967, "sha256": "678e7232584ca81e5c3fed4fb8e9b135e6136a1b3a447af4b81ebefe1977248b"}, "s/s/sac5862f9/b/b1988f49d/data/execution-outbox/test/b1ad9187d01613b8183219182411c3235e46f8910483d015552d293745ce48e8/delivery.v1.lock": {"bytes": 1, "sha256": "5feceb66ffc86f38d952786c6d696c79c2dbc239dd4e91b46729d73a27fb57e9"}, "s/s/sac5862f9/b/b1988f49d/data/external-providers/test/b1ad9187d01613b8183219182411c3235e46f8910483d015552d293745ce48e8/cache.json": {"bytes": 3353, "sha256": "cef002b101db0d7d37e166a4f18f2f5ee991a97cd2b8b9165e8cce0ee407a796"}, "s/s/sac5862f9/b/b1988f49d/data/external-providers/test/b1ad9187d01613b8183219182411c3235e46f8910483d015552d293745ce48e8/registry.json": {"bytes": 1850, "sha256": "7fd0228c3d364c69231b7cfabcc292cfa94bafac69b08b520f7a8e364ff842c8"}, "s/s/sac5862f9/b/b1988f49d/data/fixture/c1-profile.v1.json": {"bytes": 102, "sha256": "2897999aa5f1d6be075bc383555790c02d3319ee979a6eb6fb7cdd7b9ae57f02"}, "s/s/sac5862f9/b/b1988f49d/data/fixture/p16-control.json": {"bytes": 504, "sha256": "83bb77ae5bdc50d38d81e5a8c53b2784c6b0bf137f9d3ca087dbc1cd6a208726"}, "s/s/sac5862f9/b/b1988f49d/data/fixture/p16-profile.json": {"bytes": 96, "sha256": "1d761a61926b9038ba59dacf5ace6a58bd715f46ca0e22892930d2531e272e4c"}, "s/s/sac5862f9/b/b1988f49d/data/fixture/state-fixture.v1.json": {"bytes": 635, "sha256": "f1c94f7e37107f868cda9a964392f703b77f3b7e1ae2ba40039bef6a7fac0a61"}, "s/s/sac5862f9/b/b1988f49d/data/fixture/tool-grants.json": {"bytes": 154, "sha256": "d8c8246f63b9d7532c0d55a929c1fe46e668befbeff8f52d44a5e71db50f4f1d"}, "s/s/sac5862f9/b/b1988f49d/data/integration/capability-ledger.v1.json": {"bytes": 64735, "sha256": "8efe28421367257aaa8fe4c7946b1aafbf1db9985e9355f3307a6cbb7b27f261"}, "s/s/sac5862f9/b/b1988f49d/data/integration/operation-journal.first-round-v1.json": {"bytes": 323232, "sha256": "f2d2b0d3f0d4f53ea85480f569f9ca3993860b29a8ac46359b3046290487ce14"}, "s/s/sac5862f9/b/b1988f49d/data/integration/result-ledger.first-round-v1.json": {"bytes": 3108, "sha256": "9f6884c7afa6e0f316fa83e9635eac6ae818ba3896308dfee04c13c50e529c33"}, "s/s/sac5862f9/b/b1988f49d/data/integration/subject-binding.runtime-v1.json": {"bytes": 613, "sha256": "b78204641216e8b886bf3cdbb76e7b93b654059e7e01498a702f89d84c939d13"}, "s/s/sac5862f9/b/b1988f49d/data/learning/4df28f5bbea233fee2048699d09da30e70b21c310c4738f765d4ad3080848113.json": {"bytes": 2154, "sha256": "964c187b9e2cc519ec9d5979eb0a8ce1bafa4e870a88fd9032b2ba0d763c6383"}, "s/s/sac5862f9/b/b1988f49d/data/memory/test/4df28f5bbea233fee2048699d09da30e70b21c310c4738f765d4ad3080848113.json": {"bytes": 4202, "sha256": "0629f8a0b66fc7cabeac5717e33d9f40673858814dfd02cdeb49a66b3db49057"}, "s/s/sac5862f9/b/b1988f49d/data/p16-fake/facts.json": {"bytes": 4184, "sha256": "b37559d33ff9864d8daf47db10b7184da9984db58106535fa76b600eeba269f1"}, "s/s/sac5862f9/b/b1988f49d/data/resources/4df28f5bbea233fee2048699d09da30e70b21c310c4738f765d4ad3080848113.json": {"bytes": 437, "sha256": "ad76b0948bace6465c083f0bc62166d6760a0ab86e005e01f800ec76fb9d9a8b"}, "s/s/sac5862f9/b/b1988f49d/data/subject-state/4df28f5bbea233fee2048699d09da30e70b21c310c4738f765d4ad3080848113.json": {"bytes": 4912, "sha256": "844aeda7deef938f225ebad46251d8cefd6042af56dfa336427ddf4e89cc6363"}, "s/s/sac5862f9/b/b1988f49d/data/test-actions/action-sessions.v1.json": {"bytes": 128, "sha256": "b9bc11a15e4764c7388a6453937ff485357124b3f5390a1e8e1c1dd343bdf9ca"}, "s/s/sac5862f9/b/b1988f49d/data/test-indexes/events.v1.json": {"bytes": 138, "sha256": "57fb3672a2f593df3f9fe7f60d8c788412c0d70c360ab5613df14b6146e2910a"}, "s/s/sac5862f9/b/b1988f49d/data/test-indexes/evolution.v1.json": {"bytes": 141, "sha256": "5eae9439d16167324a52d7d565cf52614276ae2df7bf6a0a3de9fc7452153f64"}, "s/s/sac5862f9/b/b1988f49d/data/test-indexes/relationship-state.v1.json": {"bytes": 150, "sha256": "16e94cc0d3f1240266be56a72aa3f1d44cfaddf1c19034ca93123e1c7671d407"}, "s/s/sac5862f9/b/b1988f49d/data/test-indexes/state-mutations.v1.json": {"bytes": 147, "sha256": "4ac713189e0c363942a19ebefe07cc6d7b47d77ee5c1250927d4329b3fc7a176"}, "s/s/sac5862f9/b/b1988f49d/data/test-indexes/thinking-sessions.v1.json": {"bytes": 149, "sha256": "874551725ccc5667716af2863758722aaffefde93070ccf2129c3166a8b04923"}, "s/s/sac5862f9/b/b1988f49d/data/test-indexes/wake-sessions.v1.json": {"bytes": 145, "sha256": "44f0c0aadf12a9a9a0afc7c9050e25007bb944bd2a2c871f9ea220f009f72e4d"}, "s/s/sac5862f9/b/b1988f49d/data/test-memory/memory-ledger.v1.json": {"bytes": 631, "sha256": "ad9d0217fae1acf2c0fed12ea927b63c153718cf2a4cec5914d99ea54b3bc9e3"}, "s/s/sac5862f9/b/b1988f49d/data/test-trace/subject-clock-trace.v1.json": {"bytes": 1558, "sha256": "8db738738ef315442724fbf727c0cc4aab8db78fc5262a9bd593d049843e252a"}, "s/s/sac5862f9/b/b1988f49d/data/thinking/sessions/4df28f5bbea233fee2048699d09da30e70b21c310c4738f765d4ad3080848113/abf182f0b8adf50c1957742cf5b884ae3664feaa5ea38cf52d458b6bdd7fb703.json": {"bytes": 54177, "sha256": "16c27f35c5733ec6bf661efc0288b80ae5272c0f1047b67d8bad56365b58c9d4"}, "s/s/sac5862f9/b/b1988f49d/data/thinking/sessions/4df28f5bbea233fee2048699d09da30e70b21c310c4738f765d4ad3080848113/dc8c73c341a931309b95a3de86052d8b6297afab33f9440fcc4470abd95573ca.json": {"bytes": 73580, "sha256": "13d9de23f7536c7e83d891265a27ea911b52da0039f0ee0500fc19763c487287"}, "s/s/sac5862f9/b/b1988f49d/data/worlds/entry-A/simulated-device.json": {"bytes": 3438, "sha256": "0028e014d82ff0c6795d3ce3518d8f962edecf7a9399fb6a24ff77e711eaed99"}, "s/s/sac5862f9/b/b1988f49d/data/worlds/entry-A/simulated-device.lock": {"bytes": 1, "sha256": "5feceb66ffc86f38d952786c6d696c79c2dbc239dd4e91b46729d73a27fb57e9"}, "s/s/sac5862f9/b/b1988f49d/data/worlds/tools/connections.json": {"bytes": 2760, "sha256": "cf44b471698aea650246f793df06d701e2734c5c450f82d944ddc936d86fc0f0"}, "s/s/sac5862f9/b/b1988f49d/data/worlds/tools/connections.lock": {"bytes": 1, "sha256": "5feceb66ffc86f38d952786c6d696c79c2dbc239dd4e91b46729d73a27fb57e9"}, "s/s/sac5862f9/b/b1988f49d/data/worlds/w04-device/simulated-device.json": {"bytes": 4031, "sha256": "0f155e17a4c178d071e5eed3e4cd76fec8d252ddb557f873aa54d45519ef09cd"}, "s/s/sac5862f9/b/b1988f49d/data/worlds/w04-device/simulated-device.lock": {"bytes": 1, "sha256": "5feceb66ffc86f38d952786c6d696c79c2dbc239dd4e91b46729d73a27fb57e9"}, "s/s/sac5862f9/sandbox-manifest.v1.json": {"bytes": 928, "sha256": "30f3a42fbbf92e27a82aae0192a3ec3a719bafe3659bb639b2b03f1061093873"}, "s/sandbox-registry.v1.json": {"bytes": 485, "sha256": "c70be6843ef5f0b6d9b2914794109eabecf1596b54d41c99c4b778fc7151db55"}}}
test_simulator_rechecks_current_bytes_without_sharing_mutable_facts (tests.test_w04_package.W04PackageTests.test_simulator_rechecks_current_bytes_without_sharing_mutable_facts) ... ok

======================================================================
ERROR: test_discovery_history_body_and_native_cross_entry_share_authorities (tests.test_w04_package.W04PackageTests.test_discovery_history_body_and_native_cross_entry_share_authorities)
----------------------------------------------------------------------
Traceback (most recent call last):
  File "C:\Users\Administrator\Documents\continuity-engine\src\continuity_engine\services\continuity_interaction_service.py", line 324, in _submit
    operation, thinking_execution = self._run_domain(request, operation, binding)
                                    ~~~~~~~~~~~~~~~~^^^^^^^^^^^^^^^^^^^^^^^^^^^^^
  File "C:\Users\Administrator\Documents\continuity-engine\src\continuity_engine\services\continuity_interaction_service.py", line 879, in _run_domain
    perception = self._continuity_core.prepare(perception, operation,
        **({'save_input': save_input} if operation.input_processing_enabled else {}),
        **({'save_recall':save_recall} if operation.recall_enabled else {}))
  File "C:\Users\Administrator\Documents\continuity-engine\src\continuity_engine\services\continuity_core_service.py", line 348, in prepare
    return self._prepare(perception, operation, save_input=save_input,save_recall=save_recall)
           ~~~~~~~~~~~~~^^^^^^^^^^^^^^^^^^^^^^^^^^^^^^^^^^^^^^^^^^^^^^^^^^^^^^^^^^^^^^^^^^^^^^
  File "C:\Users\Administrator\Documents\continuity-engine\src\continuity_engine\services\continuity_core_service.py", line 427, in _prepare
    route,composition,recall_record=self.recall.prepare(perception,operation,save_recall,
                                    ~~~~~~~~~~~~~~~~~~~^^^^^^^^^^^^^^^^^^^^^^^^^^^^^^^^^^
        attention=mind['influence']['attention'] if mind is not None else None)
        ^^^^^^^^^^^^^^^^^^^^^^^^^^^^^^^^^^^^^^^^^^^^^^^^^^^^^^^^^^^^^^^^^^^^^^^
  File "C:\Users\Administrator\Documents\continuity-engine\src\continuity_engine\services\associative_recall_service.py", line 100, in prepare
    return self._prepare(perception,operation,save,attention=attention)
           ~~~~~~~~~~~~~^^^^^^^^^^^^^^^^^^^^^^^^^^^^^^^^^^^^^^^^^^^^^^^
  File "C:\Users\Administrator\Documents\continuity-engine\src\continuity_engine\services\associative_recall_service.py", line 211, in _prepare
    raise CapabilityValidationError(stop)
continuity_engine.domain.errors.CapabilityValidationError: RECALL_TIMEOUT

The above exception was the direct cause of the following exception:

Traceback (most recent call last):
  File "C:\Users\Administrator\Documents\continuity-engine\tests\test_w04_package.py", line 63, in test_discovery_history_body_and_native_cross_entry_share_authorities
    f.submit('周六选河边店还是山坡店？')
    ~~~~~~~~^^^^^^^^^^^^^^^^^^^^^^^^^^^^
  File "C:\Users\Administrator\Documents\continuity-engine\src\continuity_engine\testing\w04_cross_entry_fixture.py", line 309, in submit
    return self.entries.receive(self.last_request, self.last_message)
           ~~~~~~~~~~~~~~~~~~~~^^^^^^^^^^^^^^^^^^^^^^^^^^^^^^^^^^^^^^
  File "C:\Users\Administrator\Documents\continuity-engine\src\continuity_engine\services\cross_entry_service.py", line 562, in receive
    return self.interaction.submit(payload, entry_message=message)
           ~~~~~~~~~~~~~~~~~~~~~~~^^^^^^^^^^^^^^^^^^^^^^^^^^^^^^^^
  File "C:\Users\Administrator\Documents\continuity-engine\src\continuity_engine\services\continuity_interaction_service.py", line 192, in submit
    return self._submit(payload, access_use=access_use, entry_message=entry_message)
           ~~~~~~~~~~~~^^^^^^^^^^^^^^^^^^^^^^^^^^^^^^^^^^^^^^^^^^^^^^^^^^^^^^^^^^^^^
  File "C:\Users\Administrator\Documents\continuity-engine\src\continuity_engine\services\continuity_interaction_service.py", line 336, in _submit
    raise IntegrationExecutionError(
    ...<4 lines>...
    ) from exc
continuity_engine.domain.errors.IntegrationExecutionError: Local integration encountered an unexpected execution fault during domain.

----------------------------------------------------------------------
Ran 2 tests in 12.066s

FAILED (errors=1)
