test_discovery_history_body_and_native_cross_entry_share_authorities (tests.test_w04_package.W04PackageTests.test_discovery_history_body_and_native_cross_entry_share_authorities) ... ERROR
{"test": "tests.test_w04_package.W04PackageTests.test_discovery_history_body_and_native_cross_entry_share_authorities", "stage": "before-TEST-cleanup", "files": {"s/.p01-sandbox-root.v1.json": {"bytes": 98, "sha256": "3ced39d6b395df89d9b1f34e1b3faf46c14ccc6edab679a616f588a978e002f7"}, "s/s/s8c3602ba/b/be13a8812/branch-manifest.v1.json": {"bytes": 243, "sha256": "76422dde1d8136500ddd387d18f9d3764525426d02421dc0358162a9213c6858"}, "s/s/s8c3602ba/b/be13a8812/data/awakening/cycles/398e192997a1d01a90edec279512cd1253938cd0a32411c4de573060092a42ea.json": {"bytes": 253, "sha256": "1e0055df35e38c4d3baa872df016c42fb08e149298996e62c0e2cf7a2c920000"}, "s/s/s8c3602ba/b/be13a8812/data/awakening/sessions/4d6127f71f57366a1d07f5f53de9431f113ab3d21c710369b075ddc7533c821a/32b2fb25877f89cbf32b35e86bd902f6f67884d0e4fc03810aa07b6dbc9b0535.json": {"bytes": 10657, "sha256": "75653eed51498a4ee3d63a6de17622babdff1248bc5a812590f7ea68486a5b04"}, "s/s/s8c3602ba/b/be13a8812/data/awakening/sessions/4d6127f71f57366a1d07f5f53de9431f113ab3d21c710369b075ddc7533c821a/6af51e06c7073143c147a95ee7fde8e99e2b9e8854df2a3996edeff3047f1ee1.json": {"bytes": 10657, "sha256": "bcd8be6a73c9639aa9d631a85d9349aa3e3eb5825824708e13a13ba91ae4c220"}, "s/s/s8c3602ba/b/be13a8812/data/awakening/sessions/4d6127f71f57366a1d07f5f53de9431f113ab3d21c710369b075ddc7533c821a/818ca29abf28f250a426f818e2973b414c5b52e71baf59e99624d06677d45c43.json": {"bytes": 17943, "sha256": "cdd02902d4eeaefd8b4f1ce1d5d469e4031cbf16c42ce8005bbbe799aa52e9e2"}, "s/s/s8c3602ba/b/be13a8812/data/awakening/sessions/4d6127f71f57366a1d07f5f53de9431f113ab3d21c710369b075ddc7533c821a/950495080b0dab8e9ac7c2ea4ffb710639e1d6e0b3bddec046133e2db1616138.json": {"bytes": 84389, "sha256": "2f8375b2d9ad6db5d8d88351af682560419d176011978b28ac09a5e4add0b191"}, "s/s/s8c3602ba/b/be13a8812/data/awakening/sessions/4d6127f71f57366a1d07f5f53de9431f113ab3d21c710369b075ddc7533c821a/ecba8248072e18695f3d3532c0ca9937617bfefb09ee602e11a82f46d702e3f3.json": {"bytes": 10657, "sha256": "5c56d730e963af88ec2c0fd30f3a1224c6d775823ec317897b2dc12bd769fa38"}, "s/s/s8c3602ba/b/be13a8812/data/c1-receipts/p08-fake-receipts.json": {"bytes": 148, "sha256": "a411df96a3b6eea514baf41f59d45ab70c55b96ee9f28e118d79525ea3bfe8c8"}, "s/s/s8c3602ba/b/be13a8812/data/clock/subject-clock.v1.json": {"bytes": 109, "sha256": "a12e3fbb74da240f6330c740f8c742b071e53b32f2f7187fb0b9938173b6c05f"}, "s/s/s8c3602ba/b/be13a8812/data/contradiction/test/4d6127f71f57366a1d07f5f53de9431f113ab3d21c710369b075ddc7533c821a.json": {"bytes": 228, "sha256": "753af06c585bd9d89dc2d9965ff1bd96939115e4cd04c266b911ca0d0ae711bd"}, "s/s/s8c3602ba/b/be13a8812/data/environment-access/test/cffcf65e241dec1174e67533fcbd76b0d9de3b3233e93a7fd7d4844e95c4d74d/attachments.v1.json": {"bytes": 10922, "sha256": "72dec2ba804077cca9e283eab4132ff2ac03df7b32eaca3504604440cdb8eb0e"}, "s/s/s8c3602ba/b/be13a8812/data/environment-access/test/cffcf65e241dec1174e67533fcbd76b0d9de3b3233e93a7fd7d4844e95c4d74d/attachments.v1.lock": {"bytes": 1, "sha256": "5feceb66ffc86f38d952786c6d696c79c2dbc239dd4e91b46729d73a27fb57e9"}, "s/s/s8c3602ba/b/be13a8812/data/execution-outbox/test/cffcf65e241dec1174e67533fcbd76b0d9de3b3233e93a7fd7d4844e95c4d74d/delivery.v1.json": {"bytes": 2844, "sha256": "5912fd9721f0474b1d297ef33b4b08c28acd406a3a71b1cfaa1cccda4aecf166"}, "s/s/s8c3602ba/b/be13a8812/data/execution-outbox/test/cffcf65e241dec1174e67533fcbd76b0d9de3b3233e93a7fd7d4844e95c4d74d/delivery.v1.lock": {"bytes": 1, "sha256": "5feceb66ffc86f38d952786c6d696c79c2dbc239dd4e91b46729d73a27fb57e9"}, "s/s/s8c3602ba/b/be13a8812/data/external-providers/test/cffcf65e241dec1174e67533fcbd76b0d9de3b3233e93a7fd7d4844e95c4d74d/cache.json": {"bytes": 3353, "sha256": "b2450e51dd7f73e7329d3238e1601fd6095436c9857166cb9a20b186dd996150"}, "s/s/s8c3602ba/b/be13a8812/data/external-providers/test/cffcf65e241dec1174e67533fcbd76b0d9de3b3233e93a7fd7d4844e95c4d74d/registry.json": {"bytes": 1850, "sha256": "55293687c5c099f0632aff5fa86e3ec518a512f79bb3c5c49857d8b20abb31df"}, "s/s/s8c3602ba/b/be13a8812/data/fixture/c1-profile.v1.json": {"bytes": 102, "sha256": "1cf959df539a13cd9d1350e0c962ca9101267b22d0b3804c99afd2110ec95bcf"}, "s/s/s8c3602ba/b/be13a8812/data/fixture/p16-control.json": {"bytes": 504, "sha256": "2418800f0827fb5ded0a778d67569292ff143bacd8a3853f08b1eedd996dbd1e"}, "s/s/s8c3602ba/b/be13a8812/data/fixture/p16-profile.json": {"bytes": 96, "sha256": "650b593ec797f353754412c83b2650e0500f9b970399c8c3ed65f45915a6b648"}, "s/s/s8c3602ba/b/be13a8812/data/fixture/state-fixture.v1.json": {"bytes": 635, "sha256": "1a501c8f2593e1e283b63825f10ae96f858123d6f919398243b5f952423ca6c5"}, "s/s/s8c3602ba/b/be13a8812/data/fixture/tool-grants.json": {"bytes": 154, "sha256": "d8c8246f63b9d7532c0d55a929c1fe46e668befbeff8f52d44a5e71db50f4f1d"}, "s/s/s8c3602ba/b/be13a8812/data/integration/capability-ledger.v1.json": {"bytes": 97295, "sha256": "3c78f9002ed16bb68e365a83614b23fe1d3953d31fe97e41b384c09451bdc0d6"}, "s/s/s8c3602ba/b/be13a8812/data/integration/operation-journal.first-round-v1.json": {"bytes": 634177, "sha256": "c6b9cf7a627a9e844476976821d829fc01c52af80a2c90397833789b034553b0"}, "s/s/s8c3602ba/b/be13a8812/data/integration/result-ledger.first-round-v1.json": {"bytes": 4600, "sha256": "ec7496e238507ad638e93b02e1f96f627c63a8bf46fe29aa6ddd29446a6f4eaa"}, "s/s/s8c3602ba/b/be13a8812/data/integration/subject-binding.runtime-v1.json": {"bytes": 613, "sha256": "6ce7bbeef8d87f5d1d60d3ceec847c50c4d93062989e182e7d7797cd0528a1a5"}, "s/s/s8c3602ba/b/be13a8812/data/learning/4d6127f71f57366a1d07f5f53de9431f113ab3d21c710369b075ddc7533c821a.json": {"bytes": 2154, "sha256": "034ac7574367f439a32b86d94f9cf04cb3dd7fa6aa838555b17fa405be4c020f"}, "s/s/s8c3602ba/b/be13a8812/data/memory/test/4d6127f71f57366a1d07f5f53de9431f113ab3d21c710369b075ddc7533c821a.json": {"bytes": 15255, "sha256": "59c8e44321add277bf31774545295c7c9ad9f0f849b69c5fddbd3ac9aa8c4e32"}, "s/s/s8c3602ba/b/be13a8812/data/p16-fake/facts.json": {"bytes": 4184, "sha256": "02d3d7818a3eb137fc46b7f1ec397e93d785888acc6a35cf45dd7cd817571da4"}, "s/s/s8c3602ba/b/be13a8812/data/persistent-runtime/owner.lock": {"bytes": 1, "sha256": "5feceb66ffc86f38d952786c6d696c79c2dbc239dd4e91b46729d73a27fb57e9"}, "s/s/s8c3602ba/b/be13a8812/data/persistent-runtime/runtime.v1.json": {"bytes": 784, "sha256": "7410060872a03a2f34fd4ea0ae5eeba7bbe576cb9449aa28528a5daf36a272a6"}, "s/s/s8c3602ba/b/be13a8812/data/persistent-runtime/runtime.v1.lock": {"bytes": 1, "sha256": "5feceb66ffc86f38d952786c6d696c79c2dbc239dd4e91b46729d73a27fb57e9"}, "s/s/s8c3602ba/b/be13a8812/data/resources/4d6127f71f57366a1d07f5f53de9431f113ab3d21c710369b075ddc7533c821a.json": {"bytes": 4250, "sha256": "07b5658b411ed7ed0622b8f32de92c93251dccae4e78da1b0441fcf3ada38651"}, "s/s/s8c3602ba/b/be13a8812/data/scheduler/queue.v1.json": {"bytes": 2672, "sha256": "0690a9a6ad2f525f5298076e5bc7cc2e444840d5cb387030b5e66aa26b6250e4"}, "s/s/s8c3602ba/b/be13a8812/data/subject-state/4d6127f71f57366a1d07f5f53de9431f113ab3d21c710369b075ddc7533c821a.json": {"bytes": 56010, "sha256": "16b0392abff0bf07d2523bd53e65ba9f571fdfa46cad5f298cec46c6bcb4abf6"}, "s/s/s8c3602ba/b/be13a8812/data/test-actions/action-sessions.v1.json": {"bytes": 128, "sha256": "b7a5885e0ccdfb4b90e83171e5ad952156cbb3c12abde42b3da6d26bdbc3cd27"}, "s/s/s8c3602ba/b/be13a8812/data/test-indexes/events.v1.json": {"bytes": 138, "sha256": "aa6fcb6e1a6a45dd4002ed40ee863fe50419e88e791a3f994d3c3a7c0d0d6fda"}, "s/s/s8c3602ba/b/be13a8812/data/test-indexes/evolution.v1.json": {"bytes": 141, "sha256": "57168d0572872889e80ce69b17d56199d0cdc64ba784ce1639fa8d2b98289427"}, "s/s/s8c3602ba/b/be13a8812/data/test-indexes/relationship-state.v1.json": {"bytes": 150, "sha256": "d1e70efa2963b89bc701234759c40b18fb59315472fceb1be078ad922cde6885"}, "s/s/s8c3602ba/b/be13a8812/data/test-indexes/state-mutations.v1.json": {"bytes": 147, "sha256": "7fef6406911aee694449a71a813a9ee6bed4c26e8c11ffb1208d9a159d466474"}, "s/s/s8c3602ba/b/be13a8812/data/test-indexes/thinking-sessions.v1.json": {"bytes": 149, "sha256": "47cdacc44f089172b06ade123c161f4eeb3e0b3c8d96505b2657df3fb3832254"}, "s/s/s8c3602ba/b/be13a8812/data/test-indexes/wake-sessions.v1.json": {"bytes": 145, "sha256": "8c36decaf8b2424b0a45303dc3cb8beefc4b4907732015c5e63c353f8050980b"}, "s/s/s8c3602ba/b/be13a8812/data/test-memory/memory-ledger.v1.json": {"bytes": 631, "sha256": "62766e3b82faacfb74267fc92bd5ee03f9428b1e5d1fae9759bd8e706e819f30"}, "s/s/s8c3602ba/b/be13a8812/data/test-trace/subject-clock-trace.v1.json": {"bytes": 1558, "sha256": "c76d280717c2b5f0b317f0d4290cdbdf1e82e2d6396cd705b30df1655340224f"}, "s/s/s8c3602ba/b/be13a8812/data/thinking/sessions/4d6127f71f57366a1d07f5f53de9431f113ab3d21c710369b075ddc7533c821a/734d792509eae114abc6220ea4169c1a31e80c1dcae839de4430e730b7866924.json": {"bytes": 73581, "sha256": "a9559af36b618420999e62419888ac3fbeebc9f763606d27205b865fc7897331"}, "s/s/s8c3602ba/b/be13a8812/data/thinking/sessions/4d6127f71f57366a1d07f5f53de9431f113ab3d21c710369b075ddc7533c821a/9e18024ad9afaf66ccd5aaa786d1d990f70c61f8855e465fdedd7576e2eefbe5.json": {"bytes": 54177, "sha256": "295f953442b6e9950b367c9b4853ee39fea25c4a5e507dc3da27b3bda397d84a"}, "s/s/s8c3602ba/b/be13a8812/data/thinking/sessions/4d6127f71f57366a1d07f5f53de9431f113ab3d21c710369b075ddc7533c821a/b8b2577a4472a29baa78d6265e32f8e401034d911cadfde0d91f7e2d0512874f.json": {"bytes": 110722, "sha256": "c96ff8efc01fc00eccfd2f3055f41ce17142c84d137d5712e458d9fac38545fb"}, "s/s/s8c3602ba/b/be13a8812/data/thinking/sessions/4d6127f71f57366a1d07f5f53de9431f113ab3d21c710369b075ddc7533c821a/cf9d42c05646446b76356b8f2c15de493b285129cef6966168293984dd9dab2d.json": {"bytes": 80618, "sha256": "90a68e0837c06e97f806ca9199637bebce41e2554b1bdabd7546891abe5c0f53"}, "s/s/s8c3602ba/b/be13a8812/data/worlds/entry-A/simulated-device.json": {"bytes": 6371, "sha256": "6124c6a91932255fbaa93aa79a741054d7f92e47c3f757ecbfadee6537cc153e"}, "s/s/s8c3602ba/b/be13a8812/data/worlds/entry-A/simulated-device.lock": {"bytes": 1, "sha256": "5feceb66ffc86f38d952786c6d696c79c2dbc239dd4e91b46729d73a27fb57e9"}, "s/s/s8c3602ba/b/be13a8812/data/worlds/entry-B/simulated-device.json": {"bytes": 3384, "sha256": "27683432a5258849fd6ce19e959622fb4919aa1c7db5bec68d86eb724306ef8d"}, "s/s/s8c3602ba/b/be13a8812/data/worlds/entry-B/simulated-device.lock": {"bytes": 1, "sha256": "5feceb66ffc86f38d952786c6d696c79c2dbc239dd4e91b46729d73a27fb57e9"}, "s/s/s8c3602ba/b/be13a8812/data/worlds/tools/connections.json": {"bytes": 2760, "sha256": "d1ec0f616cc6ed0b73e9bd0d9137aceff2072d60420d72f10738748f58ff3410"}, "s/s/s8c3602ba/b/be13a8812/data/worlds/tools/connections.lock": {"bytes": 1, "sha256": "5feceb66ffc86f38d952786c6d696c79c2dbc239dd4e91b46729d73a27fb57e9"}, "s/s/s8c3602ba/b/be13a8812/data/worlds/w04-device/simulated-device.json": {"bytes": 4031, "sha256": "92730faacaae1750dd441f0ad898e84600908a61d41ccb1d5fe0e52936226a22"}, "s/s/s8c3602ba/b/be13a8812/data/worlds/w04-device/simulated-device.lock": {"bytes": 1, "sha256": "5feceb66ffc86f38d952786c6d696c79c2dbc239dd4e91b46729d73a27fb57e9"}, "s/s/s8c3602ba/sandbox-manifest.v1.json": {"bytes": 928, "sha256": "e36370967134aa9110672ee70288890bcb954dfa266c0430073c234b65c507ee"}, "s/sandbox-registry.v1.json": {"bytes": 485, "sha256": "d2b15ecb045509a83cb90ae1d819c973f2215dde56737dfc4a98d3cde97e5a89"}}}
test_simulator_rechecks_current_bytes_without_sharing_mutable_facts (tests.test_w04_package.W04PackageTests.test_simulator_rechecks_current_bytes_without_sharing_mutable_facts) ... ok

======================================================================
ERROR: test_discovery_history_body_and_native_cross_entry_share_authorities (tests.test_w04_package.W04PackageTests.test_discovery_history_body_and_native_cross_entry_share_authorities)
----------------------------------------------------------------------
Traceback (most recent call last):
  File "C:\Users\Administrator\Documents\continuity-engine\src\continuity_engine\services\continuity_interaction_service.py", line 324, in _submit
    operation, thinking_execution = self._run_domain(request, operation, binding)
                                    ~~~~~~~~~~~~~~~~^^^^^^^^^^^^^^^^^^^^^^^^^^^^^
  File "C:\Users\Administrator\Documents\continuity-engine\src\continuity_engine\services\continuity_interaction_service.py", line 879, in _run_domain
    perception = self._continuity_core.prepare(perception, operation,
        **({'save_input': save_input} if operation.input_processing_enabled else {}),
        **({'save_recall':save_recall} if operation.recall_enabled else {}))
  File "C:\Users\Administrator\Documents\continuity-engine\src\continuity_engine\services\continuity_core_service.py", line 350, in prepare
    return self._prepare(perception, operation, save_input=save_input,save_recall=save_recall)
           ~~~~~~~~~~~~~^^^^^^^^^^^^^^^^^^^^^^^^^^^^^^^^^^^^^^^^^^^^^^^^^^^^^^^^^^^^^^^^^^^^^^
  File "C:\Users\Administrator\Documents\continuity-engine\src\continuity_engine\services\continuity_core_service.py", line 429, in _prepare
    route,composition,recall_record=self.recall.prepare(perception,operation,save_recall,
                                    ~~~~~~~~~~~~~~~~~~~^^^^^^^^^^^^^^^^^^^^^^^^^^^^^^^^^^
        attention=mind['influence']['attention'] if mind is not None else None)
        ^^^^^^^^^^^^^^^^^^^^^^^^^^^^^^^^^^^^^^^^^^^^^^^^^^^^^^^^^^^^^^^^^^^^^^^
  File "C:\Users\Administrator\Documents\continuity-engine\src\continuity_engine\services\associative_recall_service.py", line 100, in prepare
    return self._prepare(perception,operation,save,attention=attention)
           ~~~~~~~~~~~~~^^^^^^^^^^^^^^^^^^^^^^^^^^^^^^^^^^^^^^^^^^^^^^^
  File "C:\Users\Administrator\Documents\continuity-engine\docs\project_memory\w04_4_evidence\package-reply-stations-01.py", line 28, in prepare
    try:return preparation(*a,**k)
               ~~~~~~~~~~~^^^^^^^^
  File "C:\Users\Administrator\Documents\continuity-engine\src\continuity_engine\services\associative_recall_service.py", line 211, in _prepare
    raise CapabilityValidationError(stop)
continuity_engine.domain.errors.CapabilityValidationError: RECALL_TIMEOUT

The above exception was the direct cause of the following exception:

Traceback (most recent call last):
  File "C:\Users\Administrator\Documents\continuity-engine\tests\test_w04_package.py", line 74, in test_discovery_history_body_and_native_cross_entry_share_authorities
    answer=f.submit('选河边店的窗边桌。',entry='entry:B',reply_to=delivery['request_id'],item_id=item.item_id)
           ~~~~~~~~^^^^^^^^^^^^^^^^^^^^^^^^^^^^^^^^^^^^^^^^^^^^^^^^^^^^^^^^^^^^^^^^^^^^^^^^^^^^^^^^^^^^^^^^^^^
  File "C:\Users\Administrator\Documents\continuity-engine\docs\project_memory\w04_4_evidence\package-reply-stations-01.py", line 33, in submit
    return original(self,text,**kwargs)
  File "C:\Users\Administrator\Documents\continuity-engine\src\continuity_engine\testing\w04_cross_entry_fixture.py", line 309, in submit
    return self.entries.receive(self.last_request, self.last_message)
           ~~~~~~~~~~~~~~~~~~~~^^^^^^^^^^^^^^^^^^^^^^^^^^^^^^^^^^^^^^
  File "C:\Users\Administrator\Documents\continuity-engine\src\continuity_engine\services\cross_entry_service.py", line 562, in receive
    return self.interaction.submit(payload, entry_message=message)
           ~~~~~~~~~~~~~~~~~~~~~~~^^^^^^^^^^^^^^^^^^^^^^^^^^^^^^^^
  File "C:\Users\Administrator\Documents\continuity-engine\src\continuity_engine\services\continuity_interaction_service.py", line 192, in submit
    return self._submit(payload, access_use=access_use, entry_message=entry_message)
           ~~~~~~~~~~~~^^^^^^^^^^^^^^^^^^^^^^^^^^^^^^^^^^^^^^^^^^^^^^^^^^^^^^^^^^^^^
  File "C:\Users\Administrator\Documents\continuity-engine\src\continuity_engine\services\continuity_interaction_service.py", line 336, in _submit
    raise IntegrationExecutionError(
    ...<4 lines>...
    ) from exc
continuity_engine.domain.errors.IntegrationExecutionError: Local integration encountered an unexpected execution fault during domain.

----------------------------------------------------------------------
Ran 2 tests in 54.888s

FAILED (errors=1)
