test_discovery_history_body_and_native_cross_entry_share_authorities (tests.test_w04_package.W04PackageTests.test_discovery_history_body_and_native_cross_entry_share_authorities) ... ERROR
{"test": "tests.test_w04_package.W04PackageTests.test_discovery_history_body_and_native_cross_entry_share_authorities", "stage": "before-TEST-cleanup", "files": {"s/.p01-sandbox-root.v1.json": {"bytes": 98, "sha256": "3ced39d6b395df89d9b1f34e1b3faf46c14ccc6edab679a616f588a978e002f7"}, "s/s/s3f975f7d/b/b14e3b4be/branch-manifest.v1.json": {"bytes": 243, "sha256": "d0eaa59ba987a37991f70687508e09f60a7039dee31bacba958511b0ff171bc6"}, "s/s/s3f975f7d/b/b14e3b4be/data/awakening/cycles/311e1aa3d5a84d1e4fb73e1a0b3cc20d778c2fc1c83d3c48c004bb452a27b3c3.json": {"bytes": 253, "sha256": "67daba89916ac3a49a4e561a58edcc3cc943522db4b0eca047fc9dfbf8857bdd"}, "s/s/s3f975f7d/b/b14e3b4be/data/awakening/sessions/a8d76b2321b14487b7eddd08c40a8b695d33c65a64f5e74c594ed0d101771b6d/191babe053ed4ed43c5359570b7e05f1ec75810956a270788c6272cd0457d6a5.json": {"bytes": 10657, "sha256": "cff3a0cf1233ccea6ffce14c942ad645b5aada7e0159f23600a45aa34d9b21b4"}, "s/s/s3f975f7d/b/b14e3b4be/data/awakening/sessions/a8d76b2321b14487b7eddd08c40a8b695d33c65a64f5e74c594ed0d101771b6d/33309aef90447f9922e2a85783bef302e12b8dcc2dd8bfde7cbccc67b49c0e04.json": {"bytes": 10657, "sha256": "c0c95acde52c187444e605617e5eca8b466cb9e830f91cbcd0647012544a9878"}, "s/s/s3f975f7d/b/b14e3b4be/data/awakening/sessions/a8d76b2321b14487b7eddd08c40a8b695d33c65a64f5e74c594ed0d101771b6d/352861c3e4a3e1483370d7a5b115d65ad0577b1370c29bc1b8970bf84de0f36d.json": {"bytes": 10657, "sha256": "8ad34dc7449f33e88cf193c957db542b2e30481c7fd621ad30ff80fedcd63a35"}, "s/s/s3f975f7d/b/b14e3b4be/data/c1-receipts/p08-fake-receipts.json": {"bytes": 148, "sha256": "a411df96a3b6eea514baf41f59d45ab70c55b96ee9f28e118d79525ea3bfe8c8"}, "s/s/s3f975f7d/b/b14e3b4be/data/clock/subject-clock.v1.json": {"bytes": 109, "sha256": "9215b6977c7811370330d01c8bfe7e63b8e43ba8b12a8f09d85b24e7efac24ad"}, "s/s/s3f975f7d/b/b14e3b4be/data/contradiction/test/a8d76b2321b14487b7eddd08c40a8b695d33c65a64f5e74c594ed0d101771b6d.json": {"bytes": 228, "sha256": "cc6b6977b78f6b831c57f10ecd40a2a459c988aa46feb19af34b43e08a0d0b39"}, "s/s/s3f975f7d/b/b14e3b4be/data/environment-access/test/b8efd3dbd2b2b88a0a8246e507eb7ce77a1824ff6e80d8f49e5681e0e5b0743c/attachments.v1.json": {"bytes": 10922, "sha256": "ef84a12b964ce2a25c8a7ba9e5d9a645b2a229876df7fe4342bf4e397f19d43c"}, "s/s/s3f975f7d/b/b14e3b4be/data/environment-access/test/b8efd3dbd2b2b88a0a8246e507eb7ce77a1824ff6e80d8f49e5681e0e5b0743c/attachments.v1.lock": {"bytes": 1, "sha256": "5feceb66ffc86f38d952786c6d696c79c2dbc239dd4e91b46729d73a27fb57e9"}, "s/s/s3f975f7d/b/b14e3b4be/data/execution-outbox/test/b8efd3dbd2b2b88a0a8246e507eb7ce77a1824ff6e80d8f49e5681e0e5b0743c/delivery.v1.json": {"bytes": 1967, "sha256": "631e12280f070046b810bd3bd52543d70af6581f348bdb46448c25b2abc65a2b"}, "s/s/s3f975f7d/b/b14e3b4be/data/execution-outbox/test/b8efd3dbd2b2b88a0a8246e507eb7ce77a1824ff6e80d8f49e5681e0e5b0743c/delivery.v1.lock": {"bytes": 1, "sha256": "5feceb66ffc86f38d952786c6d696c79c2dbc239dd4e91b46729d73a27fb57e9"}, "s/s/s3f975f7d/b/b14e3b4be/data/external-providers/test/b8efd3dbd2b2b88a0a8246e507eb7ce77a1824ff6e80d8f49e5681e0e5b0743c/cache.json": {"bytes": 3353, "sha256": "5ba6382d79ac2bc36e2d68f094451b70e9a48f463d457d249727a04350a1ed73"}, "s/s/s3f975f7d/b/b14e3b4be/data/external-providers/test/b8efd3dbd2b2b88a0a8246e507eb7ce77a1824ff6e80d8f49e5681e0e5b0743c/registry.json": {"bytes": 1850, "sha256": "05352480383f6befe79c524f1a8fb43923711cf88d7de4910448b0cace7a8d46"}, "s/s/s3f975f7d/b/b14e3b4be/data/fixture/c1-profile.v1.json": {"bytes": 102, "sha256": "337bfe2e16042e85ea15ebac23b972a6aa0b4955068b1e10403de15c8a5e8ea1"}, "s/s/s3f975f7d/b/b14e3b4be/data/fixture/p16-control.json": {"bytes": 504, "sha256": "5821995f32685a8148027f381e1536af021a658b81336159dd74fb0802bf798f"}, "s/s/s3f975f7d/b/b14e3b4be/data/fixture/p16-profile.json": {"bytes": 96, "sha256": "7312d45899d4504c43c68044aa060da85281f8fc1df8231a6b81723506dcd757"}, "s/s/s3f975f7d/b/b14e3b4be/data/fixture/state-fixture.v1.json": {"bytes": 635, "sha256": "9f90636762be6f83f6f0d10b72a4d642cbe2a1525917636bf6130e559359ea91"}, "s/s/s3f975f7d/b/b14e3b4be/data/fixture/tool-grants.json": {"bytes": 154, "sha256": "d8c8246f63b9d7532c0d55a929c1fe46e668befbeff8f52d44a5e71db50f4f1d"}, "s/s/s3f975f7d/b/b14e3b4be/data/integration/capability-ledger.v1.json": {"bytes": 64735, "sha256": "aaf367bd863bc1576f2f40c98d9e7af9a84c344c6f9ce21f2342159a6e7434d7"}, "s/s/s3f975f7d/b/b14e3b4be/data/integration/operation-journal.first-round-v1.json": {"bytes": 323238, "sha256": "3dc745a20899d9c10391f5384fde579ba4a66adab5c75e4350b0641440f8f79f"}, "s/s/s3f975f7d/b/b14e3b4be/data/integration/result-ledger.first-round-v1.json": {"bytes": 3108, "sha256": "5248698b6e4cb44ec5699f87c2d298a28350f5e1ab4064a713d788eb89aa3929"}, "s/s/s3f975f7d/b/b14e3b4be/data/integration/subject-binding.runtime-v1.json": {"bytes": 613, "sha256": "bda4203a3eb23b9e969b475630d3010e80f2721329068d109eb066eb90119903"}, "s/s/s3f975f7d/b/b14e3b4be/data/learning/a8d76b2321b14487b7eddd08c40a8b695d33c65a64f5e74c594ed0d101771b6d.json": {"bytes": 2154, "sha256": "c290ccd70a503830df5d1727890ef153800ba9a59cbd4f061dc08d1670f76030"}, "s/s/s3f975f7d/b/b14e3b4be/data/memory/test/a8d76b2321b14487b7eddd08c40a8b695d33c65a64f5e74c594ed0d101771b6d.json": {"bytes": 4202, "sha256": "36189438f3e08b54be11cfd608cd7709d9ed61a790127117ae01d9156d426d1f"}, "s/s/s3f975f7d/b/b14e3b4be/data/p16-fake/facts.json": {"bytes": 4184, "sha256": "3fa3626be8f598d3b56ec270ee07e4aca6a529bab9f8f9535f437f1aedf80419"}, "s/s/s3f975f7d/b/b14e3b4be/data/resources/a8d76b2321b14487b7eddd08c40a8b695d33c65a64f5e74c594ed0d101771b6d.json": {"bytes": 437, "sha256": "d64572dd9d9858b9d90845c8384a9e46e84cca1ca82ac5c4ded916902e219596"}, "s/s/s3f975f7d/b/b14e3b4be/data/subject-state/a8d76b2321b14487b7eddd08c40a8b695d33c65a64f5e74c594ed0d101771b6d.json": {"bytes": 4912, "sha256": "3461c5291bdae0bf3f93af51dc0f73df2a2b811072d929add8f29c0efd2f26e6"}, "s/s/s3f975f7d/b/b14e3b4be/data/test-actions/action-sessions.v1.json": {"bytes": 128, "sha256": "3e225bf323909a3dde0c722a13a705454f2ded70094f994142afb55cade95734"}, "s/s/s3f975f7d/b/b14e3b4be/data/test-indexes/events.v1.json": {"bytes": 138, "sha256": "1e0279c229ee5d27bd9ff40ef0705a3180d6b9b501bda7df3e5a016e214abe5e"}, "s/s/s3f975f7d/b/b14e3b4be/data/test-indexes/evolution.v1.json": {"bytes": 141, "sha256": "1f7e4bfe38c0d56e21859f7fdcf0180e5e1620ef6e323b6db8c3066a84324335"}, "s/s/s3f975f7d/b/b14e3b4be/data/test-indexes/relationship-state.v1.json": {"bytes": 150, "sha256": "772a49f9b04189ce7731c7055f152599e40b2de0068570642e0026e08c148c4d"}, "s/s/s3f975f7d/b/b14e3b4be/data/test-indexes/state-mutations.v1.json": {"bytes": 147, "sha256": "ee6c45c249fcad7730d8ed303d16a60815d0e944c2b4c01e15d53e8c9b3e7ed3"}, "s/s/s3f975f7d/b/b14e3b4be/data/test-indexes/thinking-sessions.v1.json": {"bytes": 149, "sha256": "c943a190ef23447e44e5447d6c55b2380f4fb1aaa6941a3f7a2e32b414e12a47"}, "s/s/s3f975f7d/b/b14e3b4be/data/test-indexes/wake-sessions.v1.json": {"bytes": 145, "sha256": "eb4bd6ef911b0fbde28260b3cbf496cae27c11596b49d9a2018a21bf341171c6"}, "s/s/s3f975f7d/b/b14e3b4be/data/test-memory/memory-ledger.v1.json": {"bytes": 631, "sha256": "89159c7aae51f4b72a9fa89728323e4c63f0eb63fdc2568c9503e0e48c910456"}, "s/s/s3f975f7d/b/b14e3b4be/data/test-trace/subject-clock-trace.v1.json": {"bytes": 1558, "sha256": "2777da2dc234cc4ff5890d4144e1cad050ca9661c5b1e891c931989044a7babf"}, "s/s/s3f975f7d/b/b14e3b4be/data/thinking/sessions/a8d76b2321b14487b7eddd08c40a8b695d33c65a64f5e74c594ed0d101771b6d/6c86f5b8df7787d3d85123f45bcc278c632afe638f381ee85720797f1e655e7c.json": {"bytes": 73581, "sha256": "8f3297a2bbf48c615e40811d3988aa222780fba662e0386e648753ef0b0dcd23"}, "s/s/s3f975f7d/b/b14e3b4be/data/thinking/sessions/a8d76b2321b14487b7eddd08c40a8b695d33c65a64f5e74c594ed0d101771b6d/e7719982ada284efcacf5963259494999182c9b3c8d7b6952eead828f8f4085e.json": {"bytes": 54177, "sha256": "7e9c0b06c5cc018ccd989fff2f36461cd7a45906bdd41a1a55c93984b1941a12"}, "s/s/s3f975f7d/b/b14e3b4be/data/worlds/entry-A/simulated-device.json": {"bytes": 3438, "sha256": "c972b75f0cefb7674f16aad29c9146263266a7769d9ca232f91d7c1666d4dc4c"}, "s/s/s3f975f7d/b/b14e3b4be/data/worlds/entry-A/simulated-device.lock": {"bytes": 1, "sha256": "5feceb66ffc86f38d952786c6d696c79c2dbc239dd4e91b46729d73a27fb57e9"}, "s/s/s3f975f7d/b/b14e3b4be/data/worlds/tools/connections.json": {"bytes": 2760, "sha256": "71e43d91aeb9d93784c4e86ebfbd10e8df07ca3c0e58567b98b38929de253c26"}, "s/s/s3f975f7d/b/b14e3b4be/data/worlds/tools/connections.lock": {"bytes": 1, "sha256": "5feceb66ffc86f38d952786c6d696c79c2dbc239dd4e91b46729d73a27fb57e9"}, "s/s/s3f975f7d/b/b14e3b4be/data/worlds/w04-device/simulated-device.json": {"bytes": 4031, "sha256": "d36eb395047acb40cf459b56f6f424f8d2d82b0e8de3c24dd068869355193e38"}, "s/s/s3f975f7d/b/b14e3b4be/data/worlds/w04-device/simulated-device.lock": {"bytes": 1, "sha256": "5feceb66ffc86f38d952786c6d696c79c2dbc239dd4e91b46729d73a27fb57e9"}, "s/s/s3f975f7d/sandbox-manifest.v1.json": {"bytes": 928, "sha256": "312a3f25aeae84341ac225ab944328b7bf0b3fce1f44f65b4b6ef25d42a173de"}, "s/sandbox-registry.v1.json": {"bytes": 485, "sha256": "a5dc6415bee462147cfc3ec9b9d8dbbef3a4ff51fbf8a7cfe744a8c1c7c75bce"}}}

======================================================================
ERROR: test_discovery_history_body_and_native_cross_entry_share_authorities (tests.test_w04_package.W04PackageTests.test_discovery_history_body_and_native_cross_entry_share_authorities)
----------------------------------------------------------------------
Traceback (most recent call last):
  File "C:\Users\Administrator\Documents\continuity-engine\src\continuity_engine\services\continuity_interaction_service.py", line 324, in _submit
    operation, thinking_execution = self._run_domain(request, operation, binding)
                                    ~~~~~~~~~~~~~~~~^^^^^^^^^^^^^^^^^^^^^^^^^^^^^
  File "C:\Users\Administrator\Documents\continuity-engine\src\continuity_engine\services\continuity_interaction_service.py", line 879, in _run_domain
    perception = self._continuity_core.prepare(perception, operation,
        **({'save_input': save_input} if operation.input_processing_enabled else {}),
        **({'save_recall':save_recall} if operation.recall_enabled else {}))
  File "C:\Users\Administrator\Documents\continuity-engine\src\continuity_engine\services\continuity_core_service.py", line 348, in prepare
    return self._prepare(perception, operation, save_input=save_input,save_recall=save_recall)
           ~~~~~~~~~~~~~^^^^^^^^^^^^^^^^^^^^^^^^^^^^^^^^^^^^^^^^^^^^^^^^^^^^^^^^^^^^^^^^^^^^^^
  File "C:\Users\Administrator\Documents\continuity-engine\src\continuity_engine\services\continuity_core_service.py", line 427, in _prepare
    route,composition,recall_record=self.recall.prepare(perception,operation,save_recall,
                                    ~~~~~~~~~~~~~~~~~~~^^^^^^^^^^^^^^^^^^^^^^^^^^^^^^^^^^
        attention=mind['influence']['attention'] if mind is not None else None)
        ^^^^^^^^^^^^^^^^^^^^^^^^^^^^^^^^^^^^^^^^^^^^^^^^^^^^^^^^^^^^^^^^^^^^^^^
  File "C:\Users\Administrator\Documents\continuity-engine\src\continuity_engine\services\associative_recall_service.py", line 100, in prepare
    return self._prepare(perception,operation,save,attention=attention)
           ~~~~~~~~~~~~~^^^^^^^^^^^^^^^^^^^^^^^^^^^^^^^^^^^^^^^^^^^^^^^
  File "C:\Users\Administrator\Documents\continuity-engine\docs\project_memory\w04_4_evidence\package-stations-01.py", line 28, in prepare
    try:return preparation(*a,**k)
               ~~~~~~~~~~~^^^^^^^^
  File "C:\Users\Administrator\Documents\continuity-engine\src\continuity_engine\services\associative_recall_service.py", line 211, in _prepare
    raise CapabilityValidationError(stop)
continuity_engine.domain.errors.CapabilityValidationError: RECALL_TIMEOUT

The above exception was the direct cause of the following exception:

Traceback (most recent call last):
  File "C:\Users\Administrator\Documents\continuity-engine\tests\test_w04_package.py", line 46, in test_discovery_history_body_and_native_cross_entry_share_authorities
    f.submit('周六选河边店还是山坡店？')
    ~~~~~~~~^^^^^^^^^^^^^^^^^^^^^^^^^^^^
  File "C:\Users\Administrator\Documents\continuity-engine\docs\project_memory\w04_4_evidence\package-stations-01.py", line 33, in submit
    return original(self,text,**kwargs)
  File "C:\Users\Administrator\Documents\continuity-engine\src\continuity_engine\testing\w04_cross_entry_fixture.py", line 309, in submit
    return self.entries.receive(self.last_request, self.last_message)
           ~~~~~~~~~~~~~~~~~~~~^^^^^^^^^^^^^^^^^^^^^^^^^^^^^^^^^^^^^^
  File "C:\Users\Administrator\Documents\continuity-engine\src\continuity_engine\services\cross_entry_service.py", line 562, in receive
    return self.interaction.submit(payload, entry_message=message)
           ~~~~~~~~~~~~~~~~~~~~~~~^^^^^^^^^^^^^^^^^^^^^^^^^^^^^^^^
  File "C:\Users\Administrator\Documents\continuity-engine\src\continuity_engine\services\continuity_interaction_service.py", line 192, in submit
    return self._submit(payload, access_use=access_use, entry_message=entry_message)
           ~~~~~~~~~~~~^^^^^^^^^^^^^^^^^^^^^^^^^^^^^^^^^^^^^^^^^^^^^^^^^^^^^^^^^^^^^
  File "C:\Users\Administrator\Documents\continuity-engine\src\continuity_engine\services\continuity_interaction_service.py", line 336, in _submit
    raise IntegrationExecutionError(
    ...<4 lines>...
    ) from exc
continuity_engine.domain.errors.IntegrationExecutionError: Local integration encountered an unexpected execution fault during domain.

----------------------------------------------------------------------
Ran 1 test in 12.908s

FAILED (errors=1)
