test_discovery_history_body_and_native_cross_entry_share_authorities (tests.test_w04_package.W04PackageTests.test_discovery_history_body_and_native_cross_entry_share_authorities) ... ERROR
{"test": "tests.test_w04_package.W04PackageTests.test_discovery_history_body_and_native_cross_entry_share_authorities", "stage": "before-TEST-cleanup", "files": {"s/.p01-sandbox-root.v1.json": {"bytes": 98, "sha256": "3ced39d6b395df89d9b1f34e1b3faf46c14ccc6edab679a616f588a978e002f7"}, "s/s/s171cbfa5/b/becfe6fa3/branch-manifest.v1.json": {"bytes": 243, "sha256": "270b7bdd3a415a1280b9d36d129b0517c5d7e7cc4a60e67612e1a0c7fba804bf"}, "s/s/s171cbfa5/b/becfe6fa3/data/awakening/cycles/96bae45edaa6fb8d0a3f0f32f1665a99d375d1db18998547cf355fec193f4a8c.json": {"bytes": 253, "sha256": "45d48a5d662f7eb3fb08652d3301fe0a2edae4d27e04536935e5cde5a765c588"}, "s/s/s171cbfa5/b/becfe6fa3/data/awakening/sessions/c7b759bae95758ecda2f50045bec7a8a33fe7072ab5d722fa6a4d60037287b43/0d2cbedcaa9846c730e6bfed4ba2bf82e005c1dad90cf365fd17b92b0873bacd.json": {"bytes": 10657, "sha256": "891bed83a1b63318d196b29ba1ad0821ed059a058f2370612b1d53762e4d3baa"}, "s/s/s171cbfa5/b/becfe6fa3/data/awakening/sessions/c7b759bae95758ecda2f50045bec7a8a33fe7072ab5d722fa6a4d60037287b43/1a0136c69949380156808f383b42d8d9e9131cd62f88e9dabbd80897c4be5af2.json": {"bytes": 10657, "sha256": "95410c41eeab920939b0c72c3834a7f48a0c8783625ab167426181f6bdb823a7"}, "s/s/s171cbfa5/b/becfe6fa3/data/awakening/sessions/c7b759bae95758ecda2f50045bec7a8a33fe7072ab5d722fa6a4d60037287b43/1f4f444d05268008c87502583eab847347f75708dd6080b51f88939c71ff0836.json": {"bytes": 10657, "sha256": "d7ddd6aee3a539224ea38b057fb332b4c5b6bbd298426337f0b38a3d7477bb00"}, "s/s/s171cbfa5/b/becfe6fa3/data/c1-receipts/p08-fake-receipts.json": {"bytes": 148, "sha256": "a411df96a3b6eea514baf41f59d45ab70c55b96ee9f28e118d79525ea3bfe8c8"}, "s/s/s171cbfa5/b/becfe6fa3/data/clock/subject-clock.v1.json": {"bytes": 109, "sha256": "9215b6977c7811370330d01c8bfe7e63b8e43ba8b12a8f09d85b24e7efac24ad"}, "s/s/s171cbfa5/b/becfe6fa3/data/contradiction/test/c7b759bae95758ecda2f50045bec7a8a33fe7072ab5d722fa6a4d60037287b43.json": {"bytes": 228, "sha256": "6bf2a80b4024f6123f579e03b98f9959a2537c629bdc985af88ab211442c4733"}, "s/s/s171cbfa5/b/becfe6fa3/data/environment-access/test/81de6c423a1a04e366f5daab8d9759ff20940942257ce8ed998e433bf98ce3bd/attachments.v1.json": {"bytes": 10922, "sha256": "14ae162d92feed60d82ac09a4eea0556d7978b37ea646b67a4500cb5a948f573"}, "s/s/s171cbfa5/b/becfe6fa3/data/environment-access/test/81de6c423a1a04e366f5daab8d9759ff20940942257ce8ed998e433bf98ce3bd/attachments.v1.lock": {"bytes": 1, "sha256": "5feceb66ffc86f38d952786c6d696c79c2dbc239dd4e91b46729d73a27fb57e9"}, "s/s/s171cbfa5/b/becfe6fa3/data/execution-outbox/test/81de6c423a1a04e366f5daab8d9759ff20940942257ce8ed998e433bf98ce3bd/delivery.v1.json": {"bytes": 1967, "sha256": "f835895e8bad5af9fe07bb73540d414b4b069c8f7b70eb49c0b5463cee237895"}, "s/s/s171cbfa5/b/becfe6fa3/data/execution-outbox/test/81de6c423a1a04e366f5daab8d9759ff20940942257ce8ed998e433bf98ce3bd/delivery.v1.lock": {"bytes": 1, "sha256": "5feceb66ffc86f38d952786c6d696c79c2dbc239dd4e91b46729d73a27fb57e9"}, "s/s/s171cbfa5/b/becfe6fa3/data/external-providers/test/81de6c423a1a04e366f5daab8d9759ff20940942257ce8ed998e433bf98ce3bd/cache.json": {"bytes": 3353, "sha256": "8b11deab70598e690568fb133df0600e7e52de961c090d1184fb1c2a8ef4e065"}, "s/s/s171cbfa5/b/becfe6fa3/data/external-providers/test/81de6c423a1a04e366f5daab8d9759ff20940942257ce8ed998e433bf98ce3bd/registry.json": {"bytes": 1850, "sha256": "e4b7bb46f432d8a4aae93b8a7cefb1104a0cd55ae8e9ce21109dafcc3100716d"}, "s/s/s171cbfa5/b/becfe6fa3/data/fixture/c1-profile.v1.json": {"bytes": 102, "sha256": "915d29a4126fc0194dab4f0b2b4d2837a940f742749369cb2925248b361bf782"}, "s/s/s171cbfa5/b/becfe6fa3/data/fixture/p16-control.json": {"bytes": 504, "sha256": "654df3914f6cb0174a0672972961acc1cbd9a5ce4126eab6ec7ddb40cbdc227a"}, "s/s/s171cbfa5/b/becfe6fa3/data/fixture/p16-profile.json": {"bytes": 96, "sha256": "832049886143792f6e844b3b9bfa8b67d3ffd5f1936712a36e14dafaa70a5bd7"}, "s/s/s171cbfa5/b/becfe6fa3/data/fixture/state-fixture.v1.json": {"bytes": 635, "sha256": "1e278e1c63e47522d8056e18cfd572bb5681a38744de159d8579508b674add79"}, "s/s/s171cbfa5/b/becfe6fa3/data/fixture/tool-grants.json": {"bytes": 154, "sha256": "d8c8246f63b9d7532c0d55a929c1fe46e668befbeff8f52d44a5e71db50f4f1d"}, "s/s/s171cbfa5/b/becfe6fa3/data/integration/capability-ledger.v1.json": {"bytes": 64735, "sha256": "d9a7070d5bb6b9542dff9675494b7e533b970126eec702370eeb81794541f470"}, "s/s/s171cbfa5/b/becfe6fa3/data/integration/operation-journal.first-round-v1.json": {"bytes": 323238, "sha256": "3bb04d750c5778900f139b2d410680dbbb64265209632173fba324249840c96f"}, "s/s/s171cbfa5/b/becfe6fa3/data/integration/result-ledger.first-round-v1.json": {"bytes": 3108, "sha256": "73ee2b4e481dcc15ce2f1e1d49087d93b7e0bbdc057a0c1724c3e039028c1745"}, "s/s/s171cbfa5/b/becfe6fa3/data/integration/subject-binding.runtime-v1.json": {"bytes": 613, "sha256": "841129662142fae924af58a117d8ff31abe9e757841387200423fd021752bb5d"}, "s/s/s171cbfa5/b/becfe6fa3/data/learning/c7b759bae95758ecda2f50045bec7a8a33fe7072ab5d722fa6a4d60037287b43.json": {"bytes": 2154, "sha256": "f81af0d3fb85f7e7e4d73fa1b063e3768ee729b86897fde9a1c7191ded8008cc"}, "s/s/s171cbfa5/b/becfe6fa3/data/memory/test/c7b759bae95758ecda2f50045bec7a8a33fe7072ab5d722fa6a4d60037287b43.json": {"bytes": 4202, "sha256": "1fb56f8f18de862183b4320360bba14c46b36ee79f7c9772f62e0d137beaa2cf"}, "s/s/s171cbfa5/b/becfe6fa3/data/p16-fake/facts.json": {"bytes": 4184, "sha256": "3d2ec22af80280fa9be17d35cff93dd034eb91db10d57d5efd8f1625d0208ff2"}, "s/s/s171cbfa5/b/becfe6fa3/data/resources/c7b759bae95758ecda2f50045bec7a8a33fe7072ab5d722fa6a4d60037287b43.json": {"bytes": 437, "sha256": "90579be48930291f124a07c3687015982d11d4f5e4d8e51fb3d352558cf994c7"}, "s/s/s171cbfa5/b/becfe6fa3/data/subject-state/c7b759bae95758ecda2f50045bec7a8a33fe7072ab5d722fa6a4d60037287b43.json": {"bytes": 4912, "sha256": "e20b8b4794248b83e00f1140cf1e2e284f9fafff61c067bcb5bf70cdfada37e1"}, "s/s/s171cbfa5/b/becfe6fa3/data/test-actions/action-sessions.v1.json": {"bytes": 128, "sha256": "c793d56fed46e69c188753d416c566f96bf0a607f26eab6ffcd7d3db0cd8631b"}, "s/s/s171cbfa5/b/becfe6fa3/data/test-indexes/events.v1.json": {"bytes": 138, "sha256": "888283ffbdbe5ccf95c8a2df240afa5f0172c7cfcecb23f0498ba395af0e3acf"}, "s/s/s171cbfa5/b/becfe6fa3/data/test-indexes/evolution.v1.json": {"bytes": 141, "sha256": "9550a757eadd161fa9a63a1fa25716fb970c027eed81084abdb801863763ad3b"}, "s/s/s171cbfa5/b/becfe6fa3/data/test-indexes/relationship-state.v1.json": {"bytes": 150, "sha256": "db2310541c9919f2bf983d2cfdfa44e28f4b85d900cb3faedadce30c85447f73"}, "s/s/s171cbfa5/b/becfe6fa3/data/test-indexes/state-mutations.v1.json": {"bytes": 147, "sha256": "89da476eeba2ef421b209419eec8c1a4a5ecaf0ee55c97c42ccdd24ad32ebc58"}, "s/s/s171cbfa5/b/becfe6fa3/data/test-indexes/thinking-sessions.v1.json": {"bytes": 149, "sha256": "7de9f885d6d4632b145e118f52f4952c05bce0be59e07484cf5231e1f77d007e"}, "s/s/s171cbfa5/b/becfe6fa3/data/test-indexes/wake-sessions.v1.json": {"bytes": 145, "sha256": "46f65614454c0975310d0a6d7a4afd0ffd30c4558afb0cb26fc385a7dccf2b0f"}, "s/s/s171cbfa5/b/becfe6fa3/data/test-memory/memory-ledger.v1.json": {"bytes": 631, "sha256": "010879effe8b2c80dcf4a7305e1049a6808e914b68e0c3aba1ed0092e0efbe4c"}, "s/s/s171cbfa5/b/becfe6fa3/data/test-trace/subject-clock-trace.v1.json": {"bytes": 1558, "sha256": "47f14fa4d80e739028bd716ae213b369f964597897af409a18c7f0adaad5c247"}, "s/s/s171cbfa5/b/becfe6fa3/data/thinking/sessions/c7b759bae95758ecda2f50045bec7a8a33fe7072ab5d722fa6a4d60037287b43/9a6d1a57097a6a66a66e73c98168a9466cec4659f01ce23bb80950ec9fe9f8b0.json": {"bytes": 73581, "sha256": "0111beae80e69b8b663237f97c2ab539c8bd1f45b397d7de5e13d53a4da06565"}, "s/s/s171cbfa5/b/becfe6fa3/data/thinking/sessions/c7b759bae95758ecda2f50045bec7a8a33fe7072ab5d722fa6a4d60037287b43/cb25cde4ca51db5bb12ab4601a1c71591a4d104abd8f3a00f5b1600f0fd0d261.json": {"bytes": 54177, "sha256": "a4b7149044de08aedd7872c9bc8bec7e245457d3d40f3708b29f1b352e0a27c4"}, "s/s/s171cbfa5/b/becfe6fa3/data/worlds/entry-A/simulated-device.json": {"bytes": 3438, "sha256": "118f694b39edb5bf4cc8e0fa588cb18f9c414394dfb55fef02b3a115cbdf7475"}, "s/s/s171cbfa5/b/becfe6fa3/data/worlds/entry-A/simulated-device.lock": {"bytes": 1, "sha256": "5feceb66ffc86f38d952786c6d696c79c2dbc239dd4e91b46729d73a27fb57e9"}, "s/s/s171cbfa5/b/becfe6fa3/data/worlds/tools/connections.json": {"bytes": 2760, "sha256": "75818bc11018c8ed173f9c59bc08c302cd611c815fd66d6a7ccdf9644f22be70"}, "s/s/s171cbfa5/b/becfe6fa3/data/worlds/tools/connections.lock": {"bytes": 1, "sha256": "5feceb66ffc86f38d952786c6d696c79c2dbc239dd4e91b46729d73a27fb57e9"}, "s/s/s171cbfa5/b/becfe6fa3/data/worlds/w04-device/simulated-device.json": {"bytes": 4031, "sha256": "82d012cb0e539ec85826f9cf921cd2abcd85b3f54dabf2855d4ca2b3f640fb64"}, "s/s/s171cbfa5/b/becfe6fa3/data/worlds/w04-device/simulated-device.lock": {"bytes": 1, "sha256": "5feceb66ffc86f38d952786c6d696c79c2dbc239dd4e91b46729d73a27fb57e9"}, "s/s/s171cbfa5/sandbox-manifest.v1.json": {"bytes": 928, "sha256": "3eccc394fc9e64db4aff8ab040841fd5b28aefcdd27724b537a3a87dbba796cd"}, "s/sandbox-registry.v1.json": {"bytes": 485, "sha256": "1ab569127ca54313c72146a7cde10dca2fc21b25cb6a6b1c13b9a5276329853c"}}}
test_simulator_rechecks_current_bytes_without_sharing_mutable_facts (tests.test_w04_package.W04PackageTests.test_simulator_rechecks_current_bytes_without_sharing_mutable_facts) ... ok

======================================================================
ERROR: test_discovery_history_body_and_native_cross_entry_share_authorities (tests.test_w04_package.W04PackageTests.test_discovery_history_body_and_native_cross_entry_share_authorities)
----------------------------------------------------------------------
Traceback (most recent call last):
  File "C:\Users\Administrator\Documents\continuity-engine\src\continuity_engine\services\continuity_interaction_service.py", line 324, in _submit
    operation, thinking_execution = self._run_domain(request, operation, binding)
                                    ~~~~~~~~~~~~~~~~^^^^^^^^^^^^^^^^^^^^^^^^^^^^^
  File "C:\Users\Administrator\Documents\continuity-engine\src\continuity_engine\services\continuity_interaction_service.py", line 879, in _run_domain
    perception = self._continuity_core.prepare(perception, operation,
        **({'save_input': save_input} if operation.input_processing_enabled else {}),
        **({'save_recall':save_recall} if operation.recall_enabled else {}))
  File "C:\Users\Administrator\Documents\continuity-engine\src\continuity_engine\services\continuity_core_service.py", line 348, in prepare
    return self._prepare(perception, operation, save_input=save_input,save_recall=save_recall)
           ~~~~~~~~~~~~~^^^^^^^^^^^^^^^^^^^^^^^^^^^^^^^^^^^^^^^^^^^^^^^^^^^^^^^^^^^^^^^^^^^^^^
  File "C:\Users\Administrator\Documents\continuity-engine\src\continuity_engine\services\continuity_core_service.py", line 427, in _prepare
    route,composition,recall_record=self.recall.prepare(perception,operation,save_recall,
                                    ~~~~~~~~~~~~~~~~~~~^^^^^^^^^^^^^^^^^^^^^^^^^^^^^^^^^^
        attention=mind['influence']['attention'] if mind is not None else None)
        ^^^^^^^^^^^^^^^^^^^^^^^^^^^^^^^^^^^^^^^^^^^^^^^^^^^^^^^^^^^^^^^^^^^^^^^
  File "C:\Users\Administrator\Documents\continuity-engine\src\continuity_engine\services\associative_recall_service.py", line 100, in prepare
    return self._prepare(perception,operation,save,attention=attention)
           ~~~~~~~~~~~~~^^^^^^^^^^^^^^^^^^^^^^^^^^^^^^^^^^^^^^^^^^^^^^^
  File "C:\Users\Administrator\Documents\continuity-engine\src\continuity_engine\services\associative_recall_service.py", line 211, in _prepare
    raise CapabilityValidationError(stop)
continuity_engine.domain.errors.CapabilityValidationError: RECALL_TIMEOUT

The above exception was the direct cause of the following exception:

Traceback (most recent call last):
  File "C:\Users\Administrator\Documents\continuity-engine\tests\test_w04_package.py", line 63, in test_discovery_history_body_and_native_cross_entry_share_authorities
    f.submit('周六选河边店还是山坡店？')
    ~~~~~~~~^^^^^^^^^^^^^^^^^^^^^^^^^^^^
  File "C:\Users\Administrator\Documents\continuity-engine\src\continuity_engine\testing\w04_cross_entry_fixture.py", line 309, in submit
    return self.entries.receive(self.last_request, self.last_message)
           ~~~~~~~~~~~~~~~~~~~~^^^^^^^^^^^^^^^^^^^^^^^^^^^^^^^^^^^^^^
  File "C:\Users\Administrator\Documents\continuity-engine\src\continuity_engine\services\cross_entry_service.py", line 562, in receive
    return self.interaction.submit(payload, entry_message=message)
           ~~~~~~~~~~~~~~~~~~~~~~~^^^^^^^^^^^^^^^^^^^^^^^^^^^^^^^^
  File "C:\Users\Administrator\Documents\continuity-engine\src\continuity_engine\services\continuity_interaction_service.py", line 192, in submit
    return self._submit(payload, access_use=access_use, entry_message=entry_message)
           ~~~~~~~~~~~~^^^^^^^^^^^^^^^^^^^^^^^^^^^^^^^^^^^^^^^^^^^^^^^^^^^^^^^^^^^^^
  File "C:\Users\Administrator\Documents\continuity-engine\src\continuity_engine\services\continuity_interaction_service.py", line 336, in _submit
    raise IntegrationExecutionError(
    ...<4 lines>...
    ) from exc
continuity_engine.domain.errors.IntegrationExecutionError: Local integration encountered an unexpected execution fault during domain.

----------------------------------------------------------------------
Ran 2 tests in 12.447s

FAILED (errors=1)
