test_discovery_history_body_and_native_cross_entry_share_authorities (tests.test_w04_package.W04PackageTests.test_discovery_history_body_and_native_cross_entry_share_authorities) ... ERROR
{"test": "tests.test_w04_package.W04PackageTests.test_discovery_history_body_and_native_cross_entry_share_authorities", "stage": "before-TEST-cleanup", "files": {"s/.p01-sandbox-root.v1.json": {"bytes": 98, "sha256": "3ced39d6b395df89d9b1f34e1b3faf46c14ccc6edab679a616f588a978e002f7"}, "s/s/s6ea8e62b/b/b82c63a1c/branch-manifest.v1.json": {"bytes": 243, "sha256": "c0afabf5d656916ed771754d886574fd770fe02a9e5acd3b5c246ded6a598fad"}, "s/s/s6ea8e62b/b/b82c63a1c/data/awakening/cycles/51716394a89b04d8e5d9b3b5a8297cb6c001f1309b9277468630674393098867.json": {"bytes": 253, "sha256": "1b1981153547321d793247bcdb5662a8994d957dbbc05b1036f9fee108557da9"}, "s/s/s6ea8e62b/b/b82c63a1c/data/awakening/sessions/78de0e5b5a7faa69102c50f1226c29b056979254f32ba7eaa331409f49a0b1f6/2844d121228be88059ee679a5eea4004ef9aa8c811d95b7e5f505e80c362ec91.json": {"bytes": 10657, "sha256": "d6c46881392c501ec1117df0556f1d9445c401bdabccbe0c88046c2c1b8f7fc3"}, "s/s/s6ea8e62b/b/b82c63a1c/data/awakening/sessions/78de0e5b5a7faa69102c50f1226c29b056979254f32ba7eaa331409f49a0b1f6/681c91e908c255876cea361a9d0df2f040478fa9b3efb6b851702f24be41f6d5.json": {"bytes": 10657, "sha256": "53ef993f34fc1d874f3cc3688b6703e5d4d2d27954e38e5675605ad4b444e09a"}, "s/s/s6ea8e62b/b/b82c63a1c/data/awakening/sessions/78de0e5b5a7faa69102c50f1226c29b056979254f32ba7eaa331409f49a0b1f6/e66d72c49162b37b297910f3bc7918db44c9e1afd506a61a01e4e71a8b3d1567.json": {"bytes": 10657, "sha256": "da136ff84c5364bef6078f2e2b490c32d089961301e0b5c94aa15811f9df81fe"}, "s/s/s6ea8e62b/b/b82c63a1c/data/c1-receipts/p08-fake-receipts.json": {"bytes": 148, "sha256": "a411df96a3b6eea514baf41f59d45ab70c55b96ee9f28e118d79525ea3bfe8c8"}, "s/s/s6ea8e62b/b/b82c63a1c/data/clock/subject-clock.v1.json": {"bytes": 109, "sha256": "9215b6977c7811370330d01c8bfe7e63b8e43ba8b12a8f09d85b24e7efac24ad"}, "s/s/s6ea8e62b/b/b82c63a1c/data/contradiction/test/78de0e5b5a7faa69102c50f1226c29b056979254f32ba7eaa331409f49a0b1f6.json": {"bytes": 228, "sha256": "83c56161c15d4536a5ab8d944f5270cfe4a7c61b1947bcc2caae4838b1925008"}, "s/s/s6ea8e62b/b/b82c63a1c/data/environment-access/test/b6ebca65b77cabf7fa15a78843f49d18d44467a9242ee72b88fe86ae79c3cd31/attachments.v1.json": {"bytes": 10922, "sha256": "dbfc2d81ee7570fc4b25b198bbe3b7c8150963fa5ada591eef4574f6ffd646f5"}, "s/s/s6ea8e62b/b/b82c63a1c/data/environment-access/test/b6ebca65b77cabf7fa15a78843f49d18d44467a9242ee72b88fe86ae79c3cd31/attachments.v1.lock": {"bytes": 1, "sha256": "5feceb66ffc86f38d952786c6d696c79c2dbc239dd4e91b46729d73a27fb57e9"}, "s/s/s6ea8e62b/b/b82c63a1c/data/execution-outbox/test/b6ebca65b77cabf7fa15a78843f49d18d44467a9242ee72b88fe86ae79c3cd31/delivery.v1.json": {"bytes": 1967, "sha256": "b442a60695e8bd310840169c9aa5cd8e919d71c8dbb4cfbff4b4ae64f643cc73"}, "s/s/s6ea8e62b/b/b82c63a1c/data/execution-outbox/test/b6ebca65b77cabf7fa15a78843f49d18d44467a9242ee72b88fe86ae79c3cd31/delivery.v1.lock": {"bytes": 1, "sha256": "5feceb66ffc86f38d952786c6d696c79c2dbc239dd4e91b46729d73a27fb57e9"}, "s/s/s6ea8e62b/b/b82c63a1c/data/external-providers/test/b6ebca65b77cabf7fa15a78843f49d18d44467a9242ee72b88fe86ae79c3cd31/cache.json": {"bytes": 3353, "sha256": "9cbfc159ab901eb2c08b889255ecca4daa5bd56f94a66a1ab28c2ad64d6b51af"}, "s/s/s6ea8e62b/b/b82c63a1c/data/external-providers/test/b6ebca65b77cabf7fa15a78843f49d18d44467a9242ee72b88fe86ae79c3cd31/registry.json": {"bytes": 1850, "sha256": "e9cf1e018a9fb0d13fd5cec026228212ed61c5e0d39ecdd6b1153566aab2bd26"}, "s/s/s6ea8e62b/b/b82c63a1c/data/fixture/c1-profile.v1.json": {"bytes": 102, "sha256": "433f4a0e98490a3899d0ce3e1771a46001add1b0ed1d5e027518378bde0b502f"}, "s/s/s6ea8e62b/b/b82c63a1c/data/fixture/p16-control.json": {"bytes": 504, "sha256": "14d39a68c67c9b5ad864b923fad2564173f81aa1434e9852028568bac8a8df60"}, "s/s/s6ea8e62b/b/b82c63a1c/data/fixture/p16-profile.json": {"bytes": 96, "sha256": "96aec78582ca5c3d5e06d178f14e694c9e1ed2ccfd3b8bbe9fbe2b8796bcfcdc"}, "s/s/s6ea8e62b/b/b82c63a1c/data/fixture/state-fixture.v1.json": {"bytes": 635, "sha256": "332f848fe2ef9d8a3c049712587ca069ef3818a0dea7e7a8815b87d2f35964af"}, "s/s/s6ea8e62b/b/b82c63a1c/data/fixture/tool-grants.json": {"bytes": 154, "sha256": "d8c8246f63b9d7532c0d55a929c1fe46e668befbeff8f52d44a5e71db50f4f1d"}, "s/s/s6ea8e62b/b/b82c63a1c/data/integration/capability-ledger.v1.json": {"bytes": 64735, "sha256": "e830c44a3a928f5fe88f0c9bc1833eb3971169d766988516b298ac138327d9b5"}, "s/s/s6ea8e62b/b/b82c63a1c/data/integration/operation-journal.first-round-v1.json": {"bytes": 323234, "sha256": "cf44a0402870cef2ad9571c1a071227882f427d5ada0715b9d7522fe02c444b9"}, "s/s/s6ea8e62b/b/b82c63a1c/data/integration/result-ledger.first-round-v1.json": {"bytes": 3108, "sha256": "4d22d7341e8090dff5ff405082ebec6ffc4ccbd5b7503687e305c689f23ce6cb"}, "s/s/s6ea8e62b/b/b82c63a1c/data/integration/subject-binding.runtime-v1.json": {"bytes": 613, "sha256": "62ebf62f8c6cda796281ce39ab35b16184e2c6f6d1ce3097eb34d536fc98632c"}, "s/s/s6ea8e62b/b/b82c63a1c/data/learning/78de0e5b5a7faa69102c50f1226c29b056979254f32ba7eaa331409f49a0b1f6.json": {"bytes": 2154, "sha256": "76b01cbaba0d66dd77450b7c4875da15e68b5ec1dec167e31ae43cb66b8c4e5a"}, "s/s/s6ea8e62b/b/b82c63a1c/data/memory/test/78de0e5b5a7faa69102c50f1226c29b056979254f32ba7eaa331409f49a0b1f6.json": {"bytes": 4202, "sha256": "6c9e4a5a0142b1fab1cf3850f67e61ffd64b4e75be91de342cf06883e166a1a7"}, "s/s/s6ea8e62b/b/b82c63a1c/data/p16-fake/facts.json": {"bytes": 4184, "sha256": "6bcb601fdb6521d21597bce6e4ec52a7120e3d529f29449474ba6ccb42c655fd"}, "s/s/s6ea8e62b/b/b82c63a1c/data/resources/78de0e5b5a7faa69102c50f1226c29b056979254f32ba7eaa331409f49a0b1f6.json": {"bytes": 437, "sha256": "a5bd29e4bbd60b7e2bdb97ab3394b4a5b69e5c1576bc1f811b5995c223067332"}, "s/s/s6ea8e62b/b/b82c63a1c/data/subject-state/78de0e5b5a7faa69102c50f1226c29b056979254f32ba7eaa331409f49a0b1f6.json": {"bytes": 4912, "sha256": "bff6ad4980916c5b96698a0a53587afa1996587ba8f453953edefe999b7ce1bb"}, "s/s/s6ea8e62b/b/b82c63a1c/data/test-actions/action-sessions.v1.json": {"bytes": 128, "sha256": "2710720ad55fa1ba17d11dc21ea517287a5a876febc2131b5dd2ce55536e926d"}, "s/s/s6ea8e62b/b/b82c63a1c/data/test-indexes/events.v1.json": {"bytes": 138, "sha256": "5e8b2a849ccbe47334d2aebf074137298248c0dd88957715e059426709ac7092"}, "s/s/s6ea8e62b/b/b82c63a1c/data/test-indexes/evolution.v1.json": {"bytes": 141, "sha256": "10de6cd501b78986b09f91ff6312087e1cb56fe3ea1e6ea08aa8ad1b0a168f4b"}, "s/s/s6ea8e62b/b/b82c63a1c/data/test-indexes/relationship-state.v1.json": {"bytes": 150, "sha256": "006ae6d870ddd45b717ba0aab0fd0ab4ee30d0ceced4d26db1bde33512eb628f"}, "s/s/s6ea8e62b/b/b82c63a1c/data/test-indexes/state-mutations.v1.json": {"bytes": 147, "sha256": "2f47a27942045121659f6c1bf3760ff34d26ac3ad4d2881b622746f76595c987"}, "s/s/s6ea8e62b/b/b82c63a1c/data/test-indexes/thinking-sessions.v1.json": {"bytes": 149, "sha256": "04f65ea24c5462320f584f42c6153afb295021d5ae2c237c1be49199b072cf79"}, "s/s/s6ea8e62b/b/b82c63a1c/data/test-indexes/wake-sessions.v1.json": {"bytes": 145, "sha256": "a569f38cb73d2bcb5f0b299b065de9f866c4a7debda6523aa75594a72a1cb526"}, "s/s/s6ea8e62b/b/b82c63a1c/data/test-memory/memory-ledger.v1.json": {"bytes": 631, "sha256": "5e1ec850573e96946331b61d5427fe4ef9f1985c2deef60d9b776ef4e4de6ad8"}, "s/s/s6ea8e62b/b/b82c63a1c/data/test-trace/subject-clock-trace.v1.json": {"bytes": 1558, "sha256": "0cc8d3df418f54f35f68f9bf0d626f5df7f12348daf48c8cf674d5d177a81633"}, "s/s/s6ea8e62b/b/b82c63a1c/data/thinking/sessions/78de0e5b5a7faa69102c50f1226c29b056979254f32ba7eaa331409f49a0b1f6/375b5f969e38ff8fe1c7218249a57d1a7f339acf5a6bff24f861206ba50724a8.json": {"bytes": 54177, "sha256": "e9a2a89470c28d92bde0cfa2de20c4d150ef7fcaa652a73e14282760d008570b"}, "s/s/s6ea8e62b/b/b82c63a1c/data/thinking/sessions/78de0e5b5a7faa69102c50f1226c29b056979254f32ba7eaa331409f49a0b1f6/a1e721996232a39fe33b0172208f629bbce34f487516f0adfefb9d50cd049f17.json": {"bytes": 73580, "sha256": "639911dcc5c9592bf214745204818eda897064965bbfb67dedbeed0a041f58c3"}, "s/s/s6ea8e62b/b/b82c63a1c/data/worlds/entry-A/simulated-device.json": {"bytes": 3438, "sha256": "febe3091f3ceacadb192f52d682221495eff569dad7ecba3ffa0e185e7be1937"}, "s/s/s6ea8e62b/b/b82c63a1c/data/worlds/entry-A/simulated-device.lock": {"bytes": 1, "sha256": "5feceb66ffc86f38d952786c6d696c79c2dbc239dd4e91b46729d73a27fb57e9"}, "s/s/s6ea8e62b/b/b82c63a1c/data/worlds/tools/connections.json": {"bytes": 2760, "sha256": "a7aa58d55ea73e8a0753905002bca6f9e435f60830cd838e11b119d11f61d2ed"}, "s/s/s6ea8e62b/b/b82c63a1c/data/worlds/tools/connections.lock": {"bytes": 1, "sha256": "5feceb66ffc86f38d952786c6d696c79c2dbc239dd4e91b46729d73a27fb57e9"}, "s/s/s6ea8e62b/b/b82c63a1c/data/worlds/w04-device/simulated-device.json": {"bytes": 4031, "sha256": "80f02942f1cad7812d834c9adb7e8c53d6bd6db4bf52cfafc2d0f6079a7a239b"}, "s/s/s6ea8e62b/b/b82c63a1c/data/worlds/w04-device/simulated-device.lock": {"bytes": 1, "sha256": "5feceb66ffc86f38d952786c6d696c79c2dbc239dd4e91b46729d73a27fb57e9"}, "s/s/s6ea8e62b/sandbox-manifest.v1.json": {"bytes": 928, "sha256": "81b8d96cc749b9b605fc3b32acc37b5048abbf841d07e5366f382cf5b8b3892e"}, "s/sandbox-registry.v1.json": {"bytes": 485, "sha256": "e58f05b06b78501a95bf6ebbd6b9fc699965e1d1cb74330e9b27a1f1d6b95254"}}}

======================================================================
ERROR: test_discovery_history_body_and_native_cross_entry_share_authorities (tests.test_w04_package.W04PackageTests.test_discovery_history_body_and_native_cross_entry_share_authorities)
----------------------------------------------------------------------
Traceback (most recent call last):
  File "C:\Users\Administrator\Documents\continuity-engine\src\continuity_engine\services\continuity_interaction_service.py", line 324, in _submit
    operation, thinking_execution = self._run_domain(request, operation, binding)
                                    ~~~~~~~~~~~~~~~~^^^^^^^^^^^^^^^^^^^^^^^^^^^^^
  File "C:\Users\Administrator\Documents\continuity-engine\src\continuity_engine\services\continuity_interaction_service.py", line 879, in _run_domain
    perception = self._continuity_core.prepare(perception, operation,
        **({'save_input': save_input} if operation.input_processing_enabled else {}),
        **({'save_recall':save_recall} if operation.recall_enabled else {}))
  File "C:\Users\Administrator\Documents\continuity-engine\src\continuity_engine\services\continuity_core_service.py", line 348, in prepare
    return self._prepare(perception, operation, save_input=save_input,save_recall=save_recall)
           ~~~~~~~~~~~~~^^^^^^^^^^^^^^^^^^^^^^^^^^^^^^^^^^^^^^^^^^^^^^^^^^^^^^^^^^^^^^^^^^^^^^
  File "C:\Users\Administrator\Documents\continuity-engine\src\continuity_engine\services\continuity_core_service.py", line 427, in _prepare
    route,composition,recall_record=self.recall.prepare(perception,operation,save_recall,
                                    ~~~~~~~~~~~~~~~~~~~^^^^^^^^^^^^^^^^^^^^^^^^^^^^^^^^^^
        attention=mind['influence']['attention'] if mind is not None else None)
        ^^^^^^^^^^^^^^^^^^^^^^^^^^^^^^^^^^^^^^^^^^^^^^^^^^^^^^^^^^^^^^^^^^^^^^^
  File "C:\Users\Administrator\Documents\continuity-engine\src\continuity_engine\services\associative_recall_service.py", line 100, in prepare
    return self._prepare(perception,operation,save,attention=attention)
           ~~~~~~~~~~~~~^^^^^^^^^^^^^^^^^^^^^^^^^^^^^^^^^^^^^^^^^^^^^^^
  File "C:\Users\Administrator\Documents\continuity-engine\docs\project_memory\w04_4_evidence\package-cpu-01.py", line 11, in measured
    try:return prepare(*a,**k)
               ~~~~~~~^^^^^^^^
  File "C:\Users\Administrator\Documents\continuity-engine\src\continuity_engine\services\associative_recall_service.py", line 211, in _prepare
    raise CapabilityValidationError(stop)
continuity_engine.domain.errors.CapabilityValidationError: RECALL_TIMEOUT

The above exception was the direct cause of the following exception:

Traceback (most recent call last):
  File "C:\Users\Administrator\Documents\continuity-engine\tests\test_w04_package.py", line 63, in test_discovery_history_body_and_native_cross_entry_share_authorities
    f.submit('周六选河边店还是山坡店？')
    ~~~~~~~~^^^^^^^^^^^^^^^^^^^^^^^^^^^^
  File "C:\Users\Administrator\Documents\continuity-engine\docs\project_memory\w04_4_evidence\package-cpu-01.py", line 18, in submit
    return original(self,text,**kw)
  File "C:\Users\Administrator\Documents\continuity-engine\src\continuity_engine\testing\w04_cross_entry_fixture.py", line 309, in submit
    return self.entries.receive(self.last_request, self.last_message)
           ~~~~~~~~~~~~~~~~~~~~^^^^^^^^^^^^^^^^^^^^^^^^^^^^^^^^^^^^^^
  File "C:\Users\Administrator\Documents\continuity-engine\src\continuity_engine\services\cross_entry_service.py", line 562, in receive
    return self.interaction.submit(payload, entry_message=message)
           ~~~~~~~~~~~~~~~~~~~~~~~^^^^^^^^^^^^^^^^^^^^^^^^^^^^^^^^
  File "C:\Users\Administrator\Documents\continuity-engine\src\continuity_engine\services\continuity_interaction_service.py", line 192, in submit
    return self._submit(payload, access_use=access_use, entry_message=entry_message)
           ~~~~~~~~~~~~^^^^^^^^^^^^^^^^^^^^^^^^^^^^^^^^^^^^^^^^^^^^^^^^^^^^^^^^^^^^^
  File "C:\Users\Administrator\Documents\continuity-engine\src\continuity_engine\services\continuity_interaction_service.py", line 336, in _submit
    raise IntegrationExecutionError(
    ...<4 lines>...
    ) from exc
continuity_engine.domain.errors.IntegrationExecutionError: Local integration encountered an unexpected execution fault during domain.

----------------------------------------------------------------------
Ran 1 test in 13.390s

FAILED (errors=1)
