test_capability_projection_validates_unselected_records_and_isolates_copies (tests.test_w04_4_boundaries.EntryBoundaryTests.test_capability_projection_validates_unselected_records_and_isolates_copies) ... ok
test_discovery_history_body_and_native_cross_entry_share_authorities (tests.test_w04_package.W04PackageTests.test_discovery_history_body_and_native_cross_entry_share_authorities) ... ERROR
{"test": "tests.test_w04_package.W04PackageTests.test_discovery_history_body_and_native_cross_entry_share_authorities", "stage": "before-TEST-cleanup", "files": {"s/.p01-sandbox-root.v1.json": {"bytes": 98, "sha256": "3ced39d6b395df89d9b1f34e1b3faf46c14ccc6edab679a616f588a978e002f7"}, "s/s/s845807ee/b/bc0bfc05e/branch-manifest.v1.json": {"bytes": 243, "sha256": "d20847504ac5fcdc094211d060f1ee20eca3f87676de058666677f532a05f6b8"}, "s/s/s845807ee/b/bc0bfc05e/data/awakening/cycles/8fafb7c3620d9d3c5efd500fdbf54fd6f95a5c7911d575a456cee4153ba3bb6c.json": {"bytes": 253, "sha256": "5e04c0d0b71d2a3278d5eeb6ab5a154e0cefdaa7270e69b0495d004223cad022"}, "s/s/s845807ee/b/bc0bfc05e/data/awakening/sessions/ff8b9c92d521ffb8e814e70dcf53a1530412b4beefe049f9aa89dcd20903ebb0/6b7a4d56deb65995deb38d4185d0e7e967b5189f6d6fa12d6716eb739b70121a.json": {"bytes": 10657, "sha256": "fb8263de5c618fa1d437ad3a49b5d7584b09c367572859805e7ce73bcc735e2c"}, "s/s/s845807ee/b/bc0bfc05e/data/awakening/sessions/ff8b9c92d521ffb8e814e70dcf53a1530412b4beefe049f9aa89dcd20903ebb0/9843b5846d6f19d2b82ec8c3587c05ba9cb59663172e6036b323cdf81f03078d.json": {"bytes": 10657, "sha256": "78fdc0612fbbee0a2a1ce81420d845c5bdf5aa1c9b05ddf16e5d7a6e5d9fc5ac"}, "s/s/s845807ee/b/bc0bfc05e/data/awakening/sessions/ff8b9c92d521ffb8e814e70dcf53a1530412b4beefe049f9aa89dcd20903ebb0/f9652e2d450708aa0c553a6aa599dbee24563c0ba86a16e5c83828fff1722f12.json": {"bytes": 10657, "sha256": "8d019e41ccfdb93c4527d6a5b185263de765f4e58e7fe3684181ad6189dafdfc"}, "s/s/s845807ee/b/bc0bfc05e/data/c1-receipts/p08-fake-receipts.json": {"bytes": 148, "sha256": "a411df96a3b6eea514baf41f59d45ab70c55b96ee9f28e118d79525ea3bfe8c8"}, "s/s/s845807ee/b/bc0bfc05e/data/clock/subject-clock.v1.json": {"bytes": 109, "sha256": "9215b6977c7811370330d01c8bfe7e63b8e43ba8b12a8f09d85b24e7efac24ad"}, "s/s/s845807ee/b/bc0bfc05e/data/contradiction/test/ff8b9c92d521ffb8e814e70dcf53a1530412b4beefe049f9aa89dcd20903ebb0.json": {"bytes": 228, "sha256": "eeb3cfa1da9cd72874067bc3b2aab7368bcbd81941fc6c2c7df427b546325328"}, "s/s/s845807ee/b/bc0bfc05e/data/environment-access/test/43ad99e413392bbaa1f38e47902a4f249aec80cd2d4fa6e70c93097bfb7422ed/attachments.v1.json": {"bytes": 10922, "sha256": "4f6a2354d41baea1ca2a4497df43cd5c8c4f277eda61abc8691c12f738ddcd24"}, "s/s/s845807ee/b/bc0bfc05e/data/environment-access/test/43ad99e413392bbaa1f38e47902a4f249aec80cd2d4fa6e70c93097bfb7422ed/attachments.v1.lock": {"bytes": 1, "sha256": "5feceb66ffc86f38d952786c6d696c79c2dbc239dd4e91b46729d73a27fb57e9"}, "s/s/s845807ee/b/bc0bfc05e/data/execution-outbox/test/43ad99e413392bbaa1f38e47902a4f249aec80cd2d4fa6e70c93097bfb7422ed/delivery.v1.json": {"bytes": 1967, "sha256": "b512e59a6eefe032af7bf836abf8854753af6ac37d9cab6012a3577bc1d9582a"}, "s/s/s845807ee/b/bc0bfc05e/data/execution-outbox/test/43ad99e413392bbaa1f38e47902a4f249aec80cd2d4fa6e70c93097bfb7422ed/delivery.v1.lock": {"bytes": 1, "sha256": "5feceb66ffc86f38d952786c6d696c79c2dbc239dd4e91b46729d73a27fb57e9"}, "s/s/s845807ee/b/bc0bfc05e/data/external-providers/test/43ad99e413392bbaa1f38e47902a4f249aec80cd2d4fa6e70c93097bfb7422ed/cache.json": {"bytes": 3353, "sha256": "7e013df4aad9942a194a9e6558e6a1bde1afa3bfbeb806ca5894a5d08206df5b"}, "s/s/s845807ee/b/bc0bfc05e/data/external-providers/test/43ad99e413392bbaa1f38e47902a4f249aec80cd2d4fa6e70c93097bfb7422ed/registry.json": {"bytes": 1850, "sha256": "e792a5d4febf8fdc0afdfd8c96bbfafde4d70d837c908ea84b2a6d546613954d"}, "s/s/s845807ee/b/bc0bfc05e/data/fixture/c1-profile.v1.json": {"bytes": 102, "sha256": "2ca3267620fe1f6201805f8e1d96a584e0b558702b0514144ba34c3bdaa9822d"}, "s/s/s845807ee/b/bc0bfc05e/data/fixture/p16-control.json": {"bytes": 504, "sha256": "ef4a9eeb40fdc28d388236a11eb4ebcf0568be4bb97072e20bed5ebf78e220fe"}, "s/s/s845807ee/b/bc0bfc05e/data/fixture/p16-profile.json": {"bytes": 96, "sha256": "2260828b87e94a626f942b77b64f2d990a1fe2dd85132746c97ed64d87a04850"}, "s/s/s845807ee/b/bc0bfc05e/data/fixture/state-fixture.v1.json": {"bytes": 635, "sha256": "77b8e65437abc557a80a331d6b6748414eb320e15df0950a0300b8546e14b9aa"}, "s/s/s845807ee/b/bc0bfc05e/data/fixture/tool-grants.json": {"bytes": 154, "sha256": "d8c8246f63b9d7532c0d55a929c1fe46e668befbeff8f52d44a5e71db50f4f1d"}, "s/s/s845807ee/b/bc0bfc05e/data/integration/capability-ledger.v1.json": {"bytes": 64735, "sha256": "311192497cbc9b4fd586670bc2b5eacb945a24099a10066abf41053d04d59962"}, "s/s/s845807ee/b/bc0bfc05e/data/integration/operation-journal.first-round-v1.json": {"bytes": 323238, "sha256": "77ba7787d178b8c73eab683ae05c796f9ad40997a6007b87606a2b0d760084e6"}, "s/s/s845807ee/b/bc0bfc05e/data/integration/result-ledger.first-round-v1.json": {"bytes": 3108, "sha256": "2f09591768f63c84501c67f8e68a6407dbd56f80beb679e7086d23cc7ad7c3ed"}, "s/s/s845807ee/b/bc0bfc05e/data/integration/subject-binding.runtime-v1.json": {"bytes": 613, "sha256": "7b66de6c6609b0aadab9fa14a4dc5e64919cee5ff42f3681bb03a53a708281cd"}, "s/s/s845807ee/b/bc0bfc05e/data/learning/ff8b9c92d521ffb8e814e70dcf53a1530412b4beefe049f9aa89dcd20903ebb0.json": {"bytes": 2154, "sha256": "b14fd80125313703d3d670bce7e87cdca817a329a789a6ee7dcfaf7b224ec4e9"}, "s/s/s845807ee/b/bc0bfc05e/data/memory/test/ff8b9c92d521ffb8e814e70dcf53a1530412b4beefe049f9aa89dcd20903ebb0.json": {"bytes": 4202, "sha256": "8c0e3b28a81ef183b9c7cb85a2d8319a9c6c89791770c4f8ca83b2a8f4db56d5"}, "s/s/s845807ee/b/bc0bfc05e/data/p16-fake/facts.json": {"bytes": 4184, "sha256": "87878ba217c467c2483648c7c37d34a410640e9cfd290f4056a3ed95a09cf894"}, "s/s/s845807ee/b/bc0bfc05e/data/resources/ff8b9c92d521ffb8e814e70dcf53a1530412b4beefe049f9aa89dcd20903ebb0.json": {"bytes": 437, "sha256": "ad0a75aa2922ae65b977f20aeaa995ef9c57150a223619e1038a041041524625"}, "s/s/s845807ee/b/bc0bfc05e/data/subject-state/ff8b9c92d521ffb8e814e70dcf53a1530412b4beefe049f9aa89dcd20903ebb0.json": {"bytes": 4912, "sha256": "72ab35fdc6a3c1de2197a2e236c21588ce116b0e5710d9f4ed80f8f652ac9260"}, "s/s/s845807ee/b/bc0bfc05e/data/test-actions/action-sessions.v1.json": {"bytes": 128, "sha256": "07450ed7c4340177f4791c4ca3d7d7f180bfd344710bb0624b2b431b627d95f5"}, "s/s/s845807ee/b/bc0bfc05e/data/test-indexes/events.v1.json": {"bytes": 138, "sha256": "bba29a6b3aac8e4605e3e73d0b488b39a71fe5d00552ffbc1b8f953f82a05bbb"}, "s/s/s845807ee/b/bc0bfc05e/data/test-indexes/evolution.v1.json": {"bytes": 141, "sha256": "c2e47fe579847f6027b1e1af7ceae21d8f02c762c73f7ded090c9a13e5a4333f"}, "s/s/s845807ee/b/bc0bfc05e/data/test-indexes/relationship-state.v1.json": {"bytes": 150, "sha256": "53d66c4c873feb691a09ca19b3ea8d6dd668d8601e6c6d25dd0e28305b7f67de"}, "s/s/s845807ee/b/bc0bfc05e/data/test-indexes/state-mutations.v1.json": {"bytes": 147, "sha256": "549295f06a4a8cd1f0badf4a02893341a46b3172e60a4eb9855ec5a990bdd6d6"}, "s/s/s845807ee/b/bc0bfc05e/data/test-indexes/thinking-sessions.v1.json": {"bytes": 149, "sha256": "a23e4affd39d21837dfe3bc618e4c3bcacef98ca1a64904777ba67155fd96c61"}, "s/s/s845807ee/b/bc0bfc05e/data/test-indexes/wake-sessions.v1.json": {"bytes": 145, "sha256": "ac277026561b028d69f93fcaa41e150f96f9bd1416902cc8bd94136442e14c27"}, "s/s/s845807ee/b/bc0bfc05e/data/test-memory/memory-ledger.v1.json": {"bytes": 631, "sha256": "76febffffb81cdd277a2a11f948b6b7d5834ff39e00657cb0ef7306e8f1c7b54"}, "s/s/s845807ee/b/bc0bfc05e/data/test-trace/subject-clock-trace.v1.json": {"bytes": 1558, "sha256": "889eff3cbc971e0b755aeab856c6227ab55dd0b32d0b4f9705f882ba380d963e"}, "s/s/s845807ee/b/bc0bfc05e/data/thinking/sessions/ff8b9c92d521ffb8e814e70dcf53a1530412b4beefe049f9aa89dcd20903ebb0/6f3b2924ebddb4273afd36ac31df92a2ad72c2033b8d1bde0e466e755f22145d.json": {"bytes": 73581, "sha256": "85cefc88a97a10fd1f05f4eb0ac246d0575f39e7eeff3fd8f8953243af332aaf"}, "s/s/s845807ee/b/bc0bfc05e/data/thinking/sessions/ff8b9c92d521ffb8e814e70dcf53a1530412b4beefe049f9aa89dcd20903ebb0/bea2d049e77c318fd55a4e3c9a6c525d70697f6da4fd3bd33d80ceb0d4a78ff2.json": {"bytes": 54177, "sha256": "bad05965b8ed016c5924d6472be1e07d138e2552b19dd5716918c828299f1167"}, "s/s/s845807ee/b/bc0bfc05e/data/worlds/entry-A/simulated-device.json": {"bytes": 3438, "sha256": "decbced5e6cc7384c439fb2e9621b97cd4963ef361ee352b352ea46958917858"}, "s/s/s845807ee/b/bc0bfc05e/data/worlds/entry-A/simulated-device.lock": {"bytes": 1, "sha256": "5feceb66ffc86f38d952786c6d696c79c2dbc239dd4e91b46729d73a27fb57e9"}, "s/s/s845807ee/b/bc0bfc05e/data/worlds/tools/connections.json": {"bytes": 2760, "sha256": "f9451ed9ae45c1c3caf00ed288f951c16f9affdaebc4784a0ef70f2cf8a5b659"}, "s/s/s845807ee/b/bc0bfc05e/data/worlds/tools/connections.lock": {"bytes": 1, "sha256": "5feceb66ffc86f38d952786c6d696c79c2dbc239dd4e91b46729d73a27fb57e9"}, "s/s/s845807ee/b/bc0bfc05e/data/worlds/w04-device/simulated-device.json": {"bytes": 4031, "sha256": "0ae7937a3af77d2b26d921a15da64c242fd4a18ab27a4770aab4dbcfbd925380"}, "s/s/s845807ee/b/bc0bfc05e/data/worlds/w04-device/simulated-device.lock": {"bytes": 1, "sha256": "5feceb66ffc86f38d952786c6d696c79c2dbc239dd4e91b46729d73a27fb57e9"}, "s/s/s845807ee/sandbox-manifest.v1.json": {"bytes": 928, "sha256": "d8c995712670c5e6a8d35c6913f5eb7c5902dc6ce558e5934f906bf3d3a4674c"}, "s/sandbox-registry.v1.json": {"bytes": 485, "sha256": "31a6d5b103e642909e8e3513f46171cff5e6b7d92c2c2acee4bc2508d9772134"}}}

======================================================================
ERROR: test_discovery_history_body_and_native_cross_entry_share_authorities (tests.test_w04_package.W04PackageTests.test_discovery_history_body_and_native_cross_entry_share_authorities)
----------------------------------------------------------------------
Traceback (most recent call last):
  File "C:\Users\Administrator\Documents\continuity-engine\src\continuity_engine\services\continuity_interaction_service.py", line 324, in _submit
    operation, thinking_execution = self._run_domain(request, operation, binding)
                                    ~~~~~~~~~~~~~~~~^^^^^^^^^^^^^^^^^^^^^^^^^^^^^
  File "C:\Users\Administrator\Documents\continuity-engine\src\continuity_engine\services\continuity_interaction_service.py", line 879, in _run_domain
    perception = self._continuity_core.prepare(perception, operation,
        **({'save_input': save_input} if operation.input_processing_enabled else {}),
        **({'save_recall':save_recall} if operation.recall_enabled else {}))
  File "C:\Users\Administrator\Documents\continuity-engine\src\continuity_engine\services\continuity_core_service.py", line 348, in prepare
    return self._prepare(perception, operation, save_input=save_input,save_recall=save_recall)
           ~~~~~~~~~~~~~^^^^^^^^^^^^^^^^^^^^^^^^^^^^^^^^^^^^^^^^^^^^^^^^^^^^^^^^^^^^^^^^^^^^^^
  File "C:\Users\Administrator\Documents\continuity-engine\src\continuity_engine\services\continuity_core_service.py", line 427, in _prepare
    route,composition,recall_record=self.recall.prepare(perception,operation,save_recall,
                                    ~~~~~~~~~~~~~~~~~~~^^^^^^^^^^^^^^^^^^^^^^^^^^^^^^^^^^
        attention=mind['influence']['attention'] if mind is not None else None)
        ^^^^^^^^^^^^^^^^^^^^^^^^^^^^^^^^^^^^^^^^^^^^^^^^^^^^^^^^^^^^^^^^^^^^^^^
  File "C:\Users\Administrator\Documents\continuity-engine\src\continuity_engine\services\associative_recall_service.py", line 100, in prepare
    return self._prepare(perception,operation,save,attention=attention)
           ~~~~~~~~~~~~~^^^^^^^^^^^^^^^^^^^^^^^^^^^^^^^^^^^^^^^^^^^^^^^
  File "C:\Users\Administrator\Documents\continuity-engine\src\continuity_engine\services\associative_recall_service.py", line 211, in _prepare
    raise CapabilityValidationError(stop)
continuity_engine.domain.errors.CapabilityValidationError: RECALL_TIMEOUT

The above exception was the direct cause of the following exception:

Traceback (most recent call last):
  File "C:\Users\Administrator\Documents\continuity-engine\tests\test_w04_package.py", line 46, in test_discovery_history_body_and_native_cross_entry_share_authorities
    f.submit('周六选河边店还是山坡店？')
    ~~~~~~~~^^^^^^^^^^^^^^^^^^^^^^^^^^^^
  File "C:\Users\Administrator\Documents\continuity-engine\src\continuity_engine\testing\w04_cross_entry_fixture.py", line 309, in submit
    return self.entries.receive(self.last_request, self.last_message)
           ~~~~~~~~~~~~~~~~~~~~^^^^^^^^^^^^^^^^^^^^^^^^^^^^^^^^^^^^^^
  File "C:\Users\Administrator\Documents\continuity-engine\src\continuity_engine\services\cross_entry_service.py", line 562, in receive
    return self.interaction.submit(payload, entry_message=message)
           ~~~~~~~~~~~~~~~~~~~~~~~^^^^^^^^^^^^^^^^^^^^^^^^^^^^^^^^
  File "C:\Users\Administrator\Documents\continuity-engine\src\continuity_engine\services\continuity_interaction_service.py", line 192, in submit
    return self._submit(payload, access_use=access_use, entry_message=entry_message)
           ~~~~~~~~~~~~^^^^^^^^^^^^^^^^^^^^^^^^^^^^^^^^^^^^^^^^^^^^^^^^^^^^^^^^^^^^^
  File "C:\Users\Administrator\Documents\continuity-engine\src\continuity_engine\services\continuity_interaction_service.py", line 336, in _submit
    raise IntegrationExecutionError(
    ...<4 lines>...
    ) from exc
continuity_engine.domain.errors.IntegrationExecutionError: Local integration encountered an unexpected execution fault during domain.

----------------------------------------------------------------------
Ran 2 tests in 13.732s

FAILED (errors=1)
