test_related_native_memory_cannot_bypass_entry_transfer_withdrawal (tests.test_w04_4_boundaries.EntryBoundaryTests.test_related_native_memory_cannot_bypass_entry_transfer_withdrawal) ... ok
test_transfer_revoked_inside_read_callback_does_not_return_old_grant (tests.test_w04_4_boundaries.EntryBoundaryTests.test_transfer_revoked_inside_read_callback_does_not_return_old_grant) ... ERROR
{"test": "tests.test_w04_4_boundaries.EntryBoundaryTests.test_transfer_revoked_inside_read_callback_does_not_return_old_grant", "stage": "before-TEST-cleanup", "files": {"s/.p01-sandbox-root.v1.json": {"bytes": 98, "sha256": "3ced39d6b395df89d9b1f34e1b3faf46c14ccc6edab679a616f588a978e002f7"}, "s/s/s8dd1e225/b/b7fab9e26/branch-manifest.v1.json": {"bytes": 243, "sha256": "f74b752c0e9ea540ff1c9f0db02e9f70558ada7068ae1826cbadf7f938160e1f"}, "s/s/s8dd1e225/b/b7fab9e26/data/awakening/cycles/2b12d0ae82acf70a14df071a608e53688795eb5be8b2f1038fdd063f9376f02f.json": {"bytes": 253, "sha256": "57dec553a5c2a43b061c4a7f2b0f68232a4ef0cea71181fa4de90c9e76055da6"}, "s/s/s8dd1e225/b/b7fab9e26/data/awakening/sessions/5d3a2e50a7c89d74f8fa374d8f79db4ba96bcbfe3cc9e4ca1edde0de9c0db156/7f0a96cee3110329f57f12b59160a3560585b02ffddc2118d1ce43a3ab65bfde.json": {"bytes": 10657, "sha256": "ea24e83fe8f63f43c943479bda375d7829d0a7b79917d8d8ea24354b06c387f2"}, "s/s/s8dd1e225/b/b7fab9e26/data/c1-receipts/p08-fake-receipts.json": {"bytes": 148, "sha256": "a411df96a3b6eea514baf41f59d45ab70c55b96ee9f28e118d79525ea3bfe8c8"}, "s/s/s8dd1e225/b/b7fab9e26/data/clock/subject-clock.v1.json": {"bytes": 109, "sha256": "9215b6977c7811370330d01c8bfe7e63b8e43ba8b12a8f09d85b24e7efac24ad"}, "s/s/s8dd1e225/b/b7fab9e26/data/contradiction/test/5d3a2e50a7c89d74f8fa374d8f79db4ba96bcbfe3cc9e4ca1edde0de9c0db156.json": {"bytes": 228, "sha256": "d2e92006232f37fc9efa36ab14551f4dbe70580ee3e67bc2ca22b1721ad92bd1"}, "s/s/s8dd1e225/b/b7fab9e26/data/environment-access/test/06802a100a9cfc821ec2b86d0172ccb32d909ca0b4cb3100727919e4c4bcafb6/attachments.v1.json": {"bytes": 8475, "sha256": "a9074383fd745254f19f1e78e7ea44e8fd45a93e12b8933d3cda68511e8217fc"}, "s/s/s8dd1e225/b/b7fab9e26/data/environment-access/test/06802a100a9cfc821ec2b86d0172ccb32d909ca0b4cb3100727919e4c4bcafb6/attachments.v1.lock": {"bytes": 1, "sha256": "5feceb66ffc86f38d952786c6d696c79c2dbc239dd4e91b46729d73a27fb57e9"}, "s/s/s8dd1e225/b/b7fab9e26/data/execution-outbox/test/06802a100a9cfc821ec2b86d0172ccb32d909ca0b4cb3100727919e4c4bcafb6/delivery.v1.json": {"bytes": 653, "sha256": "8ffb7f80eafab922a3182591c127fca21d959f6aef521210b8c94806964eac93"}, "s/s/s8dd1e225/b/b7fab9e26/data/execution-outbox/test/06802a100a9cfc821ec2b86d0172ccb32d909ca0b4cb3100727919e4c4bcafb6/delivery.v1.lock": {"bytes": 1, "sha256": "5feceb66ffc86f38d952786c6d696c79c2dbc239dd4e91b46729d73a27fb57e9"}, "s/s/s8dd1e225/b/b7fab9e26/data/fixture/c1-profile.v1.json": {"bytes": 102, "sha256": "3202e29ad5790f01b93a49e3f6d1f0ea03f571e419ccfa2688459416424d9e41"}, "s/s/s8dd1e225/b/b7fab9e26/data/fixture/state-fixture.v1.json": {"bytes": 635, "sha256": "24a588eb583dedf27a021474dca8a2cdffbfd12b7dbf59c5243ac4d1cc84fc6a"}, "s/s/s8dd1e225/b/b7fab9e26/data/integration/capability-ledger.v1.json": {"bytes": 15638, "sha256": "f61c96c20a8c7c6e6df954125727f6118cf2e41411c536959123cb214f76bc81"}, "s/s/s8dd1e225/b/b7fab9e26/data/integration/operation-journal.first-round-v1.json": {"bytes": 183615, "sha256": "bdb75dd97ae266a5275d6c73a191692583292a290bb15c82099ed07c270babe9"}, "s/s/s8dd1e225/b/b7fab9e26/data/integration/result-ledger.first-round-v1.json": {"bytes": 1570, "sha256": "61370c40f8de6110ed5611988b1bb4d55bf4a1fa832f1aa22a5ed900f31df153"}, "s/s/s8dd1e225/b/b7fab9e26/data/integration/subject-binding.runtime-v1.json": {"bytes": 613, "sha256": "654cfb78d3b30c8868883e8381facd5bf882550e540bb21432c6e77445a98996"}, "s/s/s8dd1e225/b/b7fab9e26/data/learning/5d3a2e50a7c89d74f8fa374d8f79db4ba96bcbfe3cc9e4ca1edde0de9c0db156.json": {"bytes": 2154, "sha256": "9866e403721a0615a78736e79e14c9f41812f972e75549623a64a433c6810346"}, "s/s/s8dd1e225/b/b7fab9e26/data/memory/test/5d3a2e50a7c89d74f8fa374d8f79db4ba96bcbfe3cc9e4ca1edde0de9c0db156.json": {"bytes": 4202, "sha256": "409837c829a18d03ac88f8ec756362d05523f056fa81f1178162e8c328b4c793"}, "s/s/s8dd1e225/b/b7fab9e26/data/resources/5d3a2e50a7c89d74f8fa374d8f79db4ba96bcbfe3cc9e4ca1edde0de9c0db156.json": {"bytes": 437, "sha256": "5c460f8b0700dcc002adbf12fdccd517c7ff713fa3369a76cd666ceaf80ec791"}, "s/s/s8dd1e225/b/b7fab9e26/data/subject-state/5d3a2e50a7c89d74f8fa374d8f79db4ba96bcbfe3cc9e4ca1edde0de9c0db156.json": {"bytes": 4912, "sha256": "1a1d3083a1ecf1c70d811cd609a1aaf32244f15484143d7e2995f43474e3170b"}, "s/s/s8dd1e225/b/b7fab9e26/data/test-actions/action-sessions.v1.json": {"bytes": 128, "sha256": "8fd204d2f86e58f4103c1728b4c9ae3bb15b5e36d4721d80491209f8e66bafd9"}, "s/s/s8dd1e225/b/b7fab9e26/data/test-indexes/events.v1.json": {"bytes": 138, "sha256": "20f0d2edd2f485bb298950620bfd32d733a3c8715c26e9404f794ed399fa88a1"}, "s/s/s8dd1e225/b/b7fab9e26/data/test-indexes/evolution.v1.json": {"bytes": 141, "sha256": "81d22a205e79df4266eea0f0cb431b7a857ce9aad2790fb680bfa716bcc07c7f"}, "s/s/s8dd1e225/b/b7fab9e26/data/test-indexes/relationship-state.v1.json": {"bytes": 150, "sha256": "d22ea1ff0e39f2d6a77d507b8e59b8c0f7d9ed06ad8f799b9aacf035d9cd43b3"}, "s/s/s8dd1e225/b/b7fab9e26/data/test-indexes/state-mutations.v1.json": {"bytes": 147, "sha256": "9bbb67982f4ef162ac282bcb99448157ae7d15f55ecc2481562660db703ccc4c"}, "s/s/s8dd1e225/b/b7fab9e26/data/test-indexes/thinking-sessions.v1.json": {"bytes": 149, "sha256": "e47d648314f01ccee804467e7ce7d7e5e5f5276a07dc6bea6fb380ec66becaa4"}, "s/s/s8dd1e225/b/b7fab9e26/data/test-indexes/wake-sessions.v1.json": {"bytes": 145, "sha256": "e42363371b2c982fa722a5839ff6b11176ab330e90c29ce739b0b81a7a044f94"}, "s/s/s8dd1e225/b/b7fab9e26/data/test-memory/memory-ledger.v1.json": {"bytes": 631, "sha256": "13b342f56238e393dbc244ff6a69a68968191b99c92713849775aa60401616a3"}, "s/s/s8dd1e225/b/b7fab9e26/data/test-trace/subject-clock-trace.v1.json": {"bytes": 1558, "sha256": "c1b851ba80e70f0002c70d3a866b07c62729e26264945359bc2f627d9cffd6bf"}, "s/s/s8dd1e225/b/b7fab9e26/data/thinking/sessions/5d3a2e50a7c89d74f8fa374d8f79db4ba96bcbfe3cc9e4ca1edde0de9c0db156/cbf7a6dde4dc2b715231c966d81e904d65bf7f2b5bae521390f20543803c786a.json": {"bytes": 64779, "sha256": "0ffc9d68030d4fe4f7635b65eb379d9ef460c2fbab1a86e5cacb5d9962348ea2"}, "s/s/s8dd1e225/b/b7fab9e26/data/worlds/entry-A/simulated-device.json": {"bytes": 3408, "sha256": "3502cc6501fd2452919f7a36fb35dc038e466b0045a659f9055d397457478b8c"}, "s/s/s8dd1e225/b/b7fab9e26/data/worlds/entry-A/simulated-device.lock": {"bytes": 1, "sha256": "5feceb66ffc86f38d952786c6d696c79c2dbc239dd4e91b46729d73a27fb57e9"}, "s/s/s8dd1e225/sandbox-manifest.v1.json": {"bytes": 930, "sha256": "685a94b57b952fdad164c88b7086a3751e5708eee921406d4af6bd9aad388346"}, "s/sandbox-registry.v1.json": {"bytes": 486, "sha256": "5677a6b8ef7fd913e91c2820976e021e28cfcc6f73be3da0062ec94561c0e09a"}}}
test_thinking_projection_reads_current_bytes_and_returns_private_copies (tests.test_w04_4_boundaries.EntryBoundaryTests.test_thinking_projection_reads_current_bytes_and_returns_private_copies) ... ok
W04EntryTests (unittest.loader._FailedTest.W04EntryTests) ... ERROR
W04EntryTests (unittest.loader._FailedTest.W04EntryTests) ... ERROR

======================================================================
ERROR: test_transfer_revoked_inside_read_callback_does_not_return_old_grant (tests.test_w04_4_boundaries.EntryBoundaryTests.test_transfer_revoked_inside_read_callback_does_not_return_old_grant)
----------------------------------------------------------------------
Traceback (most recent call last):
  File "C:\Users\Administrator\Documents\continuity-engine\tests\test_w04_4_boundaries.py", line 188, in test_transfer_revoked_inside_read_callback_does_not_return_old_grant
    self.f.entries.transfer('entry:A', 'entry:B')
    ~~~~~~~~~~~~~~~~~~~~~~~^^^^^^^^^^^^^^^^^^^^^^
  File "C:\Users\Administrator\Documents\continuity-engine\src\continuity_engine\services\cross_entry_service.py", line 269, in transfer
    self._bindings_unchanged((a, b))
    ~~~~~~~~~~~~~~~~~~~~~~~~^^^^^^^^
  File "C:\Users\Administrator\Documents\continuity-engine\src\continuity_engine\services\cross_entry_service.py", line 275, in _bindings_unchanged
    reject('BINDING_CHANGED_DURING_CHECK')
    ~~~~~~^^^^^^^^^^^^^^^^^^^^^^^^^^^^^^^^
  File "C:\Users\Administrator\Documents\continuity-engine\src\continuity_engine\domain\cross_entry.py", line 11, in reject
    raise EnvironmentAccessError('ENTRY_' + code)
continuity_engine.domain.environment_access.EnvironmentAccessError: ENTRY_BINDING_CHANGED_DURING_CHECK

======================================================================
ERROR: W04EntryTests (unittest.loader._FailedTest.W04EntryTests)
----------------------------------------------------------------------
AttributeError: module 'tests.test_w04_4_continuity' has no attribute 'W04EntryTests'. Did you mean: 'CrossEntryTests'?

======================================================================
ERROR: W04EntryTests (unittest.loader._FailedTest.W04EntryTests)
----------------------------------------------------------------------
AttributeError: module 'tests.test_w04_4_continuity' has no attribute 'W04EntryTests'. Did you mean: 'CrossEntryTests'?

----------------------------------------------------------------------
Ran 5 tests in 13.715s

FAILED (errors=3)
