         5458730 function calls (4272908 primitive calls) in 3.053 seconds

   Ordered by: cumulative time
   List reduced from 1000 to 35 due to restriction <35>

   ncalls  tottime  percall  cumtime  percall filename:lineno(function)
        1    0.000    0.000    3.074    3.074 associative_recall_service.py:102(_prepare)
   1198/3    0.009    0.000    2.987    0.996 reply-profile-01.py:14(wrapped)
        1    0.000    0.000    2.972    2.972 context_router_service.py:691(route)
        1    0.001    0.001    2.971    2.971 context_router_service.py:786(_execute)
        3    0.000    0.000    2.245    0.748 execution_context_source.py:34(retrieve)
        3    0.000    0.000    2.239    0.746 execution_context_source.py:24(items)
        3    0.000    0.000    2.238    0.746 execution_service.py:439(results_for_context)
       12    0.000    0.000    1.458    0.121 execution_service.py:470(_current_result_source)
       12    0.000    0.000    1.458    0.121 execution_service.py:176(current)
        2    0.000    0.000    1.454    0.727 execution_context_source.py:51(revalidate)
       12    0.000    0.000    1.406    0.117 device_operation_service.py:82(current)
       12    0.001    0.000    1.406    0.117 device_operation_service.py:94(_current)
       12    0.000    0.000    1.148    0.096 cross_entry_service.py:377(delivery_current)
      138    0.002    0.000    0.859    0.006 cross_entry_service.py:70(binding)
      324    0.026    0.000    0.790    0.002 json_environment_repository.py:34(load)
670191/1765    0.220    0.000    0.677    0.000 copy.py:110(deepcopy)
29799/1284    0.131    0.000    0.654    0.001 copy.py:198(_deepcopy_dict)
35388/2697    0.047    0.000    0.647    0.000 copy.py:172(_deepcopy_list)
       12    0.001    0.000    0.583    0.049 cross_entry_service.py:126(operation)
     2718    0.002    0.000    0.554    0.000 action_planning.py:12(digest)
      162    0.002    0.000    0.545    0.003 environment_access_service.py:98(_require_from_document)
     2718    0.003    0.000    0.541    0.000 integration_hashing.py:31(canonicalize_json)
      113    0.009    0.000    0.472    0.004 json_integration_repository.py:735(_load_operations)
     6729    0.003    0.000    0.454    0.000 __init__.py:656(lstat)
      162    0.005    0.000    0.454    0.003 environment_access_service.py:58(_available)
     6729    0.447    0.000    0.451    0.000 {built-in method nt.lstat}
       37    0.000    0.000    0.440    0.012 cross_entry_service.py:201(transfer)
       18    0.000    0.000    0.436    0.024 execution_service.py:165(query)
     2718    0.003    0.000    0.424    0.000 _impl.py:177(dumps)
69620/2718    0.119    0.000    0.420    0.000 _impl.py:188(dump)
13442/573    0.036    0.000    0.416    0.001 copy.py:228(_reconstruct)
        7    0.000    0.000    0.412    0.059 entry_context_source.py:17(retrieve)
 1128/552    0.001    0.000    0.391    0.001 execution_service.py:78(port)
        6    0.001    0.000    0.381    0.063 cross_entry_service.py:94(native_operation)
 9474/605    0.017    0.000    0.377    0.001 copy.py:181(_deepcopy_tuple)


{"stage": "reply-recall-only", "nested_metrics": {"route": {"calls": 1, "seconds": 2.972130100002687}, "_load_operations": {"calls": 113, "seconds": 0.4725779999716906}, "from_dict": {"calls": 182, "seconds": 0.02095119998557493}, "scoped_state": {"calls": 7, "seconds": 0.25993739999103127}, "state.load": {"calls": 25, "seconds": 0.10438179998891428}, "binding": {"calls": 138, "seconds": 0.8601412999560125}, "environment.load": {"calls": 324, "seconds": 0.7918390000195359}, "_available": {"calls": 162, "seconds": 0.45473439995839726}, "origins": {"calls": 112, "seconds": 0.19478840003284859}, "transfer": {"calls": 37, "seconds": 0.4405228000032366}, "get_update_history": {"calls": 26, "seconds": 0.10597419999248814}, "reference_allowed": {"calls": 21, "seconds": 0.2054917999994359}, "_load_capability_document": {"calls": 50, "seconds": 0.14962830000149552}}}
{"type": "IntegrationExecutionError", "recall": {"elapsed_ms": 2973.568, "retrieved_count": 17, "status": "BLOCKED", "stop_reason": "RECALL_TIMEOUT"}}
{"model_calls": 0, "effect_counts": {"entry:A": 1, "entry:B": 1}}
