test_no_transfer_permission_keeps_other_authorized_entry_material (tests.test_w04_4_continuity.CrossEntryTests.test_no_transfer_permission_keeps_other_authorized_entry_material) ... ERROR
{"test": "tests.test_w04_4_continuity.CrossEntryTests.test_no_transfer_permission_keeps_other_authorized_entry_material", "stage": "before-TEST-cleanup", "files": {"s/.p01-sandbox-root.v1.json": {"bytes": 98, "sha256": "3ced39d6b395df89d9b1f34e1b3faf46c14ccc6edab679a616f588a978e002f7"}, "s/s/s94dff842/b/b69db07c3/branch-manifest.v1.json": {"bytes": 243, "sha256": "e16e17f3786793d61ee1b770c9ff2134426f899c683ec6905a97b7d81f93a1ea"}, "s/s/s94dff842/b/b69db07c3/data/awakening/cycles/6609e38b60a51148be9dfea5fb9c29781e332bc32643d49db598deb496de7e64.json": {"bytes": 253, "sha256": "df5b886c0cadc84116f212202c56718bcbfec5b4c8fe01011dc32ee816a746ca"}, "s/s/s94dff842/b/b69db07c3/data/awakening/sessions/c1fbc1191ed0446b48a529dccfe5692c4367bd75518b36f5dde94a11d5abc8bb/3e94383f44879f38fa23031d38c444cf966c3eb15fabf687d79e003d394f1834.json": {"bytes": 10657, "sha256": "c4cb6954e933947190a7928bc5ad4f4d745708cba9194df906717b4c0628d4e4"}, "s/s/s94dff842/b/b69db07c3/data/awakening/sessions/c1fbc1191ed0446b48a529dccfe5692c4367bd75518b36f5dde94a11d5abc8bb/c2bfe95e80e11e3ed2d75e32ca77ef15c737686c86f07a56af1a6c1a6244c69d.json": {"bytes": 10657, "sha256": "8584ec9c58de969f6db1f104863aabce9521bb87b783b540710b3df3b807c7e9"}, "s/s/s94dff842/b/b69db07c3/data/c1-receipts/p08-fake-receipts.json": {"bytes": 148, "sha256": "a411df96a3b6eea514baf41f59d45ab70c55b96ee9f28e118d79525ea3bfe8c8"}, "s/s/s94dff842/b/b69db07c3/data/clock/subject-clock.v1.json": {"bytes": 109, "sha256": "eac15dc2b3d8f4515e4624954537b0aa614bb79b38abc5e9e4f1a57d9184c15f"}, "s/s/s94dff842/b/b69db07c3/data/contradiction/test/c1fbc1191ed0446b48a529dccfe5692c4367bd75518b36f5dde94a11d5abc8bb.json": {"bytes": 228, "sha256": "d75062d68b4c1bd1114a276139269c7ae377fd36b8007e05b45ab385f7d15eda"}, "s/s/s94dff842/b/b69db07c3/data/environment-access/test/d5f2ca01b6adfdbb1a908f62e716bc64f8d783f6c33b267ba14ee81b87253839/attachments.v1.json": {"bytes": 8475, "sha256": "dcb2a1e30a9b329fd28b97de7396efd93c94635693e6ea439f1bc396f106943a"}, "s/s/s94dff842/b/b69db07c3/data/environment-access/test/d5f2ca01b6adfdbb1a908f62e716bc64f8d783f6c33b267ba14ee81b87253839/attachments.v1.lock": {"bytes": 1, "sha256": "5feceb66ffc86f38d952786c6d696c79c2dbc239dd4e91b46729d73a27fb57e9"}, "s/s/s94dff842/b/b69db07c3/data/execution-outbox/test/d5f2ca01b6adfdbb1a908f62e716bc64f8d783f6c33b267ba14ee81b87253839/delivery.v1.json": {"bytes": 653, "sha256": "2ccf99178d69f98e6c72d85049b5e946e2cf20d3763fe5ec802b4b7f949f88b6"}, "s/s/s94dff842/b/b69db07c3/data/execution-outbox/test/d5f2ca01b6adfdbb1a908f62e716bc64f8d783f6c33b267ba14ee81b87253839/delivery.v1.lock": {"bytes": 1, "sha256": "5feceb66ffc86f38d952786c6d696c79c2dbc239dd4e91b46729d73a27fb57e9"}, "s/s/s94dff842/b/b69db07c3/data/fixture/c1-profile.v1.json": {"bytes": 102, "sha256": "1bc80b85dfc9b8f9e330f7b750221812aefb0f7985c66bbe45f968a676c7fa3f"}, "s/s/s94dff842/b/b69db07c3/data/fixture/state-fixture.v1.json": {"bytes": 635, "sha256": "be812b8a751595563895fcec996692465f93cddcaaf8dac1d3cd414fdfd59e4e"}, "s/s/s94dff842/b/b69db07c3/data/integration/capability-ledger.v1.json": {"bytes": 15821, "sha256": "a880d9d04c22677d500009ec602dbf338b94e5358f88e68b3c80d928dd2a4b1d"}, "s/s/s94dff842/b/b69db07c3/data/integration/operation-journal.first-round-v1.json": {"bytes": 219525, "sha256": "90d2c787e1925d23b30e288b2dee7fadcdb9320b69538dae9acc59c1e10005db"}, "s/s/s94dff842/b/b69db07c3/data/integration/result-ledger.first-round-v1.json": {"bytes": 1562, "sha256": "bf4a9866904b478af20c6d725857416b2009f60871f47052a61c9837b2f068a5"}, "s/s/s94dff842/b/b69db07c3/data/integration/subject-binding.runtime-v1.json": {"bytes": 613, "sha256": "5da2e7e3cc19dfb6bf51c95c83cac7a1ed6288628b93da30add7a9b69c3af2c8"}, "s/s/s94dff842/b/b69db07c3/data/learning/c1fbc1191ed0446b48a529dccfe5692c4367bd75518b36f5dde94a11d5abc8bb.json": {"bytes": 2154, "sha256": "7ac30c771494e9ee3e5323ae6332fb18d532752e962747b86988f49ba9e9ff76"}, "s/s/s94dff842/b/b69db07c3/data/memory/test/c1fbc1191ed0446b48a529dccfe5692c4367bd75518b36f5dde94a11d5abc8bb.json": {"bytes": 4202, "sha256": "c26f3f246e646cfeb78ed11da4ea1d7cc9c77e8fc2179615239fb449911c8e8d"}, "s/s/s94dff842/b/b69db07c3/data/resources/c1fbc1191ed0446b48a529dccfe5692c4367bd75518b36f5dde94a11d5abc8bb.json": {"bytes": 437, "sha256": "2770f7650b2c3c273b77a1132118020715e3eb300b90a0064096feab8e6de0b6"}, "s/s/s94dff842/b/b69db07c3/data/subject-state/c1fbc1191ed0446b48a529dccfe5692c4367bd75518b36f5dde94a11d5abc8bb.json": {"bytes": 4912, "sha256": "ca9b7eb0f296dece0cd821bcaab1d59fac768267621d91ba70497f447aa8d6d0"}, "s/s/s94dff842/b/b69db07c3/data/test-actions/action-sessions.v1.json": {"bytes": 128, "sha256": "c46932e1b72244837dc9689daa34529ad3ea8f8cd38c6b1f21ca54a194f791c0"}, "s/s/s94dff842/b/b69db07c3/data/test-indexes/events.v1.json": {"bytes": 138, "sha256": "e927c8e1015f009ebcbfb68b9507c714c0c706388e977ba28ae44ebd19d98888"}, "s/s/s94dff842/b/b69db07c3/data/test-indexes/evolution.v1.json": {"bytes": 141, "sha256": "4e935e620df45e527a36dbbd36877df69c82910bd00fdd3faff8e8a252d437a0"}, "s/s/s94dff842/b/b69db07c3/data/test-indexes/relationship-state.v1.json": {"bytes": 150, "sha256": "9485dff3196c563cd0998bc35381f781f6832c59eb988c2243ca63409debc858"}, "s/s/s94dff842/b/b69db07c3/data/test-indexes/state-mutations.v1.json": {"bytes": 147, "sha256": "a53a70b058af1d6851bcc2021031400dfef52a08c433585504f541a0f528f68e"}, "s/s/s94dff842/b/b69db07c3/data/test-indexes/thinking-sessions.v1.json": {"bytes": 149, "sha256": "98a7791ab72b00e080363cd0be3c8814e49b86fa669030d8b52f27bb15e6866e"}, "s/s/s94dff842/b/b69db07c3/data/test-indexes/wake-sessions.v1.json": {"bytes": 145, "sha256": "d29504c0238b344f188e5d962da632725c8a40c3759aeb9bf67c4b6ed5b902a1"}, "s/s/s94dff842/b/b69db07c3/data/test-memory/memory-ledger.v1.json": {"bytes": 631, "sha256": "f3667b0146e2b803a22540e90f87aeb4778b2b616bb49fb0fdf2fbb35bf32d59"}, "s/s/s94dff842/b/b69db07c3/data/test-trace/subject-clock-trace.v1.json": {"bytes": 1558, "sha256": "406b56ec72a27a0531c98d4e35dc09da3ef51080d7d6fb738ad0526da2ea0997"}, "s/s/s94dff842/b/b69db07c3/data/thinking/sessions/c1fbc1191ed0446b48a529dccfe5692c4367bd75518b36f5dde94a11d5abc8bb/7c8db71ed9544c14af6ea76b978dd43bf2714ace090c6f43764fc58a315fd380.json": {"bytes": 65257, "sha256": "b2620d28938c13afc16a133c027f9994b0f1bc14a814b0fc9c18ddc8c31a59da"}, "s/s/s94dff842/b/b69db07c3/data/worlds/entry-A/simulated-device.json": {"bytes": 3392, "sha256": "5bf3481be5267defb3e7835fa4e042caffabb89381aca0eb6519ec186e50cb96"}, "s/s/s94dff842/b/b69db07c3/data/worlds/entry-A/simulated-device.lock": {"bytes": 1, "sha256": "5feceb66ffc86f38d952786c6d696c79c2dbc239dd4e91b46729d73a27fb57e9"}, "s/s/s94dff842/sandbox-manifest.v1.json": {"bytes": 916, "sha256": "14db2d9a445075edb1481110b65ca5c35e716de29eb04b04d7cd3d240e7f360d"}, "s/sandbox-registry.v1.json": {"bytes": 479, "sha256": "3d654f29e68c88a35782009fc07191b61be4e872ed99ecf99d2d1b0b63675c49"}}}

======================================================================
ERROR: test_no_transfer_permission_keeps_other_authorized_entry_material (tests.test_w04_4_continuity.CrossEntryTests.test_no_transfer_permission_keeps_other_authorized_entry_material)
----------------------------------------------------------------------
Traceback (most recent call last):
  File "C:\Users\Administrator\Documents\continuity-engine\src\continuity_engine\services\continuity_interaction_service.py", line 321, in _submit
    operation, thinking_execution = self._run_domain(request, operation, binding)
                                    ~~~~~~~~~~~~~~~~^^^^^^^^^^^^^^^^^^^^^^^^^^^^^
  File "C:\Users\Administrator\Documents\continuity-engine\src\continuity_engine\services\continuity_interaction_service.py", line 876, in _run_domain
    perception = self._continuity_core.prepare(perception, operation,
        **({'save_input': save_input} if operation.input_processing_enabled else {}),
        **({'save_recall':save_recall} if operation.recall_enabled else {}))
  File "C:\Users\Administrator\Documents\continuity-engine\src\continuity_engine\services\continuity_core_service.py", line 335, in prepare
    return self._prepare(perception, operation, save_input=save_input,save_recall=save_recall)
           ~~~~~~~~~~~~~^^^^^^^^^^^^^^^^^^^^^^^^^^^^^^^^^^^^^^^^^^^^^^^^^^^^^^^^^^^^^^^^^^^^^^
  File "C:\Users\Administrator\Documents\continuity-engine\src\continuity_engine\services\continuity_core_service.py", line 414, in _prepare
    route,composition,recall_record=self.recall.prepare(perception,operation,save_recall,
                                    ~~~~~~~~~~~~~~~~~~~^^^^^^^^^^^^^^^^^^^^^^^^^^^^^^^^^^
        attention=mind['influence']['attention'] if mind is not None else None)
        ^^^^^^^^^^^^^^^^^^^^^^^^^^^^^^^^^^^^^^^^^^^^^^^^^^^^^^^^^^^^^^^^^^^^^^^
  File "C:\Users\Administrator\Documents\continuity-engine\src\continuity_engine\services\associative_recall_service.py", line 100, in prepare
    return self._prepare(perception,operation,save,attention=attention)
           ~~~~~~~~~~~~~^^^^^^^^^^^^^^^^^^^^^^^^^^^^^^^^^^^^^^^^^^^^^^^
  File "C:\Users\Administrator\Documents\continuity-engine\src\continuity_engine\services\associative_recall_service.py", line 211, in _prepare
    raise CapabilityValidationError(stop)
continuity_engine.domain.errors.CapabilityValidationError: RECALL_TIMEOUT

The above exception was the direct cause of the following exception:

Traceback (most recent call last):
  File "C:\Users\Administrator\Documents\continuity-engine\tests\test_w04_4_continuity.py", line 112, in test_no_transfer_permission_keeps_other_authorized_entry_material
    self.f.submit('B入口自己的选店信息。', entry='entry:B')
    ~~~~~~~~~~~~~^^^^^^^^^^^^^^^^^^^^^^^^^^^^^^^^^^^^^^^^^^
  File "C:\Users\Administrator\Documents\continuity-engine\src\continuity_engine\testing\w04_cross_entry_fixture.py", line 181, in submit
    return self.entries.receive(self.last_request, self.last_message)
           ~~~~~~~~~~~~~~~~~~~~^^^^^^^^^^^^^^^^^^^^^^^^^^^^^^^^^^^^^^
  File "C:\Users\Administrator\Documents\continuity-engine\src\continuity_engine\services\cross_entry_service.py", line 314, in receive
    return self.interaction.submit(payload, entry_message=message)
           ~~~~~~~~~~~~~~~~~~~~~~~^^^^^^^^^^^^^^^^^^^^^^^^^^^^^^^^
  File "C:\Users\Administrator\Documents\continuity-engine\src\continuity_engine\services\continuity_interaction_service.py", line 192, in submit
    return self._submit(payload, access_use=access_use, entry_message=entry_message)
           ~~~~~~~~~~~~^^^^^^^^^^^^^^^^^^^^^^^^^^^^^^^^^^^^^^^^^^^^^^^^^^^^^^^^^^^^^
  File "C:\Users\Administrator\Documents\continuity-engine\src\continuity_engine\services\continuity_interaction_service.py", line 333, in _submit
    raise IntegrationExecutionError(
    ...<4 lines>...
    ) from exc
continuity_engine.domain.errors.IntegrationExecutionError: Local integration encountered an unexpected execution fault during domain.

----------------------------------------------------------------------
Ran 1 test in 7.321s

FAILED (errors=1)
