test_body_action_uses_existing_execution_and_fences_changed_attachment (test_w04_1_environment.W04ActionBindingTests.test_body_action_uses_existing_execution_and_fences_changed_attachment) ... ok
test_current_output_ability_executes_through_existing_execution (test_w04_1_environment.W04ActionBindingTests.test_current_output_ability_executes_through_existing_execution) ... ok
test_expired_output_ability_rejects_existing_execution_before_effect_or_cost (test_w04_1_environment.W04ActionBindingTests.test_expired_output_ability_rejects_existing_execution_before_effect_or_cost) ... ok
test_revocation_inside_final_reality_callback_prevents_world_effect (test_w04_1_environment.W04ActionBindingTests.test_revocation_inside_final_reality_callback_prevents_world_effect) ... ok
test_revocation_inside_resource_check_prevents_world_effect (test_w04_1_environment.W04ActionBindingTests.test_revocation_inside_resource_check_prevents_world_effect) ... ok
test_alternative_route_skips_disconnected_and_keeps_grant_checks (test_w04_1_environment.W04EnvironmentTests.test_alternative_route_skips_disconnected_and_keeps_grant_checks) ... ok
test_body_none_unknown_zero_and_source_separation (test_w04_1_environment.W04EnvironmentTests.test_body_none_unknown_zero_and_source_separation) ... ok
test_corrupt_store_and_revision_conflict_fail_closed (test_w04_1_environment.W04EnvironmentTests.test_corrupt_store_and_revision_conflict_fail_closed) ... ok
test_cross_environment_attachment_cannot_enter_test_engine (test_w04_1_environment.W04EnvironmentTests.test_cross_environment_attachment_cannot_enter_test_engine) ... ok
test_current_check_does_not_reuse_permission_or_connection_result (test_w04_1_environment.W04EnvironmentTests.test_current_check_does_not_reuse_permission_or_connection_result) ... ok
test_deep_history_needs_willingness_and_future_route (test_w04_1_environment.W04EnvironmentTests.test_deep_history_needs_willingness_and_future_route) ... ok
test_enabled_bound_entry_requires_trusted_use_even_for_same_formal_payload (test_w04_1_environment.W04EnvironmentTests.test_enabled_bound_entry_requires_trusted_use_even_for_same_formal_payload) ... ok
test_formal_ingress_checks_attachment_before_any_operation_write (test_w04_1_environment.W04EnvironmentTests.test_formal_ingress_checks_attachment_before_any_operation_write) ... ok
test_four_states_and_current_availability_are_distinct (test_w04_1_environment.W04EnvironmentTests.test_four_states_and_current_availability_are_distinct) ... ok
test_handoff_preparation_cannot_cross_subject_or_environment (test_w04_1_environment.W04EnvironmentTests.test_handoff_preparation_cannot_cross_subject_or_environment) ... ok
test_history_current_source_permission_and_scope_are_checked (test_w04_1_environment.W04EnvironmentTests.test_history_current_source_permission_and_scope_are_checked) ... ok
test_history_old_revision_cannot_be_reused_after_new_state (test_w04_1_environment.W04EnvironmentTests.test_history_old_revision_cannot_be_reused_after_new_state) ... ok
test_history_permission_change_during_read_rejects_before_return (test_w04_1_environment.W04EnvironmentTests.test_history_permission_change_during_read_rejects_before_return) ... ok
test_isolated_handoff_fences_old_host_and_restart_keeps_fence (test_w04_1_environment.W04EnvironmentTests.test_isolated_handoff_fences_old_host_and_restart_keeps_fence) ... ok
test_migration_kinds_missing_inventory_and_production_not_ready (test_w04_1_environment.W04EnvironmentTests.test_migration_kinds_missing_inventory_and_production_not_ready) ... ok
test_migration_preparation_status_cannot_contradict_kind_or_inventory (test_w04_1_environment.W04EnvironmentTests.test_migration_preparation_status_cannot_contradict_kind_or_inventory) ... ok
test_model_api_is_not_an_engine_message_ingress (test_w04_1_environment.W04EnvironmentTests.test_model_api_is_not_an_engine_message_ingress) ... ok
test_read_only_view_requires_current_subject_and_permission (test_w04_1_environment.W04EnvironmentTests.test_read_only_view_requires_current_subject_and_permission) ... ok
test_revocation_during_current_permission_callback_is_seen (test_w04_1_environment.W04EnvironmentTests.test_revocation_during_current_permission_callback_is_seen) ... ok
test_revocation_expiry_and_current_permission_stop_new_ingress (test_w04_1_environment.W04EnvironmentTests.test_revocation_expiry_and_current_permission_stop_new_ingress) ... ok
test_same_account_name_and_wrong_subject_are_not_identity (test_w04_1_environment.W04EnvironmentTests.test_same_account_name_and_wrong_subject_are_not_identity) ... ok
test_scoped_history_uses_original_router_composer_and_is_read_only (test_w04_1_environment.W04EnvironmentTests.test_scoped_history_uses_original_router_composer_and_is_read_only) ... ok
test_sensor_contract_rejects_non_finite_bool_and_wrong_type (test_w04_1_environment.W04EnvironmentTests.test_sensor_contract_rejects_non_finite_bool_and_wrong_type) ... ok
test_sensor_missing_ability_wrong_generation_and_expired_sample_rejected (test_w04_1_environment.W04EnvironmentTests.test_sensor_missing_ability_wrong_generation_and_expired_sample_rejected) ... ok
test_expired_source_rejects_while_historical_receipt_is_preserved (test_w04_2_history_selection.HistorySelectionTests.test_expired_source_rejects_while_historical_receipt_is_preserved) ... ok
test_non_targeted_result_source_keeps_original_candidate_ranking (test_w04_2_history_selection.HistorySelectionTests.test_non_targeted_result_source_keeps_original_candidate_ranking) ... ok
test_permission_revoked_during_composition_rejects_before_return (test_w04_2_history_selection.HistorySelectionTests.test_permission_revoked_during_composition_rejects_before_return) ... ok
test_reopen_and_same_query_replay_keep_original_facts (test_w04_2_history_selection.HistorySelectionTests.test_reopen_and_same_query_replay_keep_original_facts) ... ok
test_revoked_permission_rejects_and_does_not_consume_old_receipt (test_w04_2_history_selection.HistorySelectionTests.test_revoked_permission_rejects_and_does_not_consume_old_receipt) ... ok
test_target_priority_keeps_other_candidates_and_conflict_material (test_w04_2_history_selection.HistorySelectionTests.test_target_priority_keeps_other_candidates_and_conflict_material) ... ok
test_target_that_cannot_fit_is_blocked_without_substituting_other_receipt (test_w04_2_history_selection.HistorySelectionTests.test_target_that_cannot_fit_is_blocked_without_substituting_other_receipt) ... ok
test_two_current_targets_both_orders_and_distinct_identifiers (test_w04_2_history_selection.HistorySelectionTests.test_two_current_targets_both_orders_and_distinct_identifiers) ... ok
test_withdrawn_source_cannot_be_replaced_by_other_same_root_copy (test_w04_2_history_selection.HistorySelectionTests.test_withdrawn_source_cannot_be_replaced_by_other_same_root_copy) ... ok
test_changed_bytes_and_corrupt_hash_cannot_reuse_old_registry (test_w04_2_registry_recheck.RegistryCurrentPathTests.test_changed_bytes_and_corrupt_hash_cannot_reuse_old_registry) ... ok
test_current_directory_junction_rejects_and_restoring_real_directory_recovers (test_w04_2_registry_recheck.RegistryCurrentPathTests.test_current_directory_junction_rejects_and_restoring_real_directory_recovers) ... ok
test_current_registry_repeated_read_is_read_only_and_returns_private_values (test_w04_2_registry_recheck.RegistryCurrentPathTests.test_current_registry_repeated_read_is_read_only_and_returns_private_values) ... ok
test_missing_store_still_has_no_capability (test_w04_2_registry_recheck.RegistryCurrentPathTests.test_missing_store_still_has_no_capability) ... ok
test_path_metadata_denial_is_not_a_successful_read (test_w04_2_registry_recheck.RegistryCurrentPathTests.test_path_metadata_denial_is_not_a_successful_read) ... ok
test_recheck_all_current_ancestors_on_each_read_with_single_metadata_query (test_w04_2_registry_recheck.RegistryCurrentPathTests.test_recheck_all_current_ancestors_on_each_read_with_single_metadata_query) ... ok
test_registry_revoke_is_seen_on_next_read_and_after_reopen (test_w04_2_registry_recheck.RegistryCurrentPathTests.test_registry_revoke_is_seen_on_next_read_and_after_reopen) ... ok
test_original_action_request_can_bind_device_observation_and_command (test_w04_2_simulation.DevicePayloadAdmissionTests.test_original_action_request_can_bind_device_observation_and_command) ... ok
test_body_action_and_sensor_reach_original_perception (test_w04_2_simulation.W04SimulatedChainTests.test_body_action_and_sensor_reach_original_perception) ... ok
test_body_switch_fences_old_connection_preserves_subject_and_old_fact (test_w04_2_simulation.W04SimulatedChainTests.test_body_switch_fences_old_connection_preserves_subject_and_old_fact) ... ok
test_cancel_before_effect_remains_cancelled (test_w04_2_simulation.W04SimulatedChainTests.test_cancel_before_effect_remains_cancelled) ... ok
test_click_receipt_cannot_be_relabelled_as_saved (test_w04_2_simulation.W04SimulatedChainTests.test_click_receipt_cannot_be_relabelled_as_saved) ... ok
test_corrupt_native_store_fails_closed_without_subject_change (test_w04_2_simulation.W04SimulatedChainTests.test_corrupt_native_store_fails_closed_without_subject_change) ... ok
test_cross_process_body_receipt_recovery_and_replay (test_w04_2_simulation.W04SimulatedChainTests.test_cross_process_body_receipt_recovery_and_replay) ... ok
test_deep_history_requires_willingness_and_current_permission (test_w04_2_simulation.W04SimulatedChainTests.test_deep_history_requires_willingness_and_current_permission) ... ok
test_expired_history_not_consumable_but_original_receipt_recovers (test_w04_2_simulation.W04SimulatedChainTests.test_expired_history_not_consumable_but_original_receipt_recovers) ... ok
test_external_instruction_is_observation_not_subject_authority (test_w04_2_simulation.W04SimulatedChainTests.test_external_instruction_is_observation_not_subject_authority) ... ok
test_final_native_boundary_rechecks_takeover_and_authority (test_w04_2_simulation.W04SimulatedChainTests.test_final_native_boundary_rechecks_takeover_and_authority) ... ok
test_focus_page_lock_offline_takeover_and_unobservable_block_stale_actions (test_w04_2_simulation.W04SimulatedChainTests.test_focus_page_lock_offline_takeover_and_unobservable_block_stale_actions) ... ok
test_history_scope_filters_other_session_time_and_unreadable_records (test_w04_2_simulation.W04SimulatedChainTests.test_history_scope_filters_other_session_time_and_unreadable_records) ... ok
test_history_source_withdrawal_blocks_old_context_and_keeps_fact (test_w04_2_simulation.W04SimulatedChainTests.test_history_source_withdrawal_blocks_old_context_and_keeps_fact) ... ok
test_local_failure_retries_only_when_original_fact_proves_not_executed (test_w04_2_simulation.W04SimulatedChainTests.test_local_failure_retries_only_when_original_fact_proves_not_executed) ... ok
test_locked_device_does_not_stop_runtime_control_or_other_work (test_w04_2_simulation.W04SimulatedChainTests.test_locked_device_does_not_stop_runtime_control_or_other_work) ... ok
test_missing_capability_and_wrong_body_have_zero_effect (test_w04_2_simulation.W04SimulatedChainTests.test_missing_capability_and_wrong_body_have_zero_effect) ... ok
test_missing_observation_or_tampered_argument_rejected_before_reservation (test_w04_2_simulation.W04SimulatedChainTests.test_missing_observation_or_tampered_argument_rejected_before_reservation) ... ok
test_no_body_subject_and_unknown_zero_are_distinct (test_w04_2_simulation.W04SimulatedChainTests.test_no_body_subject_and_unknown_zero_are_distinct) ... ok
test_observation_expiry_boundary_and_fresh_reobservation (test_w04_2_simulation.W04SimulatedChainTests.test_observation_expiry_boundary_and_fresh_reobservation) ... ok
test_original_reality_denial_is_not_bypassed_by_ui (test_w04_2_simulation.W04SimulatedChainTests.test_original_reality_denial_is_not_bypassed_by_ui) ... ok
test_permission_changes_in_last_resource_check_cannot_create_effect (test_w04_2_simulation.W04SimulatedChainTests.test_permission_changes_in_last_resource_check_cannot_create_effect) ... ok
test_permission_or_device_connection_change_blocks_new_effect (test_w04_2_simulation.W04SimulatedChainTests.test_permission_or_device_connection_change_blocks_new_effect) ... ok
test_permission_withdrawn_during_result_read_returns_no_details (test_w04_2_simulation.W04SimulatedChainTests.test_permission_withdrawn_during_result_read_returns_no_details) ... ok
test_query_and_status_are_read_only_and_bounded (test_w04_2_simulation.W04SimulatedChainTests.test_query_and_status_are_read_only_and_bounded) ... ok
test_raw_message_c1_device_action_result_and_legal_evolution_absorption (test_w04_2_simulation.W04SimulatedChainTests.test_raw_message_c1_device_action_result_and_legal_evolution_absorption) ... ok
test_read_scope_required_and_observation_returns_detached_copy (test_w04_2_simulation.W04SimulatedChainTests.test_read_scope_required_and_observation_returns_detached_copy) ... ok
test_repeated_receipt_and_lost_response_recover_without_new_effect (test_w04_2_simulation.W04SimulatedChainTests.test_repeated_receipt_and_lost_response_recover_without_new_effect) ... ok
test_resource_and_recoverability_denials_keep_zero_cost (test_w04_2_simulation.W04SimulatedChainTests.test_resource_and_recoverability_denials_keep_zero_cost) ... ok
test_same_request_identity_changed_content_is_conflict (test_w04_2_simulation.W04SimulatedChainTests.test_same_request_identity_changed_content_is_conflict) ... ok
test_same_root_history_requery_does_not_create_independent_evidence (test_w04_2_simulation.W04SimulatedChainTests.test_same_root_history_requery_does_not_create_independent_evidence) ... ok
test_secrets_rejected_before_ledger_and_standard_diagnostics_sanitized (test_w04_2_simulation.W04SimulatedChainTests.test_secrets_rejected_before_ledger_and_standard_diagnostics_sanitized) ... ok
test_sensor_stale_wrong_unit_and_context_currentness (test_w04_2_simulation.W04SimulatedChainTests.test_sensor_stale_wrong_unit_and_context_currentness) ... ok
test_somatic_and_dream_cannot_impersonate_hardware (test_w04_2_simulation.W04SimulatedChainTests.test_somatic_and_dream_cannot_impersonate_hardware) ... ok
test_specific_output_capability_expiry_blocks_while_connection_valid (test_w04_2_simulation.W04SimulatedChainTests.test_specific_output_capability_expiry_blocks_while_connection_valid) ... ok
test_subject_pause_blocks_new_device_effect_without_falsifying_old_fact (test_w04_2_simulation.W04SimulatedChainTests.test_subject_pause_blocks_new_device_effect_without_falsifying_old_fact) ... ok
test_subject_without_body_can_still_process_normal_message (test_w04_2_simulation.W04SimulatedChainTests.test_subject_without_body_can_still_process_normal_message) ... ok
test_terminal_failure_is_not_business_success (test_w04_2_simulation.W04SimulatedChainTests.test_terminal_failure_is_not_business_success) ... ok
test_true_unknown_keeps_old_request_and_never_resends (test_w04_2_simulation.W04SimulatedChainTests.test_true_unknown_keeps_old_request_and_never_resends) ... ok
test_ui_locate_click_type_scroll_save_send_and_reobserve (test_w04_2_simulation.W04SimulatedChainTests.test_ui_locate_click_type_scroll_save_send_and_reobserve) ... ok
test_unavailable_route_can_reobserve_but_reality_denial_cannot_be_bypassed (test_w04_2_simulation.W04SimulatedChainTests.test_unavailable_route_can_reobserve_but_reality_denial_cannot_be_bypassed) ... ok
test_wrong_subject_environment_account_device_and_session_are_rejected (test_w04_2_simulation.W04SimulatedChainTests.test_wrong_subject_environment_account_device_and_session_are_rejected) ... ok
test_automatic_partial_cleanup_survives_three_failures_and_reopen (test_w04_3_repairs.ToolRepairTests.test_automatic_partial_cleanup_survives_three_failures_and_reopen) ... ok
test_backoff_survives_reopen_without_reset_or_read_side_effect (test_w04_3_repairs.ToolRepairTests.test_backoff_survives_reopen_without_reset_or_read_side_effect) ... ok
test_both_native_needs_and_two_tools_obtain_real_dispatch (test_w04_3_repairs.ToolRepairTests.test_both_native_needs_and_two_tools_obtain_real_dispatch) ... ok
test_cleanup_backoff_is_receipt_bound_readonly_and_configurable (test_w04_3_repairs.ToolRepairTests.test_cleanup_backoff_is_receipt_bound_readonly_and_configurable) ... ok
test_cleanup_revocation_pause_stop_and_other_connection_isolation (test_w04_3_repairs.ToolRepairTests.test_cleanup_revocation_pause_stop_and_other_connection_isolation) ... ok
test_cleanup_unknown_and_return_lost_use_original_fact (test_w04_3_repairs.ToolRepairTests.test_cleanup_unknown_and_return_lost_use_original_fact) ... ok
test_current_host_and_scope_denial_prevent_new_cleanup (test_w04_3_repairs.ToolRepairTests.test_current_host_and_scope_denial_prevent_new_cleanup) ... ok
test_dependency_wait_and_pending_cleanup_do_not_block_ready (test_w04_3_repairs.ToolRepairTests.test_dependency_wait_and_pending_cleanup_do_not_block_ready) ... ok
test_invalid_cleanup_pacing_is_rejected_without_port_work (test_w04_3_repairs.ToolRepairTests.test_invalid_cleanup_pacing_is_rejected_without_port_work) ... ok
test_login_wait_reopen_pause_resume_and_original_identity (test_w04_3_repairs.ToolRepairTests.test_login_wait_reopen_pause_resume_and_original_identity) ... ok
test_old_context_is_not_rebound_after_native_revision (test_w04_3_repairs.ToolRepairTests.test_old_context_is_not_rebound_after_native_revision) ... ok
test_three_failed_cleanup_facts_can_resume_via_host (test_w04_3_repairs.ToolRepairTests.test_three_failed_cleanup_facts_can_resume_via_host) ... ok
test_unknown_first_does_not_block_second_or_replay (test_w04_3_repairs.ToolRepairTests.test_unknown_first_does_not_block_second_or_replay) ... ok
test_waiting_first_does_not_starve_second_or_native_work (test_w04_3_repairs.ToolRepairTests.test_waiting_first_does_not_starve_second_or_native_work) ... ok
test_advance_autonomously_finishes_single_task_without_model_steps (test_w04_3_tools.TemporaryToolTests.test_advance_autonomously_finishes_single_task_without_model_steps) ... ok
test_authorized_connect_verify_use_cleanup_and_readonly (test_w04_3_tools.TemporaryToolTests.test_authorized_connect_verify_use_cleanup_and_readonly) ... ok
test_budget_is_actual_unique_business_receipts_not_number_of_queries (test_w04_3_tools.TemporaryToolTests.test_budget_is_actual_unique_business_receipts_not_number_of_queries) ... ok
test_cancel_before_connection_reopen_and_replay_never_opens_it (test_w04_3_tools.TemporaryToolTests.test_cancel_before_connection_reopen_and_replay_never_opens_it) ... ok
test_cancel_during_connect_before_native_commit_is_fenced (test_w04_3_tools.TemporaryToolTests.test_cancel_during_connect_before_native_commit_is_fenced) ... ok
test_cancel_reserved_before_delivery_fences_future_use (test_w04_3_tools.TemporaryToolTests.test_cancel_reserved_before_delivery_fences_future_use) ... ok
test_candidate_identity_scope_and_hash_are_checked (test_w04_3_tools.TemporaryToolTests.test_candidate_identity_scope_and_hash_are_checked) ... ok
test_cleanup_after_host_handoff_is_blocked_not_falsely_clean (test_w04_3_tools.TemporaryToolTests.test_cleanup_after_host_handoff_is_blocked_not_falsely_clean) ... ok
test_cleanup_failure_then_reopen_preserves_pending_not_false_clean (test_w04_3_tools.TemporaryToolTests.test_cleanup_failure_then_reopen_preserves_pending_not_false_clean) ... ok
test_cleanup_preserves_other_connection_and_subject_files (test_w04_3_tools.TemporaryToolTests.test_cleanup_preserves_other_connection_and_subject_files) ... ok
test_cleanup_unknown_does_not_claim_closed_or_start_another_cleanup (test_w04_3_tools.TemporaryToolTests.test_cleanup_unknown_does_not_claim_closed_or_start_another_cleanup) ... ok
test_conditions_identify_new_scope_budget_dependency_without_creating_connection (test_w04_3_tools.TemporaryToolTests.test_conditions_identify_new_scope_budget_dependency_without_creating_connection) ... ok
test_connection_fact_corruption_refuses_read_and_has_no_effect (test_w04_3_tools.TemporaryToolTests.test_connection_fact_corruption_refuses_read_and_has_no_effect) ... ok
test_connection_identity_is_not_reused_for_renewal (test_w04_3_tools.TemporaryToolTests.test_connection_identity_is_not_reused_for_renewal) ... ok
test_credential_secret_rejected_before_ledger_write_and_traceback_safe (test_w04_3_tools.TemporaryToolTests.test_credential_secret_rejected_before_ledger_write_and_traceback_safe) ... ok
test_cross_process_lost_connection_recovery_and_replay (test_w04_3_tools.TemporaryToolTests.test_cross_process_lost_connection_recovery_and_replay) ... ok
test_current_discovery_revocation_prevents_use_but_preserves_historical_fact (test_w04_3_tools.TemporaryToolTests.test_current_discovery_revocation_prevents_use_but_preserves_historical_fact) ... ok
test_discovery_is_real_p16_and_not_current_availability (test_w04_3_tools.TemporaryToolTests.test_discovery_is_real_p16_and_not_current_availability) ... ok
test_expired_discovery_is_not_replaced_by_same_name_new_offer (test_w04_3_tools.TemporaryToolTests.test_expired_discovery_is_not_replaced_by_same_name_new_offer) ... ok
test_expiry_denies_use_but_cleanup_is_separately_authorized (test_w04_3_tools.TemporaryToolTests.test_expiry_denies_use_but_cleanup_is_separately_authorized) ... ok
test_explicit_renewal_uses_new_valid_grant_and_new_connection_identity (test_w04_3_tools.TemporaryToolTests.test_explicit_renewal_uses_new_valid_grant_and_new_connection_identity) ... ok
test_failed_verification_does_not_register_usable_tool (test_w04_3_tools.TemporaryToolTests.test_failed_verification_does_not_register_usable_tool) ... ok
test_final_revocation_between_setup_and_native_call_is_zero_effect (test_w04_3_tools.TemporaryToolTests.test_final_revocation_between_setup_and_native_call_is_zero_effect) ... ok
test_fresh_observation_checks_lease_before_and_after_read (test_w04_3_tools.TemporaryToolTests.test_fresh_observation_checks_lease_before_and_after_read) ... ok
test_granted_persistent_connection_survives_task_until_explicit_cancel (test_w04_3_tools.TemporaryToolTests.test_granted_persistent_connection_survives_task_until_explicit_cancel) ... ok
test_history_query_reuses_original_receipt_router_composer (test_w04_3_tools.TemporaryToolTests.test_history_query_reuses_original_receipt_router_composer) ... ok
test_lost_cleanup_response_recovers_without_duplicate_removal (test_w04_3_tools.TemporaryToolTests.test_lost_cleanup_response_recovers_without_duplicate_removal) ... ok
test_migration_fences_old_discovery_before_any_connection (test_w04_3_tools.TemporaryToolTests.test_migration_fences_old_discovery_before_any_connection) ... ok
test_missing_discovery_and_untrusted_material_are_not_callable (test_w04_3_tools.TemporaryToolTests.test_missing_discovery_and_untrusted_material_are_not_callable) ... ok
test_missing_login_resumes_same_connection_without_discovery_or_cost_repeat (test_w04_3_tools.TemporaryToolTests.test_missing_login_resumes_same_connection_without_discovery_or_cost_repeat) ... ok
test_offline_recovery_does_not_reconnect_or_reset_generation (test_w04_3_tools.TemporaryToolTests.test_offline_recovery_does_not_reconnect_or_reset_generation) ... ok
test_other_environment_offer_is_rejected_before_connection (test_w04_3_tools.TemporaryToolTests.test_other_environment_offer_is_rejected_before_connection) ... ok
test_p18_wait_resume_pause_stop_use_original_task_and_control (test_w04_3_tools.TemporaryToolTests.test_p18_wait_resume_pause_stop_use_original_task_and_control) ... ok
test_partial_cleanup_is_pending_then_linked_cleanup_preserves_facts (test_w04_3_tools.TemporaryToolTests.test_partial_cleanup_is_pending_then_linked_cleanup_preserves_facts) ... ok
test_pause_during_wait_does_not_create_cleanup_intent (test_w04_3_tools.TemporaryToolTests.test_pause_during_wait_does_not_create_cleanup_intent) ... ok
test_permission_loss_during_observation_refuses_return (test_w04_3_tools.TemporaryToolTests.test_permission_loss_during_observation_refuses_return) ... ok
test_registration_alone_does_not_replace_connection_verification (test_w04_3_tools.TemporaryToolTests.test_registration_alone_does_not_replace_connection_verification) ... ok
test_return_lost_recovers_original_receipt_without_second_connection (test_w04_3_tools.TemporaryToolTests.test_return_lost_recovers_original_receipt_without_second_connection) ... ok
test_revocation_cannot_switch_route_and_view_permission_is_current (test_w04_3_tools.TemporaryToolTests.test_revocation_cannot_switch_route_and_view_permission_is_current) ... ok
test_same_tool_grant_does_not_authorize_send_or_purchase (test_w04_3_tools.TemporaryToolTests.test_same_tool_grant_does_not_authorize_send_or_purchase) ... ok
test_single_use_cannot_run_second_business_action (test_w04_3_tools.TemporaryToolTests.test_single_use_cannot_run_second_business_action) ... ok
test_technical_api_unavailable_may_select_ui_but_denial_and_unknown_do_not (test_w04_3_tools.TemporaryToolTests.test_technical_api_unavailable_may_select_ui_but_denial_and_unknown_do_not) ... ok
test_terminal_failed_connection_can_finish_cleanup_without_fake_connection (test_w04_3_tools.TemporaryToolTests.test_terminal_failed_connection_can_finish_cleanup_without_fake_connection) ... ok
test_timed_task_completes_then_expiry_cleanup_uses_original_connection (test_w04_3_tools.TemporaryToolTests.test_timed_task_completes_then_expiry_cleanup_uses_original_connection) ... ok
test_unknown_connection_never_replays_or_creates_effect (test_w04_3_tools.TemporaryToolTests.test_unknown_connection_never_replays_or_creates_effect) ... ok
test_view_rechecks_permission_at_return (test_w04_3_tools.TemporaryToolTests.test_view_rechecks_permission_at_return) ... ok
test_authorized_ui_history_result_is_available_without_new_query_cost (test_w04_4_boundaries.EntryBoundaryTests.test_authorized_ui_history_result_is_available_without_new_query_cost) ... ok
test_capability_projection_validates_unselected_records_and_isolates_copies (test_w04_4_boundaries.EntryBoundaryTests.test_capability_projection_validates_unselected_records_and_isolates_copies) ... ok
test_contact_pause_does_not_cancel_independent_native_mind_update (test_w04_4_boundaries.EntryBoundaryTests.test_contact_pause_does_not_cancel_independent_native_mind_update) ... ok
test_digest_scope_recomputes_mutations_and_keeps_rfc_rejections (test_w04_4_boundaries.EntryBoundaryTests.test_digest_scope_recomputes_mutations_and_keeps_rfc_rejections) ... ok
test_dispatched_unknown_send_allows_distinct_inquiry_without_replaying_original (test_w04_4_boundaries.EntryBoundaryTests.test_dispatched_unknown_send_allows_distinct_inquiry_without_replaying_original) ... ok
test_environment_callback_changes_cannot_pass_single_document_reuse (test_w04_4_boundaries.EntryBoundaryTests.test_environment_callback_changes_cannot_pass_single_document_reuse) ... ok
test_group_bound_recipient_success_wrong_group_and_self_sender_rejected (test_w04_4_boundaries.EntryBoundaryTests.test_group_bound_recipient_success_wrong_group_and_self_sender_rejected) ... ok
test_native_history_does_not_bypass_later_entry_transfer_withdrawal (test_w04_4_boundaries.EntryBoundaryTests.test_native_history_does_not_bypass_later_entry_transfer_withdrawal) ... ok
test_native_new_inquiry_can_send_when_original_remains_unknown (test_w04_4_boundaries.EntryBoundaryTests.test_native_new_inquiry_can_send_when_original_remains_unknown) ... ok
test_native_unknown_delivery_does_not_prevent_later_cognition (test_w04_4_boundaries.EntryBoundaryTests.test_native_unknown_delivery_does_not_prevent_later_cognition) ... {"stage": "before-TEST-cleanup", "first_calls": 1, "after_calls": 2, "host": {"activity": "COGNITION", "commands": [], "desired": "RUNNING", "environment": "TEST", "generation": 2, "interruptions": [{"generation": 1, "last_trusted_time": "2026-09-04T08:16:00+00:00", "reason": "HOST_DETACHED"}, {"generation": 1, "last_trusted_time": "2026-09-04T08:16:00+00:00", "reason": "PRIOR_HOST_LOST"}, {"generation": 2, "last_trusted_time": "2026-09-04T08:32:00+00:00", "reason": "HOST_DETACHED"}], "last_task": "cognition:159aefb8fe2e170c6b2b30704c3aba1ae8cfc2ddd42b71fe0ea26b3103589751", "last_time": "2026-09-04T08:32:00+00:00", "next_check_at": "2026-09-04T08:33:00+00:00", "observations": 4, "owner": "owner:ec985343d357486cba9fc487a6f3f485", "reason": "HOST_DETACHED", "revision": 9, "root_hash": "sha256:74ab5010e419162482398fce07889adc6cc8768b0931f9ccc122f13d2064c61c", "state": "SUSPENDED", "subject_id": "sub-8e5df355ed994a98", "version": "p18-runtime-v1", "host_alive": false, "checkpoint_busy": false, "subject_lifecycle": "ACTIVE", "pending_tasks": 0, "unconfirmed_tasks": 0, "resources": {"token_budget": 10000, "token_used": 640, "token_remaining": 9360, "compute_remaining": 994}}, "tasks": [{"id": "cognition:9f8dd17f580919cb293a2f81a07f00666945818310f7ee46826c98e393dd1e36", "state": "COMPLETED", "attempts": 1}, {"id": "maintenance:454c501a280bc30a3212fdb5d3a26365ad784cc2e916a676daf5a4d11d9cd431", "state": "COMPLETED", "attempts": 1}, {"id": "cognition:159aefb8fe2e170c6b2b30704c3aba1ae8cfc2ddd42b71fe0ea26b3103589751", "state": "COMPLETED", "attempts": 1}, {"id": "maintenance:87b8111ba7b50e87c42fa6c59f6fd0e19df27df8535d35c8db16e3d3e50b4506", "state": "COMPLETED", "attempts": 1}], "effects": 1, "credits": 1, "revision": 4}
ok
test_read_callback_binding_change_is_rejected_before_persistence (test_w04_4_boundaries.EntryBoundaryTests.test_read_callback_binding_change_is_rejected_before_persistence) ... ok
test_related_native_memory_cannot_bypass_entry_transfer_withdrawal (test_w04_4_boundaries.EntryBoundaryTests.test_related_native_memory_cannot_bypass_entry_transfer_withdrawal) ... ok
test_scoped_state_parse_checks_current_bytes_and_returns_private_copies (test_w04_4_boundaries.EntryBoundaryTests.test_scoped_state_parse_checks_current_bytes_and_returns_private_copies) ... ok
test_thinking_projection_reads_current_bytes_and_returns_private_copies (test_w04_4_boundaries.EntryBoundaryTests.test_thinking_projection_reads_current_bytes_and_returns_private_copies) ... ok
test_transfer_revoked_inside_read_callback_does_not_return_old_grant (test_w04_4_boundaries.EntryBoundaryTests.test_transfer_revoked_inside_read_callback_does_not_return_old_grant) ... ok
test_ui_history_result_cannot_bypass_entry_transfer_withdrawal (test_w04_4_boundaries.EntryBoundaryTests.test_ui_history_result_cannot_bypass_entry_transfer_withdrawal) ... ok
test_unknown_body_effect_cannot_masquerade_as_new_contact (test_w04_4_boundaries.EntryBoundaryTests.test_unknown_body_effect_cannot_masquerade_as_new_contact) ... ok
test_unknown_old_send_does_not_freeze_distinct_same_matter_inquiry (test_w04_4_boundaries.EntryBoundaryTests.test_unknown_old_send_does_not_freeze_distinct_same_matter_inquiry) ... ok
test_concurrent_a_b_requests_remain_bound_without_duplicate_effects (test_w04_4_continuation.ContinuationTests.test_concurrent_a_b_requests_remain_bound_without_duplicate_effects) ... ok
test_late_timezone_message_preserves_three_times_and_mirror_root (test_w04_4_continuation.ContinuationTests.test_late_timezone_message_preserves_three_times_and_mirror_root) ... ok
test_loss_after_effect_reopens_original_thinking_and_send (test_w04_4_continuation.ContinuationTests.test_loss_after_effect_reopens_original_thinking_and_send) ... ok
test_owner_pause_stop_and_silent_native_work_do_not_send (test_w04_4_continuation.ContinuationTests.test_owner_pause_stop_and_silent_native_work_do_not_send) ... ok
test_same_user_two_matters_and_ambiguous_reference_stay_separate (test_w04_4_continuation.ContinuationTests.test_same_user_two_matters_and_ambiguous_reference_stay_separate) ... ok
test_api_question_followup_reply_same_engine_and_matter (test_w04_4_continuity.CrossEntryTests.test_api_question_followup_reply_same_engine_and_matter) ... ok
test_binding_change_after_thinking_prevents_delivery (test_w04_4_continuity.CrossEntryTests.test_binding_change_after_thinking_prevents_delivery) ... ok
test_current_permission_is_not_cached_with_environment_parse (test_w04_4_continuity.CrossEntryTests.test_current_permission_is_not_cached_with_environment_parse) ... ok
test_disconnected_and_expired_entries_reject_without_new_operation (test_w04_4_continuity.CrossEntryTests.test_disconnected_and_expired_entries_reject_without_new_operation) ... ok
test_mirror_deduplicates_original_operation_and_effect (test_w04_4_continuity.CrossEntryTests.test_mirror_deduplicates_original_operation_and_effect) ... ok
test_no_transfer_permission_keeps_other_authorized_entry_material (test_w04_4_continuity.CrossEntryTests.test_no_transfer_permission_keeps_other_authorized_entry_material) ... ok
test_original_request_reopen_has_no_new_model_effect_or_revision (test_w04_4_continuity.CrossEntryTests.test_original_request_reopen_has_no_new_model_effect_or_revision) ... ok
test_pause_at_a_blocks_b_without_disabling_internal_state (test_w04_4_continuity.CrossEntryTests.test_pause_at_a_blocks_b_without_disabling_internal_state) ... ok
test_readonly_delivery_view_reopen_does_not_advance_work (test_w04_4_continuity.CrossEntryTests.test_readonly_delivery_view_reopen_does_not_advance_work) ... ok
test_simulated_ui_question_followup_reply_same_engine_and_matter (test_w04_4_continuity.CrossEntryTests.test_simulated_ui_question_followup_reply_same_engine_and_matter) ... ok
test_subject_echo_never_becomes_user_reply_or_new_thinking (test_w04_4_continuity.CrossEntryTests.test_subject_echo_never_becomes_user_reply_or_new_thinking) ... ok
test_verified_environment_parse_returns_private_copy_and_rechecks_bytes (test_w04_4_continuity.CrossEntryTests.test_verified_environment_parse_returns_private_copy_and_rechecks_bytes) ... ok
test_wrong_sender_and_same_display_name_do_not_grant_identity (test_w04_4_continuity.CrossEntryTests.test_wrong_sender_and_same_display_name_do_not_grant_identity) ... ok
test_evidence_current_source_withdrawal_and_permission_rejection (test_w04_4_delivery.DeliveryEvidenceTests.test_evidence_current_source_withdrawal_and_permission_rejection) ... ok
test_formed_matter_adoption_recovers_once_via_original_w03_without_rebinding_context (test_w04_4_delivery.DeliveryEvidenceTests.test_formed_matter_adoption_recovers_once_via_original_w03_without_rebinding_context) ... ok
test_send_receipt_cannot_substitute_for_read_observation (test_w04_4_delivery.DeliveryEvidenceTests.test_send_receipt_cannot_substitute_for_read_observation) ... ok
test_sent_delivery_read_evidence_and_readonly_reopen (test_w04_4_delivery.DeliveryEvidenceTests.test_sent_delivery_read_evidence_and_readonly_reopen) ... ok
test_action_permission_refusal_is_not_overridden_by_expression_confirmation (test_w04_4_expression.EntryExpressionTests.test_action_permission_refusal_is_not_overridden_by_expression_confirmation) ... ok
test_exact_confirmation_satisfies_contact_without_erasing_required_flag (test_w04_4_expression.EntryExpressionTests.test_exact_confirmation_satisfies_contact_without_erasing_required_flag) ... ok
test_failed_presentation_precedes_native_effect (test_w04_4_expression.EntryExpressionTests.test_failed_presentation_precedes_native_effect) ... ok
test_historical_confirmed_artifact_does_not_grant_current_consumption (test_w04_4_expression.EntryExpressionTests.test_historical_confirmed_artifact_does_not_grant_current_consumption) ... ok
test_revocation_during_presentation_prevents_delivery (test_w04_4_expression.EntryExpressionTests.test_revocation_during_presentation_prevents_delivery) ... ok
test_saved_refusal_is_not_upgraded_when_confirmation_later_appears (test_w04_4_expression.EntryExpressionTests.test_saved_refusal_is_not_upgraded_when_confirmation_later_appears) ... ok
test_unconfirmed_contact_keeps_refusal_and_has_no_effect (test_w04_4_expression.EntryExpressionTests.test_unconfirmed_contact_keeps_refusal_and_has_no_effect) ... ok
test_discovery_history_body_and_native_cross_entry_share_authorities (test_w04_package.W04PackageTests.test_discovery_history_body_and_native_cross_entry_share_authorities) ... ok
test_simulator_rechecks_current_bytes_without_sharing_mutable_facts (test_w04_package.W04PackageTests.test_simulator_rechecks_current_bytes_without_sharing_mutable_facts) ... ok

----------------------------------------------------------------------
Ran 196 tests in 638.131s

OK
