test_all_drives_and_somatic_dimensions_are_retained (test_p14_dynamic_mind.DynamicMindMechanismTests.test_all_drives_and_somatic_dimensions_are_retained) ... ok
test_apology_is_new_evidence_not_automatic_resolution (test_p14_dynamic_mind.DynamicMindMechanismTests.test_apology_is_new_evidence_not_automatic_resolution) ... ok
test_clock_regression_and_cross_environment_are_rejected (test_p14_dynamic_mind.DynamicMindMechanismTests.test_clock_regression_and_cross_environment_are_rejected) ... ok
test_desire_lifecycle_and_regulation_success (test_p14_dynamic_mind.DynamicMindMechanismTests.test_desire_lifecycle_and_regulation_success) ... ok
test_duplicate_appraisal_does_not_reinforce_same_time (test_p14_dynamic_mind.DynamicMindMechanismTests.test_duplicate_appraisal_does_not_reinforce_same_time) ... ok
test_no_observation_forms_endogenous_desire (test_p14_dynamic_mind.DynamicMindMechanismTests.test_no_observation_forms_endogenous_desire) ... ok
test_persisted_state_restores_without_reset (test_p14_dynamic_mind.DynamicMindMechanismTests.test_persisted_state_restores_without_reset) ... ok
test_psychological_opposites_remain_together (test_p14_dynamic_mind.DynamicMindMechanismTests.test_psychological_opposites_remain_together) ... ok
test_resolution_then_new_harm_reopens_same_concern (test_p14_dynamic_mind.DynamicMindMechanismTests.test_resolution_then_new_harm_reopens_same_concern) ... ok
test_same_time_replay_has_no_extra_dynamic_change (test_p14_dynamic_mind.DynamicMindMechanismTests.test_same_time_replay_has_no_extra_dynamic_change) ... ok
test_subjective_time_depends_on_attention_and_somatic_state (test_p14_dynamic_mind.DynamicMindMechanismTests.test_subjective_time_depends_on_attention_and_somatic_state) ... ok
test_subjective_wait_changes_attention_even_with_equal_body (test_p14_dynamic_mind.DynamicMindMechanismTests.test_subjective_wait_changes_attention_even_with_equal_body) ... ok
test_suppression_can_fail_without_erasing_concern (test_p14_dynamic_mind.DynamicMindMechanismTests.test_suppression_can_fail_without_erasing_concern) ... ok
test_transformed_desire_can_continue_without_identity_collision (test_p14_dynamic_mind.DynamicMindMechanismTests.test_transformed_desire_can_continue_without_identity_collision) ... ok
test_unbound_will_and_thought_references_fail_closed (test_p14_dynamic_mind.DynamicMindMechanismTests.test_unbound_will_and_thought_references_fail_closed) ... ok
test_unknown_nested_reasoning_fields_are_rejected (test_p14_dynamic_mind.DynamicMindMechanismTests.test_unknown_nested_reasoning_fields_are_rejected) ... ok
test_weaken_and_transform_change_desire_not_only_phase (test_p14_dynamic_mind.DynamicMindMechanismTests.test_weaken_and_transform_change_desire_not_only_phase) ... ok
test_will_records_deliberation_not_scheduler_priority (test_p14_dynamic_mind.DynamicMindMechanismTests.test_will_records_deliberation_not_scheduler_priority) ... ok
test_bounded_golden_survives_real_process_restarts (test_p14_mind_recovery.MindCoreIntegrationTests.test_bounded_golden_survives_real_process_restarts) ... ok
test_capability_wait_resumes_mind_in_original_think_session (test_p14_mind_recovery.MindCoreIntegrationTests.test_capability_wait_resumes_mind_in_original_think_session) ... ok
test_cognitive_resolution_requires_new_consistent_experience (test_p14_mind_recovery.MindCoreIntegrationTests.test_cognitive_resolution_requires_new_consistent_experience) ... ok
test_completed_mind_facts_still_require_real_adapter_receipt (test_p14_mind_recovery.MindCoreIntegrationTests.test_completed_mind_facts_still_require_real_adapter_receipt) ... ok
test_completed_replay_does_not_advance_revision_or_repeat_effect (test_p14_mind_recovery.MindCoreIntegrationTests.test_completed_replay_does_not_advance_revision_or_repeat_effect) ... ok
test_current_candidate_tampering_and_cross_subject_are_rejected (test_p14_mind_recovery.MindCoreIntegrationTests.test_current_candidate_tampering_and_cross_subject_are_rejected) ... ok
test_feature_off_keeps_legacy_serialization_and_behavior (test_p14_mind_recovery.MindCoreIntegrationTests.test_feature_off_keeps_legacy_serialization_and_behavior) ... ok
test_internal_body_changes_real_choice_with_same_provider_output (test_p14_mind_recovery.MindCoreIntegrationTests.test_internal_body_changes_real_choice_with_same_provider_output) ... ok
test_native_opportunity_without_observation_creates_desire_and_restores (test_p14_mind_recovery.MindCoreIntegrationTests.test_native_opportunity_without_observation_creates_desire_and_restores) ... ok
test_new_commit_expired_or_revoked_after_thinking_is_blocked (test_p14_mind_recovery.MindCoreIntegrationTests.test_new_commit_expired_or_revoked_after_thinking_is_blocked) ... ok
test_normal_c1_appraises_sources_and_apology_does_not_reset_episode (test_p14_mind_recovery.MindCoreIntegrationTests.test_normal_c1_appraises_sources_and_apology_does_not_reset_episode) ... ok
test_normal_c1_commits_mind_through_original_evolution (test_p14_mind_recovery.MindCoreIntegrationTests.test_normal_c1_commits_mind_through_original_evolution) ... ok
test_normal_chain_attempts_regulation_without_erasing_episode (test_p14_mind_recovery.MindCoreIntegrationTests.test_normal_chain_attempts_regulation_without_erasing_episode) ... ok
test_path_protection_before_any_fixture_write (test_p14_mind_recovery.MindCoreIntegrationTests.test_path_protection_before_any_fixture_write) ... ERROR
test_raw_provider_cannot_supply_dynamic_mind_mutation (test_p14_mind_recovery.MindCoreIntegrationTests.test_raw_provider_cannot_supply_dynamic_mind_mutation) ... ok
test_snapshot_branch_includes_mind_without_polluting_parent (test_p14_mind_recovery.MindCoreIntegrationTests.test_snapshot_branch_includes_mind_without_polluting_parent) ... ok
test_two_sessions_and_reopen_continue_one_mind (test_p14_mind_recovery.MindCoreIntegrationTests.test_two_sessions_and_reopen_continue_one_mind) ... ok
test_unsettled_interpretation_changes_actual_information_need (test_p14_mind_recovery.MindCoreIntegrationTests.test_unsettled_interpretation_changes_actual_information_need) ... ok
test_export_and_current_permission_are_separate (test_p14_mind_visibility.MindVisibilityTests.test_export_and_current_permission_are_separate) ... ok
test_export_requires_current_grant_even_when_policy_allows (test_p14_mind_visibility.MindVisibilityTests.test_export_requires_current_grant_even_when_policy_allows) ... ok
test_identity_change_during_read_denies_result (test_p14_mind_visibility.MindVisibilityTests.test_identity_change_during_read_denies_result) ... ok
test_owner_detailed_projection_is_real_and_zero_write (test_p14_mind_visibility.MindVisibilityTests.test_owner_detailed_projection_is_real_and_zero_write) ... ok
test_privacy_switch_does_not_change_normal_native_cognition (test_p14_mind_visibility.MindVisibilityTests.test_privacy_switch_does_not_change_normal_native_cognition) ... ok
test_private_mode_does_not_delete_or_change_cognition (test_p14_mind_visibility.MindVisibilityTests.test_private_mode_does_not_delete_or_change_cognition) ... ok
test_self_claimed_owner_and_non_owner_are_rejected_without_write (test_p14_mind_visibility.MindVisibilityTests.test_self_claimed_owner_and_non_owner_are_rejected_without_write) ... ok
test_summary_hides_detail_and_denial_has_zero_state_reads (test_p14_mind_visibility.MindVisibilityTests.test_summary_hides_detail_and_denial_has_zero_state_reads) ... ok

======================================================================
ERROR: test_path_protection_before_any_fixture_write (test_p14_mind_recovery.MindCoreIntegrationTests.test_path_protection_before_any_fixture_write)
----------------------------------------------------------------------
Traceback (most recent call last):
  File "C:\Users\Administrator\Documents\continuity-engine\tests\test_p14_mind_recovery.py", line 258, in test_path_protection_before_any_fixture_write
    root=Path(self.temp.name)/name;root.mkdir()
                                   ~~~~~~~~~~^^
  File "E:\Adobe\Lib\pathlib\__init__.py", line 1011, in mkdir
    os.mkdir(self, mode)
    ~~~~~~~~^^^^^^^^^^^^
FileExistsError: [WinError 183] 当文件已存在时，无法创建该文件。: 'C:\\Users\\ADMINI~1\\AppData\\Local\\Temp\\p14-core-tkoqz0ey\\.CONTINUITY-DATA'

----------------------------------------------------------------------
Ran 44 tests in 35.405s

FAILED (errors=1)
