test_action_session_is_deterministic_serializable_and_traceable (test_action.ActionEngineTests.test_action_session_is_deterministic_serializable_and_traceable) ... ok
test_confirmation_required_action_is_never_automatic (test_action.ActionEngineTests.test_confirmation_required_action_is_never_automatic) ... ok
test_contact_user_without_permission_is_blocked (test_action.ActionEngineTests.test_contact_user_without_permission_is_blocked) ... ok
test_defer_and_more_thinking_remain_non_executed_plans (test_action.ActionEngineTests.test_defer_and_more_thinking_remain_non_executed_plans) ... ok
test_expired_and_out_of_scope_permissions_are_rejected (test_action.ActionEngineTests.test_expired_and_out_of_scope_permissions_are_rejected) ... ok
test_full_wake_perception_thinking_action_evolution_flow (test_action.ActionEngineTests.test_full_wake_perception_thinking_action_evolution_flow) ... ok
test_high_and_critical_risk_actions_are_not_automatically_approved (test_action.ActionEngineTests.test_high_and_critical_risk_actions_are_not_automatically_approved) ... ok
test_no_action_tendency_returns_explicit_no_action (test_action.ActionEngineTests.test_no_action_tendency_returns_explicit_no_action) ... ok
test_request_memory_only_creates_a_plan (test_action.ActionEngineTests.test_request_memory_only_creates_a_plan) ... ok
test_resource_limit_failure_is_audited_and_blocked (test_action.ActionEngineTests.test_resource_limit_failure_is_audited_and_blocked) ... ok
test_revision_mismatch_rejects_action (test_action.ActionEngineTests.test_revision_mismatch_rejects_action) ... ok
test_revoked_permission_cannot_pass (test_action.ActionEngineTests.test_revoked_permission_cannot_pass) ... ok
test_update_state_is_only_planned_inside_action_service (test_action.ActionEngineTests.test_update_state_is_only_planned_inside_action_service) ... ok
test_use_tool_only_creates_a_non_executed_plan (test_action.ActionEngineTests.test_use_tool_only_creates_a_non_executed_plan) ... ok
test_failed_memory_request_is_logged_and_forces_sleep (test_awakening.AwakeningServiceTests.test_failed_memory_request_is_logged_and_forces_sleep) ... ok
test_manual_wake_runs_full_pipeline_and_persists_ready_session (test_awakening.AwakeningServiceTests.test_manual_wake_runs_full_pipeline_and_persists_ready_session) ... ok
test_quiet_wake_returns_sleep_without_executing_it (test_awakening.AwakeningServiceTests.test_quiet_wake_returns_sleep_without_executing_it) ... ok
test_recent_evolution_is_loaded_into_context_and_returns_think (test_awakening.AwakeningServiceTests.test_recent_evolution_is_loaded_into_context_and_returns_think) ... ok
test_rejected_memory_returns_check_memory_without_executing_it (test_awakening.AwakeningServiceTests.test_rejected_memory_returns_check_memory_without_executing_it) ... ok
test_scheduled_wake_selects_memory_and_advances_cycle (test_awakening.AwakeningServiceTests.test_scheduled_wake_selects_memory_and_advances_cycle) ... ok
test_disabled_normal_core_accepts_explicit_expression_configuration (test_p13_expression_policy.ExpressionInputTests.test_disabled_normal_core_accepts_explicit_expression_configuration) ... ok
test_formed_seven_modes_roundtrip_without_mutating_judgment (test_p13_expression_policy.ExpressionInputTests.test_formed_seven_modes_roundtrip_without_mutating_judgment) ... ok
test_old_thinking_serialization_omits_extension (test_p13_expression_policy.ExpressionInputTests.test_old_thinking_serialization_omits_extension) ... ok
test_unknown_mode_rejected (test_p13_expression_policy.ExpressionInputTests.test_unknown_mode_rejected) ... ok
test_budget_rejection_keeps_whole_original_body (test_p13_expression_policy.ExpressionPolicyTests.test_budget_rejection_keeps_whole_original_body) ... ok
test_expression_gate_off_no_port_call_no_extension (test_p13_expression_policy.ExpressionPolicyTests.test_expression_gate_off_no_port_call_no_extension) ... ok
test_generation_failure_is_not_subject_silence_or_refusal (test_p13_expression_policy.ExpressionPolicyTests.test_generation_failure_is_not_subject_silence_or_refusal) ... ok
test_invalidation_inside_presentation_cannot_complete (test_p13_expression_policy.ExpressionPolicyTests.test_invalidation_inside_presentation_cannot_complete) ... ok
test_mode_and_binding_changes_rejected (test_p13_expression_policy.ExpressionPolicyTests.test_mode_and_binding_changes_rejected) ... ok
test_protected_root_rejected_zero_writes (test_p13_expression_policy.ExpressionPolicyTests.test_protected_root_rejected_zero_writes) ... ok
test_reversing_provider_rejected_no_final_result (test_p13_expression_policy.ExpressionPolicyTests.test_reversing_provider_rejected_no_final_result) ... ok
test_seven_modes_normal_entry_persist_and_keep_authorities (test_p13_expression_policy.ExpressionPolicyTests.test_seven_modes_normal_entry_persist_and_keep_authorities) ... ok
test_silence_does_not_require_visible_output_budget_or_presentation (test_p13_expression_policy.ExpressionPolicyTests.test_silence_does_not_require_visible_output_budget_or_presentation) ... ok
test_bounded_three_day_seven_round_golden_no_cognitive_overwrite (test_p13_expression_recovery.ExpressionRecoveryTests.test_bounded_three_day_seven_round_golden_no_cognitive_overwrite) ... ok
test_context_rejection_and_platform_denial_are_distinct_from_subject_refusal (test_p13_expression_recovery.ExpressionRecoveryTests.test_context_rejection_and_platform_denial_are_distinct_from_subject_refusal) ... ok
test_crash_after_domain_recovers_artifact_without_presentation (test_p13_expression_recovery.ExpressionRecoveryTests.test_crash_after_domain_recovers_artifact_without_presentation) ... ok
test_crash_after_thinking_reuses_original_result_not_new_mode (test_p13_expression_recovery.ExpressionRecoveryTests.test_crash_after_thinking_reuses_original_result_not_new_mode) ... ok
test_cross_subject_and_environment_composition_rejects_before_port_or_writes (test_p13_expression_recovery.ExpressionRecoveryTests.test_cross_subject_and_environment_composition_rejects_before_port_or_writes) ... ok
test_current_approved_evolution_keeps_proposal_and_revision_semantics (test_p13_expression_recovery.ExpressionRecoveryTests.test_current_approved_evolution_keeps_proposal_and_revision_semantics) ... ok
test_direct_and_optional_planner_preserve_expression_mode (test_p13_expression_recovery.ExpressionRecoveryTests.test_direct_and_optional_planner_preserve_expression_mode) ... ok
test_disabled_expression_outcome_has_no_component_reads (test_p13_expression_recovery.ExpressionRecoveryTests.test_disabled_expression_outcome_has_no_component_reads) ... ok
test_existing_emotion_only_affects_explicit_emphasis_preference (test_p13_expression_recovery.ExpressionRecoveryTests.test_existing_emotion_only_affects_explicit_emphasis_preference) ... ok
test_expired_context_blocks_text_but_keeps_original_receipts (test_p13_expression_recovery.ExpressionRecoveryTests.test_expired_context_blocks_text_but_keeps_original_receipts) ... ok
test_forged_action_input_rejected_before_materialization (test_p13_expression_recovery.ExpressionRecoveryTests.test_forged_action_input_rejected_before_materialization) ... ok
test_formal_relationship_and_compact_preference_change_format_only (test_p13_expression_recovery.ExpressionRecoveryTests.test_formal_relationship_and_compact_preference_change_format_only) ... ok
test_fresh_process_restores_original_expression_without_provider_or_effect (test_p13_expression_recovery.ExpressionRecoveryTests.test_fresh_process_restores_original_expression_without_provider_or_effect) ... ok
test_generation_failure_retry_does_not_rethink_or_duplicate_action (test_p13_expression_recovery.ExpressionRecoveryTests.test_generation_failure_retry_does_not_rethink_or_duplicate_action) ... ok
test_missing_completed_artifact_cannot_downgrade_to_legacy (test_p13_expression_recovery.ExpressionRecoveryTests.test_missing_completed_artifact_cannot_downgrade_to_legacy) ... ok
test_model_result_restart_expression_uses_one_original_capability_ledger (test_p13_expression_recovery.ExpressionRecoveryTests.test_model_result_restart_expression_uses_one_original_capability_ledger) ... ok
test_model_waiting_remains_waiting_not_subject_silence (test_p13_expression_recovery.ExpressionRecoveryTests.test_model_waiting_remains_waiting_not_subject_silence) ... ok
test_original_router_request_cannot_be_rebound_to_another_operation (test_p13_expression_recovery.ExpressionRecoveryTests.test_original_router_request_cannot_be_rebound_to_another_operation) ... ok
test_p12_archive_invalidates_saved_expression_and_normal_future_context (test_p13_expression_recovery.ExpressionRecoveryTests.test_p12_archive_invalidates_saved_expression_and_normal_future_context) ... ok
test_real_evolution_recovers_after_expiry_without_releasing_old_text (test_p13_expression_recovery.ExpressionRecoveryTests.test_real_evolution_recovers_after_expiry_without_releasing_old_text) ... ok
test_removing_original_gate_cannot_remove_expression_ownership (test_p13_expression_recovery.ExpressionRecoveryTests.test_removing_original_gate_cannot_remove_expression_ownership) ... ok
test_restart_repeat_submit_and_query_do_not_regenerate_or_execute (test_p13_expression_recovery.ExpressionRecoveryTests.test_restart_repeat_submit_and_query_do_not_regenerate_or_execute) ... ok
test_revoked_exact_permission_blocks_completed_replay_zero_writes (test_p13_expression_recovery.ExpressionRecoveryTests.test_revoked_exact_permission_blocks_completed_replay_zero_writes) ... ok
test_snapshot_branch_preserves_artifact_and_does_not_touch_original (test_p13_expression_recovery.ExpressionRecoveryTests.test_snapshot_branch_preserves_artifact_and_does_not_touch_original) ... ok
test_unknown_historical_receipt_cannot_be_expression_success (test_p13_expression_recovery.ExpressionRecoveryTests.test_unknown_historical_receipt_cannot_be_expression_success) ... ok
test_authority_can_restore_access_without_repeat_effects (test_p13_review_regressions.P13AdjacentBoundaries.test_authority_can_restore_access_without_repeat_effects) ... ok
test_authorized_three_style_sources_preserve_body_and_authority (test_p13_review_regressions.P13AdjacentBoundaries.test_authorized_three_style_sources_preserve_body_and_authority) ... ok
test_committed_evolution_recovers_after_expression_revocation (test_p13_review_regressions.P13AdjacentBoundaries.test_committed_evolution_recovers_after_expression_revocation) ... ok
test_confirmation_identity_removal_not_recreated_by_replay (test_p13_review_regressions.P13AdjacentBoundaries.test_confirmation_identity_removal_not_recreated_by_replay) ... ok
test_confirmation_withdrawn_inside_port (test_p13_review_regressions.P13AdjacentBoundaries.test_confirmation_withdrawn_inside_port) ... ok
test_current_all_consumption_entries_deny_and_keep_facts (test_p13_review_regressions.P13AdjacentBoundaries.test_current_all_consumption_entries_deny_and_keep_facts) ... ok
test_current_confirmation_withdrawal_after_action (test_p13_review_regressions.P13AdjacentBoundaries.test_current_confirmation_withdrawal_after_action) ... ok
test_domain_crash_then_revoke_keeps_completed_fact_without_text (test_p13_review_regressions.P13AdjacentBoundaries.test_domain_crash_then_revoke_keeps_completed_fact_without_text) ... ok
test_each_style_source_invalidated_during_port_blocks_completion (test_p13_review_regressions.P13AdjacentBoundaries.test_each_style_source_invalidated_during_port_blocks_completion) ... ok
test_expiry_at_boundary_before_presentation (test_p13_review_regressions.P13AdjacentBoundaries.test_expiry_at_boundary_before_presentation) ... ok
test_expiry_during_presentation_blocks_artifact (test_p13_review_regressions.P13AdjacentBoundaries.test_expiry_during_presentation_blocks_artifact) ... ok
test_omitted_or_denied_sections_use_only_authorized_defaults (test_p13_review_regressions.P13AdjacentBoundaries.test_omitted_or_denied_sections_use_only_authorized_defaults) ... ok
test_resources_can_deny_current_consumption_without_new_charge (test_p13_review_regressions.P13AdjacentBoundaries.test_resources_can_deny_current_consumption_without_new_charge) ... ok
test_revocation_does_not_hide_unknown_receipt (test_p13_review_regressions.P13AdjacentBoundaries.test_revocation_does_not_hide_unknown_receipt) ... ok
test_historical_receipts_do_not_authorize_new_consumption_after_grant_revocation (test_p13_review_regressions.P13ReviewProbes.test_historical_receipts_do_not_authorize_new_consumption_after_grant_revocation) ... ok
test_old_context_revocation_control_still_blocks (test_p13_review_regressions.P13ReviewProbes.test_old_context_revocation_control_still_blocks) ... ok
test_omitted_relationship_source_does_not_influence_expression (test_p13_review_regressions.P13ReviewProbes.test_omitted_relationship_source_does_not_influence_expression) ... ok
test_revoked_expression_grant_after_action_blocks_first_presentation (test_p13_review_regressions.P13ReviewProbes.test_revoked_expression_grant_after_action_blocks_first_presentation) ... ok
test_revoked_expression_grant_before_action_control_blocks (test_p13_review_regressions.P13ReviewProbes.test_revoked_expression_grant_before_action_control_blocks) ... ok
test_revoked_expression_grant_during_presentation_blocks_new_artifact (test_p13_review_regressions.P13ReviewProbes.test_revoked_expression_grant_during_presentation_blocks_new_artifact) ... ok
test_unchanged_restart_control_preserves_body_and_zero_new_effect (test_p13_review_regressions.P13ReviewProbes.test_unchanged_restart_control_preserves_body_and_zero_new_effect) ... ok
test_budget_failure_still_creates_failed_think_session (test_thinking.ThinkingServiceTests.test_budget_failure_still_creates_failed_think_session) ... ok
test_non_think_wake_does_not_create_think_session (test_thinking.ThinkingServiceTests.test_non_think_wake_does_not_create_think_session) ... ok
test_provider_failure_is_summarized_and_persisted (test_thinking.ThinkingServiceTests.test_provider_failure_is_summarized_and_persisted) ... ok
test_standard_result_can_request_memory_wait_and_future_contact_without_actions (test_thinking.ThinkingServiceTests.test_standard_result_can_request_memory_wait_and_future_contact_without_actions) ... ok
test_thinking_result_cannot_write_identity_or_emotion_state (test_thinking.ThinkingServiceTests.test_thinking_result_cannot_write_identity_or_emotion_state) ... ok
test_wake_think_result_and_state_writeback_complete_full_chain (test_thinking.ThinkingServiceTests.test_wake_think_result_and_state_writeback_complete_full_chain) ... ok

----------------------------------------------------------------------
Ran 85 tests in 55.792s

OK
