test_failure_and_reopen_resume_same_request (tests.test_w02_recall.AutomaticRecallTests.test_failure_and_reopen_resume_same_request) ... ok
test_negative_preference_does_not_become_consumption (tests.test_w02_recall.AutomaticRecallTests.test_negative_preference_does_not_become_consumption) ... ok
test_no_relevant_cue_is_assessed_without_forced_recall (tests.test_w02_recall.AutomaticRecallTests.test_no_relevant_cue_is_assessed_without_forced_recall) ... ok
test_original_message_is_assessed_before_thinking (tests.test_w02_recall.AutomaticRecallTests.test_original_message_is_assessed_before_thinking) ... ok
test_read_only_recall_query_does_not_resume_or_write (tests.test_w02_recall.AutomaticRecallTests.test_read_only_recall_query_does_not_resume_or_write) ... ok
test_t03_raw_noon_and_afternoon_messages_recall_before_answer (tests.test_w02_recall.AutomaticRecallTests.test_t03_raw_noon_and_afternoon_messages_recall_before_answer) ... ok
test_t04_preference_candidate_uses_original_roots_without_state_write (tests.test_w02_recall.AutomaticRecallTests.test_t04_preference_candidate_uses_original_roots_without_state_write) ... ok
test_t05_variants_preserve_report_scope (tests.test_w02_recall.AutomaticRecallTests.test_t05_variants_preserve_report_scope) ... ok
test_actual_effect_return_lost_replays_without_duplicate (tests.test_w02_recall_boundaries.RecallBoundaryTests.test_actual_effect_return_lost_replays_without_duplicate) ... ok
test_bound_policy_does_not_force_fixed_depth (tests.test_w02_recall_boundaries.RecallBoundaryTests.test_bound_policy_does_not_force_fixed_depth) ... ok
test_corrupt_recall_hash_is_refused_without_writes (tests.test_w02_recall_boundaries.RecallBoundaryTests.test_corrupt_recall_hash_is_refused_without_writes) ... ok
test_disabled_gate_preserves_original_round_trip (tests.test_w02_recall_boundaries.RecallBoundaryTests.test_disabled_gate_preserves_original_round_trip) ... ok
test_native_cognition_uses_same_pre_answer_evaluation (tests.test_w02_recall_boundaries.RecallBoundaryTests.test_native_cognition_uses_same_pre_answer_evaluation) ... ok
test_no_match_is_distinct_from_source_failure (tests.test_w02_recall_boundaries.RecallBoundaryTests.test_no_match_is_distinct_from_source_failure) ... ok
test_ready_preparation_return_lost_reuses_receipt (tests.test_w02_recall_boundaries.RecallBoundaryTests.test_ready_preparation_return_lost_reuses_receipt) ... ok
test_reference_withdrawal_prevents_new_model (tests.test_w02_recall_boundaries.RecallBoundaryTests.test_reference_withdrawal_prevents_new_model) ... ok
test_retrieval_and_context_budgets_are_independent (tests.test_w02_recall_boundaries.RecallBoundaryTests.test_retrieval_and_context_budgets_are_independent) ... ok
test_source_revocation_excludes_memory_and_history_projection (tests.test_w02_recall_boundaries.RecallBoundaryTests.test_source_revocation_excludes_memory_and_history_projection) ... ok
test_stale_context_does_not_authorize_resume (tests.test_w02_recall_boundaries.RecallBoundaryTests.test_stale_context_does_not_authorize_resume) ... ok
test_stale_source_version_cannot_be_consumed (tests.test_w02_recall_boundaries.RecallBoundaryTests.test_stale_source_version_cannot_be_consumed) ... ok
test_timeout_is_blocked_before_model_and_query_is_read_only (tests.test_w02_recall_boundaries.RecallBoundaryTests.test_timeout_is_blocked_before_model_and_query_is_read_only) ... ok
test_wrong_subject_record_is_rejected (tests.test_w02_recall_boundaries.RecallBoundaryTests.test_wrong_subject_record_is_rejected) ... ok
test_blocked_record_after_revision_change_cannot_be_shown_as_current (tests.test_w02_recall_combinations.RecallCombinationTests.test_blocked_record_after_revision_change_cannot_be_shown_as_current) ... ERROR
{"test": "tests.test_w02_recall_combinations.RecallCombinationTests.test_blocked_record_after_revision_change_cannot_be_shown_as_current", "stage": "before-TEST-cleanup", "files": {"s/.p01-sandbox-root.v1.json": {"bytes": 98, "sha256": "3ced39d6b395df89d9b1f34e1b3faf46c14ccc6edab679a616f588a978e002f7"}, "s/s/s1abe6836/b/b06649b05/branch-manifest.v1.json": {"bytes": 243, "sha256": "0939bbf89dd1564ef8fa239ba409271378b1ab9a28b8be53554753980aa2f03e"}, "s/s/s1abe6836/b/b06649b05/data/awakening/cycles/d1bf7705f0a237797344c0bd52ca65b1c955d6cddb01ba4cab244bdc3a369901.json": {"bytes": 253, "sha256": "2d5df61dd3dd1b305b8eb21a64739f19babbd07a5070516b4aa585ddd562afde"}, "s/s/s1abe6836/b/b06649b05/data/awakening/sessions/2569e7fc54a6e324b9be4b52602bee1ebb2ecd4360a11be88e5a47ff00b60cf1/1efed4e0468ff3f101d878c03b20ddecf73c2c0a16ce409121e7501c0957324f.json": {"bytes": 10657, "sha256": "d5760de1a3357dc33fb1fc6f4b9c69604c84d8a01053f1a3b3688a85cd9ec363"}, "s/s/s1abe6836/b/b06649b05/data/c1-receipts/p08-fake-receipts.json": {"bytes": 148, "sha256": "a411df96a3b6eea514baf41f59d45ab70c55b96ee9f28e118d79525ea3bfe8c8"}, "s/s/s1abe6836/b/b06649b05/data/clock/subject-clock.v1.json": {"bytes": 109, "sha256": "9215b6977c7811370330d01c8bfe7e63b8e43ba8b12a8f09d85b24e7efac24ad"}, "s/s/s1abe6836/b/b06649b05/data/contradiction/test/2569e7fc54a6e324b9be4b52602bee1ebb2ecd4360a11be88e5a47ff00b60cf1.json": {"bytes": 228, "sha256": "9d9852a0753192a50a04b9255f1d575a06a131792791e40e694b17ca75f34c08"}, "s/s/s1abe6836/b/b06649b05/data/fixture/c1-profile.v1.json": {"bytes": 102, "sha256": "4057aead6ccb22c6f14856abc41cbe8510164170094e70f5857cd9e1e9b7b2df"}, "s/s/s1abe6836/b/b06649b05/data/fixture/state-fixture.v1.json": {"bytes": 635, "sha256": "a95afb314cec9ccf98cf569ec1d6ac24185e87ccf7f8581f18704c6b863a6fc0"}, "s/s/s1abe6836/b/b06649b05/data/integration/capability-ledger.v1.json": {"bytes": 82, "sha256": "95f292f0db842e43cccb490ce10bbeefd3bab92d43fa69f4bb1b6188d4ed43de"}, "s/s/s1abe6836/b/b06649b05/data/integration/operation-journal.first-round-v1.json": {"bytes": 30907, "sha256": "3e1a238313cfc8fa1d7e23d6f25e644f7dc38232a55b2339f8563dd30a92b47d"}, "s/s/s1abe6836/b/b06649b05/data/integration/result-ledger.first-round-v1.json": {"bytes": 63, "sha256": "5407f91ac04019966f84bfbad51ebc1fb904bd085a6579febfa75a9ea068592a"}, "s/s/s1abe6836/b/b06649b05/data/integration/subject-binding.runtime-v1.json": {"bytes": 613, "sha256": "aa1dd6442e481cb30c993086abe84ce6dd1d0b91827b3b77f98ef6d4e26db261"}, "s/s/s1abe6836/b/b06649b05/data/learning/2569e7fc54a6e324b9be4b52602bee1ebb2ecd4360a11be88e5a47ff00b60cf1.json": {"bytes": 2154, "sha256": "7e4de5944fd8b9ef56e6f486422de7bdc16243166d01e6fb7e2cd710f2fbd893"}, "s/s/s1abe6836/b/b06649b05/data/memory/test/2569e7fc54a6e324b9be4b52602bee1ebb2ecd4360a11be88e5a47ff00b60cf1.json": {"bytes": 4202, "sha256": "5ead453db1665068ab29a88c3a91f93cd8d1d6733f339eadbd980d4d3cde7737"}, "s/s/s1abe6836/b/b06649b05/data/resources/2569e7fc54a6e324b9be4b52602bee1ebb2ecd4360a11be88e5a47ff00b60cf1.json": {"bytes": 437, "sha256": "ef4328aa1266a562aed4ece6c2c42ddae0e2ce926a15d49995f80d8162071d4c"}, "s/s/s1abe6836/b/b06649b05/data/subject-state/2569e7fc54a6e324b9be4b52602bee1ebb2ecd4360a11be88e5a47ff00b60cf1.json": {"bytes": 4912, "sha256": "c6264130ee3b085644654287c754784afb572b5665b033b83866c39b0c78844b"}, "s/s/s1abe6836/b/b06649b05/data/test-actions/action-sessions.v1.json": {"bytes": 128, "sha256": "2022b57ee1cde9fcffa0c45b45acaa6976fab1f5d076e655d3976a215e1aab15"}, "s/s/s1abe6836/b/b06649b05/data/test-indexes/events.v1.json": {"bytes": 138, "sha256": "c439644fad831a6e797beef4a4fd06c7966defcc1a0056a65b944735eab04833"}, "s/s/s1abe6836/b/b06649b05/data/test-indexes/evolution.v1.json": {"bytes": 141, "sha256": "77f33f16536d82357046b3919ad8b60d26889f8de6666fff6b6a26c242d8585d"}, "s/s/s1abe6836/b/b06649b05/data/test-indexes/relationship-state.v1.json": {"bytes": 150, "sha256": "36783fe0c6f348e7206d6e3328f1251daaf04b2eacc374fefd40cda30b24df44"}, "s/s/s1abe6836/b/b06649b05/data/test-indexes/state-mutations.v1.json": {"bytes": 147, "sha256": "f63e02628a64903dfe4ad5635518ad28a35bac54efca4c571edf8090e7a8ecc3"}, "s/s/s1abe6836/b/b06649b05/data/test-indexes/thinking-sessions.v1.json": {"bytes": 149, "sha256": "0db8d02d98018559a6818476e66d148d479592a85f762b06515232b77405118e"}, "s/s/s1abe6836/b/b06649b05/data/test-indexes/wake-sessions.v1.json": {"bytes": 145, "sha256": "047c8d661a72ebed24ce4bc38baf89c41effe69b03ddce092cf1190f366ed75b"}, "s/s/s1abe6836/b/b06649b05/data/test-memory/memory-ledger.v1.json": {"bytes": 631, "sha256": "42187efbda050b5e580b20eb4976b970315d6b3750879a8a3294cd21f8ae108d"}, "s/s/s1abe6836/b/b06649b05/data/test-trace/subject-clock-trace.v1.json": {"bytes": 1558, "sha256": "5ba32f435779b442855866a64babe78255d11df1c72bf6f94e7e5866edf5ba30"}, "s/s/s1abe6836/sandbox-manifest.v1.json": {"bytes": 910, "sha256": "3546ff979f6bc2109c7b2f79b4cf11748f0525b271b82013347d0de3bea6ae0a"}, "s/sandbox-registry.v1.json": {"bytes": 476, "sha256": "a010c3373335e5f1565b0d22c7f18d325377da810c178b84838524c7f97bf067"}}}
test_cross_environment_source_is_rejected_without_resolution (tests.test_w02_recall_combinations.RecallCombinationTests.test_cross_environment_source_is_rejected_without_resolution) ... ok
test_cross_process_restore_and_read_only_show (tests.test_w02_recall_combinations.RecallCombinationTests.test_cross_process_restore_and_read_only_show) ... ok
test_finite_association_records_a_reason_and_stops_on_repetition (tests.test_w02_recall_combinations.RecallCombinationTests.test_finite_association_records_a_reason_and_stops_on_repetition) ... ok
test_negative_counterevidence_prevents_candidate_confirmation (tests.test_w02_recall_combinations.RecallCombinationTests.test_negative_counterevidence_prevents_candidate_confirmation) ... ok
test_other_person_report_does_not_count_as_user_preference (tests.test_w02_recall_combinations.RecallCombinationTests.test_other_person_report_does_not_count_as_user_preference) ... ok
test_permission_withdrawn_during_view_is_rechecked (tests.test_w02_recall_combinations.RecallCombinationTests.test_permission_withdrawn_during_view_is_rechecked) ... ok
test_quoted_and_ambiguous_reports_never_confirm_preference (tests.test_w02_recall_combinations.RecallCombinationTests.test_quoted_and_ambiguous_reports_never_confirm_preference) ... ok
test_read_only_view_does_not_start_recall_or_provider (tests.test_w02_recall_combinations.RecallCombinationTests.test_read_only_view_does_not_start_recall_or_provider) ... ok
test_recalled_information_does_not_force_expression (tests.test_w02_recall_combinations.RecallCombinationTests.test_recalled_information_does_not_force_expression) ... ok
test_snapshot_branch_preserves_recall_and_does_not_pollute_origin (tests.test_w02_recall_combinations.RecallCombinationTests.test_snapshot_branch_preserves_recall_and_does_not_pollute_origin) ... ok
test_sufficient_material_stops_before_configured_depth (tests.test_w02_recall_combinations.RecallCombinationTests.test_sufficient_material_stops_before_configured_depth) ... ok
test_t04_configured_candidate_rule_is_recorded_and_never_confirms (tests.test_w02_recall_combinations.RecallCombinationTests.test_t04_configured_candidate_rule_is_recorded_and_never_confirms) ... ok
test_t04_no_fixed_number_implies_true_preference (tests.test_w02_recall_combinations.RecallCombinationTests.test_t04_no_fixed_number_implies_true_preference) ... ok
test_t04_replay_and_derived_summary_do_not_add_roots (tests.test_w02_recall_combinations.RecallCombinationTests.test_t04_replay_and_derived_summary_do_not_add_roots) ... ok
test_t05_actual_ingress_variants_reach_final_context (tests.test_w02_recall_combinations.RecallCombinationTests.test_t05_actual_ingress_variants_reach_final_context) ... ok
test_unrelated_material_does_not_trigger_association (tests.test_w02_recall_combinations.RecallCombinationTests.test_unrelated_material_does_not_trigger_association) ... ok

======================================================================
ERROR: test_blocked_record_after_revision_change_cannot_be_shown_as_current (tests.test_w02_recall_combinations.RecallCombinationTests.test_blocked_record_after_revision_change_cannot_be_shown_as_current)
----------------------------------------------------------------------
Traceback (most recent call last):
  File "C:\Users\Administrator\Documents\continuity-engine\tests\test_w02_recall_combinations.py", line 157, in test_blocked_record_after_revision_change_cannot_be_shown_as_current
    from continuity_engine.domain.events import StateMutation,MutationOperation
ImportError: cannot import name 'MutationOperation' from 'continuity_engine.domain.events' (C:\Users\Administrator\Documents\continuity-engine\src\continuity_engine\domain\events.py)

----------------------------------------------------------------------
Ran 39 tests in 86.120s

FAILED (errors=1)
