test_measure_original_candidate_preparation (profile_probe.ProfileProbe.test_measure_original_candidate_preparation) ... ok
test_t03_raw_noon_and_afternoon_messages_recall_before_answer (tests.test_w02_recall.AutomaticRecallTests.test_t03_raw_noon_and_afternoon_messages_recall_before_answer) ... ok
test_negative_counterevidence_prevents_candidate_confirmation (tests.test_w02_recall_combinations.RecallCombinationTests.test_negative_counterevidence_prevents_candidate_confirmation) ... ok
test_blocked_record_after_revision_change_cannot_be_shown_as_current (tests.test_w02_recall_combinations.RecallCombinationTests.test_blocked_record_after_revision_change_cannot_be_shown_as_current) ... ERROR
{"test": "tests.test_w02_recall_combinations.RecallCombinationTests.test_blocked_record_after_revision_change_cannot_be_shown_as_current", "stage": "before-TEST-cleanup", "files": {"s/.p01-sandbox-root.v1.json": {"bytes": 98, "sha256": "3ced39d6b395df89d9b1f34e1b3faf46c14ccc6edab679a616f588a978e002f7"}, "s/s/sc89a0787/b/b43710d54/branch-manifest.v1.json": {"bytes": 243, "sha256": "c91d2dacd6a7a18aef3a8115dd00a639edfeb57bb98184837a0ca575d8e995e4"}, "s/s/sc89a0787/b/b43710d54/data/awakening/cycles/10d8b6706b6be2342a52f25a331ea0b35c9b81fdfdd81b40afe9d62d99af8adc.json": {"bytes": 253, "sha256": "964fc466720ae107282574e170186efdcd5f8231e5c256c7b0d1ea173ce9e9d8"}, "s/s/sc89a0787/b/b43710d54/data/awakening/sessions/a2bd874e027368a6bae81c8ed8783f0e8e0f72c1ea3df969c5a34512067b2e87/8a815e06d756c9884d39e574dbfdc1e7938ef4a307b23ca435fdfca793f51b33.json": {"bytes": 10657, "sha256": "661141667bbad79cb9b1690cbe3030ff54a17a59a9d11c7e0602b45f3249e05f"}, "s/s/sc89a0787/b/b43710d54/data/c1-receipts/p08-fake-receipts.json": {"bytes": 148, "sha256": "a411df96a3b6eea514baf41f59d45ab70c55b96ee9f28e118d79525ea3bfe8c8"}, "s/s/sc89a0787/b/b43710d54/data/clock/subject-clock.v1.json": {"bytes": 109, "sha256": "9215b6977c7811370330d01c8bfe7e63b8e43ba8b12a8f09d85b24e7efac24ad"}, "s/s/sc89a0787/b/b43710d54/data/contradiction/test/a2bd874e027368a6bae81c8ed8783f0e8e0f72c1ea3df969c5a34512067b2e87.json": {"bytes": 228, "sha256": "185b26386475b50876f27fcd097498f597fe30f0879a2c87c8311960641d136f"}, "s/s/sc89a0787/b/b43710d54/data/fixture/c1-profile.v1.json": {"bytes": 102, "sha256": "8211e7c875c453b7dbec52f642dd352488abc571bc90563b68fffab190e4d6f7"}, "s/s/sc89a0787/b/b43710d54/data/fixture/state-fixture.v1.json": {"bytes": 635, "sha256": "01c9f38a3276390e3db498a0c9a8198ec6644867a46c77c032eb79ebb4d8d8bc"}, "s/s/sc89a0787/b/b43710d54/data/integration/capability-ledger.v1.json": {"bytes": 82, "sha256": "95f292f0db842e43cccb490ce10bbeefd3bab92d43fa69f4bb1b6188d4ed43de"}, "s/s/sc89a0787/b/b43710d54/data/integration/operation-journal.first-round-v1.json": {"bytes": 30907, "sha256": "3e4764e5aae08f00997bd7d6510a55f79a622a41c3f5c757c86f7dc745cb2446"}, "s/s/sc89a0787/b/b43710d54/data/integration/result-ledger.first-round-v1.json": {"bytes": 63, "sha256": "5407f91ac04019966f84bfbad51ebc1fb904bd085a6579febfa75a9ea068592a"}, "s/s/sc89a0787/b/b43710d54/data/integration/subject-binding.runtime-v1.json": {"bytes": 613, "sha256": "4df19d0a4134c204b59329339dfa5595fa61d28308f20ee261e05a0a66cf2715"}, "s/s/sc89a0787/b/b43710d54/data/learning/a2bd874e027368a6bae81c8ed8783f0e8e0f72c1ea3df969c5a34512067b2e87.json": {"bytes": 2154, "sha256": "a6e600a4daeaf1f3db0096eb1ab67221ce53a0cde85617367bbf9da8719b4098"}, "s/s/sc89a0787/b/b43710d54/data/memory/test/a2bd874e027368a6bae81c8ed8783f0e8e0f72c1ea3df969c5a34512067b2e87.json": {"bytes": 4202, "sha256": "bd5618c7bc59bc0d34dfe36f4123ad42a26e99e24706710f0017dd01558612ea"}, "s/s/sc89a0787/b/b43710d54/data/resources/a2bd874e027368a6bae81c8ed8783f0e8e0f72c1ea3df969c5a34512067b2e87.json": {"bytes": 437, "sha256": "d695559771dc3b394c164a472feac0e3dd028a41231c6a96cb85f0fa3db2834e"}, "s/s/sc89a0787/b/b43710d54/data/subject-state/a2bd874e027368a6bae81c8ed8783f0e8e0f72c1ea3df969c5a34512067b2e87.json": {"bytes": 4912, "sha256": "69850952abc3ee6c2dc63426f9923ddcd4c67333496325bf891da813e06d1011"}, "s/s/sc89a0787/b/b43710d54/data/test-actions/action-sessions.v1.json": {"bytes": 128, "sha256": "fa79247af8e3e5ffeb946317754d83a62ce240e6fb0deb5f0ecd60caf8f6cc8d"}, "s/s/sc89a0787/b/b43710d54/data/test-indexes/events.v1.json": {"bytes": 138, "sha256": "65e7377b4a2e4f365ce0e88b0096ae0009094b933f66d583441da1cf050cd045"}, "s/s/sc89a0787/b/b43710d54/data/test-indexes/evolution.v1.json": {"bytes": 141, "sha256": "81f898740a103c744022287ee6b8705645a1e68d91c59826894200dc61253ed4"}, "s/s/sc89a0787/b/b43710d54/data/test-indexes/relationship-state.v1.json": {"bytes": 150, "sha256": "be8b02d21ae886c4546d9de9769de0b4adca9db1576c9d41d79419a3df2b4f1a"}, "s/s/sc89a0787/b/b43710d54/data/test-indexes/state-mutations.v1.json": {"bytes": 147, "sha256": "3e377ce7e022b9a3dc792e4829be3d97555b395ecf57b8755346dbe20cc95dec"}, "s/s/sc89a0787/b/b43710d54/data/test-indexes/thinking-sessions.v1.json": {"bytes": 149, "sha256": "26f2d44957d5ac36c83b07364bd7451a633ad1dcee35bac8e3bdb07ac68ceb7c"}, "s/s/sc89a0787/b/b43710d54/data/test-indexes/wake-sessions.v1.json": {"bytes": 145, "sha256": "4d3a4015f6828063b02bec4577cc3876325c57150d25b5605cb73cc48458c687"}, "s/s/sc89a0787/b/b43710d54/data/test-memory/memory-ledger.v1.json": {"bytes": 631, "sha256": "8ffa6b652579e0449c49269b89717fd97f55ddd92dfaab22b95a38949a3a27f7"}, "s/s/sc89a0787/b/b43710d54/data/test-trace/subject-clock-trace.v1.json": {"bytes": 1558, "sha256": "1f02f211fa6ee4e7949101067fcf8b07190757f0b733b17cfa17b6a91ef00a7a"}, "s/s/sc89a0787/sandbox-manifest.v1.json": {"bytes": 910, "sha256": "7e6644a0f211c267a526dc75becdac1dca3c097312c3cefa137271b40a2efd37"}, "s/sandbox-registry.v1.json": {"bytes": 476, "sha256": "a6ce001a20c26d9b0db2a4ef4dad1fbb3d0439e052d99de39d34c6ef042f90ee"}}}

======================================================================
ERROR: test_blocked_record_after_revision_change_cannot_be_shown_as_current (tests.test_w02_recall_combinations.RecallCombinationTests.test_blocked_record_after_revision_change_cannot_be_shown_as_current)
----------------------------------------------------------------------
Traceback (most recent call last):
  File "C:\Users\Administrator\Documents\continuity-engine\tests\test_w02_recall_combinations.py", line 158, in test_blocked_record_after_revision_change_cannot_be_shown_as_current
    f.event('later',content='unrelated legal update',mutations=(
    ~~~~~~~^^^^^^^^^^^^^^^^^^^^^^^^^^^^^^^^^^^^^^^^^^^^^^^^^^^^^
        StateMutation('continuity.current_focus',ChangeOperation.SET,'later focus','Explicit independent TEST state change'),))
        ^^^^^^^^^^^^^^^^^^^^^^^^^^^^^^^^^^^^^^^^^^^^^^^^^^^^^^^^^^^^^^^^^^^^^^^^^^^^^^^^^^^^^^^^^^^^^^^^^^^^^^^^^^^^^^^^^^^^^^^
  File "C:\Users\Administrator\Documents\continuity-engine\src\continuity_engine\testing\p09_core_fixture.py", line 181, in event
    return self.runtime.subject_states.apply_event(self.runtime.descriptor.subject_id, event)
           ~~~~~~~~~~~~~~~~~~~~~~~~~~~~~~~~~~~~~~~^^^^^^^^^^^^^^^^^^^^^^^^^^^^^^^^^^^^^^^^^^^
  File "C:\Users\Administrator\Documents\continuity-engine\src\continuity_engine\services\subject_state_service.py", line 79, in apply_event
    return self._apply_event(subject_id, event, expected_revision=expected_revision)
           ~~~~~~~~~~~~~~~~~^^^^^^^^^^^^^^^^^^^^^^^^^^^^^^^^^^^^^^^^^^^^^^^^^^^^^^^^
  File "C:\Users\Administrator\Documents\continuity-engine\src\continuity_engine\services\subject_state_service.py", line 138, in _apply_event
    raise EventReferenceError(
    ...<3 lines>...
    )
continuity_engine.domain.errors.EventReferenceError: fact, observation, intention, correction, and revocation events cannot mutate current SubjectState; append the history without mutations and use an Action-Gate-approved state_change event

----------------------------------------------------------------------
Ran 4 tests in 20.245s

FAILED (errors=1)
