test_failure_and_reopen_resume_same_request (tests.test_w02_recall.AutomaticRecallTests.test_failure_and_reopen_resume_same_request) ... ok
test_negative_preference_does_not_become_consumption (tests.test_w02_recall.AutomaticRecallTests.test_negative_preference_does_not_become_consumption) ... ok
test_no_relevant_cue_is_assessed_without_forced_recall (tests.test_w02_recall.AutomaticRecallTests.test_no_relevant_cue_is_assessed_without_forced_recall) ... ok
test_original_message_is_assessed_before_thinking (tests.test_w02_recall.AutomaticRecallTests.test_original_message_is_assessed_before_thinking) ... ok
test_read_only_recall_query_does_not_resume_or_write (tests.test_w02_recall.AutomaticRecallTests.test_read_only_recall_query_does_not_resume_or_write) ... ok
test_t03_raw_noon_and_afternoon_messages_recall_before_answer (tests.test_w02_recall.AutomaticRecallTests.test_t03_raw_noon_and_afternoon_messages_recall_before_answer) ... ok
test_t04_preference_candidate_uses_original_roots_without_state_write (tests.test_w02_recall.AutomaticRecallTests.test_t04_preference_candidate_uses_original_roots_without_state_write) ... ERROR
{"test": "tests.test_w02_recall.AutomaticRecallTests.test_t04_preference_candidate_uses_original_roots_without_state_write", "stage": "before-TEST-cleanup", "files": {"s/.p01-sandbox-root.v1.json": {"bytes": 98, "sha256": "3ced39d6b395df89d9b1f34e1b3faf46c14ccc6edab679a616f588a978e002f7"}, "s/s/s752f6631/b/b3d43254b/branch-manifest.v1.json": {"bytes": 243, "sha256": "8eec2082ada037e74bb44fd1c66f23b85ab51aef65147a164069dad8881acc89"}, "s/s/s752f6631/b/b3d43254b/data/awakening/cycles/564352f3e6bc03843c10b3a08ddc9143292301a78b9fbfdc65a1dde2fef071ff.json": {"bytes": 253, "sha256": "939eaf7129b579f6f30447a13c80a178dea1d3cd91bf01b8635016e79f8d684b"}, "s/s/s752f6631/b/b3d43254b/data/awakening/sessions/7b28145df175f5fda6ee2eb30e258f46e717db4d75df22a989c8f8fe82945429/3b16bc8fffaeaf6208791f0278418b94cddf0fe6a3b31ebcdba71db01022d63a.json": {"bytes": 12478, "sha256": "f6ba7631ffd67858f47305cba1faea68c0abcfb7cd09f38f14e784f6caa42de9"}, "s/s/s752f6631/b/b3d43254b/data/awakening/sessions/7b28145df175f5fda6ee2eb30e258f46e717db4d75df22a989c8f8fe82945429/7876e4d777913c11aca740fbc3520111ba9dc501457490a80bcebfd2662c8a28.json": {"bytes": 14305, "sha256": "e163e4d3f0010005e5b88392065189cdd5299f5c4de83545abb8fb5a71e68c8b"}, "s/s/s752f6631/b/b3d43254b/data/awakening/sessions/7b28145df175f5fda6ee2eb30e258f46e717db4d75df22a989c8f8fe82945429/ce0720017e15ae3d9eddb4ed18ba58f5f37cbe06cac8c4d22178eb2ed3461c30.json": {"bytes": 16126, "sha256": "05caa1bd6ecb9f9187f05c37a4bd625a3c3454eb0cf58aed42e3a294ab6c23c8"}, "s/s/s752f6631/b/b3d43254b/data/c1-receipts/p08-fake-receipts.json": {"bytes": 1508, "sha256": "fc17553dd9dfc74afcb4cd7ff48dc9bda9c31223c1ab3af2e6f35ba4f8c8cba0"}, "s/s/s752f6631/b/b3d43254b/data/clock/subject-clock.v1.json": {"bytes": 109, "sha256": "9215b6977c7811370330d01c8bfe7e63b8e43ba8b12a8f09d85b24e7efac24ad"}, "s/s/s752f6631/b/b3d43254b/data/contradiction/test/7b28145df175f5fda6ee2eb30e258f46e717db4d75df22a989c8f8fe82945429.json": {"bytes": 228, "sha256": "11dc265b0266d8109cbf2f22fdabe9302f0d3c7dd9d00b3a6255144dd8a284f5"}, "s/s/s752f6631/b/b3d43254b/data/fixture/c1-profile.v1.json": {"bytes": 102, "sha256": "67ba08581a24f376793fc0e1f178fc6efcda09a6d4bbcf5a7ece3fdb4cae6415"}, "s/s/s752f6631/b/b3d43254b/data/fixture/state-fixture.v1.json": {"bytes": 635, "sha256": "395e6ca9829cb0b8edc7093246d47b3109486549559849fb1559c7ecb41e93fe"}, "s/s/s752f6631/b/b3d43254b/data/integration/capability-ledger.v1.json": {"bytes": 17822, "sha256": "a3221d9929878e80f55cbb687296f2701e25e698882c85e7152c8c55a9598a2a"}, "s/s/s752f6631/b/b3d43254b/data/integration/operation-journal.first-round-v1.json": {"bytes": 458941, "sha256": "ce7c96541fd7cf73d628123da8de77e25ee2ecadb25b64ded8d9e58656c03116"}, "s/s/s752f6631/b/b3d43254b/data/integration/result-ledger.first-round-v1.json": {"bytes": 3112, "sha256": "afecec49632c020901ad84b0793defc370b5a1a14af253374771b85137a5d361"}, "s/s/s752f6631/b/b3d43254b/data/integration/subject-binding.runtime-v1.json": {"bytes": 613, "sha256": "72367e0082a9b38f2d6650d3ff7942d26ad959a7dd7194021ac701f47d32b47b"}, "s/s/s752f6631/b/b3d43254b/data/learning/7b28145df175f5fda6ee2eb30e258f46e717db4d75df22a989c8f8fe82945429.json": {"bytes": 2154, "sha256": "68f707629e9a46d81d3f6ff7158fb66cf97d9e37a870dade7f82238bc2f9570c"}, "s/s/s752f6631/b/b3d43254b/data/memory/test/7b28145df175f5fda6ee2eb30e258f46e717db4d75df22a989c8f8fe82945429.json": {"bytes": 19690, "sha256": "bb418723e89e62c7d3d10901e4cd36dbfc505091c29b44fede76e3f27c86e669"}, "s/s/s752f6631/b/b3d43254b/data/resources/7b28145df175f5fda6ee2eb30e258f46e717db4d75df22a989c8f8fe82945429.json": {"bytes": 437, "sha256": "b498066010fe95c07625a531c23892377a2bbab072a0c42b7ebcc7edcdec1095"}, "s/s/s752f6631/b/b3d43254b/data/subject-state/7b28145df175f5fda6ee2eb30e258f46e717db4d75df22a989c8f8fe82945429.json": {"bytes": 7876, "sha256": "04f1d997efa4a817ac9c983e0fef203ccf6a2ca4b4c76bd46e54c58e336b4c74"}, "s/s/s752f6631/b/b3d43254b/data/test-actions/action-sessions.v1.json": {"bytes": 128, "sha256": "7646cdf3e5768d2c9614b5cbd7b2ab219d499fcf46544b8c375f7f8c18795c9c"}, "s/s/s752f6631/b/b3d43254b/data/test-indexes/events.v1.json": {"bytes": 138, "sha256": "811023b39cddb6c187ee8a757195b820985bc585770cebc1f1da461218c03520"}, "s/s/s752f6631/b/b3d43254b/data/test-indexes/evolution.v1.json": {"bytes": 141, "sha256": "b7b670898956cc3dc2eb9d203ade81409691d7adb9df82d36fb1b239716b9188"}, "s/s/s752f6631/b/b3d43254b/data/test-indexes/relationship-state.v1.json": {"bytes": 150, "sha256": "fb4319fa07b1a0422e22cf2a90d5342fd7fc78ce95cc10ae6a80473671979053"}, "s/s/s752f6631/b/b3d43254b/data/test-indexes/state-mutations.v1.json": {"bytes": 147, "sha256": "493684dba0526a55125525d6f14a237dacef815859b35428c2405ef6d4fd5930"}, "s/s/s752f6631/b/b3d43254b/data/test-indexes/thinking-sessions.v1.json": {"bytes": 149, "sha256": "8ee31b68e57be010b3fcd4f5186ef0bb2ddf2a516daf42afba37b6b0521a0eed"}, "s/s/s752f6631/b/b3d43254b/data/test-indexes/wake-sessions.v1.json": {"bytes": 145, "sha256": "7728c12639cfe5eb4572494b1f3bc54d4391ab0f99b68f150d1ddaeab43fa000"}, "s/s/s752f6631/b/b3d43254b/data/test-memory/memory-ledger.v1.json": {"bytes": 631, "sha256": "d9636343a07981de58021ec14b6110d8eb4f63c794573e1266d93e2bb4f743af"}, "s/s/s752f6631/b/b3d43254b/data/test-trace/subject-clock-trace.v1.json": {"bytes": 1558, "sha256": "6ee687fd8b9f4a1e8ebf7c5290094e0438382941e82b99faee7e651afd79c172"}, "s/s/s752f6631/b/b3d43254b/data/thinking/sessions/7b28145df175f5fda6ee2eb30e258f46e717db4d75df22a989c8f8fe82945429/cdf5b30fc9bb32f364f740e1eb826e8c9041fa769b0dfda65a33152c54f558ae.json": {"bytes": 78521, "sha256": "561f7fa4c8a13c3a2e1f345ca05e1807578d0fdb7bc7b68dc24ab7aa700f722c"}, "s/s/s752f6631/b/b3d43254b/data/thinking/sessions/7b28145df175f5fda6ee2eb30e258f46e717db4d75df22a989c8f8fe82945429/f995c5c52a7166d82aeb1cdf4ceab9965ded494948551de0afdce8d5de4df1d0.json": {"bytes": 70326, "sha256": "0d866227ea3fc2c555cd9c840fc897d2da934a4e6659d2945e7242996e7c390e"}, "s/s/s752f6631/sandbox-manifest.v1.json": {"bytes": 910, "sha256": "0fe950475cfb9abbdf1e0f856b022d5288cfca6628b1d25d42208bdb282ad422"}, "s/sandbox-registry.v1.json": {"bytes": 476, "sha256": "6e093520a77714a5d7260be1177ae91ecc87bf7c10646a8d7be0bc0cce7f54a8"}}}
test_t05_variants_preserve_report_scope (tests.test_w02_recall.AutomaticRecallTests.test_t05_variants_preserve_report_scope) ... ok
test_actual_effect_return_lost_replays_without_duplicate (tests.test_w02_recall_boundaries.RecallBoundaryTests.test_actual_effect_return_lost_replays_without_duplicate) ... ok
test_bound_policy_does_not_force_fixed_depth (tests.test_w02_recall_boundaries.RecallBoundaryTests.test_bound_policy_does_not_force_fixed_depth) ... ok
test_corrupt_recall_hash_is_refused_without_writes (tests.test_w02_recall_boundaries.RecallBoundaryTests.test_corrupt_recall_hash_is_refused_without_writes) ... ok
test_disabled_gate_preserves_original_round_trip (tests.test_w02_recall_boundaries.RecallBoundaryTests.test_disabled_gate_preserves_original_round_trip) ... ok
test_native_cognition_uses_same_pre_answer_evaluation (tests.test_w02_recall_boundaries.RecallBoundaryTests.test_native_cognition_uses_same_pre_answer_evaluation) ... ok
test_no_match_is_distinct_from_source_failure (tests.test_w02_recall_boundaries.RecallBoundaryTests.test_no_match_is_distinct_from_source_failure) ... ok
test_ready_preparation_return_lost_reuses_receipt (tests.test_w02_recall_boundaries.RecallBoundaryTests.test_ready_preparation_return_lost_reuses_receipt) ... ok
test_reference_withdrawal_prevents_new_model (tests.test_w02_recall_boundaries.RecallBoundaryTests.test_reference_withdrawal_prevents_new_model) ... ok
test_retrieval_and_context_budgets_are_independent (tests.test_w02_recall_boundaries.RecallBoundaryTests.test_retrieval_and_context_budgets_are_independent) ... ok
test_source_revocation_excludes_memory_and_history_projection (tests.test_w02_recall_boundaries.RecallBoundaryTests.test_source_revocation_excludes_memory_and_history_projection) ... ok
test_stale_context_does_not_authorize_resume (tests.test_w02_recall_boundaries.RecallBoundaryTests.test_stale_context_does_not_authorize_resume) ... ok
test_stale_source_version_cannot_be_consumed (tests.test_w02_recall_boundaries.RecallBoundaryTests.test_stale_source_version_cannot_be_consumed) ... ok
test_timeout_is_blocked_before_model_and_query_is_read_only (tests.test_w02_recall_boundaries.RecallBoundaryTests.test_timeout_is_blocked_before_model_and_query_is_read_only) ... ok
test_wrong_subject_record_is_rejected (tests.test_w02_recall_boundaries.RecallBoundaryTests.test_wrong_subject_record_is_rejected) ... ok
test_blocked_record_after_revision_change_cannot_be_shown_as_current (tests.test_w02_recall_combinations.RecallCombinationTests.test_blocked_record_after_revision_change_cannot_be_shown_as_current) ... ERROR
{"test": "tests.test_w02_recall_combinations.RecallCombinationTests.test_blocked_record_after_revision_change_cannot_be_shown_as_current", "stage": "before-TEST-cleanup", "files": {"s/.p01-sandbox-root.v1.json": {"bytes": 98, "sha256": "3ced39d6b395df89d9b1f34e1b3faf46c14ccc6edab679a616f588a978e002f7"}, "s/s/s0dcbeb83/b/b2c0004c5/branch-manifest.v1.json": {"bytes": 243, "sha256": "b07961c94c50b14f20a3fd0b60eef4a67eac38d2d4c16b643a7a03281de12790"}, "s/s/s0dcbeb83/b/b2c0004c5/data/awakening/cycles/7fcd84512ab9f08c3107808a63e316c2ca2d63aa797a6ebbba060be3f7c21d60.json": {"bytes": 253, "sha256": "7597ebe0998720a2bf1c91a99e7858b453bf120fdeba458ad9d2316f0bca7c05"}, "s/s/s0dcbeb83/b/b2c0004c5/data/awakening/sessions/1349a2424f463d329b33df288a7c21804bb913ed0a8e911b6054f892832edd82/d3df2965b54003a395598f4fe026357f40609b430255ef348e8ae75b62e2a09b.json": {"bytes": 10657, "sha256": "6636c4901c2fe5b03fd4b33f7336db1965618fa084c218f9694fab86b31819c9"}, "s/s/s0dcbeb83/b/b2c0004c5/data/c1-receipts/p08-fake-receipts.json": {"bytes": 148, "sha256": "a411df96a3b6eea514baf41f59d45ab70c55b96ee9f28e118d79525ea3bfe8c8"}, "s/s/s0dcbeb83/b/b2c0004c5/data/clock/subject-clock.v1.json": {"bytes": 109, "sha256": "9215b6977c7811370330d01c8bfe7e63b8e43ba8b12a8f09d85b24e7efac24ad"}, "s/s/s0dcbeb83/b/b2c0004c5/data/contradiction/test/1349a2424f463d329b33df288a7c21804bb913ed0a8e911b6054f892832edd82.json": {"bytes": 228, "sha256": "fe88dd2143d6c8bd63dba804a18e1f000df3c287f0fbc1c2c8589f2d63560d9d"}, "s/s/s0dcbeb83/b/b2c0004c5/data/fixture/c1-profile.v1.json": {"bytes": 102, "sha256": "5f07c9ce52c746d8588513153298c2bdce13ae8f929285bc6dd378f31085dc77"}, "s/s/s0dcbeb83/b/b2c0004c5/data/fixture/state-fixture.v1.json": {"bytes": 635, "sha256": "ff3047c844b46fc68d0f9223caa24ca9691487ed91ad6464be38b0be9ee90374"}, "s/s/s0dcbeb83/b/b2c0004c5/data/integration/capability-ledger.v1.json": {"bytes": 82, "sha256": "95f292f0db842e43cccb490ce10bbeefd3bab92d43fa69f4bb1b6188d4ed43de"}, "s/s/s0dcbeb83/b/b2c0004c5/data/integration/operation-journal.first-round-v1.json": {"bytes": 30907, "sha256": "31c0c256e816de1609d021fcb61ae4d15677f775b024dbcc2a355442e1d51d22"}, "s/s/s0dcbeb83/b/b2c0004c5/data/integration/result-ledger.first-round-v1.json": {"bytes": 63, "sha256": "5407f91ac04019966f84bfbad51ebc1fb904bd085a6579febfa75a9ea068592a"}, "s/s/s0dcbeb83/b/b2c0004c5/data/integration/subject-binding.runtime-v1.json": {"bytes": 613, "sha256": "0cc72e57e801746553f97acc63439977d45a674f082d8b0b8acc26e94a617fed"}, "s/s/s0dcbeb83/b/b2c0004c5/data/learning/1349a2424f463d329b33df288a7c21804bb913ed0a8e911b6054f892832edd82.json": {"bytes": 2154, "sha256": "92665d6224c5b010cb7ad08d345e80a99e11d34dd5724612d56fa597dd2102cf"}, "s/s/s0dcbeb83/b/b2c0004c5/data/memory/test/1349a2424f463d329b33df288a7c21804bb913ed0a8e911b6054f892832edd82.json": {"bytes": 4202, "sha256": "5e8cdb2602415f1709d2fb16fd6156c375b2af9e97f7513f214820983592bcee"}, "s/s/s0dcbeb83/b/b2c0004c5/data/resources/1349a2424f463d329b33df288a7c21804bb913ed0a8e911b6054f892832edd82.json": {"bytes": 437, "sha256": "5ea4b87f7d19f7e98d816b3ef574dd6b15a986acd78bcb82bf130c6e2812e544"}, "s/s/s0dcbeb83/b/b2c0004c5/data/subject-state/1349a2424f463d329b33df288a7c21804bb913ed0a8e911b6054f892832edd82.json": {"bytes": 4912, "sha256": "34e5ec23df3571cfb4a5a9a23f706f553b82e42f1f3e92a0da51871462ce1802"}, "s/s/s0dcbeb83/b/b2c0004c5/data/test-actions/action-sessions.v1.json": {"bytes": 128, "sha256": "055d8ce429eb25084a23d8acd0c5cf43cbf0805a7874753882e9a1626c3acf6f"}, "s/s/s0dcbeb83/b/b2c0004c5/data/test-indexes/events.v1.json": {"bytes": 138, "sha256": "9a8f968015c50b9115f76b094fee007b8a4f5e2d72aa8e2c506f553c4e81c37b"}, "s/s/s0dcbeb83/b/b2c0004c5/data/test-indexes/evolution.v1.json": {"bytes": 141, "sha256": "f4708fc49a17f96b066af865eebea848c3036cd2121b13bf4da20c8001dbaddf"}, "s/s/s0dcbeb83/b/b2c0004c5/data/test-indexes/relationship-state.v1.json": {"bytes": 150, "sha256": "37fcba18667099e3cf5e47ad5bc9c7fb7e72d18d17b155add8779bf01d173df9"}, "s/s/s0dcbeb83/b/b2c0004c5/data/test-indexes/state-mutations.v1.json": {"bytes": 147, "sha256": "0eaee00709b01e277c2f4a2ac2db2d254009873e5ea5d0915a1544f449f98b7f"}, "s/s/s0dcbeb83/b/b2c0004c5/data/test-indexes/thinking-sessions.v1.json": {"bytes": 149, "sha256": "e3ec4c23df8cdcdc2146f2f069822ab7fe592a6cd505756fafee994b179a9d1d"}, "s/s/s0dcbeb83/b/b2c0004c5/data/test-indexes/wake-sessions.v1.json": {"bytes": 145, "sha256": "4e7348cda358a1997483ad5f5f9a8bfc17bf3e4783b65c31a550e10e97a5171d"}, "s/s/s0dcbeb83/b/b2c0004c5/data/test-memory/memory-ledger.v1.json": {"bytes": 631, "sha256": "032db67103bc17d4d74d44a443d250f445bf92cd7c44a5cbf4789c38fb948dc8"}, "s/s/s0dcbeb83/b/b2c0004c5/data/test-trace/subject-clock-trace.v1.json": {"bytes": 1558, "sha256": "0ce38fbba600ceacddb3652145b2a2f48eccf9261e48e19162ee12455a28ebd5"}, "s/s/s0dcbeb83/sandbox-manifest.v1.json": {"bytes": 910, "sha256": "e9f3a898094a2de0b60e8011ffa7db830df1cec4ac8660b0bbbee73090d78d6a"}, "s/sandbox-registry.v1.json": {"bytes": 476, "sha256": "96a7977190ced13ce2782186005512e8961cd1fc3c74b7563271db0cb5eb3672"}}}
test_cross_environment_source_is_rejected_without_resolution (tests.test_w02_recall_combinations.RecallCombinationTests.test_cross_environment_source_is_rejected_without_resolution) ... ok
test_cross_process_restore_and_read_only_show (tests.test_w02_recall_combinations.RecallCombinationTests.test_cross_process_restore_and_read_only_show) ... ok
test_finite_association_records_a_reason_and_stops_on_repetition (tests.test_w02_recall_combinations.RecallCombinationTests.test_finite_association_records_a_reason_and_stops_on_repetition) ... ok
test_negative_counterevidence_prevents_candidate_confirmation (tests.test_w02_recall_combinations.RecallCombinationTests.test_negative_counterevidence_prevents_candidate_confirmation) ... ERROR
{"test": "tests.test_w02_recall_combinations.RecallCombinationTests.test_negative_counterevidence_prevents_candidate_confirmation", "stage": "before-TEST-cleanup", "files": {"s/.p01-sandbox-root.v1.json": {"bytes": 98, "sha256": "3ced39d6b395df89d9b1f34e1b3faf46c14ccc6edab679a616f588a978e002f7"}, "s/s/sd1a1ed54/b/b9a489b2f/branch-manifest.v1.json": {"bytes": 243, "sha256": "0287787b4f8d97e9df7ee1554d265e32b830dbe5d5ca41638ef455d574a97b19"}, "s/s/sd1a1ed54/b/b9a489b2f/data/awakening/cycles/569dc84670b1a6f2632c7dcecf2281d4470b106c2ff6ed4f4082863fdb1a5619.json": {"bytes": 253, "sha256": "b3ec8962b054711d1478ef6b63e277e238354fdcc94bed6ca3554509cce51122"}, "s/s/sd1a1ed54/b/b9a489b2f/data/awakening/sessions/44f202b90f06cf734ba07c8a140a360848ed6f8a41c3cd3c4a840e0e1c48a1b6/b8f5c6f8983e289680e960bed5838c76d2d4879397da0cd7678ccbea0ee7aa71.json": {"bytes": 16158, "sha256": "a949457c0e869ab6fb43d46ba28bbc9924a0ef423a026ad84c6f492e0a76da25"}, "s/s/sd1a1ed54/b/b9a489b2f/data/awakening/sessions/44f202b90f06cf734ba07c8a140a360848ed6f8a41c3cd3c4a840e0e1c48a1b6/c2c110c5d8f589838244f8cf33c750e275eafe8ccc72e63fd2f1d5ca348cbd72.json": {"bytes": 12492, "sha256": "cd7919988aa49279b5f380b337a478b42cb924ae1cad8f672e35e77f116da814"}, "s/s/sd1a1ed54/b/b9a489b2f/data/awakening/sessions/44f202b90f06cf734ba07c8a140a360848ed6f8a41c3cd3c4a840e0e1c48a1b6/e93351ef1e83d795a089fd83d03c68a5b236fcb5d56dce44c7c1bf4733da44f9.json": {"bytes": 14321, "sha256": "e054495d0d6a29847cec5d0724b1cee8ed59d9c0b11059b41e77f1d84b9b9b3c"}, "s/s/sd1a1ed54/b/b9a489b2f/data/c1-receipts/p08-fake-receipts.json": {"bytes": 1508, "sha256": "93ff567f274bdc545c7d107b21b0d1401d8c05ffd9c63ad1f38d88173d4b4f63"}, "s/s/sd1a1ed54/b/b9a489b2f/data/clock/subject-clock.v1.json": {"bytes": 109, "sha256": "9215b6977c7811370330d01c8bfe7e63b8e43ba8b12a8f09d85b24e7efac24ad"}, "s/s/sd1a1ed54/b/b9a489b2f/data/contradiction/test/44f202b90f06cf734ba07c8a140a360848ed6f8a41c3cd3c4a840e0e1c48a1b6.json": {"bytes": 228, "sha256": "b6aa699556a7f6cb9a558ce29e8a0dc57a442635ebff4646c66a8ac28f7ea83b"}, "s/s/sd1a1ed54/b/b9a489b2f/data/fixture/c1-profile.v1.json": {"bytes": 102, "sha256": "aa7a972c283bcffa3f073a46e8b8d8a0659caed53bcc6b2456965f571d417c7f"}, "s/s/sd1a1ed54/b/b9a489b2f/data/fixture/state-fixture.v1.json": {"bytes": 635, "sha256": "408bd91b361f859d7b72504cf4b180727bf866d19f66f14f3e9c1d1db6c04f81"}, "s/s/sd1a1ed54/b/b9a489b2f/data/integration/capability-ledger.v1.json": {"bytes": 17822, "sha256": "4929eb019fc581145a5a967cce955e98cf4f9c85415a4417c8993d4001129656"}, "s/s/sd1a1ed54/b/b9a489b2f/data/integration/operation-journal.first-round-v1.json": {"bytes": 456795, "sha256": "4ea4f11ddf2d0c8e0e9fc5466a136554d55884090425806d5e2644c731493ed4"}, "s/s/sd1a1ed54/b/b9a489b2f/data/integration/result-ledger.first-round-v1.json": {"bytes": 3112, "sha256": "d3c156d7893b7fa166721828c282679bad5714867046cb55404a635c40cdf7c4"}, "s/s/sd1a1ed54/b/b9a489b2f/data/integration/subject-binding.runtime-v1.json": {"bytes": 613, "sha256": "ca13803f46f70ce4465ed60b5518e533d971bd0c4027d35953df3c5355f7b7fd"}, "s/s/sd1a1ed54/b/b9a489b2f/data/learning/44f202b90f06cf734ba07c8a140a360848ed6f8a41c3cd3c4a840e0e1c48a1b6.json": {"bytes": 2154, "sha256": "0c9b7c9c94857bc2d008bcfc092155723ed15c5c2082a79cc79a43ad6ab54147"}, "s/s/sd1a1ed54/b/b9a489b2f/data/memory/test/44f202b90f06cf734ba07c8a140a360848ed6f8a41c3cd3c4a840e0e1c48a1b6.json": {"bytes": 18382, "sha256": "ddcb74eddc64ad61a6dccca610ac058620bb6473bf845960664f1f155c8d237f"}, "s/s/sd1a1ed54/b/b9a489b2f/data/resources/44f202b90f06cf734ba07c8a140a360848ed6f8a41c3cd3c4a840e0e1c48a1b6.json": {"bytes": 437, "sha256": "560e502a3214224361f1f2b2ba6a329fb6cf317d6fd4a1d5c8e6d7bab187ab20"}, "s/s/sd1a1ed54/b/b9a489b2f/data/subject-state/44f202b90f06cf734ba07c8a140a360848ed6f8a41c3cd3c4a840e0e1c48a1b6.json": {"bytes": 7884, "sha256": "d1d14f1f8aa38e95e7293dba08b4d840d0fa80d0f50629ae5edf2264aabff914"}, "s/s/sd1a1ed54/b/b9a489b2f/data/test-actions/action-sessions.v1.json": {"bytes": 128, "sha256": "e42a6cbb3347f8de48a33960070689ad6a999f06e2efdc3e4ca0010acb8f4b63"}, "s/s/sd1a1ed54/b/b9a489b2f/data/test-indexes/events.v1.json": {"bytes": 138, "sha256": "c55e97036a9a022c9a983c4e7c8439bd7af799b465426ee000a7348f973c2e2e"}, "s/s/sd1a1ed54/b/b9a489b2f/data/test-indexes/evolution.v1.json": {"bytes": 141, "sha256": "1edc9bbd40f24c2f29d29e2e8108547413ddd11c704dbdc4b183177b996fbd19"}, "s/s/sd1a1ed54/b/b9a489b2f/data/test-indexes/relationship-state.v1.json": {"bytes": 150, "sha256": "52e6d0d1f098f01ae51b030f7b8ec8bf44724f472ad12723baf009d64b314533"}, "s/s/sd1a1ed54/b/b9a489b2f/data/test-indexes/state-mutations.v1.json": {"bytes": 147, "sha256": "75f6c0bbfa5c30f61243ea3a210eab2bac4bc41045d0ca1b24db87f1905cec72"}, "s/s/sd1a1ed54/b/b9a489b2f/data/test-indexes/thinking-sessions.v1.json": {"bytes": 149, "sha256": "bcb6e3f2bfaaed8acbd1a2cb46ce6a45c17e0695e697373612fd4edfe4cb43bb"}, "s/s/sd1a1ed54/b/b9a489b2f/data/test-indexes/wake-sessions.v1.json": {"bytes": 145, "sha256": "cfa434f3852074f7236c790f6f4a2962f0706536d46657a08b3e2a4ac985a236"}, "s/s/sd1a1ed54/b/b9a489b2f/data/test-memory/memory-ledger.v1.json": {"bytes": 631, "sha256": "445298aea24d28d302b806d97628dc38b1794b9927d6742309cc225ac0a2978f"}, "s/s/sd1a1ed54/b/b9a489b2f/data/test-trace/subject-clock-trace.v1.json": {"bytes": 1558, "sha256": "79cc53389c3a65068277c06ba198cc2eab0635a0b45338278e234febf5261a9f"}, "s/s/sd1a1ed54/b/b9a489b2f/data/thinking/sessions/44f202b90f06cf734ba07c8a140a360848ed6f8a41c3cd3c4a840e0e1c48a1b6/769bb78adcf83fc63a4e1b2d1fba8b982c5435bef7d05c04a4d9dbfdf2e6d91d.json": {"bytes": 78604, "sha256": "423df0967017e6834faeefe14bdbc6f543ae288d3386160bcc487b5e3c1e58bb"}, "s/s/sd1a1ed54/b/b9a489b2f/data/thinking/sessions/44f202b90f06cf734ba07c8a140a360848ed6f8a41c3cd3c4a840e0e1c48a1b6/f94252e8d0b4196c70f5b56c79d5471c6c5f0818333c6f70b2a8982189dad002.json": {"bytes": 69645, "sha256": "0ddcca586937f4aa4fd32c46c22ed7cee86cf3eaf1883671f98a0afbc299a2df"}, "s/s/sd1a1ed54/sandbox-manifest.v1.json": {"bytes": 910, "sha256": "5384727054d45362ac9f8f91e7c4fb7e5a5725babcb5150ab204d045e646f2df"}, "s/sandbox-registry.v1.json": {"bytes": 476, "sha256": "a1edabd362ca3db853e8384e69866a6d851e925079b84cc14b6eb06f1b253860"}}}
test_other_person_report_does_not_count_as_user_preference (tests.test_w02_recall_combinations.RecallCombinationTests.test_other_person_report_does_not_count_as_user_preference) ... ok
test_permission_withdrawn_during_view_is_rechecked (tests.test_w02_recall_combinations.RecallCombinationTests.test_permission_withdrawn_during_view_is_rechecked) ... ok
test_quoted_and_ambiguous_reports_never_confirm_preference (tests.test_w02_recall_combinations.RecallCombinationTests.test_quoted_and_ambiguous_reports_never_confirm_preference) ... ok
test_read_only_view_does_not_start_recall_or_provider (tests.test_w02_recall_combinations.RecallCombinationTests.test_read_only_view_does_not_start_recall_or_provider) ... ok
test_recalled_information_does_not_force_expression (tests.test_w02_recall_combinations.RecallCombinationTests.test_recalled_information_does_not_force_expression) ... ok
test_snapshot_branch_preserves_recall_and_does_not_pollute_origin (tests.test_w02_recall_combinations.RecallCombinationTests.test_snapshot_branch_preserves_recall_and_does_not_pollute_origin) ... ok
test_sufficient_material_stops_before_configured_depth (tests.test_w02_recall_combinations.RecallCombinationTests.test_sufficient_material_stops_before_configured_depth) ... ok
test_t04_configured_candidate_rule_is_recorded_and_never_confirms (tests.test_w02_recall_combinations.RecallCombinationTests.test_t04_configured_candidate_rule_is_recorded_and_never_confirms) ... ok
test_t04_no_fixed_number_implies_true_preference (tests.test_w02_recall_combinations.RecallCombinationTests.test_t04_no_fixed_number_implies_true_preference) ... ok
test_t04_replay_and_derived_summary_do_not_add_roots (tests.test_w02_recall_combinations.RecallCombinationTests.test_t04_replay_and_derived_summary_do_not_add_roots) ... ok
test_t05_actual_ingress_variants_reach_final_context (tests.test_w02_recall_combinations.RecallCombinationTests.test_t05_actual_ingress_variants_reach_final_context) ... ok
test_unrelated_material_does_not_trigger_association (tests.test_w02_recall_combinations.RecallCombinationTests.test_unrelated_material_does_not_trigger_association) ... ok

======================================================================
ERROR: test_t04_preference_candidate_uses_original_roots_without_state_write (tests.test_w02_recall.AutomaticRecallTests.test_t04_preference_candidate_uses_original_roots_without_state_write)
----------------------------------------------------------------------
Traceback (most recent call last):
  File "C:\Users\Administrator\Documents\continuity-engine\src\continuity_engine\services\continuity_interaction_service.py", line 291, in _submit
    operation, thinking_execution = self._run_domain(request, operation, binding)
                                    ~~~~~~~~~~~~~~~~^^^^^^^^^^^^^^^^^^^^^^^^^^^^^
  File "C:\Users\Administrator\Documents\continuity-engine\src\continuity_engine\services\continuity_interaction_service.py", line 846, in _run_domain
    perception = self._continuity_core.prepare(perception, operation,
        **({'save_input': save_input} if operation.input_processing_enabled else {}),
        **({'save_recall':save_recall} if operation.recall_enabled else {}))
  File "C:\Users\Administrator\Documents\continuity-engine\src\continuity_engine\services\continuity_core_service.py", line 288, in prepare
    return self._prepare(perception, operation, save_input=save_input,save_recall=save_recall)
           ~~~~~~~~~~~~~^^^^^^^^^^^^^^^^^^^^^^^^^^^^^^^^^^^^^^^^^^^^^^^^^^^^^^^^^^^^^^^^^^^^^^
  File "C:\Users\Administrator\Documents\continuity-engine\src\continuity_engine\services\continuity_core_service.py", line 338, in _prepare
    route,composition,recall_record=self.recall.prepare(perception,operation,save_recall,
                                    ~~~~~~~~~~~~~~~~~~~^^^^^^^^^^^^^^^^^^^^^^^^^^^^^^^^^^
        attention=mind['influence']['attention'] if mind is not None else None)
        ^^^^^^^^^^^^^^^^^^^^^^^^^^^^^^^^^^^^^^^^^^^^^^^^^^^^^^^^^^^^^^^^^^^^^^^
  File "C:\Users\Administrator\Documents\continuity-engine\src\continuity_engine\services\associative_recall_service.py", line 188, in prepare
    raise CapabilityValidationError(stop)
continuity_engine.domain.errors.CapabilityValidationError: RECALL_TIMEOUT

The above exception was the direct cause of the following exception:

Traceback (most recent call last):
  File "C:\Users\Administrator\Documents\continuity-engine\tests\test_w02_recall.py", line 71, in test_t04_preference_candidate_uses_original_roots_without_state_write
    request=f.message(text,source_event_id=event);f.submit(request)
                                                  ~~~~~~~~^^^^^^^^^
  File "C:\Users\Administrator\Documents\continuity-engine\src\continuity_engine\testing\p09_core_fixture.py", line 165, in submit
    return self.app.adapter.submit(request or self.request())
           ~~~~~~~~~~~~~~~~~~~~~~~^^^^^^^^^^^^^^^^^^^^^^^^^^^
  File "C:\Users\Administrator\Documents\continuity-engine\src\continuity_engine\interfaces\integration_adapter.py", line 38, in submit
    return self._service.submit(payload)
           ~~~~~~~~~~~~~~~~~~~~^^^^^^^^^
  File "C:\Users\Administrator\Documents\continuity-engine\src\continuity_engine\services\continuity_interaction_service.py", line 187, in submit
    return self._submit(payload)
           ~~~~~~~~~~~~^^^^^^^^^
  File "C:\Users\Administrator\Documents\continuity-engine\src\continuity_engine\services\continuity_interaction_service.py", line 303, in _submit
    raise IntegrationExecutionError(
    ...<4 lines>...
    ) from exc
continuity_engine.domain.errors.IntegrationExecutionError: Local integration encountered an unexpected execution fault during domain.

======================================================================
ERROR: test_blocked_record_after_revision_change_cannot_be_shown_as_current (tests.test_w02_recall_combinations.RecallCombinationTests.test_blocked_record_after_revision_change_cannot_be_shown_as_current)
----------------------------------------------------------------------
Traceback (most recent call last):
  File "C:\Users\Administrator\Documents\continuity-engine\tests\test_w02_recall_combinations.py", line 159, in test_blocked_record_after_revision_change_cannot_be_shown_as_current
    StateMutation('continuity.current_focus',ChangeOperation.SET,'later focus'),))
    ~~~~~~~~~~~~~^^^^^^^^^^^^^^^^^^^^^^^^^^^^^^^^^^^^^^^^^^^^^^^^^^^^^^^^^^^^^^
TypeError: StateMutation.__init__() missing 1 required positional argument: 'reason'

======================================================================
ERROR: test_negative_counterevidence_prevents_candidate_confirmation (tests.test_w02_recall_combinations.RecallCombinationTests.test_negative_counterevidence_prevents_candidate_confirmation)
----------------------------------------------------------------------
Traceback (most recent call last):
  File "C:\Users\Administrator\Documents\continuity-engine\src\continuity_engine\services\continuity_interaction_service.py", line 291, in _submit
    operation, thinking_execution = self._run_domain(request, operation, binding)
                                    ~~~~~~~~~~~~~~~~^^^^^^^^^^^^^^^^^^^^^^^^^^^^^
  File "C:\Users\Administrator\Documents\continuity-engine\src\continuity_engine\services\continuity_interaction_service.py", line 846, in _run_domain
    perception = self._continuity_core.prepare(perception, operation,
        **({'save_input': save_input} if operation.input_processing_enabled else {}),
        **({'save_recall':save_recall} if operation.recall_enabled else {}))
  File "C:\Users\Administrator\Documents\continuity-engine\src\continuity_engine\services\continuity_core_service.py", line 288, in prepare
    return self._prepare(perception, operation, save_input=save_input,save_recall=save_recall)
           ~~~~~~~~~~~~~^^^^^^^^^^^^^^^^^^^^^^^^^^^^^^^^^^^^^^^^^^^^^^^^^^^^^^^^^^^^^^^^^^^^^^
  File "C:\Users\Administrator\Documents\continuity-engine\src\continuity_engine\services\continuity_core_service.py", line 338, in _prepare
    route,composition,recall_record=self.recall.prepare(perception,operation,save_recall,
                                    ~~~~~~~~~~~~~~~~~~~^^^^^^^^^^^^^^^^^^^^^^^^^^^^^^^^^^
        attention=mind['influence']['attention'] if mind is not None else None)
        ^^^^^^^^^^^^^^^^^^^^^^^^^^^^^^^^^^^^^^^^^^^^^^^^^^^^^^^^^^^^^^^^^^^^^^^
  File "C:\Users\Administrator\Documents\continuity-engine\src\continuity_engine\services\associative_recall_service.py", line 188, in prepare
    raise CapabilityValidationError(stop)
continuity_engine.domain.errors.CapabilityValidationError: RECALL_TIMEOUT

The above exception was the direct cause of the following exception:

Traceback (most recent call last):
  File "C:\Users\Administrator\Documents\continuity-engine\tests\test_w02_recall_combinations.py", line 94, in test_negative_counterevidence_prevents_candidate_confirmation
    r=self.report(f,'experience','我吃了螺蛳粉。')
      ~~~~~~~~~~~^^^^^^^^^^^^^^^^^^^^^^^^^^^^^^^^^
  File "C:\Users\Administrator\Documents\continuity-engine\tests\test_w02_recall_combinations.py", line 28, in report
    r=f.message(text,source_event_id=event);f.submit(r)
                                            ~~~~~~~~^^^
  File "C:\Users\Administrator\Documents\continuity-engine\src\continuity_engine\testing\p09_core_fixture.py", line 165, in submit
    return self.app.adapter.submit(request or self.request())
           ~~~~~~~~~~~~~~~~~~~~~~~^^^^^^^^^^^^^^^^^^^^^^^^^^^
  File "C:\Users\Administrator\Documents\continuity-engine\src\continuity_engine\interfaces\integration_adapter.py", line 38, in submit
    return self._service.submit(payload)
           ~~~~~~~~~~~~~~~~~~~~^^^^^^^^^
  File "C:\Users\Administrator\Documents\continuity-engine\src\continuity_engine\services\continuity_interaction_service.py", line 187, in submit
    return self._submit(payload)
           ~~~~~~~~~~~~^^^^^^^^^
  File "C:\Users\Administrator\Documents\continuity-engine\src\continuity_engine\services\continuity_interaction_service.py", line 303, in _submit
    raise IntegrationExecutionError(
    ...<4 lines>...
    ) from exc
continuity_engine.domain.errors.IntegrationExecutionError: Local integration encountered an unexpected execution fault during domain.

----------------------------------------------------------------------
Ran 39 tests in 78.265s

FAILED (errors=3)
