test_failure_and_reopen_resume_same_request (tests.test_w02_recall.AutomaticRecallTests.test_failure_and_reopen_resume_same_request) ... ok
test_negative_preference_does_not_become_consumption (tests.test_w02_recall.AutomaticRecallTests.test_negative_preference_does_not_become_consumption) ... ok
test_no_relevant_cue_is_assessed_without_forced_recall (tests.test_w02_recall.AutomaticRecallTests.test_no_relevant_cue_is_assessed_without_forced_recall) ... ok
test_original_message_is_assessed_before_thinking (tests.test_w02_recall.AutomaticRecallTests.test_original_message_is_assessed_before_thinking) ... ok
test_read_only_recall_query_does_not_resume_or_write (tests.test_w02_recall.AutomaticRecallTests.test_read_only_recall_query_does_not_resume_or_write) ... ok
test_t03_raw_noon_and_afternoon_messages_recall_before_answer (tests.test_w02_recall.AutomaticRecallTests.test_t03_raw_noon_and_afternoon_messages_recall_before_answer) ... ok
test_t04_preference_candidate_uses_original_roots_without_state_write (tests.test_w02_recall.AutomaticRecallTests.test_t04_preference_candidate_uses_original_roots_without_state_write) ... ok
test_t05_variants_preserve_report_scope (tests.test_w02_recall.AutomaticRecallTests.test_t05_variants_preserve_report_scope) ... ok
test_actual_effect_return_lost_replays_without_duplicate (tests.test_w02_recall_boundaries.RecallBoundaryTests.test_actual_effect_return_lost_replays_without_duplicate) ... ok
test_bound_policy_does_not_force_fixed_depth (tests.test_w02_recall_boundaries.RecallBoundaryTests.test_bound_policy_does_not_force_fixed_depth) ... ok
test_corrupt_recall_hash_is_refused_without_writes (tests.test_w02_recall_boundaries.RecallBoundaryTests.test_corrupt_recall_hash_is_refused_without_writes) ... ok
test_disabled_gate_preserves_original_round_trip (tests.test_w02_recall_boundaries.RecallBoundaryTests.test_disabled_gate_preserves_original_round_trip) ... ok
test_native_cognition_uses_same_pre_answer_evaluation (tests.test_w02_recall_boundaries.RecallBoundaryTests.test_native_cognition_uses_same_pre_answer_evaluation) ... ERROR
{"test": "tests.test_w02_recall_boundaries.RecallBoundaryTests.test_native_cognition_uses_same_pre_answer_evaluation", "stage": "before-TEST-cleanup", "files": {"s/.p01-sandbox-root.v1.json": {"bytes": 98, "sha256": "3ced39d6b395df89d9b1f34e1b3faf46c14ccc6edab679a616f588a978e002f7"}, "s/s/se5342210/b/b3c107035/branch-manifest.v1.json": {"bytes": 243, "sha256": "80422b017f5cc6e38dfd6d83609f9f1bee32b159f23a150e0879e097d3fc3d7f"}, "s/s/se5342210/b/b3c107035/data/awakening/cycles/32329a22a574427ca00ff1dc9724f727f056a4454489faa6416a2c0632fe5314.json": {"bytes": 253, "sha256": "b1f6a48b98f0afcd4268cd9ac6e2e531fe753ca590ddd074165b21cb1e6e00a2"}, "s/s/se5342210/b/b3c107035/data/awakening/sessions/2617909d578d43b17b56200fc3c28fb598c01d98faa7ec933d7a072164c46717/8918318faf7babb104e3bb21233abad8f3ac9e615106703ea88357ff99afca36.json": {"bytes": 10630, "sha256": "a79f52e112a8bb927b0675a502e8e9e603722eea5530906e25017938c4932f20"}, "s/s/se5342210/b/b3c107035/data/c1-receipts/p08-fake-receipts.json": {"bytes": 148, "sha256": "a411df96a3b6eea514baf41f59d45ab70c55b96ee9f28e118d79525ea3bfe8c8"}, "s/s/se5342210/b/b3c107035/data/clock/subject-clock.v1.json": {"bytes": 109, "sha256": "56a56d0b6a498cfca782bc0159303b1aa3f955696e541bda5ecee025aa66601e"}, "s/s/se5342210/b/b3c107035/data/contradiction/test/2617909d578d43b17b56200fc3c28fb598c01d98faa7ec933d7a072164c46717.json": {"bytes": 228, "sha256": "1e8f15d37d5fbae9c10e0f97484fed6101947ad4f8a8baaf38ad9700410a1b6f"}, "s/s/se5342210/b/b3c107035/data/fixture/c1-profile.v1.json": {"bytes": 102, "sha256": "6c4aae794f830260637a72f58214fb72cf0ea004f3aefac56ed75754bd7cfca8"}, "s/s/se5342210/b/b3c107035/data/fixture/state-fixture.v1.json": {"bytes": 635, "sha256": "0453afdce6d99cf3c9d2b71a7d21a8f361d649dbaa22501b087570976312586f"}, "s/s/se5342210/b/b3c107035/data/integration/capability-ledger.v1.json": {"bytes": 82, "sha256": "95f292f0db842e43cccb490ce10bbeefd3bab92d43fa69f4bb1b6188d4ed43de"}, "s/s/se5342210/b/b3c107035/data/integration/operation-journal.first-round-v1.json": {"bytes": 65, "sha256": "d99f9c31a9492c478a6023ebeabc5d660810a3e6d9ba6f1d9b76a425b89b2eab"}, "s/s/se5342210/b/b3c107035/data/integration/result-ledger.first-round-v1.json": {"bytes": 63, "sha256": "5407f91ac04019966f84bfbad51ebc1fb904bd085a6579febfa75a9ea068592a"}, "s/s/se5342210/b/b3c107035/data/integration/subject-binding.runtime-v1.json": {"bytes": 613, "sha256": "efebfba0bd55ac290d34b27bc10f2fe4141abe3492a3b3175b1d82f817cde6f5"}, "s/s/se5342210/b/b3c107035/data/learning/2617909d578d43b17b56200fc3c28fb598c01d98faa7ec933d7a072164c46717.json": {"bytes": 2154, "sha256": "a116dd4ad1018dbf827beee808cb29f809399badb508b4a9bcb1385ae1361cb7"}, "s/s/se5342210/b/b3c107035/data/memory/test/2617909d578d43b17b56200fc3c28fb598c01d98faa7ec933d7a072164c46717.json": {"bytes": 4202, "sha256": "556bd1f4d62037cb6650842fbfad0eaffcdd6c742795327edc04bea4fb26893f"}, "s/s/se5342210/b/b3c107035/data/resources/2617909d578d43b17b56200fc3c28fb598c01d98faa7ec933d7a072164c46717.json": {"bytes": 437, "sha256": "5af253b6d97077e9c9a4056c83ea231d1e16192e18dabd367ff9a4b85275c962"}, "s/s/se5342210/b/b3c107035/data/subject-state/2617909d578d43b17b56200fc3c28fb598c01d98faa7ec933d7a072164c46717.json": {"bytes": 4912, "sha256": "7bc792f9aa7f0da1e7c84b1f6ce5e45207a97ff44a21a89ef32e054c88c21b68"}, "s/s/se5342210/b/b3c107035/data/test-actions/action-sessions.v1.json": {"bytes": 128, "sha256": "471fbef818ff14d10b7efdfa74d2023c0b6aaf172d684f15b5544eb8612b0f9d"}, "s/s/se5342210/b/b3c107035/data/test-indexes/events.v1.json": {"bytes": 138, "sha256": "cb3e393ea182ac4aabce1e01cbb4b98bfc3cf0098371d680d1b8b7e4936593f9"}, "s/s/se5342210/b/b3c107035/data/test-indexes/evolution.v1.json": {"bytes": 141, "sha256": "45fd417cb9aeab2556feabd904e0af013551d109336836915e87857c8200c548"}, "s/s/se5342210/b/b3c107035/data/test-indexes/relationship-state.v1.json": {"bytes": 150, "sha256": "25bec3dc650d5077d740534641e3aff5c3a77a4abdfc55912a3a1d1bdc6523ad"}, "s/s/se5342210/b/b3c107035/data/test-indexes/state-mutations.v1.json": {"bytes": 147, "sha256": "6853402c96f883bfcfcec545c3cf54961410abc3ffdfd9d02911cd117a42d744"}, "s/s/se5342210/b/b3c107035/data/test-indexes/thinking-sessions.v1.json": {"bytes": 149, "sha256": "7e68f55a14f3caeb5438781fe3ddc96651629ef487ad513bd5cb9f07ad5f22b5"}, "s/s/se5342210/b/b3c107035/data/test-indexes/wake-sessions.v1.json": {"bytes": 145, "sha256": "b396c9f5e6ad6597af5aed9a693edff9d586b78053d4ad5d01cc268e59cfaf74"}, "s/s/se5342210/b/b3c107035/data/test-memory/memory-ledger.v1.json": {"bytes": 631, "sha256": "e70e737fcf55e2f231f73aec81114fcdf6b3f7628063b88dc5664ef9a51a4a78"}, "s/s/se5342210/b/b3c107035/data/test-trace/subject-clock-trace.v1.json": {"bytes": 1558, "sha256": "317a77cbc02210df4dc7d9d1c0fd56bdfe1e75a2213ecf0e402f793b17566d68"}, "s/s/se5342210/sandbox-manifest.v1.json": {"bytes": 910, "sha256": "b09d913d344c87ca4ca5f30668c5b6d6180c30544f6421666766e7255377e3d9"}, "s/sandbox-registry.v1.json": {"bytes": 476, "sha256": "e4bf024e3dcc66a1e0a1b7834bcb0b344f19fbcd89592b96db09bc617ba57053"}}}
test_no_match_is_distinct_from_source_failure (tests.test_w02_recall_boundaries.RecallBoundaryTests.test_no_match_is_distinct_from_source_failure) ... ok
test_ready_preparation_return_lost_reuses_receipt (tests.test_w02_recall_boundaries.RecallBoundaryTests.test_ready_preparation_return_lost_reuses_receipt) ... ok
test_reference_withdrawal_prevents_new_model (tests.test_w02_recall_boundaries.RecallBoundaryTests.test_reference_withdrawal_prevents_new_model) ... ok
test_retrieval_and_context_budgets_are_independent (tests.test_w02_recall_boundaries.RecallBoundaryTests.test_retrieval_and_context_budgets_are_independent) ... ok
test_source_revocation_excludes_memory_and_history_projection (tests.test_w02_recall_boundaries.RecallBoundaryTests.test_source_revocation_excludes_memory_and_history_projection) ... ERROR
{"test": "tests.test_w02_recall_boundaries.RecallBoundaryTests.test_source_revocation_excludes_memory_and_history_projection", "stage": "before-TEST-cleanup", "files": {"s/.p01-sandbox-root.v1.json": {"bytes": 98, "sha256": "3ced39d6b395df89d9b1f34e1b3faf46c14ccc6edab679a616f588a978e002f7"}, "s/s/s454f5e4f/b/bba52a2f0/branch-manifest.v1.json": {"bytes": 243, "sha256": "d25f0318b15f8cac9c63c6eb01fdbac24a448486342d59ddb3abca26afcd321d"}, "s/s/s454f5e4f/b/bba52a2f0/data/awakening/cycles/d851c84e9d1305f7ebb802b3df3b5a903452390ef08cb3b1bae04e35316bc771.json": {"bytes": 253, "sha256": "cff9ee02cfd44211ae985eb3cbfc4c3f6d24f4a06cf95dc2fbaa7005ce26cd5a"}, "s/s/s454f5e4f/b/bba52a2f0/data/awakening/sessions/d71f02babbc487a7f289d68c0ee3af4373eb0ff86d17b633d963b049d6193afa/42132eb9d9bdc52bb4c709d124b781dee6370e9c264ae2deb1129bdf336e7381.json": {"bytes": 12464, "sha256": "858cc6c6c09b01f193e6662c76b8cc71170abac4c79a34cb57d8c632d839e41e"}, "s/s/s454f5e4f/b/bba52a2f0/data/c1-receipts/p08-fake-receipts.json": {"bytes": 829, "sha256": "7f4d576cd4a94e22c2cf5399d2d24644bc3c3775583b8c71d39bf83ece47d212"}, "s/s/s454f5e4f/b/bba52a2f0/data/clock/subject-clock.v1.json": {"bytes": 109, "sha256": "9215b6977c7811370330d01c8bfe7e63b8e43ba8b12a8f09d85b24e7efac24ad"}, "s/s/s454f5e4f/b/bba52a2f0/data/contradiction/test/d71f02babbc487a7f289d68c0ee3af4373eb0ff86d17b633d963b049d6193afa.json": {"bytes": 228, "sha256": "7bd503bc7a96d38d5db99f56dade1bb745f18672235b48cdbdea1f19024fe70b"}, "s/s/s454f5e4f/b/bba52a2f0/data/fixture/c1-profile.v1.json": {"bytes": 102, "sha256": "8f8614fb4d11b3ee8be9002155d5595caa55793864cea19b398a7a95e48fbc0e"}, "s/s/s454f5e4f/b/bba52a2f0/data/fixture/state-fixture.v1.json": {"bytes": 635, "sha256": "f06b659769494cba120e41251fcdb6ef7199d89d957f5bf9a43e5d3b3ba50311"}, "s/s/s454f5e4f/b/bba52a2f0/data/integration/capability-ledger.v1.json": {"bytes": 8157, "sha256": "1fb2d2a539b31c9adfba4b7ae6a0e5e6befd1f54278d3d3c599e2c49b8ee1b71"}, "s/s/s454f5e4f/b/bba52a2f0/data/integration/operation-journal.first-round-v1.json": {"bytes": 210843, "sha256": "e4940f428fe329f5c4e54766ae947448801c8bdffa512b67ddaf009f647fe1b9"}, "s/s/s454f5e4f/b/bba52a2f0/data/integration/result-ledger.first-round-v1.json": {"bytes": 1589, "sha256": "31b7b4dc40835242780fa31eb19284d5f72a1b5b2cef051f82d4b2ecc3b0d91e"}, "s/s/s454f5e4f/b/bba52a2f0/data/integration/subject-binding.runtime-v1.json": {"bytes": 613, "sha256": "0cf0029aa697af2dac1892c278fbda72210104ef3b0bbd1efbaa008bf7b382b7"}, "s/s/s454f5e4f/b/bba52a2f0/data/learning/d71f02babbc487a7f289d68c0ee3af4373eb0ff86d17b633d963b049d6193afa.json": {"bytes": 2154, "sha256": "f4aa8c5b8c9d84b860bb35a37ce72b1f6f2143123a2ad887ca236478e5a6a13e"}, "s/s/s454f5e4f/b/bba52a2f0/data/memory/test/d71f02babbc487a7f289d68c0ee3af4373eb0ff86d17b633d963b049d6193afa.json": {"bytes": 8720, "sha256": "c9b81c8555f04f89415672f03279844ffa46025a1d3a196d3eaedcd76363467b"}, "s/s/s454f5e4f/b/bba52a2f0/data/resources/d71f02babbc487a7f289d68c0ee3af4373eb0ff86d17b633d963b049d6193afa.json": {"bytes": 437, "sha256": "5348f2e21dcfed3093b2a899fd71fcde2f6c166e940330a02f0986e89915c198"}, "s/s/s454f5e4f/b/bba52a2f0/data/subject-state/d71f02babbc487a7f289d68c0ee3af4373eb0ff86d17b633d963b049d6193afa.json": {"bytes": 5894, "sha256": "dc47402d6b24d853519cbac382ed8c785cb30af0013132530968b7e01d4785f9"}, "s/s/s454f5e4f/b/bba52a2f0/data/test-actions/action-sessions.v1.json": {"bytes": 128, "sha256": "cec1aaf7db80f70717d3e4f20da0834d1dc2a5a360fdbe0c4b5ff86fd74480cb"}, "s/s/s454f5e4f/b/bba52a2f0/data/test-indexes/events.v1.json": {"bytes": 138, "sha256": "730ddde364a51a0cb2d794a5e8575926ab41790ed9ab996f839c8187cfefd00a"}, "s/s/s454f5e4f/b/bba52a2f0/data/test-indexes/evolution.v1.json": {"bytes": 141, "sha256": "3477c93a8e1c9451e0e7539dd222cee7d423a9ca49d4c95145b850584b915835"}, "s/s/s454f5e4f/b/bba52a2f0/data/test-indexes/relationship-state.v1.json": {"bytes": 150, "sha256": "c867573a1a5166bfe461096608e2ce8bd1120c73b7a6533b77d444aaf21a91f9"}, "s/s/s454f5e4f/b/bba52a2f0/data/test-indexes/state-mutations.v1.json": {"bytes": 147, "sha256": "8a12be157c829b1ab62665c0b9991842211f99ea8156fa538b71fef69ca76344"}, "s/s/s454f5e4f/b/bba52a2f0/data/test-indexes/thinking-sessions.v1.json": {"bytes": 149, "sha256": "5dc352c21102bb30ba2f50f1a8ba25365d412cd39c4d1a49a0718d502b07f531"}, "s/s/s454f5e4f/b/bba52a2f0/data/test-indexes/wake-sessions.v1.json": {"bytes": 145, "sha256": "84c881cf473c7b053aa4d0870297404cb582aaefc232b4fe09c5d2923cb8cc54"}, "s/s/s454f5e4f/b/bba52a2f0/data/test-memory/memory-ledger.v1.json": {"bytes": 631, "sha256": "33710b29c871d545cbe75be85507ea0377a1db1c78b4bc5ade4af94c944296b5"}, "s/s/s454f5e4f/b/bba52a2f0/data/test-trace/subject-clock-trace.v1.json": {"bytes": 1558, "sha256": "f9f35a5e926ada6262f2f3975aac8dc38fe578e1be3aaa1071ba774177c0c026"}, "s/s/s454f5e4f/b/bba52a2f0/data/thinking/sessions/d71f02babbc487a7f289d68c0ee3af4373eb0ff86d17b633d963b049d6193afa/347e6cea0a1714a6ea20fd646c6248e062e6a98d25ffa7a3f0a40e1fe832cbe9.json": {"bytes": 76022, "sha256": "9f74b05054cca82a974f4168fa6dfdd8f4a869f8e59331e2fa91ad622007061d"}, "s/s/s454f5e4f/sandbox-manifest.v1.json": {"bytes": 910, "sha256": "099aa3707246b89bdabd2d78a9de605db07599aa8d7d550ed4bc0eb039da160a"}, "s/sandbox-registry.v1.json": {"bytes": 476, "sha256": "515e5f5b1b983a41e0176a6f1bc04cf2ce44d2080c563d9d9274aa3d1e7971da"}}}
test_stale_context_does_not_authorize_resume (tests.test_w02_recall_boundaries.RecallBoundaryTests.test_stale_context_does_not_authorize_resume) ... ok
test_stale_source_version_cannot_be_consumed (tests.test_w02_recall_boundaries.RecallBoundaryTests.test_stale_source_version_cannot_be_consumed) ... ok
test_timeout_is_blocked_before_model_and_query_is_read_only (tests.test_w02_recall_boundaries.RecallBoundaryTests.test_timeout_is_blocked_before_model_and_query_is_read_only) ... ok
test_wrong_subject_record_is_rejected (tests.test_w02_recall_boundaries.RecallBoundaryTests.test_wrong_subject_record_is_rejected) ... ok

======================================================================
ERROR: test_native_cognition_uses_same_pre_answer_evaluation (tests.test_w02_recall_boundaries.RecallBoundaryTests.test_native_cognition_uses_same_pre_answer_evaluation)
----------------------------------------------------------------------
Traceback (most recent call last):
  File "C:\Users\Administrator\Documents\continuity-engine\tests\test_w02_recall_boundaries.py", line 147, in test_native_cognition_uses_same_pre_answer_evaluation
    result=f.opportunity('w02-native-recall')
  File "C:\Users\Administrator\Documents\continuity-engine\src\continuity_engine\testing\p14_mind_fixture.py", line 19, in opportunity
    return service.wake_manual(self.app.binding.cycle_id, detail='Authorized native P14 computation opportunity.',
           ~~~~~~~~~~~~~~~~~~~^^^^^^^^^^^^^^^^^^^^^^^^^^^^^^^^^^^^^^^^^^^^^^^^^^^^^^^^^^^^^^^^^^^^^^^^^^^^^^^^^^^^
                               session_id=session_id)
                               ^^^^^^^^^^^^^^^^^^^^^^
  File "C:\Users\Administrator\Documents\continuity-engine\src\continuity_engine\services\wake_perception_thinking_action_service.py", line 93, in wake_manual
    return self._continue(awakening, depth)
           ~~~~~~~~~~~~~~^^^^^^^^^^^^^^^^^^
  File "C:\Users\Administrator\Documents\continuity-engine\src\continuity_engine\services\wake_perception_thinking_action_service.py", line 128, in _continue
    return self._continue_mind(awakening, depth)
           ~~~~~~~~~~~~~~~~~~~^^^^^^^^^^^^^^^^^^
  File "C:\Users\Administrator\Documents\continuity-engine\src\continuity_engine\services\wake_perception_thinking_action_service.py", line 223, in _continue_mind
    core.before_thinking(perception)
    ~~~~~~~~~~~~~~~~~~~~^^^^^^^^^^^^
  File "C:\Users\Administrator\Documents\continuity-engine\src\continuity_engine\services\continuity_core_service.py", line 446, in before_thinking
    raise CapabilityValidationError("C1_CONTEXT_STALE_OR_UNAUTHORIZED")
continuity_engine.domain.errors.CapabilityValidationError: C1_CONTEXT_STALE_OR_UNAUTHORIZED

======================================================================
ERROR: test_source_revocation_excludes_memory_and_history_projection (tests.test_w02_recall_boundaries.RecallBoundaryTests.test_source_revocation_excludes_memory_and_history_projection)
----------------------------------------------------------------------
Traceback (most recent call last):
  File "C:\Users\Administrator\Documents\continuity-engine\tests\test_w02_recall_boundaries.py", line 138, in test_source_revocation_excludes_memory_and_history_projection
    references=(EventReference('meal',EventRelationType.REVOKES),))
                ~~~~~~~~~~~~~~^^^^^^^^^^^^^^^^^^^^^^^^^^^^^^^^^^
TypeError: EventReference.__init__() missing 1 required positional argument: 'relation_type'

----------------------------------------------------------------------
Ran 22 tests in 29.594s

FAILED (errors=2)
