test_failure_and_reopen_resume_same_request (tests.test_w02_recall.AutomaticRecallTests.test_failure_and_reopen_resume_same_request) ... ok
test_negative_preference_does_not_become_consumption (tests.test_w02_recall.AutomaticRecallTests.test_negative_preference_does_not_become_consumption) ... ok
test_no_relevant_cue_is_assessed_without_forced_recall (tests.test_w02_recall.AutomaticRecallTests.test_no_relevant_cue_is_assessed_without_forced_recall) ... ok
test_original_message_is_assessed_before_thinking (tests.test_w02_recall.AutomaticRecallTests.test_original_message_is_assessed_before_thinking) ... ok
test_read_only_recall_query_does_not_resume_or_write (tests.test_w02_recall.AutomaticRecallTests.test_read_only_recall_query_does_not_resume_or_write) ... ok
test_t03_raw_noon_and_afternoon_messages_recall_before_answer (tests.test_w02_recall.AutomaticRecallTests.test_t03_raw_noon_and_afternoon_messages_recall_before_answer) ... FAIL
{"test": "tests.test_w02_recall.AutomaticRecallTests.test_t03_raw_noon_and_afternoon_messages_recall_before_answer", "stage": "before-TEST-cleanup", "files": {"s/.p01-sandbox-root.v1.json": {"bytes": 98, "sha256": "3ced39d6b395df89d9b1f34e1b3faf46c14ccc6edab679a616f588a978e002f7"}, "s/s/seccf7f7d/b/ba1964a5a/branch-manifest.v1.json": {"bytes": 243, "sha256": "c521c1b457774a938728dd83ad4f5e2a45e4de50c737bef55052eb1cb06ef255"}, "s/s/seccf7f7d/b/ba1964a5a/data/awakening/cycles/dc9c81d40e347030167c5401c70d8d5de750cc1b71b67928064af85bfec098f5.json": {"bytes": 253, "sha256": "b22c49a19655d51ee04ea3db63cac4f9a659c828229576f90847ef20fb53ba93"}, "s/s/seccf7f7d/b/ba1964a5a/data/awakening/sessions/e71287ae14f34f42478146fcb720c44d7867ebc0a5a9a8c39793088b6a321871/b36782d811e43f3093e0fe6abe0bc9ad950332ca8922a4c392993e9dfdf356f0.json": {"bytes": 12498, "sha256": "dc6b81ba071156d3b75d8d6b0b7eb50ba55acb9f9bf3e7910cfb0b7412e72dc3"}, "s/s/seccf7f7d/b/ba1964a5a/data/awakening/sessions/e71287ae14f34f42478146fcb720c44d7867ebc0a5a9a8c39793088b6a321871/c9eea33ce617824ccdc86244955b80c6562b03eb946b0cd80593e0ceb7bf4a94.json": {"bytes": 12498, "sha256": "47009deae1f70f49cc7591709b89881b3b18103fba10c6aa3b41d96a610508a5"}, "s/s/seccf7f7d/b/ba1964a5a/data/c1-receipts/p08-fake-receipts.json": {"bytes": 1508, "sha256": "856432c4f6ae090b86209fb061dc0b5c20072b73d1f95834f0cb53a7ab31bf9a"}, "s/s/seccf7f7d/b/ba1964a5a/data/clock/subject-clock.v1.json": {"bytes": 109, "sha256": "afad1aa70e41d5c423bcea149f5c66baaa1fee544e18e3cf9d9c58ef813ee729"}, "s/s/seccf7f7d/b/ba1964a5a/data/contradiction/test/e71287ae14f34f42478146fcb720c44d7867ebc0a5a9a8c39793088b6a321871.json": {"bytes": 228, "sha256": "7f22f977448f40fa355a900ecde95093516f471022207d023c362348863f6363"}, "s/s/seccf7f7d/b/ba1964a5a/data/fixture/c1-profile.v1.json": {"bytes": 102, "sha256": "494116a9a2130b861f6a862f3b10f616ca2c3288368f5a3e2562545d64e5fb2a"}, "s/s/seccf7f7d/b/ba1964a5a/data/fixture/state-fixture.v1.json": {"bytes": 635, "sha256": "bd375a738ddaaed6b11333f64fcb6ca4047373977fdcc29cea7d34f76e3f7cc7"}, "s/s/seccf7f7d/b/ba1964a5a/data/integration/capability-ledger.v1.json": {"bytes": 16758, "sha256": "cc86310a60cfb78b1a2802081246e26975448cbde0f0505cf477082af3a39c1d"}, "s/s/seccf7f7d/b/ba1964a5a/data/integration/operation-journal.first-round-v1.json": {"bytes": 395251, "sha256": "e34f3460913e847b8facad7d27811e45a9a35664dd09f7e7162448480f994db5"}, "s/s/seccf7f7d/b/ba1964a5a/data/integration/result-ledger.first-round-v1.json": {"bytes": 3112, "sha256": "6b55cbe96ef95e1559d92b685a0ae6e0a3a740fd02d431a96080be0c178c0f0d"}, "s/s/seccf7f7d/b/ba1964a5a/data/integration/subject-binding.runtime-v1.json": {"bytes": 613, "sha256": "4d4caa16d1c78e42c0ddbd937da2304627057f4f046f02e9cade5f495040b137"}, "s/s/seccf7f7d/b/ba1964a5a/data/learning/e71287ae14f34f42478146fcb720c44d7867ebc0a5a9a8c39793088b6a321871.json": {"bytes": 2154, "sha256": "bd37a2251525c3c191079ec2fce02d5ef6378a5b7ad1d7b1fc731478584feaf1"}, "s/s/seccf7f7d/b/ba1964a5a/data/memory/test/e71287ae14f34f42478146fcb720c44d7867ebc0a5a9a8c39793088b6a321871.json": {"bytes": 8807, "sha256": "548d348a19e94cd9aa4bd5d7095465b0015820892f28af408f4c5210224cc4fd"}, "s/s/seccf7f7d/b/ba1964a5a/data/resources/e71287ae14f34f42478146fcb720c44d7867ebc0a5a9a8c39793088b6a321871.json": {"bytes": 437, "sha256": "12250feda62b71642aebd3236350effc2305857d0101e4297b1286a7aadf868d"}, "s/s/seccf7f7d/b/ba1964a5a/data/subject-state/e71287ae14f34f42478146fcb720c44d7867ebc0a5a9a8c39793088b6a321871.json": {"bytes": 5907, "sha256": "1a6b187850e73b4ba76ef8bacde03ae604f29e2fd1335288a921dea88eff2923"}, "s/s/seccf7f7d/b/ba1964a5a/data/test-actions/action-sessions.v1.json": {"bytes": 128, "sha256": "0b33d55ad3a6f67bf088ed1c995d8a8b14fafc131202fe037a02648dd2760416"}, "s/s/seccf7f7d/b/ba1964a5a/data/test-indexes/events.v1.json": {"bytes": 138, "sha256": "b93849ea50d4188e7c10b35113b235171cd449be2ba0819707d184d9d1eb1351"}, "s/s/seccf7f7d/b/ba1964a5a/data/test-indexes/evolution.v1.json": {"bytes": 141, "sha256": "6c4700e0cae49cebe309d7b043fbc649fad5bbc1df4461960b7de3479dc361da"}, "s/s/seccf7f7d/b/ba1964a5a/data/test-indexes/relationship-state.v1.json": {"bytes": 150, "sha256": "8db79ac74b142f15332dea63e07b395cfc46d76e3c4db1a2e85ea1ac276b081a"}, "s/s/seccf7f7d/b/ba1964a5a/data/test-indexes/state-mutations.v1.json": {"bytes": 147, "sha256": "eaf2641bb620b4123d61e7992c68a7954f262b579660303a64e9cbba9cf71b80"}, "s/s/seccf7f7d/b/ba1964a5a/data/test-indexes/thinking-sessions.v1.json": {"bytes": 149, "sha256": "028d572397beeb7b0d1fae32c498cecfa02b3e1c824e46bd4df0912c6f2350c5"}, "s/s/seccf7f7d/b/ba1964a5a/data/test-indexes/wake-sessions.v1.json": {"bytes": 145, "sha256": "e40ec8087387eb800d3e33371bea94f36576bfda373be0f33e4fb6edada1cccc"}, "s/s/seccf7f7d/b/ba1964a5a/data/test-memory/memory-ledger.v1.json": {"bytes": 631, "sha256": "c1ca7f09670f555512221532564277f03ee6fb9f6adee6b6d84cb4aa51a73fde"}, "s/s/seccf7f7d/b/ba1964a5a/data/test-trace/subject-clock-trace.v1.json": {"bytes": 1558, "sha256": "c5b61948d666fd2d029553f15919860013711ef420a1d556935325b7d4f3c8a3"}, "s/s/seccf7f7d/b/ba1964a5a/data/thinking/sessions/e71287ae14f34f42478146fcb720c44d7867ebc0a5a9a8c39793088b6a321871/7ea9e3623a80fc4f816441758c69a2211821c06336faf1c84157a2f602f28555.json": {"bytes": 69649, "sha256": "73da1e139fb0f6b2e3979368b07623ebd2e5dd4629c998a1ecb41bf7da34e3c2"}, "s/s/seccf7f7d/b/ba1964a5a/data/thinking/sessions/e71287ae14f34f42478146fcb720c44d7867ebc0a5a9a8c39793088b6a321871/e2ca75fd11625b1f58c666b1c0f56068c11e61b30a7d7cbb2fb232190333188e.json": {"bytes": 71608, "sha256": "ac341ff1c70a5b63f5e793abb55cfd544eef7043a06ce1144bbb41b9ce9c62d9"}, "s/s/seccf7f7d/sandbox-manifest.v1.json": {"bytes": 910, "sha256": "96c08285a7c6d7407a680cafcbe0902200758b99bdb8baa8601aea99581579e6"}, "s/sandbox-registry.v1.json": {"bytes": 476, "sha256": "7bef568fd738b9b013d99e80d0f28da2dca3901579b84ae0f33d66fb386bd4f2"}}}
test_t04_preference_candidate_uses_original_roots_without_state_write (tests.test_w02_recall.AutomaticRecallTests.test_t04_preference_candidate_uses_original_roots_without_state_write) ... ok
test_t05_variants_preserve_report_scope (tests.test_w02_recall.AutomaticRecallTests.test_t05_variants_preserve_report_scope) ... ok
test_actual_effect_return_lost_replays_without_duplicate (tests.test_w02_recall_boundaries.RecallBoundaryTests.test_actual_effect_return_lost_replays_without_duplicate) ... ok
test_bound_policy_does_not_force_fixed_depth (tests.test_w02_recall_boundaries.RecallBoundaryTests.test_bound_policy_does_not_force_fixed_depth) ... ok
test_corrupt_recall_hash_is_refused_without_writes (tests.test_w02_recall_boundaries.RecallBoundaryTests.test_corrupt_recall_hash_is_refused_without_writes) ... ok
test_disabled_gate_preserves_original_round_trip (tests.test_w02_recall_boundaries.RecallBoundaryTests.test_disabled_gate_preserves_original_round_trip) ... ok
test_native_cognition_uses_same_pre_answer_evaluation (tests.test_w02_recall_boundaries.RecallBoundaryTests.test_native_cognition_uses_same_pre_answer_evaluation) ... ok
test_no_match_is_distinct_from_source_failure (tests.test_w02_recall_boundaries.RecallBoundaryTests.test_no_match_is_distinct_from_source_failure) ... ok
test_ready_preparation_return_lost_reuses_receipt (tests.test_w02_recall_boundaries.RecallBoundaryTests.test_ready_preparation_return_lost_reuses_receipt) ... ok
test_reference_withdrawal_prevents_new_model (tests.test_w02_recall_boundaries.RecallBoundaryTests.test_reference_withdrawal_prevents_new_model) ... ok
test_retrieval_and_context_budgets_are_independent (tests.test_w02_recall_boundaries.RecallBoundaryTests.test_retrieval_and_context_budgets_are_independent) ... ok
test_source_revocation_excludes_memory_and_history_projection (tests.test_w02_recall_boundaries.RecallBoundaryTests.test_source_revocation_excludes_memory_and_history_projection) ... ok
test_stale_context_does_not_authorize_resume (tests.test_w02_recall_boundaries.RecallBoundaryTests.test_stale_context_does_not_authorize_resume) ... ok
test_stale_source_version_cannot_be_consumed (tests.test_w02_recall_boundaries.RecallBoundaryTests.test_stale_source_version_cannot_be_consumed) ... ok
test_timeout_is_blocked_before_model_and_query_is_read_only (tests.test_w02_recall_boundaries.RecallBoundaryTests.test_timeout_is_blocked_before_model_and_query_is_read_only) ... ok
test_wrong_subject_record_is_rejected (tests.test_w02_recall_boundaries.RecallBoundaryTests.test_wrong_subject_record_is_rejected) ... ok

======================================================================
FAIL: test_t03_raw_noon_and_afternoon_messages_recall_before_answer (tests.test_w02_recall.AutomaticRecallTests.test_t03_raw_noon_and_afternoon_messages_recall_before_answer)
----------------------------------------------------------------------
Traceback (most recent call last):
  File "C:\Users\Administrator\Documents\continuity-engine\tests\test_w02_recall.py", line 48, in test_t03_raw_noon_and_afternoon_messages_recall_before_answer
    self.assertTrue(any(noon['requestId'] in x.stable_source_id for x in fragments),
    ~~~~~~~~~~~~~~~^^^^^^^^^^^^^^^^^^^^^^^^^^^^^^^^^^^^^^^^^^^^^^^^^^^^^^^^^^^^^^^^^
                    [(x.source_id,x.stable_source_id) for x in fragments])
                    ^^^^^^^^^^^^^^^^^^^^^^^^^^^^^^^^^^^^^^^^^^^^^^^^^^^^^^
AssertionError: False is not true : [('engine.subject-state', 'sub-27ae0c00808f42d9:relationship'), ('engine.subject-state', 'sub-27ae0c00808f42d9:continuity'), ('engine.subject-state', 'sub-27ae0c00808f42d9:identity'), ('engine.current-input', 'input:p01-request-8128c2d872514e03b6a70f28c8eb3bdd'), ('engine.subject-state', 'sub-27ae0c00808f42d9:intentions')]

----------------------------------------------------------------------
Ran 22 tests in 34.285s

FAILED (failures=1)
