test_new_independent_root_keeps_prior_candidate_source_readable (tests.test_w02_recall_combinations.RecallCombinationTests.test_new_independent_root_keeps_prior_candidate_source_readable) ... ok
test_denied_memory_source_is_not_recorded_as_empty_history (tests.test_w02_recall_combinations.RecallCombinationTests.test_denied_memory_source_is_not_recorded_as_empty_history) ... ok
test_archive_and_delete_cannot_reenter_through_input_history (tests.test_w02_recall_combinations.RecallCombinationTests.test_archive_and_delete_cannot_reenter_through_input_history) ... ok
test_current_context_invalidated_by_corrected_root (tests.test_w02_recall_combinations.RecallCombinationTests.test_current_context_invalidated_by_corrected_root) ... ok
test_not_wanting_is_not_positive_intent (tests.test_w02_recall_combinations.RecallCombinationTests.test_not_wanting_is_not_positive_intent) ... ok
test_local_recall_preserves_existing_external_capability_wait_channel (tests.test_w02_recall_combinations.RecallCombinationTests.test_local_recall_preserves_existing_external_capability_wait_channel) ... ok
test_legacy_gate_disabled_does_not_construct_recall (tests.test_w02_recall_combinations.RecallCombinationTests.test_legacy_gate_disabled_does_not_construct_recall) ... ok
test_blocked_record_after_revision_change_cannot_be_shown_as_current (tests.test_w02_recall_combinations.RecallCombinationTests.test_blocked_record_after_revision_change_cannot_be_shown_as_current) ... ERROR
{"test": "tests.test_w02_recall_combinations.RecallCombinationTests.test_blocked_record_after_revision_change_cannot_be_shown_as_current", "stage": "before-TEST-cleanup", "files": {"s/.p01-sandbox-root.v1.json": {"bytes": 98, "sha256": "3ced39d6b395df89d9b1f34e1b3faf46c14ccc6edab679a616f588a978e002f7"}, "s/s/se9dcb500/b/bd03a9fbe/branch-manifest.v1.json": {"bytes": 243, "sha256": "f0148e80f35732b675597faf9683f60331c0bee83278094ce07f644065c8fbe1"}, "s/s/se9dcb500/b/bd03a9fbe/data/awakening/cycles/7fe1ad8442302f2fc0889d6cb90d4705530302e84bdea0d173c839680af726b1.json": {"bytes": 253, "sha256": "cc7daeed15c010390422b92b8ca1851ac9cb20e9165b43c3080179dd747a49c5"}, "s/s/se9dcb500/b/bd03a9fbe/data/awakening/sessions/b36002cdedbc94b32c87d106103b6cad3b2962d6109a00ef037a77471c93abbe/4732d85c2b1b56d016dbb35d31e2be41d5c52d34316868f1674bdec444bd4bde.json": {"bytes": 10657, "sha256": "8555696223498eb5fb347b743538af0d6d3f5cac98b0ee53a8970c38b2d62874"}, "s/s/se9dcb500/b/bd03a9fbe/data/c1-receipts/p08-fake-receipts.json": {"bytes": 148, "sha256": "a411df96a3b6eea514baf41f59d45ab70c55b96ee9f28e118d79525ea3bfe8c8"}, "s/s/se9dcb500/b/bd03a9fbe/data/clock/subject-clock.v1.json": {"bytes": 109, "sha256": "9215b6977c7811370330d01c8bfe7e63b8e43ba8b12a8f09d85b24e7efac24ad"}, "s/s/se9dcb500/b/bd03a9fbe/data/contradiction/test/b36002cdedbc94b32c87d106103b6cad3b2962d6109a00ef037a77471c93abbe.json": {"bytes": 228, "sha256": "e234d6d3976658b094a603c78a8662bd42e0d1375e95164dc0b39a4bfb2e192a"}, "s/s/se9dcb500/b/bd03a9fbe/data/fixture/c1-profile.v1.json": {"bytes": 102, "sha256": "704c4e09a009d34d6b68246c0e566c03865bba4d8983da02eb58a5c6539bea05"}, "s/s/se9dcb500/b/bd03a9fbe/data/fixture/state-fixture.v1.json": {"bytes": 635, "sha256": "835edb30c5afc7d98b7db06ea194b1407bc07d4c9185c6aea1e58821aa4cda1b"}, "s/s/se9dcb500/b/bd03a9fbe/data/integration/capability-ledger.v1.json": {"bytes": 82, "sha256": "95f292f0db842e43cccb490ce10bbeefd3bab92d43fa69f4bb1b6188d4ed43de"}, "s/s/se9dcb500/b/bd03a9fbe/data/integration/operation-journal.first-round-v1.json": {"bytes": 30907, "sha256": "754c556c1534168bc4364db3da5d147f802acf8f57b38e14d35f857692cd0641"}, "s/s/se9dcb500/b/bd03a9fbe/data/integration/result-ledger.first-round-v1.json": {"bytes": 63, "sha256": "5407f91ac04019966f84bfbad51ebc1fb904bd085a6579febfa75a9ea068592a"}, "s/s/se9dcb500/b/bd03a9fbe/data/integration/subject-binding.runtime-v1.json": {"bytes": 613, "sha256": "a133888a519e7424a61d40d960b5a9512dfaf3a12b53b14cff25885b236ddad1"}, "s/s/se9dcb500/b/bd03a9fbe/data/learning/b36002cdedbc94b32c87d106103b6cad3b2962d6109a00ef037a77471c93abbe.json": {"bytes": 2154, "sha256": "2d9ebb54d1049f6accfba2201b2160f3703456562760af31ff305d4cf7de0da5"}, "s/s/se9dcb500/b/bd03a9fbe/data/memory/test/b36002cdedbc94b32c87d106103b6cad3b2962d6109a00ef037a77471c93abbe.json": {"bytes": 4202, "sha256": "1137997d59401b41239e4b8a142279c3a81cfd9b6c3a5287ca18119ce0f55d1d"}, "s/s/se9dcb500/b/bd03a9fbe/data/resources/b36002cdedbc94b32c87d106103b6cad3b2962d6109a00ef037a77471c93abbe.json": {"bytes": 437, "sha256": "2b500fcea29ce43bc3c04408f7c9e3e77eda8e9a14843f3742cbc228943313cf"}, "s/s/se9dcb500/b/bd03a9fbe/data/subject-state/b36002cdedbc94b32c87d106103b6cad3b2962d6109a00ef037a77471c93abbe.json": {"bytes": 4912, "sha256": "2f54d03b3190c6315e529b535d634906020f2f2377025a303ba18ff552926023"}, "s/s/se9dcb500/b/bd03a9fbe/data/test-actions/action-sessions.v1.json": {"bytes": 128, "sha256": "d312be096ab22eb14c122142d3d2a445e039d90e73e9d452d3856e07fcfb5843"}, "s/s/se9dcb500/b/bd03a9fbe/data/test-indexes/events.v1.json": {"bytes": 138, "sha256": "7027eac3f6907c99b2afe9d047d323cfe8b78233823f9745e647b0615a69fcce"}, "s/s/se9dcb500/b/bd03a9fbe/data/test-indexes/evolution.v1.json": {"bytes": 141, "sha256": "e611a698765eb64ea9897aa1c89f723ca03cf795d92a9b56dd42b1d9c32237bf"}, "s/s/se9dcb500/b/bd03a9fbe/data/test-indexes/relationship-state.v1.json": {"bytes": 150, "sha256": "e58cc384092597dce728c89e34e6dee01be6c24f6e4f749564a02398664701fc"}, "s/s/se9dcb500/b/bd03a9fbe/data/test-indexes/state-mutations.v1.json": {"bytes": 147, "sha256": "720b26e6ce565d8fadb3c9708f9f08be016a14ce149f54765dc0ace70b4036be"}, "s/s/se9dcb500/b/bd03a9fbe/data/test-indexes/thinking-sessions.v1.json": {"bytes": 149, "sha256": "1e09bd5e6934f89f2ec874483260e51359661397304825eccf3a0e3e064882f3"}, "s/s/se9dcb500/b/bd03a9fbe/data/test-indexes/wake-sessions.v1.json": {"bytes": 145, "sha256": "4808387caef80578ad9ba9c194aa3523673464b298a40b71ed48c6af4107fd0c"}, "s/s/se9dcb500/b/bd03a9fbe/data/test-memory/memory-ledger.v1.json": {"bytes": 631, "sha256": "3911a6de7d8d3497923ceb096cb1a4312d3ee659cd354fb8c419ac1a74e98613"}, "s/s/se9dcb500/b/bd03a9fbe/data/test-trace/subject-clock-trace.v1.json": {"bytes": 1558, "sha256": "7661d86986d2f0fbc15d37fa1d5216336f01835d3700e8eff943e3a9de7d6376"}, "s/s/se9dcb500/sandbox-manifest.v1.json": {"bytes": 910, "sha256": "8a853fbb8fdab05f9d8700ea41da00b1fcebcb3928d6dfeee844b6b89c416821"}, "s/sandbox-registry.v1.json": {"bytes": 476, "sha256": "401ffaa6c1113c91f030ce4e65ba66ccd833004c167a40c4ac620b222c0b2c1e"}}}

======================================================================
ERROR: test_blocked_record_after_revision_change_cannot_be_shown_as_current (tests.test_w02_recall_combinations.RecallCombinationTests.test_blocked_record_after_revision_change_cannot_be_shown_as_current)
----------------------------------------------------------------------
Traceback (most recent call last):
  File "C:\Users\Administrator\Documents\continuity-engine\tests\test_w02_recall_combinations.py", line 158, in test_blocked_record_after_revision_change_cannot_be_shown_as_current
    f.event('later',content='unrelated legal update',classification=EventClassification.STATE_CHANGE,mutations=(
    ~~~~~~~^^^^^^^^^^^^^^^^^^^^^^^^^^^^^^^^^^^^^^^^^^^^^^^^^^^^^^^^^^^^^^^^^^^^^^^^^^^^^^^^^^^^^^^^^^^^^^^^^^^^^
        StateMutation('continuity.current_focus',ChangeOperation.SET,'later focus','Explicit independent TEST state change'),))
        ^^^^^^^^^^^^^^^^^^^^^^^^^^^^^^^^^^^^^^^^^^^^^^^^^^^^^^^^^^^^^^^^^^^^^^^^^^^^^^^^^^^^^^^^^^^^^^^^^^^^^^^^^^^^^^^^^^^^^^^
  File "C:\Users\Administrator\Documents\continuity-engine\src\continuity_engine\testing\p09_core_fixture.py", line 181, in event
    return self.runtime.subject_states.apply_event(self.runtime.descriptor.subject_id, event)
           ~~~~~~~~~~~~~~~~~~~~~~~~~~~~~~~~~~~~~~~^^^^^^^^^^^^^^^^^^^^^^^^^^^^^^^^^^^^^^^^^^^
  File "C:\Users\Administrator\Documents\continuity-engine\src\continuity_engine\services\subject_state_service.py", line 79, in apply_event
    return self._apply_event(subject_id, event, expected_revision=expected_revision)
           ~~~~~~~~~~~~~~~~~^^^^^^^^^^^^^^^^^^^^^^^^^^^^^^^^^^^^^^^^^^^^^^^^^^^^^^^^
  File "C:\Users\Administrator\Documents\continuity-engine\src\continuity_engine\services\subject_state_service.py", line 148, in _apply_event
    result = self._evolver.evolve(state, event, applied_at=applied_at)
  File "C:\Users\Administrator\Documents\continuity-engine\src\continuity_engine\domain\evolution.py", line 105, in evolve
    after = self._apply_mutation(before, mutation.operation, mutation.value, rule)
  File "C:\Users\Administrator\Documents\continuity-engine\src\continuity_engine\domain\evolution.py", line 207, in _apply_mutation
    raise StateEvolutionError("set value must be a valid list for this field")
continuity_engine.domain.errors.StateEvolutionError: set value must be a valid list for this field

----------------------------------------------------------------------
Ran 8 tests in 19.444s

FAILED (errors=1)
