test_affirmative_sender_through_real_ingress (tests.test_w02_input_processing.InputLanguageRepairTests.test_affirmative_sender_through_real_ingress) ... ok
test_incomplete_quote_and_reported_scope_remain_uncertain (tests.test_w02_input_processing.InputLanguageRepairTests.test_incomplete_quote_and_reported_scope_remain_uncertain) ... ok
test_negation_lexemes_and_ambiguous_scope (tests.test_w02_input_processing.InputLanguageRepairTests.test_negation_lexemes_and_ambiguous_scope) ... ok
test_other_colors_is_not_another_person_through_real_ingress (tests.test_w02_input_processing.InputLanguageRepairTests.test_other_colors_is_not_another_person_through_real_ingress) ... ok
test_plain_negation_through_real_ingress (tests.test_w02_input_processing.InputLanguageRepairTests.test_plain_negation_through_real_ingress) ... ok
test_pronoun_words_and_object_are_not_sentence_subject (tests.test_w02_input_processing.InputLanguageRepairTests.test_pronoun_words_and_object_are_not_sentence_subject) ... ok
test_quote_and_scope_reach_real_context_without_fact_upgrade (tests.test_w02_input_processing.InputLanguageRepairTests.test_quote_and_scope_reach_real_context_without_fact_upgrade) ... ok
test_quoted_negation_is_not_sender_negation (tests.test_w02_input_processing.InputLanguageRepairTests.test_quoted_negation_is_not_sender_negation) ... ok
test_reported_friend_through_real_ingress (tests.test_w02_input_processing.InputLanguageRepairTests.test_reported_friend_through_real_ingress) ... ok
test_v1_pending_recovery_preserves_original_interpretation (tests.test_w02_input_processing.InputLanguageRepairTests.test_v1_pending_recovery_preserves_original_interpretation) ... ok
test_existing_authoritative_event_can_be_referenced_by_memory_station (tests.test_w02_input_processing.InputProcessingTests.test_existing_authoritative_event_can_be_referenced_by_memory_station) ... ok
test_explicit_input_gate_exists_without_changing_legacy_default (tests.test_w02_input_processing.InputProcessingTests.test_explicit_input_gate_exists_without_changing_legacy_default) ... ok
test_input_statement_does_not_grant_permission (tests.test_w02_input_processing.InputProcessingTests.test_input_statement_does_not_grant_permission) ... ok
test_negation_desire_other_and_history_are_not_claimed_experience (tests.test_w02_input_processing.InputProcessingTests.test_negation_desire_other_and_history_are_not_claimed_experience) ... ok
test_plain_claim_received_does_not_create_event_or_memory (tests.test_w02_input_processing.InputProcessingTests.test_plain_claim_received_does_not_create_event_or_memory) ... ok
test_question_routes_without_all_stations (tests.test_w02_input_processing.InputProcessingTests.test_question_routes_without_all_stations) ... ok
test_raw_message_reaches_thinking_through_actual_composition (tests.test_w02_input_processing.InputProcessingTests.test_raw_message_reaches_thinking_through_actual_composition) ... ok
test_same_event_name_with_different_content_is_not_evidence (tests.test_w02_input_processing.InputProcessingTests.test_same_event_name_with_different_content_is_not_evidence) ... ok
test_uncertain_report_has_verification_reason_without_fact_upgrade (tests.test_w02_input_processing.InputProcessingTests.test_uncertain_report_has_verification_reason_without_fact_upgrade) ... ok
test_budget_clipping_is_explicit_and_does_not_claim_input_consumed (tests.test_w02_input_integration.InputIntegrationTests.test_budget_clipping_is_explicit_and_does_not_claim_input_consumed) ... ok
test_cross_process_busy_admission_does_not_create_operation (tests.test_w02_input_integration.InputIntegrationTests.test_cross_process_busy_admission_does_not_create_operation) ... ok
test_current_material_is_bound_to_original_message_version (tests.test_w02_input_integration.InputIntegrationTests.test_current_material_is_bound_to_original_message_version) ... ok
test_disabled_feature_has_no_new_fields_or_component_calls (tests.test_w02_input_integration.InputIntegrationTests.test_disabled_feature_has_no_new_fields_or_component_calls) ... ok
test_material_rejected_before_any_w02_persistence (tests.test_w02_input_integration.InputIntegrationTests.test_material_rejected_before_any_w02_persistence) ... ok
test_model_capability_input_uses_the_same_current_input_composition (tests.test_w02_input_integration.InputIntegrationTests.test_model_capability_input_uses_the_same_current_input_composition) ... ok
test_native_opportunity_without_input_flag_preserves_original_chain (tests.test_w02_input_integration.InputIntegrationTests.test_native_opportunity_without_input_flag_preserves_original_chain) ... ok
test_ordinary_psychological_content_not_screened (tests.test_w02_input_integration.InputIntegrationTests.test_ordinary_psychological_content_not_screened) ... ok
test_protected_fixture_rejected_without_writes (tests.test_w02_input_integration.InputIntegrationTests.test_protected_fixture_rejected_without_writes) ... ok
test_read_rechecks_permission_before_return (tests.test_w02_input_integration.InputIntegrationTests.test_read_rechecks_permission_before_return) ... ok
test_read_view_does_not_call_model_or_write (tests.test_w02_input_integration.InputIntegrationTests.test_read_view_does_not_call_model_or_write) ... ok
test_real_process_restart_restores_original_effect_once (tests.test_w02_input_integration.InputIntegrationTests.test_real_process_restart_restores_original_effect_once) ... ok
test_snapshot_branch_preserves_input_progress (tests.test_w02_input_integration.InputIntegrationTests.test_snapshot_branch_preserves_input_progress) ... ok
test_w02_internal_evolution_survives_expression_refusal_and_replay (tests.test_w02_input_integration.InputIntegrationTests.test_w02_internal_evolution_survives_expression_refusal_and_replay) ... ok
test_admission_does_not_reclassify_an_application_runtime_error (tests.test_w02_input_recovery.InputRecoveryTests.test_admission_does_not_reclassify_an_application_runtime_error) ... ok
test_completed_station_not_reexecuted_after_later_checkpoint_fault (tests.test_w02_input_recovery.InputRecoveryTests.test_completed_station_not_reexecuted_after_later_checkpoint_fault) ... ok
test_composer_failure_preserves_finished_memory_and_safe_reason (tests.test_w02_input_recovery.InputRecoveryTests.test_composer_failure_preserves_finished_memory_and_safe_reason) ... ok
test_concurrent_submission_is_replayed_or_explicitly_busy_without_duplicate (tests.test_w02_input_recovery.InputRecoveryTests.test_concurrent_submission_is_replayed_or_explicitly_busy_without_duplicate) ... ok
test_context_expired_after_checkpoint_rejects (tests.test_w02_input_recovery.InputRecoveryTests.test_context_expired_after_checkpoint_rejects) ... ok
test_cross_operation_record_rejected (tests.test_w02_input_recovery.InputRecoveryTests.test_cross_operation_record_rejected) ... ok
test_current_permission_revocation_stops_new_thinking_without_effect (tests.test_w02_input_recovery.InputRecoveryTests.test_current_permission_revocation_stops_new_thinking_without_effect) ... ok
test_disabled_after_original_enabled_checkpoint_refuses_downgrade (tests.test_w02_input_recovery.InputRecoveryTests.test_disabled_after_original_enabled_checkpoint_refuses_downgrade) ... ok
test_forged_conversation_receipt_cannot_claim_a_missing_fragment (tests.test_w02_input_recovery.InputRecoveryTests.test_forged_conversation_receipt_cannot_claim_a_missing_fragment) ... ok
test_forged_memory_receipt_cannot_claim_message_was_remembered (tests.test_w02_input_recovery.InputRecoveryTests.test_forged_memory_receipt_cannot_claim_message_was_remembered) ... ok
test_idempotency_conflict_preserves_original_receipts (tests.test_w02_input_recovery.InputRecoveryTests.test_idempotency_conflict_preserves_original_receipts) ... ok
test_local_memory_failure_is_recorded_then_resumed (tests.test_w02_input_recovery.InputRecoveryTests.test_local_memory_failure_is_recorded_then_resumed) ... ok
test_missing_input_checkpoint_cannot_be_downgraded_to_legacy (tests.test_w02_input_recovery.InputRecoveryTests.test_missing_input_checkpoint_cannot_be_downgraded_to_legacy) ... ok
test_missing_original_gate_is_rejected (tests.test_w02_input_recovery.InputRecoveryTests.test_missing_original_gate_is_rejected) ... ok
test_receipt_cannot_be_rewritten_or_removed (tests.test_w02_input_recovery.InputRecoveryTests.test_receipt_cannot_be_rewritten_or_removed) ... ok
test_restart_completed_request_is_byte_stable_and_no_duplicate_effect (tests.test_w02_input_recovery.InputRecoveryTests.test_restart_completed_request_is_byte_stable_and_no_duplicate_effect) ... ok
test_saved_memory_fact_before_receipt_loss_is_not_written_twice (tests.test_w02_input_recovery.InputRecoveryTests.test_saved_memory_fact_before_receipt_loss_is_not_written_twice) ... ok
test_thinking_saved_before_checkpoint_reuses_original_session (tests.test_w02_input_recovery.InputRecoveryTests.test_thinking_saved_before_checkpoint_reuses_original_session) ... ok
test_composition_failure_exposes_other_station_and_resumes_only_failed (tests.test_w02_input_recovery.PartialInputQueryTests.test_composition_failure_exposes_other_station_and_resumes_only_failed) ... ok
test_legacy_partial_read_remains_unverified_until_explicit_resubmit (tests.test_w02_input_recovery.PartialInputQueryTests.test_legacy_partial_read_remains_unverified_until_explicit_resubmit) ... ok
test_partial_preparation_cannot_be_removed_or_rewritten (tests.test_w02_input_recovery.PartialInputQueryTests.test_partial_preparation_cannot_be_removed_or_rewritten) ... ok
test_partial_public_query_after_local_failure (tests.test_w02_input_recovery.PartialInputQueryTests.test_partial_public_query_after_local_failure) ... ok
test_partial_public_query_after_reopen (tests.test_w02_input_recovery.PartialInputQueryTests.test_partial_public_query_after_reopen) ... ok
test_partial_read_corruption_and_forged_success_refused (tests.test_w02_input_recovery.PartialInputQueryTests.test_partial_read_corruption_and_forged_success_refused) ... ok
test_partial_read_expired_context (tests.test_w02_input_recovery.PartialInputQueryTests.test_partial_read_expired_context) ... ok
test_partial_read_in_separate_process_is_read_only (tests.test_w02_input_recovery.PartialInputQueryTests.test_partial_read_in_separate_process_is_read_only) ... ok
test_partial_read_rechecks_revision_before_return (tests.test_w02_input_recovery.PartialInputQueryTests.test_partial_read_rechecks_revision_before_return) ... ok
test_partial_read_rejects_unbound_completed_result (tests.test_w02_input_recovery.PartialInputQueryTests.test_partial_read_rejects_unbound_completed_result) ... ok
test_partial_read_revoked_during_query (tests.test_w02_input_recovery.PartialInputQueryTests.test_partial_read_revoked_during_query) ... ok
test_partial_read_revoked_permission (tests.test_w02_input_recovery.PartialInputQueryTests.test_partial_read_revoked_permission) ... ok
test_partial_read_subject_and_environment_mismatch (tests.test_w02_input_recovery.PartialInputQueryTests.test_partial_read_subject_and_environment_mismatch) ... ok
test_partial_read_subject_revision_changed (tests.test_w02_input_recovery.PartialInputQueryTests.test_partial_read_subject_revision_changed) ... ok
test_repeat_read_and_resume_do_not_repeat_successful_stations (tests.test_w02_input_recovery.PartialInputQueryTests.test_repeat_read_and_resume_do_not_repeat_successful_stations) ... ok

----------------------------------------------------------------------
Ran 66 tests in 53.631s

OK
