RETAINED_CONTROLLED_FAILURE C:\Users\ADMINI~1\AppData\Local\Temp\c1e-nypze0fu exit_code=91
RETAINED_CONTROLLED_INTERRUPT C:\Users\ADMINI~1\AppData\Local\Temp\c1e-j1ijfte8 exit_code= 1
CONTEXT_REMOVAL_PROBE REJECTED LocalIntegrationInitializationError
GATE_FLIP_PROBE REJECTED LocalIntegrationInitializationError
DISABLED_INPUTS_WITH_E5_HISTORY REJECTED IntegrationExecutionError
EXPIRED_CONTEXT_PROBE IntegrationExecutionError revision 1 thinking_calls 0
REHASHED_JOURNAL REJECTED IntegrationExecutionError
REVOKED_REFERENCE_PROBE IntegrationExecutionError revision 1 thinking_calls 0
{"fixture": "p14-mind-golden-v1", "rounds": 6, "logicalSeconds": 21600, "processRestarts": 2, "subjectIds": ["sub-f74cd58edd4e479a", "sub-f74cd58edd4e479a", "sub-f74cd58edd4e479a"], "subjectiveSeconds": 23390.999749, "noDuplicateNativeCommit": true, "segments": [{"subjectId": "sub-f74cd58edd4e479a", "revisionBefore": 1, "revisionAfter": 3, "subjectiveSeconds": 7414.809274, "providerCalls": 2, "adapterEffects": 0, "adapterCredits": 0, "desires": 7, "thoughts": 7, "retainedTrajectoryPoints": 14, "stateBytes": 9316, "objectiveEventTimesUnchanged": true, "noDuplicateNativeCommit": true}, {"subjectId": "sub-f74cd58edd4e479a", "revisionBefore": 3, "revisionAfter": 5, "subjectiveSeconds": 15227.388941, "providerCalls": 2, "adapterEffects": 0, "adapterCredits": 0, "desires": 7, "thoughts": 7, "retainedTrajectoryPoints": 28, "stateBytes": 10673, "objectiveEventTimesUnchanged": true, "noDuplicateNativeCommit": true}, {"subjectId": "sub-f74cd58edd4e479a", "revisionBefore": 5, "revisionAfter": 7, "subjectiveSeconds": 23390.999749, "providerCalls": 2, "adapterEffects": 0, "adapterCredits": 0, "desires": 7, "thoughts": 7, "retainedTrajectoryPoints": 42, "stateBytes": 12028, "objectiveEventTimesUnchanged": true, "noDuplicateNativeCommit": true}], "productionRuntime": "NOT_READY", "externalCalls": 0}
{"probe": "transform-after-reload", "at": "2026-09-08T03:00:00Z", "drive": 0.632120559, "desires": {"desire:intimacy": {"id": "desire:intimacy", "drive": "exploration", "object": "self", "origin": "ENDOGENOUS", "phase": "intensify", "strength": 0.632120559, "reason": "Closeness turns into a wish to understand", "created_at": "2026-09-08T01:00:00Z", "updated_at": "2026-09-08T03:00:00Z", "trajectory": [{"at": "2026-09-08T01:00:00Z", "phase": "arise", "reason": "elapsed/body/need integration"}, {"at": "2026-09-08T01:00:00Z", "phase": "arise", "reason": "elapsed/body/need integration"}, {"at": "2026-09-08T01:00:00Z", "phase": "transform", "reason": "Closeness turns into a wish to understand"}, {"at": "2026-09-08T02:00:00Z", "phase": "intensify", "reason": "elapsed/body/need integration"}, {"at": "2026-09-08T03:00:00Z", "phase": "intensify", "reason": "elapsed/body/need integration"}]}, "desire:exploration": {"id": "desire:exploration", "drive": "exploration", "object": "self", "origin": "ENDOGENOUS", "phase": "intensify", "strength": 0.632120559, "reason": "elapsed need: exploration", "created_at": "2026-09-08T01:00:00Z", "updated_at": "2026-09-08T03:00:00Z", "trajectory": [{"at": "2026-09-08T01:00:00Z", "phase": "arise", "reason": "elapsed/body/need integration"}, {"at": "2026-09-08T01:00:00Z", "phase": "arise", "reason": "elapsed/body/need integration"}, {"at": "2026-09-08T02:00:00Z", "phase": "intensify", "reason": "elapsed/body/need integration"}, {"at": "2026-09-08T03:00:00Z", "phase": "intensify", "reason": "elapsed/body/need integration"}]}}}
{"phase": "prepare", "command": ["E:\\Adobe\\python.exe", "-m", "continuity_engine.testing.p16_provider_fixture", "--phase", "prepare", "--root", "C:\\Users\\ADMINI~1\\AppData\\Local\\Temp\\p16g-60u6myd_"], "exit_code": 0, "stdout": "{\"phase\": \"prepare\", \"fact_count\": 1, \"interruption\": \"after_adapter_before_result\", \"new_calls\": 1}\n", "stderr": "", "seconds": 1.258}
{"phase": "resume", "command": ["E:\\Adobe\\python.exe", "-m", "continuity_engine.testing.p16_provider_fixture", "--phase", "resume", "--root", "C:\\Users\\ADMINI~1\\AppData\\Local\\Temp\\p16g-60u6myd_"], "exit_code": 0, "stdout": "{\"phase\": \"resume\", \"restored_without_execute\": true, \"consumed_candidate\": true, \"new_calls\": 1}\n", "stderr": "", "seconds": 1.703}
{"phase": "replace-revoke", "command": ["E:\\Adobe\\python.exe", "-m", "continuity_engine.testing.p16_provider_fixture", "--phase", "replace-revoke", "--root", "C:\\Users\\ADMINI~1\\AppData\\Local\\Temp\\p16g-60u6myd_"], "exit_code": 0, "stdout": "{\"phase\": \"replace-revoke\", \"replacement\": \"local.memory:v2\", \"historical_replay\": true, \"revoked_new_execution\": true, \"new_calls\": 2}\n", "stderr": "", "seconds": 4.876}
{"phase": "prepare", "command": ["E:\\Adobe\\python.exe", "-m", "continuity_engine.testing.p17_execution_fixture", "--root", "C:\\Users\\ADMINI~1\\AppData\\Local\\Temp\\p17-process-a9c9s821", "--phase", "prepare"], "exitCode": 0, "stdout": "{\"phase\": \"prepare\", \"effects\": 1, \"crash\": \"after_adapter_before_result\"}\n", "stderr": "", "seconds": 1.2065866000011738}
{"phase": "resume", "command": ["E:\\Adobe\\python.exe", "-m", "continuity_engine.testing.p17_execution_fixture", "--root", "C:\\Users\\ADMINI~1\\AppData\\Local\\Temp\\p17-process-a9c9s821", "--phase", "resume"], "exitCode": 0, "stdout": "{\"phase\": \"resume\", \"new_execute_calls\": 0, \"effects\": 1, \"revision\": 2, \"absorbed_through_evolution\": true}\n", "stderr": "", "seconds": 1.6379159999996773}
{"phase": "replay", "command": ["E:\\Adobe\\python.exe", "-m", "continuity_engine.testing.p17_execution_fixture", "--root", "C:\\Users\\ADMINI~1\\AppData\\Local\\Temp\\p17-process-a9c9s821", "--phase", "replay"], "exitCode": 0, "stdout": "{\"phase\": \"replay\", \"effects\": 1, \"revision\": 2, \"new_execute_calls\": 0}\n", "stderr": "", "seconds": 0.7583847000005335}
{"command": ["E:\\Adobe\\python.exe", "-m", "continuity_engine.testing.p17_execution_fixture", "--root", "C:\\Users\\ADMINI~1\\AppData\\Local\\Temp\\p17-test-vqkdcfa8", "--phase", "worker"], "exitCode": 0, "stdout": "{\"phase\": \"worker\", \"receipt_hash\": \"sha256:7d6d19b229f277035a72213800fd20e35efe2f0f088c79a2e70dd59812f9525e\", \"effects\": 2}\n", "stderr": ""}
{"command": ["E:\\Adobe\\python.exe", "-m", "continuity_engine.testing.p17_execution_fixture", "--root", "C:\\Users\\ADMINI~1\\AppData\\Local\\Temp\\p17-test-vqkdcfa8", "--phase", "worker"], "exitCode": 0, "stdout": "{\"phase\": \"worker\", \"busy\": true, \"effects\": 1}\n", "stderr": ""}
{"case": "learning_rejected_support", "rejected": true, "source_status": "REJECTED", "traits": 0, "claimed_evidence": null, "evolution_event_produced": false}
{"case": "memory_partial_overlap", "input_roots": ["event:one", "event:two"], "persisted_roots": ["event:one", "event:two"], "added": 1, "replay_roots": ["event:one", "event:two"]}
{"case": "model_zero_budget_recovery", "provider_execute_calls": 0, "limits": [], "provider_facts": 1, "error": null}
{"case": "resource_duplicate", "token_used": 8, "usage_records": 1, "reconciliation_error": null}
{"case": "permission_expand", "rejected": "PermissionValidationError"}
{"case": "permission_revocation", "rejected": "PermissionValidationError"}
{"case": "scheduler_foreign_cycle", "task_subject": "p11-subject", "actual_cycle_subject": "other-subject", "result": "VERIFICATION_PENDING", "task_subject_wakes": 0, "foreign_subject_wakes": 0, "foreign_tokens": 0}
{"case": "scheduler_conflict_starvation", "first": "RECEIPT_BINDING_CONFLICT", "subsequent": ["RECEIPT_DELIVERED", "RECEIPT_BINDING_CONFLICT", "RECEIPT_BINDING_CONFLICT", "RECEIPT_BINDING_CONFLICT", "RECEIPT_BINDING_CONFLICT"], "healthy_state": "COMPLETED", "dispatches": 2, "queries": 5}
{"case": "scheduler_unknown_starvation", "healthy_state": "COMPLETED", "dispatches": 2, "queries": 5}
