test_entered_provider_failure_is_not_repeated (test_p18_runtime_resume.RuntimeResumeTests.test_entered_provider_failure_is_not_repeated) ... ok
test_first_call_pause_resumes_same_session_without_extra_reservation (test_p18_runtime_resume.RuntimeResumeTests.test_first_call_pause_resumes_same_session_without_extra_reservation) ... FAIL
test_reopened_pre_call_deferral_resumes (test_p18_runtime_resume.RuntimeResumeTests.test_reopened_pre_call_deferral_resumes) ... FAIL
test_second_cycle_pause_resumes_without_replaying_first (test_p18_runtime_resume.RuntimeResumeTests.test_second_cycle_pause_resumes_without_replaying_first) ... FAIL
test_stop_does_not_revive_deferred_session (test_p18_runtime_resume.RuntimeResumeTests.test_stop_does_not_revive_deferred_session) ... ok

======================================================================
FAIL: test_first_call_pause_resumes_same_session_without_extra_reservation (test_p18_runtime_resume.RuntimeResumeTests.test_first_call_pause_resumes_same_session_without_extra_reservation)
----------------------------------------------------------------------
Traceback (most recent call last):
  File "C:\Users\Administrator\Documents\continuity-engine\tests\test_p18_runtime_resume.py", line 44, in test_first_call_pause_resumes_same_session_without_extra_reservation
    self.assertEqual(f.state.revision, 2)
    ~~~~~~~~~~~~~~~~^^^^^^^^^^^^^^^^^^^^^
AssertionError: 1 != 2

======================================================================
FAIL: test_reopened_pre_call_deferral_resumes (test_p18_runtime_resume.RuntimeResumeTests.test_reopened_pre_call_deferral_resumes)
----------------------------------------------------------------------
Traceback (most recent call last):
  File "C:\Users\Administrator\Documents\continuity-engine\tests\test_p18_runtime_resume.py", line 73, in test_reopened_pre_call_deferral_resumes
    self.assertEqual(reopened.state.revision, 2)
    ~~~~~~~~~~~~~~~~^^^^^^^^^^^^^^^^^^^^^^^^^^^^
AssertionError: 1 != 2

======================================================================
FAIL: test_second_cycle_pause_resumes_without_replaying_first (test_p18_runtime_resume.RuntimeResumeTests.test_second_cycle_pause_resumes_without_replaying_first)
----------------------------------------------------------------------
Traceback (most recent call last):
  File "C:\Users\Administrator\Documents\continuity-engine\tests\test_p18_runtime_resume.py", line 62, in test_second_cycle_pause_resumes_without_replaying_first
    self.assertEqual(f.state.revision, 3)
    ~~~~~~~~~~~~~~~~^^^^^^^^^^^^^^^^^^^^^
AssertionError: 2 != 3

----------------------------------------------------------------------
Ran 5 tests in 6.592s

FAILED (failures=3)
