test_advance_autonomously_finishes_single_task_without_model_steps (tests.test_w04_3_tools.TemporaryToolTests.test_advance_autonomously_finishes_single_task_without_model_steps) ... ok
test_authorized_connect_verify_use_cleanup_and_readonly (tests.test_w04_3_tools.TemporaryToolTests.test_authorized_connect_verify_use_cleanup_and_readonly) ... ok
test_budget_is_actual_unique_business_receipts_not_number_of_queries (tests.test_w04_3_tools.TemporaryToolTests.test_budget_is_actual_unique_business_receipts_not_number_of_queries) ... ok
test_cancel_reserved_before_delivery_fences_future_use (tests.test_w04_3_tools.TemporaryToolTests.test_cancel_reserved_before_delivery_fences_future_use) ... ok
test_candidate_identity_scope_and_hash_are_checked (tests.test_w04_3_tools.TemporaryToolTests.test_candidate_identity_scope_and_hash_are_checked) ... ok
test_cleanup_failure_then_reopen_preserves_pending_not_false_clean (tests.test_w04_3_tools.TemporaryToolTests.test_cleanup_failure_then_reopen_preserves_pending_not_false_clean) ... ok
test_cleanup_preserves_other_connection_and_subject_files (tests.test_w04_3_tools.TemporaryToolTests.test_cleanup_preserves_other_connection_and_subject_files) ... ok
test_cleanup_unknown_does_not_claim_closed_or_start_another_cleanup (tests.test_w04_3_tools.TemporaryToolTests.test_cleanup_unknown_does_not_claim_closed_or_start_another_cleanup) ... ok
test_conditions_identify_new_scope_budget_dependency_without_creating_connection (tests.test_w04_3_tools.TemporaryToolTests.test_conditions_identify_new_scope_budget_dependency_without_creating_connection) ... ok
test_connection_fact_corruption_refuses_read_and_has_no_effect (tests.test_w04_3_tools.TemporaryToolTests.test_connection_fact_corruption_refuses_read_and_has_no_effect) ... ok
test_connection_identity_is_not_reused_for_renewal (tests.test_w04_3_tools.TemporaryToolTests.test_connection_identity_is_not_reused_for_renewal) ... ok
test_credential_secret_rejected_before_ledger_write_and_traceback_safe (tests.test_w04_3_tools.TemporaryToolTests.test_credential_secret_rejected_before_ledger_write_and_traceback_safe) ... ok
test_cross_process_lost_connection_recovery_and_replay (tests.test_w04_3_tools.TemporaryToolTests.test_cross_process_lost_connection_recovery_and_replay) ... ok
test_current_discovery_revocation_prevents_use_but_preserves_historical_fact (tests.test_w04_3_tools.TemporaryToolTests.test_current_discovery_revocation_prevents_use_but_preserves_historical_fact) ... ok
test_discovery_is_real_p16_and_not_current_availability (tests.test_w04_3_tools.TemporaryToolTests.test_discovery_is_real_p16_and_not_current_availability) ... ok
test_expired_discovery_is_not_replaced_by_same_name_new_offer (tests.test_w04_3_tools.TemporaryToolTests.test_expired_discovery_is_not_replaced_by_same_name_new_offer) ... ok
test_expiry_denies_use_but_cleanup_is_separately_authorized (tests.test_w04_3_tools.TemporaryToolTests.test_expiry_denies_use_but_cleanup_is_separately_authorized) ... ok
test_explicit_renewal_uses_new_valid_grant_and_new_connection_identity (tests.test_w04_3_tools.TemporaryToolTests.test_explicit_renewal_uses_new_valid_grant_and_new_connection_identity) ... ok
test_failed_verification_does_not_register_usable_tool (tests.test_w04_3_tools.TemporaryToolTests.test_failed_verification_does_not_register_usable_tool) ... ok
test_final_revocation_between_setup_and_native_call_is_zero_effect (tests.test_w04_3_tools.TemporaryToolTests.test_final_revocation_between_setup_and_native_call_is_zero_effect) ... ok
test_granted_persistent_connection_survives_task_until_explicit_cancel (tests.test_w04_3_tools.TemporaryToolTests.test_granted_persistent_connection_survives_task_until_explicit_cancel) ... ok
test_history_query_reuses_original_receipt_router_composer (tests.test_w04_3_tools.TemporaryToolTests.test_history_query_reuses_original_receipt_router_composer) ... ok
test_lost_cleanup_response_recovers_without_duplicate_removal (tests.test_w04_3_tools.TemporaryToolTests.test_lost_cleanup_response_recovers_without_duplicate_removal) ... ok
test_migration_fences_old_discovery_before_any_connection (tests.test_w04_3_tools.TemporaryToolTests.test_migration_fences_old_discovery_before_any_connection) ... ok
test_missing_discovery_and_untrusted_material_are_not_callable (tests.test_w04_3_tools.TemporaryToolTests.test_missing_discovery_and_untrusted_material_are_not_callable) ... ok
test_missing_login_resumes_same_connection_without_discovery_or_cost_repeat (tests.test_w04_3_tools.TemporaryToolTests.test_missing_login_resumes_same_connection_without_discovery_or_cost_repeat) ... ok
test_offline_recovery_does_not_reconnect_or_reset_generation (tests.test_w04_3_tools.TemporaryToolTests.test_offline_recovery_does_not_reconnect_or_reset_generation) ... ok
test_other_environment_offer_is_rejected_before_connection (tests.test_w04_3_tools.TemporaryToolTests.test_other_environment_offer_is_rejected_before_connection) ... ok
test_p18_wait_resume_pause_stop_use_original_task_and_control (tests.test_w04_3_tools.TemporaryToolTests.test_p18_wait_resume_pause_stop_use_original_task_and_control) ... ok
test_partial_cleanup_is_pending_then_linked_cleanup_preserves_facts (tests.test_w04_3_tools.TemporaryToolTests.test_partial_cleanup_is_pending_then_linked_cleanup_preserves_facts) ... ok
test_return_lost_recovers_original_receipt_without_second_connection (tests.test_w04_3_tools.TemporaryToolTests.test_return_lost_recovers_original_receipt_without_second_connection) ... ok
test_revocation_cannot_switch_route_and_view_permission_is_current (tests.test_w04_3_tools.TemporaryToolTests.test_revocation_cannot_switch_route_and_view_permission_is_current) ... ok
test_same_tool_grant_does_not_authorize_send_or_purchase (tests.test_w04_3_tools.TemporaryToolTests.test_same_tool_grant_does_not_authorize_send_or_purchase) ... ok
test_single_use_cannot_run_second_business_action (tests.test_w04_3_tools.TemporaryToolTests.test_single_use_cannot_run_second_business_action) ... ok
test_technical_api_unavailable_may_select_ui_but_denial_and_unknown_do_not (tests.test_w04_3_tools.TemporaryToolTests.test_technical_api_unavailable_may_select_ui_but_denial_and_unknown_do_not) ... ok
test_unknown_connection_never_replays_or_creates_effect (tests.test_w04_3_tools.TemporaryToolTests.test_unknown_connection_never_replays_or_creates_effect) ... ok
test_view_rechecks_permission_at_return (tests.test_w04_3_tools.TemporaryToolTests.test_view_rechecks_permission_at_return) ... ok

----------------------------------------------------------------------
Ran 37 tests in 114.267s

OK
