test_advance_autonomously_finishes_single_task_without_model_steps (tests.test_w04_3_tools.TemporaryToolTests.test_advance_autonomously_finishes_single_task_without_model_steps) ... ok
test_authorized_connect_verify_use_cleanup_and_readonly (tests.test_w04_3_tools.TemporaryToolTests.test_authorized_connect_verify_use_cleanup_and_readonly) ... ok
test_budget_is_actual_unique_business_receipts_not_number_of_queries (tests.test_w04_3_tools.TemporaryToolTests.test_budget_is_actual_unique_business_receipts_not_number_of_queries) ... ok
test_cancel_reserved_before_delivery_fences_future_use (tests.test_w04_3_tools.TemporaryToolTests.test_cancel_reserved_before_delivery_fences_future_use) ... ok
test_candidate_identity_scope_and_hash_are_checked (tests.test_w04_3_tools.TemporaryToolTests.test_candidate_identity_scope_and_hash_are_checked) ... ERROR
test_cleanup_unknown_does_not_claim_closed_or_start_another_cleanup (tests.test_w04_3_tools.TemporaryToolTests.test_cleanup_unknown_does_not_claim_closed_or_start_another_cleanup) ... ok
test_conditions_identify_new_scope_budget_dependency_without_creating_connection (tests.test_w04_3_tools.TemporaryToolTests.test_conditions_identify_new_scope_budget_dependency_without_creating_connection) ... ok
test_connection_identity_is_not_reused_for_renewal (tests.test_w04_3_tools.TemporaryToolTests.test_connection_identity_is_not_reused_for_renewal) ... ok
test_credential_secret_rejected_before_ledger_write_and_traceback_safe (tests.test_w04_3_tools.TemporaryToolTests.test_credential_secret_rejected_before_ledger_write_and_traceback_safe) ... ok
test_cross_process_lost_connection_recovery_and_replay (tests.test_w04_3_tools.TemporaryToolTests.test_cross_process_lost_connection_recovery_and_replay) ... ok
test_current_discovery_revocation_prevents_use_but_preserves_historical_fact (tests.test_w04_3_tools.TemporaryToolTests.test_current_discovery_revocation_prevents_use_but_preserves_historical_fact) ... ok
test_discovery_is_real_p16_and_not_current_availability (tests.test_w04_3_tools.TemporaryToolTests.test_discovery_is_real_p16_and_not_current_availability) ... ok
test_expiry_denies_use_but_cleanup_is_separately_authorized (tests.test_w04_3_tools.TemporaryToolTests.test_expiry_denies_use_but_cleanup_is_separately_authorized) ... ok
test_failed_verification_does_not_register_usable_tool (tests.test_w04_3_tools.TemporaryToolTests.test_failed_verification_does_not_register_usable_tool) ... ok
test_final_revocation_between_setup_and_native_call_is_zero_effect (tests.test_w04_3_tools.TemporaryToolTests.test_final_revocation_between_setup_and_native_call_is_zero_effect) ... ok
test_granted_persistent_connection_survives_task_until_explicit_cancel (tests.test_w04_3_tools.TemporaryToolTests.test_granted_persistent_connection_survives_task_until_explicit_cancel) ... ok
test_history_query_reuses_original_receipt_router_composer (tests.test_w04_3_tools.TemporaryToolTests.test_history_query_reuses_original_receipt_router_composer) ... ok
test_missing_discovery_and_untrusted_material_are_not_callable (tests.test_w04_3_tools.TemporaryToolTests.test_missing_discovery_and_untrusted_material_are_not_callable) ... ok
test_missing_login_resumes_same_connection_without_discovery_or_cost_repeat (tests.test_w04_3_tools.TemporaryToolTests.test_missing_login_resumes_same_connection_without_discovery_or_cost_repeat) ... ok
test_partial_cleanup_is_pending_then_linked_cleanup_preserves_facts (tests.test_w04_3_tools.TemporaryToolTests.test_partial_cleanup_is_pending_then_linked_cleanup_preserves_facts) ... ok
test_return_lost_recovers_original_receipt_without_second_connection (tests.test_w04_3_tools.TemporaryToolTests.test_return_lost_recovers_original_receipt_without_second_connection) ... ok
test_revocation_cannot_switch_route_and_view_permission_is_current (tests.test_w04_3_tools.TemporaryToolTests.test_revocation_cannot_switch_route_and_view_permission_is_current) ... ok
test_single_use_cannot_run_second_business_action (tests.test_w04_3_tools.TemporaryToolTests.test_single_use_cannot_run_second_business_action) ... ok
test_unknown_connection_never_replays_or_creates_effect (tests.test_w04_3_tools.TemporaryToolTests.test_unknown_connection_never_replays_or_creates_effect) ... ok
test_view_rechecks_permission_at_return (tests.test_w04_3_tools.TemporaryToolTests.test_view_rechecks_permission_at_return) ... ok

======================================================================
ERROR: test_candidate_identity_scope_and_hash_are_checked (tests.test_w04_3_tools.TemporaryToolTests.test_candidate_identity_scope_and_hash_are_checked)
----------------------------------------------------------------------
Traceback (most recent call last):
  File "C:\Users\Administrator\Documents\continuity-engine\src\continuity_engine\services\continuity_interaction_service.py", line 308, in _submit
    operation, thinking_execution = self._run_domain(request, operation, binding)
                                    ~~~~~~~~~~~~~~~~^^^^^^^^^^^^^^^^^^^^^^^^^^^^^
  File "C:\Users\Administrator\Documents\continuity-engine\src\continuity_engine\services\continuity_interaction_service.py", line 946, in _run_domain
    return self._complete_domain_after_thinking(
           ~~~~~~~~~~~~~~~~~~~~~~~~~~~~~~~~~~~~^
        operation,
        ^^^^^^^^^^
    ...<2 lines>...
        thinking,
        ^^^^^^^^^
    )
    ^
  File "C:\Users\Administrator\Documents\continuity-engine\src\continuity_engine\services\continuity_interaction_service.py", line 1184, in _complete_domain_after_thinking
    self._continuity_core.after_action(operation,thinking,action)
    ~~~~~~~~~~~~~~~~~~~~~~~~~~~~~~~~~~^^^^^^^^^^^^^^^^^^^^^^^^^^^
  File "C:\Users\Administrator\Documents\continuity-engine\src\continuity_engine\services\continuity_core_service.py", line 623, in after_action
    raise CapabilityValidationError("C1_ACTION_" + self.last_action.status)
continuity_engine.domain.errors.CapabilityValidationError: C1_ACTION_WAITING_CAPABILITY

The above exception was the direct cause of the following exception:

Traceback (most recent call last):
  File "C:\Users\Administrator\Documents\continuity-engine\tests\test_w04_3_tools.py", line 166, in test_candidate_identity_scope_and_hash_are_checked
    f.discovery.next_round();r=f.discovery.core.last_action.requests[0]
    ~~~~~~~~~~~~~~~~~~~~~~^^
  File "C:\Users\Administrator\Documents\continuity-engine\src\continuity_engine\testing\p16_provider_fixture.py", line 172, in next_round
    self.runtime.clock.advance(timedelta(seconds=1));return self.submit()
                                                            ~~~~~~~~~~~^^
  File "C:\Users\Administrator\Documents\continuity-engine\src\continuity_engine\testing\p16_provider_fixture.py", line 166, in submit
    request=request or self.request();value=self.app.adapter.submit(request)
                                            ~~~~~~~~~~~~~~~~~~~~~~~^^^^^^^^^
  File "C:\Users\Administrator\Documents\continuity-engine\src\continuity_engine\interfaces\integration_adapter.py", line 38, in submit
    return self._service.submit(payload)
           ~~~~~~~~~~~~~~~~~~~~^^^^^^^^^
  File "C:\Users\Administrator\Documents\continuity-engine\src\continuity_engine\services\continuity_interaction_service.py", line 195, in submit
    return self._submit(payload, access_use=access_use)
           ~~~~~~~~~~~~^^^^^^^^^^^^^^^^^^^^^^^^^^^^^^^^
  File "C:\Users\Administrator\Documents\continuity-engine\src\continuity_engine\services\continuity_interaction_service.py", line 320, in _submit
    raise IntegrationExecutionError(
    ...<4 lines>...
    ) from exc
continuity_engine.domain.errors.IntegrationExecutionError: Local integration encountered an unexpected execution fault during domain.

----------------------------------------------------------------------
Ran 25 tests in 78.367s

FAILED (errors=1)
