test_body_action_uses_existing_execution_and_fences_changed_attachment (tests.test_w04_1_environment.W04ActionBindingTests.test_body_action_uses_existing_execution_and_fences_changed_attachment) ... ok
test_current_output_ability_executes_through_existing_execution (tests.test_w04_1_environment.W04ActionBindingTests.test_current_output_ability_executes_through_existing_execution) ... ok
test_expired_output_ability_rejects_existing_execution_before_effect_or_cost (tests.test_w04_1_environment.W04ActionBindingTests.test_expired_output_ability_rejects_existing_execution_before_effect_or_cost) ... ok
test_revocation_inside_final_reality_callback_prevents_world_effect (tests.test_w04_1_environment.W04ActionBindingTests.test_revocation_inside_final_reality_callback_prevents_world_effect) ... ok
test_revocation_inside_resource_check_prevents_world_effect (tests.test_w04_1_environment.W04ActionBindingTests.test_revocation_inside_resource_check_prevents_world_effect) ... ok
test_alternative_route_skips_disconnected_and_keeps_grant_checks (tests.test_w04_1_environment.W04EnvironmentTests.test_alternative_route_skips_disconnected_and_keeps_grant_checks) ... ok
test_body_none_unknown_zero_and_source_separation (tests.test_w04_1_environment.W04EnvironmentTests.test_body_none_unknown_zero_and_source_separation) ... ok
test_corrupt_store_and_revision_conflict_fail_closed (tests.test_w04_1_environment.W04EnvironmentTests.test_corrupt_store_and_revision_conflict_fail_closed) ... ok
test_cross_environment_attachment_cannot_enter_test_engine (tests.test_w04_1_environment.W04EnvironmentTests.test_cross_environment_attachment_cannot_enter_test_engine) ... ok
test_current_check_does_not_reuse_permission_or_connection_result (tests.test_w04_1_environment.W04EnvironmentTests.test_current_check_does_not_reuse_permission_or_connection_result) ... ok
test_deep_history_needs_willingness_and_future_route (tests.test_w04_1_environment.W04EnvironmentTests.test_deep_history_needs_willingness_and_future_route) ... ok
test_enabled_bound_entry_requires_trusted_use_even_for_same_formal_payload (tests.test_w04_1_environment.W04EnvironmentTests.test_enabled_bound_entry_requires_trusted_use_even_for_same_formal_payload) ... ok
test_formal_ingress_checks_attachment_before_any_operation_write (tests.test_w04_1_environment.W04EnvironmentTests.test_formal_ingress_checks_attachment_before_any_operation_write) ... ok
test_four_states_and_current_availability_are_distinct (tests.test_w04_1_environment.W04EnvironmentTests.test_four_states_and_current_availability_are_distinct) ... ok
test_handoff_preparation_cannot_cross_subject_or_environment (tests.test_w04_1_environment.W04EnvironmentTests.test_handoff_preparation_cannot_cross_subject_or_environment) ... ok
test_history_current_source_permission_and_scope_are_checked (tests.test_w04_1_environment.W04EnvironmentTests.test_history_current_source_permission_and_scope_are_checked) ... ok
test_history_old_revision_cannot_be_reused_after_new_state (tests.test_w04_1_environment.W04EnvironmentTests.test_history_old_revision_cannot_be_reused_after_new_state) ... ok
test_history_permission_change_during_read_rejects_before_return (tests.test_w04_1_environment.W04EnvironmentTests.test_history_permission_change_during_read_rejects_before_return) ... ok
test_isolated_handoff_fences_old_host_and_restart_keeps_fence (tests.test_w04_1_environment.W04EnvironmentTests.test_isolated_handoff_fences_old_host_and_restart_keeps_fence) ... ok
test_migration_kinds_missing_inventory_and_production_not_ready (tests.test_w04_1_environment.W04EnvironmentTests.test_migration_kinds_missing_inventory_and_production_not_ready) ... ok
test_migration_preparation_status_cannot_contradict_kind_or_inventory (tests.test_w04_1_environment.W04EnvironmentTests.test_migration_preparation_status_cannot_contradict_kind_or_inventory) ... ok
test_model_api_is_not_an_engine_message_ingress (tests.test_w04_1_environment.W04EnvironmentTests.test_model_api_is_not_an_engine_message_ingress) ... ok
test_read_only_view_requires_current_subject_and_permission (tests.test_w04_1_environment.W04EnvironmentTests.test_read_only_view_requires_current_subject_and_permission) ... ok
test_revocation_during_current_permission_callback_is_seen (tests.test_w04_1_environment.W04EnvironmentTests.test_revocation_during_current_permission_callback_is_seen) ... ok
test_revocation_expiry_and_current_permission_stop_new_ingress (tests.test_w04_1_environment.W04EnvironmentTests.test_revocation_expiry_and_current_permission_stop_new_ingress) ... ok
test_same_account_name_and_wrong_subject_are_not_identity (tests.test_w04_1_environment.W04EnvironmentTests.test_same_account_name_and_wrong_subject_are_not_identity) ... ok
test_scoped_history_uses_original_router_composer_and_is_read_only (tests.test_w04_1_environment.W04EnvironmentTests.test_scoped_history_uses_original_router_composer_and_is_read_only) ... ok
test_sensor_contract_rejects_non_finite_bool_and_wrong_type (tests.test_w04_1_environment.W04EnvironmentTests.test_sensor_contract_rejects_non_finite_bool_and_wrong_type) ... ok
test_sensor_missing_ability_wrong_generation_and_expired_sample_rejected (tests.test_w04_1_environment.W04EnvironmentTests.test_sensor_missing_ability_wrong_generation_and_expired_sample_rejected) ... ok
test_original_action_request_can_bind_device_observation_and_command (tests.test_w04_2_simulation.DevicePayloadAdmissionTests.test_original_action_request_can_bind_device_observation_and_command) ... ok
test_body_action_and_sensor_reach_original_perception (tests.test_w04_2_simulation.W04SimulatedChainTests.test_body_action_and_sensor_reach_original_perception) ... ok
test_body_switch_fences_old_connection_preserves_subject_and_old_fact (tests.test_w04_2_simulation.W04SimulatedChainTests.test_body_switch_fences_old_connection_preserves_subject_and_old_fact) ... ok
test_cancel_before_effect_remains_cancelled (tests.test_w04_2_simulation.W04SimulatedChainTests.test_cancel_before_effect_remains_cancelled) ... ok
test_click_receipt_cannot_be_relabelled_as_saved (tests.test_w04_2_simulation.W04SimulatedChainTests.test_click_receipt_cannot_be_relabelled_as_saved) ... ok
test_corrupt_native_store_fails_closed_without_subject_change (tests.test_w04_2_simulation.W04SimulatedChainTests.test_corrupt_native_store_fails_closed_without_subject_change) ... ok
test_cross_process_body_receipt_recovery_and_replay (tests.test_w04_2_simulation.W04SimulatedChainTests.test_cross_process_body_receipt_recovery_and_replay) ... ok
test_deep_history_requires_willingness_and_current_permission (tests.test_w04_2_simulation.W04SimulatedChainTests.test_deep_history_requires_willingness_and_current_permission) ... ok
test_expired_history_not_consumable_but_original_receipt_recovers (tests.test_w04_2_simulation.W04SimulatedChainTests.test_expired_history_not_consumable_but_original_receipt_recovers) ... ok
test_external_instruction_is_observation_not_subject_authority (tests.test_w04_2_simulation.W04SimulatedChainTests.test_external_instruction_is_observation_not_subject_authority) ... ok
test_final_native_boundary_rechecks_takeover_and_authority (tests.test_w04_2_simulation.W04SimulatedChainTests.test_final_native_boundary_rechecks_takeover_and_authority) ... ok
test_focus_page_lock_offline_takeover_and_unobservable_block_stale_actions (tests.test_w04_2_simulation.W04SimulatedChainTests.test_focus_page_lock_offline_takeover_and_unobservable_block_stale_actions) ... ok
test_history_scope_filters_other_session_time_and_unreadable_records (tests.test_w04_2_simulation.W04SimulatedChainTests.test_history_scope_filters_other_session_time_and_unreadable_records) ... ok
test_history_source_withdrawal_blocks_old_context_and_keeps_fact (tests.test_w04_2_simulation.W04SimulatedChainTests.test_history_source_withdrawal_blocks_old_context_and_keeps_fact) ... ok
test_local_failure_retries_only_when_original_fact_proves_not_executed (tests.test_w04_2_simulation.W04SimulatedChainTests.test_local_failure_retries_only_when_original_fact_proves_not_executed) ... ok
test_locked_device_does_not_stop_runtime_control_or_other_work (tests.test_w04_2_simulation.W04SimulatedChainTests.test_locked_device_does_not_stop_runtime_control_or_other_work) ... ok
test_missing_capability_and_wrong_body_have_zero_effect (tests.test_w04_2_simulation.W04SimulatedChainTests.test_missing_capability_and_wrong_body_have_zero_effect) ... ok
test_missing_observation_or_tampered_argument_rejected_before_reservation (tests.test_w04_2_simulation.W04SimulatedChainTests.test_missing_observation_or_tampered_argument_rejected_before_reservation) ... ok
test_no_body_subject_and_unknown_zero_are_distinct (tests.test_w04_2_simulation.W04SimulatedChainTests.test_no_body_subject_and_unknown_zero_are_distinct) ... ok
test_observation_expiry_boundary_and_fresh_reobservation (tests.test_w04_2_simulation.W04SimulatedChainTests.test_observation_expiry_boundary_and_fresh_reobservation) ... ok
test_original_reality_denial_is_not_bypassed_by_ui (tests.test_w04_2_simulation.W04SimulatedChainTests.test_original_reality_denial_is_not_bypassed_by_ui) ... ok
test_permission_changes_in_last_resource_check_cannot_create_effect (tests.test_w04_2_simulation.W04SimulatedChainTests.test_permission_changes_in_last_resource_check_cannot_create_effect) ... ok
test_permission_or_device_connection_change_blocks_new_effect (tests.test_w04_2_simulation.W04SimulatedChainTests.test_permission_or_device_connection_change_blocks_new_effect) ... ok
test_permission_withdrawn_during_result_read_returns_no_details (tests.test_w04_2_simulation.W04SimulatedChainTests.test_permission_withdrawn_during_result_read_returns_no_details) ... ok
test_query_and_status_are_read_only_and_bounded (tests.test_w04_2_simulation.W04SimulatedChainTests.test_query_and_status_are_read_only_and_bounded) ... ok
test_raw_message_c1_device_action_result_and_legal_evolution_absorption (tests.test_w04_2_simulation.W04SimulatedChainTests.test_raw_message_c1_device_action_result_and_legal_evolution_absorption) ... ok
test_read_scope_required_and_observation_returns_detached_copy (tests.test_w04_2_simulation.W04SimulatedChainTests.test_read_scope_required_and_observation_returns_detached_copy) ... ok
test_repeated_receipt_and_lost_response_recover_without_new_effect (tests.test_w04_2_simulation.W04SimulatedChainTests.test_repeated_receipt_and_lost_response_recover_without_new_effect) ... ok
test_resource_and_recoverability_denials_keep_zero_cost (tests.test_w04_2_simulation.W04SimulatedChainTests.test_resource_and_recoverability_denials_keep_zero_cost) ... ok
test_same_request_identity_changed_content_is_conflict (tests.test_w04_2_simulation.W04SimulatedChainTests.test_same_request_identity_changed_content_is_conflict) ... ok
test_same_root_history_requery_does_not_create_independent_evidence (tests.test_w04_2_simulation.W04SimulatedChainTests.test_same_root_history_requery_does_not_create_independent_evidence) ... ok
test_secrets_rejected_before_ledger_and_standard_diagnostics_sanitized (tests.test_w04_2_simulation.W04SimulatedChainTests.test_secrets_rejected_before_ledger_and_standard_diagnostics_sanitized) ... ok
test_sensor_stale_wrong_unit_and_context_currentness (tests.test_w04_2_simulation.W04SimulatedChainTests.test_sensor_stale_wrong_unit_and_context_currentness) ... ok
test_somatic_and_dream_cannot_impersonate_hardware (tests.test_w04_2_simulation.W04SimulatedChainTests.test_somatic_and_dream_cannot_impersonate_hardware) ... ok
test_specific_output_capability_expiry_blocks_while_connection_valid (tests.test_w04_2_simulation.W04SimulatedChainTests.test_specific_output_capability_expiry_blocks_while_connection_valid) ... ok
test_subject_pause_blocks_new_device_effect_without_falsifying_old_fact (tests.test_w04_2_simulation.W04SimulatedChainTests.test_subject_pause_blocks_new_device_effect_without_falsifying_old_fact) ... ok
test_subject_without_body_can_still_process_normal_message (tests.test_w04_2_simulation.W04SimulatedChainTests.test_subject_without_body_can_still_process_normal_message) ... ok
test_terminal_failure_is_not_business_success (tests.test_w04_2_simulation.W04SimulatedChainTests.test_terminal_failure_is_not_business_success) ... ok
test_true_unknown_keeps_old_request_and_never_resends (tests.test_w04_2_simulation.W04SimulatedChainTests.test_true_unknown_keeps_old_request_and_never_resends) ... ok
test_ui_locate_click_type_scroll_save_send_and_reobserve (tests.test_w04_2_simulation.W04SimulatedChainTests.test_ui_locate_click_type_scroll_save_send_and_reobserve) ... ok
test_unavailable_route_can_reobserve_but_reality_denial_cannot_be_bypassed (tests.test_w04_2_simulation.W04SimulatedChainTests.test_unavailable_route_can_reobserve_but_reality_denial_cannot_be_bypassed) ... ok
test_wrong_subject_environment_account_device_and_session_are_rejected (tests.test_w04_2_simulation.W04SimulatedChainTests.test_wrong_subject_environment_account_device_and_session_are_rejected) ... ok
test_changed_bytes_and_corrupt_hash_cannot_reuse_old_registry (tests.test_w04_2_registry_recheck.RegistryCurrentPathTests.test_changed_bytes_and_corrupt_hash_cannot_reuse_old_registry) ... ok
test_current_directory_junction_rejects_and_restoring_real_directory_recovers (tests.test_w04_2_registry_recheck.RegistryCurrentPathTests.test_current_directory_junction_rejects_and_restoring_real_directory_recovers) ... ok
test_current_registry_repeated_read_is_read_only_and_returns_private_values (tests.test_w04_2_registry_recheck.RegistryCurrentPathTests.test_current_registry_repeated_read_is_read_only_and_returns_private_values) ... ok
test_missing_store_still_has_no_capability (tests.test_w04_2_registry_recheck.RegistryCurrentPathTests.test_missing_store_still_has_no_capability) ... ok
test_path_metadata_denial_is_not_a_successful_read (tests.test_w04_2_registry_recheck.RegistryCurrentPathTests.test_path_metadata_denial_is_not_a_successful_read) ... ok
test_recheck_all_current_ancestors_on_each_read_with_single_metadata_query (tests.test_w04_2_registry_recheck.RegistryCurrentPathTests.test_recheck_all_current_ancestors_on_each_read_with_single_metadata_query) ... ok
test_registry_revoke_is_seen_on_next_read_and_after_reopen (tests.test_w04_2_registry_recheck.RegistryCurrentPathTests.test_registry_revoke_is_seen_on_next_read_and_after_reopen) ... ok
test_expired_source_rejects_while_historical_receipt_is_preserved (tests.test_w04_2_history_selection.HistorySelectionTests.test_expired_source_rejects_while_historical_receipt_is_preserved) ... ok
test_non_targeted_result_source_keeps_original_candidate_ranking (tests.test_w04_2_history_selection.HistorySelectionTests.test_non_targeted_result_source_keeps_original_candidate_ranking) ... ok
test_permission_revoked_during_composition_rejects_before_return (tests.test_w04_2_history_selection.HistorySelectionTests.test_permission_revoked_during_composition_rejects_before_return) ... ok
test_reopen_and_same_query_replay_keep_original_facts (tests.test_w04_2_history_selection.HistorySelectionTests.test_reopen_and_same_query_replay_keep_original_facts) ... ok
test_revoked_permission_rejects_and_does_not_consume_old_receipt (tests.test_w04_2_history_selection.HistorySelectionTests.test_revoked_permission_rejects_and_does_not_consume_old_receipt) ... ok
test_target_priority_keeps_other_candidates_and_conflict_material (tests.test_w04_2_history_selection.HistorySelectionTests.test_target_priority_keeps_other_candidates_and_conflict_material) ... ok
test_target_that_cannot_fit_is_blocked_without_substituting_other_receipt (tests.test_w04_2_history_selection.HistorySelectionTests.test_target_that_cannot_fit_is_blocked_without_substituting_other_receipt) ... ok
test_two_current_targets_both_orders_and_distinct_identifiers (tests.test_w04_2_history_selection.HistorySelectionTests.test_two_current_targets_both_orders_and_distinct_identifiers) ... ok
test_withdrawn_source_cannot_be_replaced_by_other_same_root_copy (tests.test_w04_2_history_selection.HistorySelectionTests.test_withdrawn_source_cannot_be_replaced_by_other_same_root_copy) ... ok

----------------------------------------------------------------------
Ran 87 tests in 161.393s

OK
