test_long_busy_host_remains_live_and_diagnostic_is_not_flooded (tests.test_p18_runtime_contention.RuntimeContentionTests.test_long_busy_host_remains_live_and_diagnostic_is_not_flooded) ... FAIL
test_start_waits_for_checkpoint_without_relaxing_owner_lock (tests.test_p18_runtime_contention.RuntimeContentionTests.test_start_waits_for_checkpoint_without_relaxing_owner_lock) ... ERROR
test_four_materials_preanswer_with_original_1000ms_policy (tests.test_w02_recall_timeout.W02RecallTimeoutTests.test_four_materials_preanswer_with_original_1000ms_policy) ... ERROR
test_third_message_sixteen_candidates_and_current_derived_sources (tests.test_w02_recall_timeout.W02RecallTimeoutTests.test_third_message_sixteen_candidates_and_current_derived_sources) ... ERROR

======================================================================
ERROR: test_start_waits_for_checkpoint_without_relaxing_owner_lock (tests.test_p18_runtime_contention.RuntimeContentionTests.test_start_waits_for_checkpoint_without_relaxing_owner_lock)
----------------------------------------------------------------------
Traceback (most recent call last):
  File "C:\Users\Administrator\AppData\Local\Temp\w4d-tgy_yhk6\new-copy\tests\test_p18_runtime_contention.py", line 322, in test_start_waits_for_checkpoint_without_relaxing_owner_lock
    self.stop(p)
    ~~~~~~~~~^^^
  File "C:\Users\Administrator\AppData\Local\Temp\w4d-tgy_yhk6\new-copy\tests\test_p18_runtime_contention.py", line 89, in stop
    self.f.host.control('STOP',command_id='test-stop',expected_revision=None,handle='p18-test-owner')
    ~~~~~~~~~~~~~~~~~~~^^^^^^^^^^^^^^^^^^^^^^^^^^^^^^^^^^^^^^^^^^^^^^^^^^^^^^^^^^^^^^^^^^^^^^^^^^^^^^
  File "C:\Users\Administrator\AppData\Local\Temp\w4d-tgy_yhk6\new-copy\src\continuity_engine\services\persistent_runtime_service.py", line 38, in control
    with self.repository.transaction() as d:
         ~~~~~~~~~~~~~~~~~~~~~~~~~~~^^
  File "E:\Adobe\Lib\contextlib.py", line 141, in __enter__
    return next(self.gen)
  File "C:\Users\Administrator\AppData\Local\Temp\w4d-tgy_yhk6\new-copy\src\continuity_engine\storage\json_runtime_repository.py", line 146, in transaction
    with file_lock(self.path.with_suffix('.lock'),checkpoint=True,
         ~~~~~~~~~^^^^^^^^^^^^^^^^^^^^^^^^^^^^^^^^^^^^^^^^^^^^^^^^
                   wait_seconds=max(0,deadline-time.monotonic())):
                   ^^^^^^^^^^^^^^^^^^^^^^^^^^^^^^^^^^^^^^^^^^^^^^
  File "E:\Adobe\Lib\contextlib.py", line 141, in __enter__
    return next(self.gen)
  File "C:\Users\Administrator\AppData\Local\Temp\w4d-tgy_yhk6\new-copy\src\continuity_engine\storage\json_runtime_repository.py", line 73, in file_lock
    if checkpoint:raise RuntimeCheckpointBusy() from None
                  ^^^^^^^^^^^^^^^^^^^^^^^^^^^^^^^^^^^^^^^
continuity_engine.storage.json_runtime_repository.RuntimeCheckpointBusy: RUNTIME_CHECKPOINT_BUSY

======================================================================
ERROR: test_four_materials_preanswer_with_original_1000ms_policy (tests.test_w02_recall_timeout.W02RecallTimeoutTests.test_four_materials_preanswer_with_original_1000ms_policy)
----------------------------------------------------------------------
Traceback (most recent call last):
  File "C:\Users\Administrator\AppData\Local\Temp\w4d-tgy_yhk6\new-copy\src\continuity_engine\services\continuity_interaction_service.py", line 308, in _submit
    operation, thinking_execution = self._run_domain(request, operation, binding)
                                    ~~~~~~~~~~~~~~~~^^^^^^^^^^^^^^^^^^^^^^^^^^^^^
  File "C:\Users\Administrator\AppData\Local\Temp\w4d-tgy_yhk6\new-copy\src\continuity_engine\services\continuity_interaction_service.py", line 863, in _run_domain
    perception = self._continuity_core.prepare(perception, operation,
        **({'save_input': save_input} if operation.input_processing_enabled else {}),
        **({'save_recall':save_recall} if operation.recall_enabled else {}))
  File "C:\Users\Administrator\AppData\Local\Temp\w4d-tgy_yhk6\new-copy\src\continuity_engine\services\continuity_core_service.py", line 332, in prepare
    return self._prepare(perception, operation, save_input=save_input,save_recall=save_recall)
           ~~~~~~~~~~~~~^^^^^^^^^^^^^^^^^^^^^^^^^^^^^^^^^^^^^^^^^^^^^^^^^^^^^^^^^^^^^^^^^^^^^^
  File "C:\Users\Administrator\AppData\Local\Temp\w4d-tgy_yhk6\new-copy\src\continuity_engine\services\continuity_core_service.py", line 411, in _prepare
    route,composition,recall_record=self.recall.prepare(perception,operation,save_recall,
                                    ~~~~~~~~~~~~~~~~~~~^^^^^^^^^^^^^^^^^^^^^^^^^^^^^^^^^^
        attention=mind['influence']['attention'] if mind is not None else None)
        ^^^^^^^^^^^^^^^^^^^^^^^^^^^^^^^^^^^^^^^^^^^^^^^^^^^^^^^^^^^^^^^^^^^^^^^
  File "C:\Users\Administrator\AppData\Local\Temp\w4d-tgy_yhk6\new-copy\src\continuity_engine\services\associative_recall_service.py", line 100, in prepare
    return self._prepare(perception,operation,save,attention=attention)
           ~~~~~~~~~~~~~^^^^^^^^^^^^^^^^^^^^^^^^^^^^^^^^^^^^^^^^^^^^^^^
  File "C:\Users\Administrator\Documents\continuity-engine\docs\project_memory\w04_2_evidence\recall_diagnostic.py", line 46, in prepare
    result=original(self,perception,operation,saved,**kwargs)
  File "C:\Users\Administrator\AppData\Local\Temp\w4d-tgy_yhk6\new-copy\src\continuity_engine\services\associative_recall_service.py", line 211, in _prepare
    raise CapabilityValidationError(stop)
continuity_engine.domain.errors.CapabilityValidationError: RECALL_TIMEOUT

The above exception was the direct cause of the following exception:

Traceback (most recent call last):
  File "C:\Users\Administrator\AppData\Local\Temp\w4d-tgy_yhk6\new-copy\tests\test_w02_recall_timeout.py", line 57, in test_four_materials_preanswer_with_original_1000ms_policy
    requests.append(self.send())
                    ~~~~~~~~~^^
  File "C:\Users\Administrator\AppData\Local\Temp\w4d-tgy_yhk6\new-copy\tests\test_w02_recall_timeout.py", line 41, in send
    self.f.submit(request)
    ~~~~~~~~~~~~~^^^^^^^^^
  File "C:\Users\Administrator\AppData\Local\Temp\w4d-tgy_yhk6\new-copy\src\continuity_engine\testing\w02_c_fixture.py", line 85, in submit
    return self.base.submit(request)
           ~~~~~~~~~~~~~~~~^^^^^^^^^
  File "C:\Users\Administrator\AppData\Local\Temp\w4d-tgy_yhk6\new-copy\src\continuity_engine\testing\p16_provider_fixture.py", line 166, in submit
    request=request or self.request();value=self.app.adapter.submit(request)
                                            ~~~~~~~~~~~~~~~~~~~~~~~^^^^^^^^^
  File "C:\Users\Administrator\AppData\Local\Temp\w4d-tgy_yhk6\new-copy\src\continuity_engine\interfaces\integration_adapter.py", line 38, in submit
    return self._service.submit(payload)
           ~~~~~~~~~~~~~~~~~~~~^^^^^^^^^
  File "C:\Users\Administrator\AppData\Local\Temp\w4d-tgy_yhk6\new-copy\src\continuity_engine\services\continuity_interaction_service.py", line 191, in submit
    return self._submit(payload, access_use=access_use)
           ~~~~~~~~~~~~^^^^^^^^^^^^^^^^^^^^^^^^^^^^^^^^
  File "C:\Users\Administrator\AppData\Local\Temp\w4d-tgy_yhk6\new-copy\src\continuity_engine\services\continuity_interaction_service.py", line 320, in _submit
    raise IntegrationExecutionError(
    ...<4 lines>...
    ) from exc
continuity_engine.domain.errors.IntegrationExecutionError: Local integration encountered an unexpected execution fault during domain.

======================================================================
ERROR: test_third_message_sixteen_candidates_and_current_derived_sources (tests.test_w02_recall_timeout.W02RecallTimeoutTests.test_third_message_sixteen_candidates_and_current_derived_sources)
----------------------------------------------------------------------
Traceback (most recent call last):
  File "C:\Users\Administrator\AppData\Local\Temp\w4d-tgy_yhk6\new-copy\src\continuity_engine\services\continuity_interaction_service.py", line 308, in _submit
    operation, thinking_execution = self._run_domain(request, operation, binding)
                                    ~~~~~~~~~~~~~~~~^^^^^^^^^^^^^^^^^^^^^^^^^^^^^
  File "C:\Users\Administrator\AppData\Local\Temp\w4d-tgy_yhk6\new-copy\src\continuity_engine\services\continuity_interaction_service.py", line 863, in _run_domain
    perception = self._continuity_core.prepare(perception, operation,
        **({'save_input': save_input} if operation.input_processing_enabled else {}),
        **({'save_recall':save_recall} if operation.recall_enabled else {}))
  File "C:\Users\Administrator\AppData\Local\Temp\w4d-tgy_yhk6\new-copy\src\continuity_engine\services\continuity_core_service.py", line 332, in prepare
    return self._prepare(perception, operation, save_input=save_input,save_recall=save_recall)
           ~~~~~~~~~~~~~^^^^^^^^^^^^^^^^^^^^^^^^^^^^^^^^^^^^^^^^^^^^^^^^^^^^^^^^^^^^^^^^^^^^^^
  File "C:\Users\Administrator\AppData\Local\Temp\w4d-tgy_yhk6\new-copy\src\continuity_engine\services\continuity_core_service.py", line 411, in _prepare
    route,composition,recall_record=self.recall.prepare(perception,operation,save_recall,
                                    ~~~~~~~~~~~~~~~~~~~^^^^^^^^^^^^^^^^^^^^^^^^^^^^^^^^^^
        attention=mind['influence']['attention'] if mind is not None else None)
        ^^^^^^^^^^^^^^^^^^^^^^^^^^^^^^^^^^^^^^^^^^^^^^^^^^^^^^^^^^^^^^^^^^^^^^^
  File "C:\Users\Administrator\AppData\Local\Temp\w4d-tgy_yhk6\new-copy\src\continuity_engine\services\associative_recall_service.py", line 100, in prepare
    return self._prepare(perception,operation,save,attention=attention)
           ~~~~~~~~~~~~~^^^^^^^^^^^^^^^^^^^^^^^^^^^^^^^^^^^^^^^^^^^^^^^
  File "C:\Users\Administrator\Documents\continuity-engine\docs\project_memory\w04_2_evidence\recall_diagnostic.py", line 46, in prepare
    result=original(self,perception,operation,saved,**kwargs)
  File "C:\Users\Administrator\AppData\Local\Temp\w4d-tgy_yhk6\new-copy\src\continuity_engine\services\associative_recall_service.py", line 211, in _prepare
    raise CapabilityValidationError(stop)
continuity_engine.domain.errors.CapabilityValidationError: RECALL_TIMEOUT

The above exception was the direct cause of the following exception:

Traceback (most recent call last):
  File "C:\Users\Administrator\AppData\Local\Temp\w4d-tgy_yhk6\new-copy\tests\test_w02_recall_timeout.py", line 80, in test_third_message_sixteen_candidates_and_current_derived_sources
    self.send()
    ~~~~~~~~~^^
  File "C:\Users\Administrator\AppData\Local\Temp\w4d-tgy_yhk6\new-copy\tests\test_w02_recall_timeout.py", line 41, in send
    self.f.submit(request)
    ~~~~~~~~~~~~~^^^^^^^^^
  File "C:\Users\Administrator\AppData\Local\Temp\w4d-tgy_yhk6\new-copy\src\continuity_engine\testing\w02_c_fixture.py", line 85, in submit
    return self.base.submit(request)
           ~~~~~~~~~~~~~~~~^^^^^^^^^
  File "C:\Users\Administrator\AppData\Local\Temp\w4d-tgy_yhk6\new-copy\src\continuity_engine\testing\p16_provider_fixture.py", line 166, in submit
    request=request or self.request();value=self.app.adapter.submit(request)
                                            ~~~~~~~~~~~~~~~~~~~~~~~^^^^^^^^^
  File "C:\Users\Administrator\AppData\Local\Temp\w4d-tgy_yhk6\new-copy\src\continuity_engine\interfaces\integration_adapter.py", line 38, in submit
    return self._service.submit(payload)
           ~~~~~~~~~~~~~~~~~~~~^^^^^^^^^
  File "C:\Users\Administrator\AppData\Local\Temp\w4d-tgy_yhk6\new-copy\src\continuity_engine\services\continuity_interaction_service.py", line 191, in submit
    return self._submit(payload, access_use=access_use)
           ~~~~~~~~~~~~^^^^^^^^^^^^^^^^^^^^^^^^^^^^^^^^
  File "C:\Users\Administrator\AppData\Local\Temp\w4d-tgy_yhk6\new-copy\src\continuity_engine\services\continuity_interaction_service.py", line 320, in _submit
    raise IntegrationExecutionError(
    ...<4 lines>...
    ) from exc
continuity_engine.domain.errors.IntegrationExecutionError: Local integration encountered an unexpected execution fault during domain.

======================================================================
FAIL: test_long_busy_host_remains_live_and_diagnostic_is_not_flooded (tests.test_p18_runtime_contention.RuntimeContentionTests.test_long_busy_host_remains_live_and_diagnostic_is_not_flooded)
----------------------------------------------------------------------
Traceback (most recent call last):
  File "C:\Users\Administrator\AppData\Local\Temp\w4d-tgy_yhk6\new-copy\tests\test_p18_runtime_contention.py", line 271, in test_long_busy_host_remains_live_and_diagnostic_is_not_flooded
    self.assertEqual(err.count('RUNTIME_CHECKPOINT_BUSY'),1)
    ~~~~~~~~~~~~~~~~^^^^^^^^^^^^^^^^^^^^^^^^^^^^^^^^^^^^^^^^
AssertionError: 2 != 1

----------------------------------------------------------------------
Ran 4 tests in 46.352s

FAILED (failures=1, errors=3)
