test_body_switch_fences_old_connection_preserves_subject_and_old_fact (tests.test_w04_2_simulation.W04SimulatedChainTests.test_body_switch_fences_old_connection_preserves_subject_and_old_fact) ... ok
test_missing_capability_and_wrong_body_have_zero_effect (tests.test_w04_2_simulation.W04SimulatedChainTests.test_missing_capability_and_wrong_body_have_zero_effect) ... ok
test_locked_device_does_not_stop_runtime_control_or_other_work (tests.test_w04_2_simulation.W04SimulatedChainTests.test_locked_device_does_not_stop_runtime_control_or_other_work) ... ERROR
test_without_messages_native_c1_updates_same_subject (tests.test_p18_runtime.RuntimeControlTests.test_without_messages_native_c1_updates_same_subject) ... ok

======================================================================
ERROR: test_locked_device_does_not_stop_runtime_control_or_other_work (tests.test_w04_2_simulation.W04SimulatedChainTests.test_locked_device_does_not_stop_runtime_control_or_other_work)
----------------------------------------------------------------------
Traceback (most recent call last):
  File "C:\Users\Administrator\Documents\continuity-engine\src\continuity_engine\services\continuity_interaction_service.py", line 756, in _run_domain
    wake_session = self._awakening.get_session(
        operation.subject_id,
        progress.wake_session_id,
    )
  File "C:\Users\Administrator\Documents\continuity-engine\src\continuity_engine\services\awakening_service.py", line 162, in get_session
    return self._repository.load_session(subject_id, session_id)
           ~~~~~~~~~~~~~~~~~~~~~~~~~~~~~^^^^^^^^^^^^^^^^^^^^^^^^
  File "C:\Users\Administrator\Documents\continuity-engine\src\continuity_engine\storage\json_awakening_repository.py", line 86, in load_session
    raise StateNotFoundError(f"wake session not found: {session_id}")
continuity_engine.domain.errors.StateNotFoundError: wake session not found: 06352eb9-361a-59f6-b74b-a8532d61bc42

During handling of the above exception, another exception occurred:

Traceback (most recent call last):
  File "C:\Users\Administrator\Documents\continuity-engine\src\continuity_engine\services\continuity_interaction_service.py", line 308, in _submit
    operation, thinking_execution = self._run_domain(request, operation, binding)
                                    ~~~~~~~~~~~~~~~~^^^^^^^^^^^^^^^^^^^^^^^^^^^^^
  File "C:\Users\Administrator\Documents\continuity-engine\src\continuity_engine\services\continuity_interaction_service.py", line 761, in _run_domain
    awakening = self._awakening.wake_manual(
        binding.cycle_id,
    ...<3 lines>...
        preserve_recovery_context=True,
    )
  File "C:\Users\Administrator\Documents\continuity-engine\src\continuity_engine\services\awakening_service.py", line 109, in wake_manual
    return self._run(
           ~~~~~~~~~^
        cycle,
        ^^^^^^
    ...<3 lines>...
        preserve_recovery_context=preserve_recovery_context,
        ^^^^^^^^^^^^^^^^^^^^^^^^^^^^^^^^^^^^^^^^^^^^^^^^^^^^
    )
    ^
  File "C:\Users\Administrator\Documents\continuity-engine\src\continuity_engine\services\awakening_service.py", line 266, in _run
    self._repository.save_session(session)
    ~~~~~~~~~~~~~~~~~~~~~~~~~~~~~^^^^^^^^^
  File "C:\Users\Administrator\Documents\continuity-engine\src\continuity_engine\storage\json_awakening_repository.py", line 81, in save_session
    self._write_json(path, session.to_dict())
    ~~~~~~~~~~~~~~~~^^^^^^^^^^^^^^^^^^^^^^^^^
  File "C:\Users\Administrator\Documents\continuity-engine\src\continuity_engine\storage\json_awakening_repository.py", line 118, in _write_json
    with tempfile.NamedTemporaryFile(
         ~~~~~~~~~~~~~~~~~~~~~~~~~~~^
        mode="w",
        ^^^^^^^^^
    ...<5 lines>...
        delete=False,
        ^^^^^^^^^^^^^
    ) as temporary:
    ^
  File "E:\Adobe\Lib\tempfile.py", line 603, in NamedTemporaryFile
    file = _io.open(dir, mode, buffering=buffering,
                    newline=newline, encoding=encoding, errors=errors,
                    opener=opener)
  File "E:\Adobe\Lib\tempfile.py", line 600, in opener
    fd, name = _mkstemp_inner(dir, prefix, suffix, flags, output_type)
               ~~~~~~~~~~~~~~^^^^^^^^^^^^^^^^^^^^^^^^^^^^^^^^^^^^^^^^^
  File "E:\Adobe\Lib\tempfile.py", line 255, in _mkstemp_inner
    fd = _os.open(file, flags, 0o600)
FileNotFoundError: [Errno 2] No such file or directory: 'C:\\Users\\Administrator\\AppData\\Local\\Temp\\w04-2-4ov2nb5k\\same-runtime\\s\\s\\s86ed3369\\b\\b1ce8312e\\data\\awakening\\sessions\\93b671bbeaad017d0293761b0da26e8ff4a3e7f1bcf7cf9dd9c3b950f611b467\\.29a3ee020fb63bf7577594c1b515cdf1cb298e1649e9c12e5012b3b22a05437e.8dafgro5.tmp'

The above exception was the direct cause of the following exception:

Traceback (most recent call last):
  File "C:\Users\Administrator\Documents\continuity-engine\tests\test_w04_2_simulation.py", line 385, in test_locked_device_does_not_stop_runtime_control_or_other_work
    f.submit(); request, run = f.prepare(f.command("send"))
    ~~~~~~~~^^
  File "C:\Users\Administrator\Documents\continuity-engine\src\continuity_engine\testing\p17_execution_fixture.py", line 242, in submit
    result=self.app.adapter.submit(request)
  File "C:\Users\Administrator\Documents\continuity-engine\src\continuity_engine\interfaces\integration_adapter.py", line 38, in submit
    return self._service.submit(payload)
           ~~~~~~~~~~~~~~~~~~~~^^^^^^^^^
  File "C:\Users\Administrator\Documents\continuity-engine\src\continuity_engine\services\continuity_interaction_service.py", line 195, in submit
    return self._submit(payload, access_use=access_use)
           ~~~~~~~~~~~~^^^^^^^^^^^^^^^^^^^^^^^^^^^^^^^^
  File "C:\Users\Administrator\Documents\continuity-engine\src\continuity_engine\services\continuity_interaction_service.py", line 320, in _submit
    raise IntegrationExecutionError(
    ...<4 lines>...
    ) from exc
continuity_engine.domain.errors.IntegrationExecutionError: Local integration encountered an unexpected execution fault during domain.

----------------------------------------------------------------------
Ran 4 tests in 6.629s

FAILED (errors=1)
