test_completed_growth_recovers_after_authority_revoked (test_p15_subject_growth.SubjectGrowthTests.test_completed_growth_recovers_after_authority_revoked) ... ok
test_current_confidence_policy_095_02_02_and_reduced_support (test_p15_subject_growth.SubjectGrowthTests.test_current_confidence_policy_095_02_02_and_reduced_support) ... ok
test_current_reference_revocation_prevents_solidify_without_writes (test_p15_subject_growth.SubjectGrowthTests.test_current_reference_revocation_prevents_solidify_without_writes) ... ok
test_current_source_binding_cannot_be_replaced_with_forged_roots (test_p15_subject_growth.SubjectGrowthTests.test_current_source_binding_cannot_be_replaced_with_forged_roots) ... ok
test_duplicate_root_wrappers_do_not_validate (test_p15_subject_growth.SubjectGrowthTests.test_duplicate_root_wrappers_do_not_validate) ... ok
test_growth_feature_disabled_has_no_learning_read_or_write (test_p15_subject_growth.SubjectGrowthTests.test_growth_feature_disabled_has_no_learning_read_or_write) ... ok
test_growth_permission_policy_is_required_and_owner_read_is_read_only (test_p15_subject_growth.SubjectGrowthTests.test_growth_permission_policy_is_required_and_owner_read_is_read_only) ... ok
test_normal_chain_forms_subjective_narrative_and_object_relationship (test_p15_subject_growth.SubjectGrowthTests.test_normal_chain_forms_subjective_narrative_and_object_relationship) ... ok
test_pending_learning_record_recovers_after_restart_without_second_revision (test_p15_subject_growth.SubjectGrowthTests.test_pending_learning_record_recovers_after_restart_without_second_revision) ... ok
test_reinterpreted_experience_preserves_opposite_stances_and_versions (test_p15_subject_growth.SubjectGrowthTests.test_reinterpreted_experience_preserves_opposite_stances_and_versions) ... ok
test_rejected_support_and_permission_revocation_zero_state_change (test_p15_subject_growth.SubjectGrowthTests.test_rejected_support_and_permission_revocation_zero_state_change) ... ok
test_revoked_event_blocks_pending_commit_but_does_not_rewrite_existing_trait (test_p15_subject_growth.SubjectGrowthTests.test_revoked_event_blocks_pending_commit_but_does_not_rewrite_existing_trait) ... ok
test_rollback_pending_record_recovers_and_does_not_remove_twice (test_p15_subject_growth.SubjectGrowthTests.test_rollback_pending_record_recovers_and_does_not_remove_twice) ... ok
test_rollback_preserves_later_unrelated_trait (test_p15_subject_growth.SubjectGrowthTests.test_rollback_preserves_later_unrelated_trait) ... ok
test_three_current_independent_experiences_form_trait_and_next_context (test_p15_subject_growth.SubjectGrowthTests.test_three_current_independent_experiences_form_trait_and_next_context) ... ok
test_weaker_still_sufficient_support_records_current_confidence (test_p15_subject_growth.SubjectGrowthTests.test_weaker_still_sufficient_support_records_current_confidence) ... ok
test_legacy_state_is_active_without_rewriting_serialization (test_p15_subject_lifecycle.SubjectLifecycleModelTests.test_legacy_state_is_active_without_rewriting_serialization) ... ok
test_policy_is_unconfigured_until_explicit_test_decision (test_p15_subject_lifecycle.SubjectLifecycleModelTests.test_policy_is_unconfigured_until_explicit_test_decision) ... ok
test_subject_intent_is_not_owner_command_or_deletion (test_p15_subject_lifecycle.SubjectLifecycleModelTests.test_subject_intent_is_not_owner_command_or_deletion) ... ok
test_transition_table_preserves_terminal_deleted (test_p15_subject_lifecycle.SubjectLifecycleModelTests.test_transition_table_preserves_terminal_deleted) ... ok
test_action_gate_denial_is_zero_write (test_p15_subject_lifecycle.SubjectLifecycleServiceTests.test_action_gate_denial_is_zero_write) ... ok
test_archive_unconfigured_and_deleted_terminal (test_p15_subject_lifecycle.SubjectLifecycleServiceTests.test_archive_unconfigured_and_deleted_terminal) ... ok
test_c1_new_request_paused_zero_journal_provider_or_receipt (test_p15_subject_lifecycle.SubjectLifecycleServiceTests.test_c1_new_request_paused_zero_journal_provider_or_receipt) ... ok
test_create_suspend_restart_resume_and_replay (test_p15_subject_lifecycle.SubjectLifecycleServiceTests.test_create_suspend_restart_resume_and_replay) ... ok
test_paused_state_cannot_be_changed_by_ordinary_event (test_p15_subject_lifecycle.SubjectLifecycleServiceTests.test_paused_state_cannot_be_changed_by_ordinary_event) ... ok
test_revoked_confirmation_and_stale_command_zero_writes (test_p15_subject_lifecycle.SubjectLifecycleServiceTests.test_revoked_confirmation_and_stale_command_zero_writes) ... ok
test_same_command_identity_different_contents_is_conflict (test_p15_subject_lifecycle.SubjectLifecycleServiceTests.test_same_command_identity_different_contents_is_conflict) ... ok
test_scheduler_paused_zero_attempt_resource_notification_then_resume (test_p15_subject_lifecycle.SubjectLifecycleServiceTests.test_scheduler_paused_zero_attempt_resource_notification_then_resume) ... ok
test_subject_intent_preserves_state_and_owner_identity (test_p15_subject_lifecycle.SubjectLifecycleServiceTests.test_subject_intent_preserves_state_and_owner_identity) ... ok
test_atomic_creation_failure_does_not_leave_active_subject (test_p15_subject_recovery.P15RecoveryTests.test_atomic_creation_failure_does_not_leave_active_subject) ... ok
test_concurrent_lifecycle_commands_preserve_one_transition (test_p15_subject_recovery.P15RecoveryTests.test_concurrent_lifecycle_commands_preserve_one_transition) ... ok
test_cross_process_golden (test_p15_subject_recovery.P15RecoveryTests.test_cross_process_golden) ... ok
test_cross_subject_environment_and_direct_lifecycle_mutation_rejected (test_p15_subject_recovery.P15RecoveryTests.test_cross_subject_environment_and_direct_lifecycle_mutation_rejected) ... ok
test_host_binding_switch_and_unbind_do_not_change_subject_revision (test_p15_subject_recovery.P15RecoveryTests.test_host_binding_switch_and_unbind_do_not_change_subject_revision) ... ok
test_new_genesis_isolated_from_old_learning_mind_relationships (test_p15_subject_recovery.P15RecoveryTests.test_new_genesis_isolated_from_old_learning_mind_relationships) ... ok
test_p01_snapshot_branch_keeps_growth_and_does_not_pollute_original (test_p15_subject_recovery.P15RecoveryTests.test_p01_snapshot_branch_keeps_growth_and_does_not_pollute_original) ... ok
test_paused_pending_not_executed_model_cannot_dispatch (test_p15_subject_recovery.P15RecoveryTests.test_paused_pending_not_executed_model_cannot_dispatch) ... ok
test_protected_fixture_root_rejects_before_any_write (test_p15_subject_recovery.P15RecoveryTests.test_protected_fixture_root_rejects_before_any_write) ... ok
test_public_test_migration_requires_exact_confirmation_and_never_copies_personality (test_p15_subject_recovery.P15RecoveryTests.test_public_test_migration_requires_exact_confirmation_and_never_copies_personality) ... ok

----------------------------------------------------------------------
Ran 39 tests in 107.325s

OK
