test_broker_authorization_exception_must_not_leak_in_diagnostics (test_independent_edges.IndependentEdges.test_broker_authorization_exception_must_not_leak_in_diagnostics) ... FAIL
test_broker_material_exception_must_not_leak_in_diagnostics (test_independent_edges.IndependentEdges.test_broker_material_exception_must_not_leak_in_diagnostics) ... FAIL
test_denied_external_query_is_not_copied_into_new_persistent_material (test_independent_edges.IndependentEdges.test_denied_external_query_is_not_copied_into_new_persistent_material) ... FAIL
test_permission_port_exception_must_not_leak_in_diagnostics (test_independent_edges.IndependentEdges.test_permission_port_exception_must_not_leak_in_diagnostics) ... FAIL
test_positive_normal_query_still_consumes_candidate (test_independent_edges.IndependentEdges.test_positive_normal_query_still_consumes_candidate) ... ok
test_positive_ordinary_psychological_query_is_not_censored (test_independent_edges.IndependentEdges.test_positive_ordinary_psychological_query_is_not_censored) ... ok
test_positive_provider_result_exception_is_sanitized (test_independent_edges.IndependentEdges.test_positive_provider_result_exception_is_sanitized) ... ok
test_positive_safe_provider_receipt_id_remains_recoverable (test_independent_edges.IndependentEdges.test_positive_safe_provider_receipt_id_remains_recoverable) ... ok
test_secret_receipt_identifier_must_not_be_persisted_by_engine (test_independent_edges.IndependentEdges.test_secret_receipt_identifier_must_not_be_persisted_by_engine) ... FAIL

======================================================================
FAIL: test_broker_authorization_exception_must_not_leak_in_diagnostics (test_independent_edges.IndependentEdges.test_broker_authorization_exception_must_not_leak_in_diagnostics)
----------------------------------------------------------------------
Traceback (most recent call last):
  File "C:\Users\Administrator\Documents\continuity-engine\docs\project_memory\p16_repair_evidence\independent\test_independent_edges.py", line 79, in test_broker_authorization_exception_must_not_leak_in_diagnostics
    self.assert_no_diagnostic_secret(f.submit)
    ~~~~~~~~~~~~~~~~~~~~~~~~~~~~~~~~^^^^^^^^^^
  File "C:\Users\Administrator\Documents\continuity-engine\docs\project_memory\p16_repair_evidence\independent\test_independent_edges.py", line 33, in assert_no_diagnostic_secret
    self.assertNotIn(SECRET_MARKER, diagnostic,
    ~~~~~~~~~~~~~~~~^^^^^^^^^^^^^^^^^^^^^^^^^^^
                     'Raw external-port exception reaches the normal diagnostic traceback')
                     ^^^^^^^^^^^^^^^^^^^^^^^^^^^^^^^^^^^^^^^^^^^^^^^^^^^^^^^^^^^^^^^^^^^^^^
AssertionError: 'P16_SYNTHETIC_SECRET_DO_NOT_PERSIST' unexpectedly found in 'Traceback (most recent call last):\n  File "C:\\Users\\Administrator\\Documents\\continuity-engine\\src\\continuity_engine\\services\\continuity_interaction_service.py", line 265, in submit\n    operation, thinking_execution = self._run_domain(request, operation, binding)\n                                    ~~~~~~~~~~~~~~~~^^^^^^^^^^^^^^^^^^^^^^^^^^^^^\n  File "C:\\Users\\Administrator\\Documents\\continuity-engine\\src\\continuity_engine\\services\\continuity_interaction_service.py", line 771, in _run_domain\n    return self._complete_domain_after_thinking(\n           ~~~~~~~~~~~~~~~~~~~~~~~~~~~~~~~~~~~~^\n        operation,\n        ^^^^^^^^^^\n    ...<2 lines>...\n        thinking,\n        ^^^^^^^^^\n    )\n    ^\n  File "C:\\Users\\Administrator\\Documents\\continuity-engine\\src\\continuity_engine\\services\\continuity_interaction_service.py", line 998, in _complete_domain_after_thinking\n    self._continuity_core.after_action(operation, thinking, action)\n    ~~~~~~~~~~~~~~~~~~~~~~~~~~~~~~~~~~^^^^^^^^^^^^^^^^^^^^^^^^^^^^^\n  File "C:\\Users\\Administrator\\Documents\\continuity-engine\\src\\continuity_engine\\services\\continuity_core_service.py", line 348, in after_action\n    choice = self.policy.choose(operation, context, thinking, action)\n  File "C:\\Users\\Administrator\\Documents\\continuity-engine\\src\\continuity_engine\\services\\external_capability_service.py", line 45, in choose\n    d=self.s.select(query.kind)\n  File "C:\\Users\\Administrator\\Documents\\continuity-engine\\src\\continuity_engine\\services\\external_capability_service.py", line 87, in select\n    self.require_current(d,\'select\');return d\n    ~~~~~~~~~~~~~~~~~~~~^^^^^^^^^^^^\n  File "C:\\Users\\Administrator\\Documents\\continuity-engine\\src\\continuity_engine\\services\\external_capability_service.py", line 100, in require_current\n    if not self.broker.authorize_reference(d,at=c.clock(),purpose=purpose):raise ExternalCapabilityError(\'EXTERNAL_CREDENTIAL_REFERENCE_DENIED\')\n           ~~~~~~~~~~~~~~~~~~~~~~~~~~~~~~~^^^^^^^^^^^^^^^^^^^^^^^^^^^^^^^^\n  File "E:\\Adobe\\Lib\\unittest\\mock.py", line 1176, in __call__\n    return self._mock_call(*args, **kwargs)\n           ~~~~~~~~~~~~~~~^^^^^^^^^^^^^^^^^\n  File "E:\\Adobe\\Lib\\unittest\\mock.py", line 1180, in _mock_call\n    return self._execute_mock_call(*args, **kwargs)\n           ~~~~~~~~~~~~~~~~~~~~~~~^^^^^^^^^^^^^^^^^\n  File "E:\\Adobe\\Lib\\unittest\\mock.py", line 1241, in _execute_mock_call\n    raise effect\nRuntimeError: P16_SYNTHETIC_SECRET_DO_NOT_PERSIST\n\nThe above exception was the direct cause of the following exception:\n\nTraceback (most recent call last):\n  File "C:\\Users\\Administrator\\Documents\\continuity-engine\\docs\\project_memory\\p16_repair_evidence\\independent\\test_independent_edges.py", line 28, in assert_no_diagnostic_secret\n    operation()\n    ~~~~~~~~~^^\n  File "C:\\Users\\Administrator\\Documents\\continuity-engine\\src\\continuity_engine\\testing\\p16_provider_fixture.py", line 163, in submit\n    request=request or self.request();value=self.app.adapter.submit(request)\n                                            ~~~~~~~~~~~~~~~~~~~~~~~^^^^^^^^^\n  File "C:\\Users\\Administrator\\Documents\\continuity-engine\\src\\continuity_engine\\interfaces\\integration_adapter.py", line 38, in submit\n    return self._service.submit(payload)\n           ~~~~~~~~~~~~~~~~~~~~^^^^^^^^^\n  File "C:\\Users\\Administrator\\Documents\\continuity-engine\\src\\continuity_engine\\services\\continuity_interaction_service.py", line 277, in submit\n    raise IntegrationExecutionError(\n    ...<4 lines>...\n    ) from exc\ncontinuity_engine.domain.errors.IntegrationExecutionError: Local integration encountered an unexpected execution fault during domain.\n' : Raw external-port exception reaches the normal diagnostic traceback

======================================================================
FAIL: test_broker_material_exception_must_not_leak_in_diagnostics (test_independent_edges.IndependentEdges.test_broker_material_exception_must_not_leak_in_diagnostics)
----------------------------------------------------------------------
Traceback (most recent call last):
  File "C:\Users\Administrator\Documents\continuity-engine\docs\project_memory\p16_repair_evidence\independent\test_independent_edges.py", line 91, in test_broker_material_exception_must_not_leak_in_diagnostics
    self.assert_no_diagnostic_secret(f.submit)
    ~~~~~~~~~~~~~~~~~~~~~~~~~~~~~~~~^^^^^^^^^^
  File "C:\Users\Administrator\Documents\continuity-engine\docs\project_memory\p16_repair_evidence\independent\test_independent_edges.py", line 33, in assert_no_diagnostic_secret
    self.assertNotIn(SECRET_MARKER, diagnostic,
    ~~~~~~~~~~~~~~~~^^^^^^^^^^^^^^^^^^^^^^^^^^^
                     'Raw external-port exception reaches the normal diagnostic traceback')
                     ^^^^^^^^^^^^^^^^^^^^^^^^^^^^^^^^^^^^^^^^^^^^^^^^^^^^^^^^^^^^^^^^^^^^^^
AssertionError: 'P16_SYNTHETIC_SECRET_DO_NOT_PERSIST' unexpectedly found in 'Traceback (most recent call last):\n  File "C:\\Users\\Administrator\\Documents\\continuity-engine\\src\\continuity_engine\\services\\continuity_interaction_service.py", line 265, in submit\n    operation, thinking_execution = self._run_domain(request, operation, binding)\n                                    ~~~~~~~~~~~~~~~~^^^^^^^^^^^^^^^^^^^^^^^^^^^^^\n  File "C:\\Users\\Administrator\\Documents\\continuity-engine\\src\\continuity_engine\\services\\continuity_interaction_service.py", line 771, in _run_domain\n    return self._complete_domain_after_thinking(\n           ~~~~~~~~~~~~~~~~~~~~~~~~~~~~~~~~~~~~^\n        operation,\n        ^^^^^^^^^^\n    ...<2 lines>...\n        thinking,\n        ^^^^^^^^^\n    )\n    ^\n  File "C:\\Users\\Administrator\\Documents\\continuity-engine\\src\\continuity_engine\\services\\continuity_interaction_service.py", line 998, in _complete_domain_after_thinking\n    self._continuity_core.after_action(operation, thinking, action)\n    ~~~~~~~~~~~~~~~~~~~~~~~~~~~~~~~~~~^^^^^^^^^^^^^^^^^^^^^^^^^^^^^\n  File "C:\\Users\\Administrator\\Documents\\continuity-engine\\src\\continuity_engine\\services\\continuity_core_service.py", line 348, in after_action\n    choice = self.policy.choose(operation, context, thinking, action)\n  File "C:\\Users\\Administrator\\Documents\\continuity-engine\\src\\continuity_engine\\services\\external_capability_service.py", line 46, in choose\n    if not self.s.broker.material_allowed(d,query.to_dict()):raise ExternalCapabilityError(\'EXTERNAL_INPUT_REJECTED\')\n           ~~~~~~~~~~~~~~~~~~~~~~~~~~~~~~^^^^^^^^^^^^^^^^^^^\n  File "E:\\Adobe\\Lib\\unittest\\mock.py", line 1176, in __call__\n    return self._mock_call(*args, **kwargs)\n           ~~~~~~~~~~~~~~~^^^^^^^^^^^^^^^^^\n  File "E:\\Adobe\\Lib\\unittest\\mock.py", line 1180, in _mock_call\n    return self._execute_mock_call(*args, **kwargs)\n           ~~~~~~~~~~~~~~~~~~~~~~~^^^^^^^^^^^^^^^^^\n  File "E:\\Adobe\\Lib\\unittest\\mock.py", line 1241, in _execute_mock_call\n    raise effect\nRuntimeError: P16_SYNTHETIC_SECRET_DO_NOT_PERSIST\n\nThe above exception was the direct cause of the following exception:\n\nTraceback (most recent call last):\n  File "C:\\Users\\Administrator\\Documents\\continuity-engine\\docs\\project_memory\\p16_repair_evidence\\independent\\test_independent_edges.py", line 28, in assert_no_diagnostic_secret\n    operation()\n    ~~~~~~~~~^^\n  File "C:\\Users\\Administrator\\Documents\\continuity-engine\\src\\continuity_engine\\testing\\p16_provider_fixture.py", line 163, in submit\n    request=request or self.request();value=self.app.adapter.submit(request)\n                                            ~~~~~~~~~~~~~~~~~~~~~~~^^^^^^^^^\n  File "C:\\Users\\Administrator\\Documents\\continuity-engine\\src\\continuity_engine\\interfaces\\integration_adapter.py", line 38, in submit\n    return self._service.submit(payload)\n           ~~~~~~~~~~~~~~~~~~~~^^^^^^^^^\n  File "C:\\Users\\Administrator\\Documents\\continuity-engine\\src\\continuity_engine\\services\\continuity_interaction_service.py", line 277, in submit\n    raise IntegrationExecutionError(\n    ...<4 lines>...\n    ) from exc\ncontinuity_engine.domain.errors.IntegrationExecutionError: Local integration encountered an unexpected execution fault during domain.\n' : Raw external-port exception reaches the normal diagnostic traceback

======================================================================
FAIL: test_denied_external_query_is_not_copied_into_new_persistent_material (test_independent_edges.IndependentEdges.test_denied_external_query_is_not_copied_into_new_persistent_material)
----------------------------------------------------------------------
Traceback (most recent call last):
  File "C:\Users\Administrator\Documents\continuity-engine\docs\project_memory\p16_repair_evidence\independent\test_independent_edges.py", line 119, in test_denied_external_query_is_not_copied_into_new_persistent_material
    self.assertEqual([], self.secret_files(),
    ~~~~~~~~~~~~~~~~^^^^^^^^^^^^^^^^^^^^^^^^^
                     'Query rejected by Broker is already stored by the normal Thinking path')
                     ^^^^^^^^^^^^^^^^^^^^^^^^^^^^^^^^^^^^^^^^^^^^^^^^^^^^^^^^^^^^^^^^^^^^^^^^^
AssertionError: Lists differ: [] != ['integration/operation-journal.first-roun[162 chars]son']

Second list contains 2 additional elements.
First extra element 0:
'integration/operation-journal.first-round-v1.json'

- []
+ ['integration/operation-journal.first-round-v1.json',
+  'thinking/sessions/f6fa2e56b1f6cc3c1320989e720539d4a87e2cdd49d9db30fa99e07b38301a96/80ba81710d14cb80b9c2991427f2d57fe262ecc74146d3a350826a8ac8fffcfa.json'] : Query rejected by Broker is already stored by the normal Thinking path

======================================================================
FAIL: test_permission_port_exception_must_not_leak_in_diagnostics (test_independent_edges.IndependentEdges.test_permission_port_exception_must_not_leak_in_diagnostics)
----------------------------------------------------------------------
Traceback (most recent call last):
  File "C:\Users\Administrator\Documents\continuity-engine\docs\project_memory\p16_repair_evidence\independent\test_independent_edges.py", line 85, in test_permission_port_exception_must_not_leak_in_diagnostics
    self.assert_no_diagnostic_secret(f.submit)
    ~~~~~~~~~~~~~~~~~~~~~~~~~~~~~~~~^^^^^^^^^^
  File "C:\Users\Administrator\Documents\continuity-engine\docs\project_memory\p16_repair_evidence\independent\test_independent_edges.py", line 33, in assert_no_diagnostic_secret
    self.assertNotIn(SECRET_MARKER, diagnostic,
    ~~~~~~~~~~~~~~~~^^^^^^^^^^^^^^^^^^^^^^^^^^^
                     'Raw external-port exception reaches the normal diagnostic traceback')
                     ^^^^^^^^^^^^^^^^^^^^^^^^^^^^^^^^^^^^^^^^^^^^^^^^^^^^^^^^^^^^^^^^^^^^^^
AssertionError: 'P16_SYNTHETIC_SECRET_DO_NOT_PERSIST' unexpectedly found in 'Traceback (most recent call last):\n  File "C:\\Users\\Administrator\\Documents\\continuity-engine\\src\\continuity_engine\\services\\continuity_interaction_service.py", line 265, in submit\n    operation, thinking_execution = self._run_domain(request, operation, binding)\n                                    ~~~~~~~~~~~~~~~~^^^^^^^^^^^^^^^^^^^^^^^^^^^^^\n  File "C:\\Users\\Administrator\\Documents\\continuity-engine\\src\\continuity_engine\\services\\continuity_interaction_service.py", line 771, in _run_domain\n    return self._complete_domain_after_thinking(\n           ~~~~~~~~~~~~~~~~~~~~~~~~~~~~~~~~~~~~^\n        operation,\n        ^^^^^^^^^^\n    ...<2 lines>...\n        thinking,\n        ^^^^^^^^^\n    )\n    ^\n  File "C:\\Users\\Administrator\\Documents\\continuity-engine\\src\\continuity_engine\\services\\continuity_interaction_service.py", line 998, in _complete_domain_after_thinking\n    self._continuity_core.after_action(operation, thinking, action)\n    ~~~~~~~~~~~~~~~~~~~~~~~~~~~~~~~~~~^^^^^^^^^^^^^^^^^^^^^^^^^^^^^\n  File "C:\\Users\\Administrator\\Documents\\continuity-engine\\src\\continuity_engine\\services\\continuity_core_service.py", line 348, in after_action\n    choice = self.policy.choose(operation, context, thinking, action)\n  File "C:\\Users\\Administrator\\Documents\\continuity-engine\\src\\continuity_engine\\services\\external_capability_service.py", line 45, in choose\n    d=self.s.select(query.kind)\n  File "C:\\Users\\Administrator\\Documents\\continuity-engine\\src\\continuity_engine\\services\\external_capability_service.py", line 87, in select\n    self.require_current(d,\'select\');return d\n    ~~~~~~~~~~~~~~~~~~~~^^^^^^^^^^^^\n  File "C:\\Users\\Administrator\\Documents\\continuity-engine\\src\\continuity_engine\\services\\external_capability_service.py", line 99, in require_current\n    if not self.permissions.authorize(d,at=c.clock(),purpose=purpose):raise ExternalCapabilityError(\'EXTERNAL_PERMISSION_DENIED\')\n           ~~~~~~~~~~~~~~~~~~~~~~~~~~^^^^^^^^^^^^^^^^^^^^^^^^^^^^^^^^\n  File "E:\\Adobe\\Lib\\unittest\\mock.py", line 1176, in __call__\n    return self._mock_call(*args, **kwargs)\n           ~~~~~~~~~~~~~~~^^^^^^^^^^^^^^^^^\n  File "E:\\Adobe\\Lib\\unittest\\mock.py", line 1180, in _mock_call\n    return self._execute_mock_call(*args, **kwargs)\n           ~~~~~~~~~~~~~~~~~~~~~~~^^^^^^^^^^^^^^^^^\n  File "E:\\Adobe\\Lib\\unittest\\mock.py", line 1241, in _execute_mock_call\n    raise effect\nRuntimeError: P16_SYNTHETIC_SECRET_DO_NOT_PERSIST\n\nThe above exception was the direct cause of the following exception:\n\nTraceback (most recent call last):\n  File "C:\\Users\\Administrator\\Documents\\continuity-engine\\docs\\project_memory\\p16_repair_evidence\\independent\\test_independent_edges.py", line 28, in assert_no_diagnostic_secret\n    operation()\n    ~~~~~~~~~^^\n  File "C:\\Users\\Administrator\\Documents\\continuity-engine\\src\\continuity_engine\\testing\\p16_provider_fixture.py", line 163, in submit\n    request=request or self.request();value=self.app.adapter.submit(request)\n                                            ~~~~~~~~~~~~~~~~~~~~~~~^^^^^^^^^\n  File "C:\\Users\\Administrator\\Documents\\continuity-engine\\src\\continuity_engine\\interfaces\\integration_adapter.py", line 38, in submit\n    return self._service.submit(payload)\n           ~~~~~~~~~~~~~~~~~~~~^^^^^^^^^\n  File "C:\\Users\\Administrator\\Documents\\continuity-engine\\src\\continuity_engine\\services\\continuity_interaction_service.py", line 277, in submit\n    raise IntegrationExecutionError(\n    ...<4 lines>...\n    ) from exc\ncontinuity_engine.domain.errors.IntegrationExecutionError: Local integration encountered an unexpected execution fault during domain.\n' : Raw external-port exception reaches the normal diagnostic traceback

======================================================================
FAIL: test_secret_receipt_identifier_must_not_be_persisted_by_engine (test_independent_edges.IndependentEdges.test_secret_receipt_identifier_must_not_be_persisted_by_engine)
----------------------------------------------------------------------
Traceback (most recent call last):
  File "C:\Users\Administrator\Documents\continuity-engine\docs\project_memory\p16_repair_evidence\independent\test_independent_edges.py", line 109, in test_secret_receipt_identifier_must_not_be_persisted_by_engine
    self.assertEqual([], self.secret_files(),
    ~~~~~~~~~~~~~~~~^^^^^^^^^^^^^^^^^^^^^^^^^
                     'Provider-controlled receipt bypasses the Broker material filter')
                     ^^^^^^^^^^^^^^^^^^^^^^^^^^^^^^^^^^^^^^^^^^^^^^^^^^^^^^^^^^^^^^^^^^
AssertionError: Lists differ: [] != ['integration/capability-ledger.v1.json']

Second list contains 1 additional elements.
First extra element 0:
'integration/capability-ledger.v1.json'

- []
+ ['integration/capability-ledger.v1.json'] : Provider-controlled receipt bypasses the Broker material filter

----------------------------------------------------------------------
Ran 9 tests in 7.346s

FAILED (failures=5)
