Processing .\.p10-evidence\20260904T160610Z-5aeb7659\wheel\continuity_assistant-0.1.0-py3-none-any.whl
Collecting jsonschema<5,>=4.26 (from continuity-assistant==0.1.0)
  Using cached jsonschema-4.26.0-py3-none-any.whl.metadata (7.6 kB)
Collecting rfc8785<1,>=0.1.4 (from continuity-assistant==0.1.0)
  Using cached rfc8785-0.1.4-py3-none-any.whl.metadata (3.4 kB)
Collecting attrs>=22.2.0 (from jsonschema<5,>=4.26->continuity-assistant==0.1.0)
  Using cached attrs-26.1.0-py3-none-any.whl.metadata (8.8 kB)
Collecting jsonschema-specifications>=2023.03.6 (from jsonschema<5,>=4.26->continuity-assistant==0.1.0)
  Using cached jsonschema_specifications-2025.9.1-py3-none-any.whl.metadata (2.9 kB)
Collecting referencing>=0.28.4 (from jsonschema<5,>=4.26->continuity-assistant==0.1.0)
  Using cached referencing-0.37.0-py3-none-any.whl.metadata (2.8 kB)
Collecting rpds-py>=0.25.0 (from jsonschema<5,>=4.26->continuity-assistant==0.1.0)
  Using cached rpds_py-2026.6.3-cp314-cp314-win_amd64.whl.metadata (4.2 kB)
Using cached jsonschema-4.26.0-py3-none-any.whl (90 kB)
Using cached rfc8785-0.1.4-py3-none-any.whl (9.2 kB)
Using cached attrs-26.1.0-py3-none-any.whl (67 kB)
Using cached jsonschema_specifications-2025.9.1-py3-none-any.whl (18 kB)
Using cached referencing-0.37.0-py3-none-any.whl (26 kB)
Using cached rpds_py-2026.6.3-cp314-cp314-win_amd64.whl (220 kB)
Installing collected packages: rpds-py, rfc8785, attrs, referencing, jsonschema-specifications, jsonschema, continuity-assistant

Successfully installed attrs-26.1.0 continuity-assistant-0.1.0 jsonschema-4.26.0 jsonschema-specifications-2025.9.1 referencing-0.37.0 rfc8785-0.1.4 rpds-py-2026.6.3
