2026-09-04T16:40:11.4913960Z Current runner version: '2.337.0'
2026-09-04T16:40:11.4949931Z ##[group]Runner Image Provisioner
2026-09-04T16:40:11.4951196Z Hosted Compute Agent
2026-09-04T16:40:11.4952175Z Version: 20260819.586
2026-09-04T16:40:11.4953633Z Commit: 3cc4a88dfa507ef76119ad1bb3eccc6378bb2b76
2026-09-04T16:40:11.4954967Z Build Date: 2026-08-18T23:20:18Z
2026-09-04T16:40:11.4956130Z Worker ID: {84fb6a60-ebf7-4afa-8304-9975da56ea96}
2026-09-04T16:40:11.4957333Z Azure Region: westus
2026-09-04T16:40:11.4958306Z ##[endgroup]
2026-09-04T16:40:11.4960616Z ##[group]Operating System
2026-09-04T16:40:11.4961713Z Microsoft Windows Server 2025
2026-09-04T16:40:11.4962734Z 10.0.26100
2026-09-04T16:40:11.4963601Z Datacenter
2026-09-04T16:40:11.4964456Z ##[endgroup]
2026-09-04T16:40:11.4965384Z ##[group]Runner Image
2026-09-04T16:40:11.4966366Z Image: windows-2025-vs2026
2026-09-04T16:40:11.4967353Z Version: 20260824.214.3
2026-09-04T16:40:11.4969904Z Included Software: https://github.com/actions/runner-images/blob/win25-vs2026/20260824.214/images/windows/Windows2025-VS2026-Readme.md
2026-09-04T16:40:11.4972983Z Image Release: https://github.com/actions/runner-images/releases/tag/win25-vs2026%2F20260824.214
2026-09-04T16:40:11.4975120Z ##[endgroup]
2026-09-04T16:40:11.4977037Z ##[group]GITHUB_TOKEN Permissions
2026-09-04T16:40:11.4979784Z Contents: read
2026-09-04T16:40:11.4980719Z Metadata: read
2026-09-04T16:40:11.4981570Z ##[endgroup]
2026-09-04T16:40:11.4984639Z Secret source: Actions
2026-09-04T16:40:11.4986331Z Prepare workflow directory
2026-09-04T16:40:11.5605537Z Prepare all required actions
2026-09-04T16:40:11.5678453Z Getting action download info
2026-09-04T16:40:11.9480280Z Download action repository 'actions/checkout@11d5960a326750d5838078e36cf38b85af677262' (SHA:11d5960a326750d5838078e36cf38b85af677262)
2026-09-04T16:40:12.1096132Z Download action repository 'actions/setup-python@a26af69be951a213d495a4c3e4e4022e16d87065' (SHA:a26af69be951a213d495a4c3e4e4022e16d87065)
2026-09-04T16:40:12.2733485Z Download action repository 'actions/upload-artifact@ea165f8d65b6e75b540449e92b4886f43607fa02' (SHA:ea165f8d65b6e75b540449e92b4886f43607fa02)
2026-09-04T16:40:12.7312415Z Complete job name: core
2026-09-04T16:40:12.8818030Z Node 20 is being deprecated. This workflow is running with Node 24 by default. If you need to temporarily use Node 20, you can set the ACTIONS_ALLOW_USE_UNSECURE_NODE_VERSION=true environment variable. For more information see: https://github.blog/changelog/2025-09-19-deprecation-of-node-20-on-github-actions-runners/
2026-09-04T16:40:12.8829858Z ##[group]Run actions/checkout@11d5960a326750d5838078e36cf38b85af677262
2026-09-04T16:40:12.8831312Z with:
2026-09-04T16:40:12.8831994Z   fetch-depth: 0
2026-09-04T16:40:12.8832761Z   persist-credentials: false
2026-09-04T16:40:12.8833632Z   set-safe-directory: false
2026-09-04T16:40:12.8834591Z   repository: yuan69082-code/continuity-assistant
2026-09-04T16:40:12.8843420Z   token: ***
2026-09-04T16:40:12.8844164Z   ssh-strict: true
2026-09-04T16:40:12.8844930Z   ssh-user: git
2026-09-04T16:40:12.8845621Z   clean: true
2026-09-04T16:40:12.8846361Z   sparse-checkout-cone-mode: true
2026-09-04T16:40:12.8847300Z   fetch-tags: false
2026-09-04T16:40:12.8848256Z   show-progress: true
2026-09-04T16:40:12.8849012Z   lfs: false
2026-09-04T16:40:12.8849706Z   submodules: false
2026-09-04T16:40:12.8850495Z   allow-unsafe-pr-checkout: false
2026-09-04T16:40:12.8851661Z env:
2026-09-04T16:40:12.8852358Z   PYTHONDONTWRITEBYTECODE: 1
2026-09-04T16:40:12.8853217Z   PYTHONUTF8: 1
2026-09-04T16:40:12.8853944Z   GIT_CONFIG_COUNT: 1
2026-09-04T16:40:12.8854727Z   GIT_CONFIG_KEY_0: core.autocrlf
2026-09-04T16:40:12.8855603Z   GIT_CONFIG_VALUE_0: false
2026-09-04T16:40:12.8856412Z ##[endgroup]
2026-09-04T16:40:14.2519955Z Syncing repository: yuan69082-code/continuity-assistant
2026-09-04T16:40:14.2530791Z ##[group]Getting Git version info
2026-09-04T16:40:14.2532689Z Working directory is 'D:\a\continuity-assistant\continuity-assistant'
2026-09-04T16:40:14.2538694Z [command]"C:\Program Files\Git\bin\git.exe" version
2026-09-04T16:40:14.2539834Z git version 2.55.0.windows.5
2026-09-04T16:40:14.2544224Z ##[endgroup]
2026-09-04T16:40:14.2551305Z Deleting the contents of 'D:\a\continuity-assistant\continuity-assistant'
2026-09-04T16:40:14.2553281Z ##[group]Initializing the repository
2026-09-04T16:40:14.2554827Z [command]"C:\Program Files\Git\bin\git.exe" init D:\a\continuity-assistant\continuity-assistant
2026-09-04T16:40:15.2328387Z Initialized empty Git repository in D:/a/continuity-assistant/continuity-assistant/.git/
2026-09-04T16:40:15.2330895Z [command]"C:\Program Files\Git\bin\git.exe" remote add origin https://github.com/yuan69082-code/continuity-assistant
2026-09-04T16:40:15.2333129Z ##[endgroup]
2026-09-04T16:40:15.2333852Z ##[group]Disabling automatic garbage collection
2026-09-04T16:40:15.2334814Z [command]"C:\Program Files\Git\bin\git.exe" config --local gc.auto 0
2026-09-04T16:40:15.2337176Z ##[endgroup]
2026-09-04T16:40:15.2337939Z ##[group]Setting up auth
2026-09-04T16:40:15.2339095Z [command]"C:\Program Files\Git\bin\git.exe" config --local --name-only --get-regexp core\.sshCommand
2026-09-04T16:40:15.2342162Z [command]"C:\Program Files\Git\bin\git.exe" submodule foreach --recursive "sh -c \"git config --local --name-only --get-regexp 'core\.sshCommand' && git config --local --unset-all 'core.sshCommand' || :\""
2026-09-04T16:40:15.2345604Z [command]"C:\Program Files\Git\bin\git.exe" config --local --name-only --get-regexp http\.https\:\/\/github\.com\/\.extraheader
2026-09-04T16:40:15.2348769Z [command]"C:\Program Files\Git\bin\git.exe" submodule foreach --recursive "sh -c \"git config --local --name-only --get-regexp 'http\.https\:\/\/github\.com\/\.extraheader' && git config --local --unset-all 'http.https://github.com/.extraheader' || :\""
2026-09-04T16:40:15.4534301Z [command]"C:\Program Files\Git\bin\git.exe" config --local --name-only --get-regexp ^includeIf\.gitdir:
2026-09-04T16:40:15.4867893Z [command]"C:\Program Files\Git\bin\git.exe" submodule foreach --recursive "git config --local --show-origin --name-only --get-regexp remote.origin.url"
2026-09-04T16:40:16.2012578Z [command]"C:\Program Files\Git\bin\git.exe" config --local http.https://github.com/.extraheader "AUTHORIZATION: basic ***"
2026-09-04T16:40:16.2415064Z ##[endgroup]
2026-09-04T16:40:16.2459514Z ##[group]Fetching the repository
2026-09-04T16:40:16.2576650Z [command]"C:\Program Files\Git\bin\git.exe" -c protocol.version=2 fetch --prune --no-recurse-submodules origin +refs/heads/*:refs/remotes/origin/* +refs/tags/*:refs/tags/*
2026-09-04T16:40:17.4254061Z From https://github.com/yuan69082-code/continuity-assistant
2026-09-04T16:40:17.4255286Z  * [new branch]      continuity-assistant-fenzhi -> origin/continuity-assistant-fenzhi
2026-09-04T16:40:17.4317323Z [command]"C:\Program Files\Git\bin\git.exe" branch --list --remote origin/continuity-assistant-fenzhi
2026-09-04T16:40:17.4618306Z   origin/continuity-assistant-fenzhi
2026-09-04T16:40:17.4697081Z [command]"C:\Program Files\Git\bin\git.exe" rev-parse refs/remotes/origin/continuity-assistant-fenzhi
2026-09-04T16:40:17.4961419Z 90f112b8be4617feb2d6387ceb2f77603302cee6
2026-09-04T16:40:17.5024795Z ##[endgroup]
2026-09-04T16:40:17.5028909Z ##[group]Determining the checkout info
2026-09-04T16:40:17.5039760Z ##[endgroup]
2026-09-04T16:40:17.5041905Z [command]"C:\Program Files\Git\bin\git.exe" sparse-checkout disable
2026-09-04T16:40:17.5410274Z [command]"C:\Program Files\Git\bin\git.exe" config --local --unset-all extensions.worktreeConfig
2026-09-04T16:40:17.5740744Z ##[group]Checking out the ref
2026-09-04T16:40:17.5764303Z [command]"C:\Program Files\Git\bin\git.exe" checkout --progress --force -B continuity-assistant-fenzhi refs/remotes/origin/continuity-assistant-fenzhi
2026-09-04T16:40:17.7383068Z Switched to a new branch 'continuity-assistant-fenzhi'
2026-09-04T16:40:17.7413276Z branch 'continuity-assistant-fenzhi' set up to track 'origin/continuity-assistant-fenzhi'.
2026-09-04T16:40:17.7484618Z ##[endgroup]
2026-09-04T16:40:17.7877474Z [command]"C:\Program Files\Git\bin\git.exe" log -1 --format=%H
2026-09-04T16:40:17.8160929Z 90f112b8be4617feb2d6387ceb2f77603302cee6
2026-09-04T16:40:17.8204795Z ##[group]Removing auth
2026-09-04T16:40:17.8215322Z [command]"C:\Program Files\Git\bin\git.exe" config --local --name-only --get-regexp core\.sshCommand
2026-09-04T16:40:17.8570348Z [command]"C:\Program Files\Git\bin\git.exe" submodule foreach --recursive "sh -c \"git config --local --name-only --get-regexp 'core\.sshCommand' && git config --local --unset-all 'core.sshCommand' || :\""
2026-09-04T16:40:18.4940949Z [command]"C:\Program Files\Git\bin\git.exe" config --local --name-only --get-regexp http\.https\:\/\/github\.com\/\.extraheader
2026-09-04T16:40:18.5206119Z http.https://github.com/.extraheader
2026-09-04T16:40:18.5247454Z [command]"C:\Program Files\Git\bin\git.exe" config --local --unset-all http.https://github.com/.extraheader
2026-09-04T16:40:18.5562904Z [command]"C:\Program Files\Git\bin\git.exe" submodule foreach --recursive "sh -c \"git config --local --name-only --get-regexp 'http\.https\:\/\/github\.com\/\.extraheader' && git config --local --unset-all 'http.https://github.com/.extraheader' || :\""
2026-09-04T16:40:19.1788834Z [command]"C:\Program Files\Git\bin\git.exe" config --local --name-only --get-regexp ^includeIf\.gitdir:
2026-09-04T16:40:19.2165187Z [command]"C:\Program Files\Git\bin\git.exe" submodule foreach --recursive "git config --local --show-origin --name-only --get-regexp remote.origin.url"
2026-09-04T16:40:19.8450792Z ##[endgroup]
2026-09-04T16:40:19.8970143Z Node 20 is being deprecated. This workflow is running with Node 24 by default. If you need to temporarily use Node 20, you can set the ACTIONS_ALLOW_USE_UNSECURE_NODE_VERSION=true environment variable. For more information see: https://github.blog/changelog/2025-09-19-deprecation-of-node-20-on-github-actions-runners/
2026-09-04T16:40:19.8973504Z ##[group]Run actions/setup-python@a26af69be951a213d495a4c3e4e4022e16d87065
2026-09-04T16:40:19.8973911Z with:
2026-09-04T16:40:19.8974100Z   python-version: 3.14
2026-09-04T16:40:19.8974317Z   check-latest: false
2026-09-04T16:40:19.8977106Z   token: ***
2026-09-04T16:40:19.8977302Z   update-environment: true
2026-09-04T16:40:19.8977528Z   allow-prereleases: false
2026-09-04T16:40:19.8977742Z   freethreaded: false
2026-09-04T16:40:19.8977930Z env:
2026-09-04T16:40:19.8978109Z   PYTHONDONTWRITEBYTECODE: 1
2026-09-04T16:40:19.8978319Z   PYTHONUTF8: 1
2026-09-04T16:40:19.8978494Z   GIT_CONFIG_COUNT: 1
2026-09-04T16:40:19.8978732Z   GIT_CONFIG_KEY_0: core.autocrlf
2026-09-04T16:40:19.8978955Z   GIT_CONFIG_VALUE_0: false
2026-09-04T16:40:19.8979151Z ##[endgroup]
2026-09-04T16:40:20.1316947Z ##[group]Installed versions
2026-09-04T16:40:20.1542625Z (node:2508) [DEP0040] DeprecationWarning: The `punycode` module is deprecated. Please use a userland alternative instead.
2026-09-04T16:40:20.1544787Z (Use `node --trace-deprecation ...` to show where the warning was created)
2026-09-04T16:40:20.1545606Z Successfully set up CPython (3.14.7)
2026-09-04T16:40:20.1574755Z ##[endgroup]
2026-09-04T16:40:20.1898530Z ##[group]Run python tools/p10_verify.py
2026-09-04T16:40:20.1898975Z [36;1mpython tools/p10_verify.py[0m
2026-09-04T16:40:20.3573416Z shell: C:\Program Files\PowerShell\7\pwsh.EXE -command ". '{0}'"
2026-09-04T16:40:20.3574344Z env:
2026-09-04T16:40:20.3574857Z   PYTHONDONTWRITEBYTECODE: 1
2026-09-04T16:40:20.3575453Z   PYTHONUTF8: 1
2026-09-04T16:40:20.3575758Z   GIT_CONFIG_COUNT: 1
2026-09-04T16:40:20.3576110Z   GIT_CONFIG_KEY_0: core.autocrlf
2026-09-04T16:40:20.3576522Z   GIT_CONFIG_VALUE_0: false
2026-09-04T16:40:20.3577021Z   pythonLocation: C:\hostedtoolcache\windows\Python\3.14.7\x64
2026-09-04T16:40:20.3577816Z   PKG_CONFIG_PATH: C:\hostedtoolcache\windows\Python\3.14.7\x64/lib/pkgconfig
2026-09-04T16:40:20.3578608Z   Python_ROOT_DIR: C:\hostedtoolcache\windows\Python\3.14.7\x64
2026-09-04T16:40:20.3579314Z   Python2_ROOT_DIR: C:\hostedtoolcache\windows\Python\3.14.7\x64
2026-09-04T16:40:20.3580520Z   Python3_ROOT_DIR: C:\hostedtoolcache\windows\Python\3.14.7\x64
2026-09-04T16:40:20.3581075Z ##[endgroup]
2026-09-04T16:40:22.3669707Z 01-venv: starting; evidence=D:\a\continuity-assistant\continuity-assistant\.p10-evidence\20260904T164022Z-1c9eaf12
2026-09-04T16:40:28.2716965Z 01-venv: exit=0 elapsed=5.895s
2026-09-04T16:40:28.2721797Z 02-build: starting; evidence=D:\a\continuity-assistant\continuity-assistant\.p10-evidence\20260904T164022Z-1c9eaf12
2026-09-04T16:40:34.1458248Z 02-build: exit=0 elapsed=5.881s
2026-09-04T16:40:34.1468561Z 03-install: starting; evidence=D:\a\continuity-assistant\continuity-assistant\.p10-evidence\20260904T164022Z-1c9eaf12
2026-09-04T16:40:45.2448719Z 03-install: exit=0 elapsed=11.097s
2026-09-04T16:40:45.2483884Z 04-installed-smoke: starting; evidence=D:\a\continuity-assistant\continuity-assistant\.p10-evidence\20260904T164022Z-1c9eaf12
2026-09-04T16:40:49.7017125Z 04-installed-smoke: exit=0 elapsed=4.451s
2026-09-04T16:40:49.7037666Z 05-p10: starting; evidence=D:\a\continuity-assistant\continuity-assistant\.p10-evidence\20260904T164022Z-1c9eaf12
2026-09-04T16:41:27.2243442Z 05-p10: exit=0 elapsed=37.521s
2026-09-04T16:41:27.2265980Z 05b-installed-golden: starting; evidence=D:\a\continuity-assistant\continuity-assistant\.p10-evidence\20260904T164022Z-1c9eaf12
2026-09-04T16:41:38.2067027Z 05b-installed-golden: exit=0 elapsed=10.985s
2026-09-04T16:41:38.2073134Z 06-core: starting; evidence=D:\a\continuity-assistant\continuity-assistant\.p10-evidence\20260904T164022Z-1c9eaf12
2026-09-04T16:56:08.7465791Z 06-core: exit=0 elapsed=870.533s
2026-09-04T16:56:08.7470288Z Preserved evidence: D:\a\continuity-assistant\continuity-assistant\.p10-evidence\20260904T164022Z-1c9eaf12\report.json
2026-09-04T16:56:09.0246538Z Node 20 is being deprecated. This workflow is running with Node 24 by default. If you need to temporarily use Node 20, you can set the ACTIONS_ALLOW_USE_UNSECURE_NODE_VERSION=true environment variable. For more information see: https://github.blog/changelog/2025-09-19-deprecation-of-node-20-on-github-actions-runners/
2026-09-04T16:56:09.0248208Z ##[group]Run actions/upload-artifact@ea165f8d65b6e75b540449e92b4886f43607fa02
2026-09-04T16:56:09.0248655Z with:
2026-09-04T16:56:09.0248916Z   name: p10-evidence-33896418682-1
2026-09-04T16:56:09.0249225Z   path: .p10-evidence/**
2026-09-04T16:56:09.0249518Z   include-hidden-files: true
2026-09-04T16:56:09.0249811Z   if-no-files-found: error
2026-09-04T16:56:09.0250124Z   retention-days: 14
2026-09-04T16:56:09.0250394Z   compression-level: 6
2026-09-04T16:56:09.0250655Z   overwrite: false
2026-09-04T16:56:09.0250888Z env:
2026-09-04T16:56:09.0251122Z   PYTHONDONTWRITEBYTECODE: 1
2026-09-04T16:56:09.0251405Z   PYTHONUTF8: 1
2026-09-04T16:56:09.0251745Z   GIT_CONFIG_COUNT: 1
2026-09-04T16:56:09.0252009Z   GIT_CONFIG_KEY_0: core.autocrlf
2026-09-04T16:56:09.0252299Z   GIT_CONFIG_VALUE_0: false
2026-09-04T16:56:09.0252664Z   pythonLocation: C:\hostedtoolcache\windows\Python\3.14.7\x64
2026-09-04T16:56:09.0253190Z   PKG_CONFIG_PATH: C:\hostedtoolcache\windows\Python\3.14.7\x64/lib/pkgconfig
2026-09-04T16:56:09.0253684Z   Python_ROOT_DIR: C:\hostedtoolcache\windows\Python\3.14.7\x64
2026-09-04T16:56:09.0254160Z   Python2_ROOT_DIR: C:\hostedtoolcache\windows\Python\3.14.7\x64
2026-09-04T16:56:09.0254655Z   Python3_ROOT_DIR: C:\hostedtoolcache\windows\Python\3.14.7\x64
2026-09-04T16:56:09.0255030Z ##[endgroup]
2026-09-04T16:56:09.3978890Z (node:8376) [DEP0040] DeprecationWarning: The `punycode` module is deprecated. Please use a userland alternative instead.
2026-09-04T16:56:09.4009033Z (Use `node --trace-deprecation ...` to show where the warning was created)
2026-09-04T16:56:09.4179307Z With the provided path, there will be 17 files uploaded
2026-09-04T16:56:09.4226775Z Artifact name is valid!
2026-09-04T16:56:09.4243319Z Root directory input is valid!
2026-09-04T16:56:09.8443119Z Beginning upload of artifact content to blob storage
2026-09-04T16:56:09.9231841Z (node:8376) [DEP0169] DeprecationWarning: `url.parse()` behavior is not standardized and prone to errors that have security implications. Use the WHATWG URL API instead. CVEs are not issued for `url.parse()` vulnerabilities.
2026-09-04T16:56:10.5523071Z Uploaded bytes 384779
2026-09-04T16:56:10.6339553Z Finished uploading artifact content to blob storage!
2026-09-04T16:56:10.6341004Z SHA256 digest of uploaded artifact zip is ce3b72b29f39f332a89124bb60c8e87d8be8305e6e5fa0be3b5e03d39dbeeeb5
2026-09-04T16:56:10.6342170Z Finalizing artifact upload
2026-09-04T16:56:10.9518467Z Artifact p10-evidence-33896418682-1.zip successfully finalized. Artifact ID 9946436607
2026-09-04T16:56:10.9520509Z Artifact p10-evidence-33896418682-1 has been successfully uploaded! Final size is 384779 bytes. Artifact ID is 9946436607
2026-09-04T16:56:10.9543871Z Artifact download URL: https://github.com/yuan69082-code/continuity-assistant/actions/runs/33896418682/artifacts/9946436607
2026-09-04T16:56:10.9895867Z Node 20 is being deprecated. This workflow is running with Node 24 by default. If you need to temporarily use Node 20, you can set the ACTIONS_ALLOW_USE_UNSECURE_NODE_VERSION=true environment variable. For more information see: https://github.blog/changelog/2025-09-19-deprecation-of-node-20-on-github-actions-runners/
2026-09-04T16:56:10.9897200Z Post job cleanup.
2026-09-04T16:56:11.1459751Z (node:4400) [DEP0040] DeprecationWarning: The `punycode` module is deprecated. Please use a userland alternative instead.
2026-09-04T16:56:11.1461370Z (Use `node --trace-deprecation ...` to show where the warning was created)
2026-09-04T16:56:11.1827117Z Node 20 is being deprecated. This workflow is running with Node 24 by default. If you need to temporarily use Node 20, you can set the ACTIONS_ALLOW_USE_UNSECURE_NODE_VERSION=true environment variable. For more information see: https://github.blog/changelog/2025-09-19-deprecation-of-node-20-on-github-actions-runners/
2026-09-04T16:56:11.1829624Z Post job cleanup.
2026-09-04T16:56:11.4672151Z [command]"C:\Program Files\Git\bin\git.exe" version
2026-09-04T16:56:11.4990440Z git version 2.55.0.windows.5
2026-09-04T16:56:11.5064552Z [command]"C:\Program Files\Git\bin\git.exe" config --local --name-only --get-regexp core\.sshCommand
2026-09-04T16:56:11.5407635Z [command]"C:\Program Files\Git\bin\git.exe" submodule foreach --recursive "sh -c \"git config --local --name-only --get-regexp 'core\.sshCommand' && git config --local --unset-all 'core.sshCommand' || :\""
2026-09-04T16:56:12.2617462Z [command]"C:\Program Files\Git\bin\git.exe" config --local --name-only --get-regexp http\.https\:\/\/github\.com\/\.extraheader
2026-09-04T16:56:12.3160446Z [command]"C:\Program Files\Git\bin\git.exe" submodule foreach --recursive "sh -c \"git config --local --name-only --get-regexp 'http\.https\:\/\/github\.com\/\.extraheader' && git config --local --unset-all 'http.https://github.com/.extraheader' || :\""
2026-09-04T16:56:12.9110718Z [command]"C:\Program Files\Git\bin\git.exe" config --local --name-only --get-regexp ^includeIf\.gitdir:
2026-09-04T16:56:12.9456383Z [command]"C:\Program Files\Git\bin\git.exe" submodule foreach --recursive "git config --local --show-origin --name-only --get-regexp remote.origin.url"
2026-09-04T16:56:13.5642840Z Cleaning up orphan processes
2026-09-04T16:56:13.5797726Z ##[warning]Node.js 20 is deprecated. The following actions target Node.js 20 but are being forced to run on Node.js 24: actions/checkout@11d5960a326750d5838078e36cf38b85af677262, actions/setup-python@a26af69be951a213d495a4c3e4e4022e16d87065, actions/upload-artifact@ea165f8d65b6e75b540449e92b4886f43607fa02. For more information see: https://github.blog/changelog/2025-09-19-deprecation-of-node-20-on-github-actions-runners/
