Traceback (most recent call last):
  File "C:\Users\Administrator\Documents\continuity-engine\src\continuity_engine\services\continuity_interaction_service.py", line 585, in _run_domain
    wake_session = self._awakening.get_session(
        operation.subject_id,
        progress.wake_session_id,
    )
  File "C:\Users\Administrator\Documents\continuity-engine\src\continuity_engine\services\awakening_service.py", line 162, in get_session
    return self._repository.load_session(subject_id, session_id)
           ~~~~~~~~~~~~~~~~~~~~~~~~~~~~~^^^^^^^^^^^^^^^^^^^^^^^^
  File "C:\Users\Administrator\Documents\continuity-engine\src\continuity_engine\storage\json_awakening_repository.py", line 86, in load_session
    raise StateNotFoundError(f"wake session not found: {session_id}")
continuity_engine.domain.errors.StateNotFoundError: wake session not found: 24ae2300-5727-5324-a04a-a8ce45f04923

During handling of the above exception, another exception occurred:

Traceback (most recent call last):
  File "C:\Users\Administrator\Documents\continuity-engine\src\continuity_engine\services\continuity_interaction_service.py", line 251, in submit
    operation, thinking_execution = self._run_domain(request, operation, binding)
                                    ~~~~~~~~~~~~~~~~^^^^^^^^^^^^^^^^^^^^^^^^^^^^^
  File "C:\Users\Administrator\Documents\continuity-engine\src\continuity_engine\services\continuity_interaction_service.py", line 590, in _run_domain
    awakening = self._awakening.wake_manual(
        binding.cycle_id,
    ...<3 lines>...
        preserve_recovery_context=True,
    )
  File "C:\Users\Administrator\Documents\continuity-engine\src\continuity_engine\services\awakening_service.py", line 109, in wake_manual
    return self._run(
           ~~~~~~~~~^
        cycle,
        ^^^^^^
    ...<3 lines>...
        preserve_recovery_context=preserve_recovery_context,
        ^^^^^^^^^^^^^^^^^^^^^^^^^^^^^^^^^^^^^^^^^^^^^^^^^^^^
    )
    ^
  File "C:\Users\Administrator\Documents\continuity-engine\src\continuity_engine\services\awakening_service.py", line 265, in _run
    self._repository.save_session(session)
    ~~~~~~~~~~~~~~~~~~~~~~~~~~~~~^^^^^^^^^
  File "C:\Users\Administrator\Documents\continuity-engine\src\continuity_engine\storage\json_awakening_repository.py", line 81, in save_session
    self._write_json(path, session.to_dict())
    ~~~~~~~~~~~~~~~~^^^^^^^^^^^^^^^^^^^^^^^^^
  File "C:\Users\Administrator\Documents\continuity-engine\src\continuity_engine\storage\json_awakening_repository.py", line 118, in _write_json
    with tempfile.NamedTemporaryFile(
         ~~~~~~~~~~~~~~~~~~~~~~~~~~~^
        mode="w",
        ^^^^^^^^^
    ...<5 lines>...
        delete=False,
        ^^^^^^^^^^^^^
    ) as temporary:
    ^
  File "E:\Adobe\Lib\tempfile.py", line 603, in NamedTemporaryFile
    file = _io.open(dir, mode, buffering=buffering,
                    newline=newline, encoding=encoding, errors=errors,
                    opener=opener)
  File "E:\Adobe\Lib\tempfile.py", line 600, in opener
    fd, name = _mkstemp_inner(dir, prefix, suffix, flags, output_type)
               ~~~~~~~~~~~~~~^^^^^^^^^^^^^^^^^^^^^^^^^^^^^^^^^^^^^^^^^
  File "E:\Adobe\Lib\tempfile.py", line 255, in _mkstemp_inner
    fd = _os.open(file, flags, 0o600)
FileNotFoundError: [Errno 2] No such file or directory: 'C:\\Users\\Administrator\\AppData\\Local\\Temp\\p13-golden-8uye_zvn\\RESPOND\\s\\s\\s1f0d04cb\\b\\bb6786133\\data\\awakening\\sessions\\38b0f6062fea870dd28a4b28dcc886d1c2b2b66ffac8f0002f4127cdf022e3c3\\.5d900610fd51949f7e226f7900a5e4a84a02ede9469f89b808a86430688cab41.kj42avdf.tmp'

The above exception was the direct cause of the following exception:

Traceback (most recent call last):
  File "<frozen runpy>", line 198, in _run_module_as_main
  File "<frozen runpy>", line 88, in _run_code
  File "C:\Users\Administrator\Documents\continuity-engine\src\continuity_engine\testing\p13_expression_fixture.py", line 89, in <module>
    main()
    ~~~~^^
  File "C:\Users\Administrator\Documents\continuity-engine\src\continuity_engine\testing\p13_expression_fixture.py", line 85, in main
    run(Path(temp))
    ~~~^^^^^^^^^^^^
  File "C:\Users\Administrator\Documents\continuity-engine\src\continuity_engine\testing\p13_expression_fixture.py", line 72, in run
    request=f.request();result=f.submit(request);artifact=f.artifact(request)
                               ~~~~~~~~^^^^^^^^^
  File "C:\Users\Administrator\Documents\continuity-engine\src\continuity_engine\testing\p09_core_fixture.py", line 165, in submit
    return self.app.adapter.submit(request or self.request())
           ~~~~~~~~~~~~~~~~~~~~~~~^^^^^^^^^^^^^^^^^^^^^^^^^^^
  File "C:\Users\Administrator\Documents\continuity-engine\src\continuity_engine\interfaces\integration_adapter.py", line 38, in submit
    return self._service.submit(payload)
           ~~~~~~~~~~~~~~~~~~~~^^^^^^^^^
  File "C:\Users\Administrator\Documents\continuity-engine\src\continuity_engine\services\continuity_interaction_service.py", line 263, in submit
    raise IntegrationExecutionError(
    ...<4 lines>...
    ) from exc
continuity_engine.domain.errors.IntegrationExecutionError: Local integration encountered an unexpected execution fault during domain.
