test_disabled_normal_core_accepts_explicit_expression_configuration (test_p13_expression_policy.ExpressionInputTests.test_disabled_normal_core_accepts_explicit_expression_configuration) ... ok
test_formed_seven_modes_roundtrip_without_mutating_judgment (test_p13_expression_policy.ExpressionInputTests.test_formed_seven_modes_roundtrip_without_mutating_judgment) ... ok
test_old_thinking_serialization_omits_extension (test_p13_expression_policy.ExpressionInputTests.test_old_thinking_serialization_omits_extension) ... ok
test_unknown_mode_rejected (test_p13_expression_policy.ExpressionInputTests.test_unknown_mode_rejected) ... ok
test_budget_rejection_keeps_whole_original_body (test_p13_expression_policy.ExpressionPolicyTests.test_budget_rejection_keeps_whole_original_body) ... ok
test_expression_gate_off_no_port_call_no_extension (test_p13_expression_policy.ExpressionPolicyTests.test_expression_gate_off_no_port_call_no_extension) ... ok
test_generation_failure_is_not_subject_silence_or_refusal (test_p13_expression_policy.ExpressionPolicyTests.test_generation_failure_is_not_subject_silence_or_refusal) ... ok
test_invalidation_inside_presentation_cannot_complete (test_p13_expression_policy.ExpressionPolicyTests.test_invalidation_inside_presentation_cannot_complete) ... ok
test_mode_and_binding_changes_rejected (test_p13_expression_policy.ExpressionPolicyTests.test_mode_and_binding_changes_rejected) ... ok
test_protected_root_rejected_zero_writes (test_p13_expression_policy.ExpressionPolicyTests.test_protected_root_rejected_zero_writes) ... ok
test_reversing_provider_rejected_no_final_result (test_p13_expression_policy.ExpressionPolicyTests.test_reversing_provider_rejected_no_final_result) ... ok
test_seven_modes_normal_entry_persist_and_keep_authorities (test_p13_expression_policy.ExpressionPolicyTests.test_seven_modes_normal_entry_persist_and_keep_authorities) ... ok
test_bounded_three_day_seven_round_golden_no_cognitive_overwrite (test_p13_expression_recovery.ExpressionRecoveryTests.test_bounded_three_day_seven_round_golden_no_cognitive_overwrite) ... ok
test_context_rejection_and_platform_denial_are_distinct_from_subject_refusal (test_p13_expression_recovery.ExpressionRecoveryTests.test_context_rejection_and_platform_denial_are_distinct_from_subject_refusal) ... ok
test_crash_after_domain_recovers_artifact_without_presentation (test_p13_expression_recovery.ExpressionRecoveryTests.test_crash_after_domain_recovers_artifact_without_presentation) ... ok
test_crash_after_thinking_reuses_original_result_not_new_mode (test_p13_expression_recovery.ExpressionRecoveryTests.test_crash_after_thinking_reuses_original_result_not_new_mode) ... ok
test_cross_subject_and_environment_composition_rejects_before_port_or_writes (test_p13_expression_recovery.ExpressionRecoveryTests.test_cross_subject_and_environment_composition_rejects_before_port_or_writes) ... ok
test_current_approved_evolution_keeps_proposal_and_revision_semantics (test_p13_expression_recovery.ExpressionRecoveryTests.test_current_approved_evolution_keeps_proposal_and_revision_semantics) ... ok
test_direct_and_optional_planner_preserve_expression_mode (test_p13_expression_recovery.ExpressionRecoveryTests.test_direct_and_optional_planner_preserve_expression_mode) ... ok
test_disabled_expression_outcome_has_no_component_reads (test_p13_expression_recovery.ExpressionRecoveryTests.test_disabled_expression_outcome_has_no_component_reads) ... ok
test_existing_emotion_only_affects_explicit_emphasis_preference (test_p13_expression_recovery.ExpressionRecoveryTests.test_existing_emotion_only_affects_explicit_emphasis_preference) ... ok
test_expired_context_blocks_text_but_keeps_original_receipts (test_p13_expression_recovery.ExpressionRecoveryTests.test_expired_context_blocks_text_but_keeps_original_receipts) ... ok
test_forged_action_input_rejected_before_materialization (test_p13_expression_recovery.ExpressionRecoveryTests.test_forged_action_input_rejected_before_materialization) ... ok
test_formal_relationship_and_compact_preference_change_format_only (test_p13_expression_recovery.ExpressionRecoveryTests.test_formal_relationship_and_compact_preference_change_format_only) ... ok
test_fresh_process_restores_original_expression_without_provider_or_effect (test_p13_expression_recovery.ExpressionRecoveryTests.test_fresh_process_restores_original_expression_without_provider_or_effect) ... ok
test_generation_failure_retry_does_not_rethink_or_duplicate_action (test_p13_expression_recovery.ExpressionRecoveryTests.test_generation_failure_retry_does_not_rethink_or_duplicate_action) ... ok
test_missing_completed_artifact_cannot_downgrade_to_legacy (test_p13_expression_recovery.ExpressionRecoveryTests.test_missing_completed_artifact_cannot_downgrade_to_legacy) ... ok
test_model_result_restart_expression_uses_one_original_capability_ledger (test_p13_expression_recovery.ExpressionRecoveryTests.test_model_result_restart_expression_uses_one_original_capability_ledger) ... ok
test_model_waiting_remains_waiting_not_subject_silence (test_p13_expression_recovery.ExpressionRecoveryTests.test_model_waiting_remains_waiting_not_subject_silence) ... ok
test_original_router_request_cannot_be_rebound_to_another_operation (test_p13_expression_recovery.ExpressionRecoveryTests.test_original_router_request_cannot_be_rebound_to_another_operation) ... ok
test_p12_archive_invalidates_saved_expression_and_normal_future_context (test_p13_expression_recovery.ExpressionRecoveryTests.test_p12_archive_invalidates_saved_expression_and_normal_future_context) ... ok
test_real_evolution_recovers_after_expiry_without_releasing_old_text (test_p13_expression_recovery.ExpressionRecoveryTests.test_real_evolution_recovers_after_expiry_without_releasing_old_text) ... ok
test_removing_original_gate_cannot_remove_expression_ownership (test_p13_expression_recovery.ExpressionRecoveryTests.test_removing_original_gate_cannot_remove_expression_ownership) ... ok
test_restart_repeat_submit_and_query_do_not_regenerate_or_execute (test_p13_expression_recovery.ExpressionRecoveryTests.test_restart_repeat_submit_and_query_do_not_regenerate_or_execute) ... ok
test_revoked_exact_permission_blocks_completed_replay_zero_writes (test_p13_expression_recovery.ExpressionRecoveryTests.test_revoked_exact_permission_blocks_completed_replay_zero_writes) ... ok
test_snapshot_branch_preserves_artifact_and_does_not_touch_original (test_p13_expression_recovery.ExpressionRecoveryTests.test_snapshot_branch_preserves_artifact_and_does_not_touch_original) ... ok
test_unknown_historical_receipt_cannot_be_expression_success (test_p13_expression_recovery.ExpressionRecoveryTests.test_unknown_historical_receipt_cannot_be_expression_success) ... ok

----------------------------------------------------------------------
Ran 37 tests in 32.387s

OK
