2026-09-04T16:05:56.4842661Z Current runner version: '2.337.0'
2026-09-04T16:05:56.4879058Z ##[group]Runner Image Provisioner
2026-09-04T16:05:56.4880424Z Hosted Compute Agent
2026-09-04T16:05:56.4881451Z Version: 20260819.586
2026-09-04T16:05:56.4882537Z Commit: 3cc4a88dfa507ef76119ad1bb3eccc6378bb2b76
2026-09-04T16:05:56.4883822Z Build Date: 2026-08-18T23:20:18Z
2026-09-04T16:05:56.4885015Z Worker ID: {d98f55d4-8d0f-470d-b871-b7ef0a396cf6}
2026-09-04T16:05:56.4886189Z Azure Region: westus
2026-09-04T16:05:56.4887091Z ##[endgroup]
2026-09-04T16:05:56.4889249Z ##[group]Operating System
2026-09-04T16:05:56.4890662Z Microsoft Windows Server 2025
2026-09-04T16:05:56.4891782Z 10.0.26100
2026-09-04T16:05:56.4892640Z Datacenter
2026-09-04T16:05:56.4893522Z ##[endgroup]
2026-09-04T16:05:56.4894874Z ##[group]Runner Image
2026-09-04T16:05:56.4895844Z Image: windows-2025-vs2026
2026-09-04T16:05:56.4896890Z Version: 20260824.214.3
2026-09-04T16:05:56.4899275Z Included Software: https://github.com/actions/runner-images/blob/win25-vs2026/20260824.214/images/windows/Windows2025-VS2026-Readme.md
2026-09-04T16:05:56.4902264Z Image Release: https://github.com/actions/runner-images/releases/tag/win25-vs2026%2F20260824.214
2026-09-04T16:05:56.4903981Z ##[endgroup]
2026-09-04T16:05:56.4905916Z ##[group]GITHUB_TOKEN Permissions
2026-09-04T16:05:56.4908712Z Contents: read
2026-09-04T16:05:56.4909694Z Metadata: read
2026-09-04T16:05:56.4910557Z ##[endgroup]
2026-09-04T16:05:56.4913726Z Secret source: Actions
2026-09-04T16:05:56.4916085Z Prepare workflow directory
2026-09-04T16:05:56.5524726Z Prepare all required actions
2026-09-04T16:05:56.5596020Z Getting action download info
2026-09-04T16:05:56.9798660Z Download action repository 'actions/checkout@11d5960a326750d5838078e36cf38b85af677262' (SHA:11d5960a326750d5838078e36cf38b85af677262)
2026-09-04T16:05:57.1143690Z Download action repository 'actions/setup-python@a26af69be951a213d495a4c3e4e4022e16d87065' (SHA:a26af69be951a213d495a4c3e4e4022e16d87065)
2026-09-04T16:05:57.2805336Z Download action repository 'actions/upload-artifact@ea165f8d65b6e75b540449e92b4886f43607fa02' (SHA:ea165f8d65b6e75b540449e92b4886f43607fa02)
2026-09-04T16:05:57.6978868Z Complete job name: core
2026-09-04T16:05:57.8552471Z Node 20 is being deprecated. This workflow is running with Node 24 by default. If you need to temporarily use Node 20, you can set the ACTIONS_ALLOW_USE_UNSECURE_NODE_VERSION=true environment variable. For more information see: https://github.blog/changelog/2025-09-19-deprecation-of-node-20-on-github-actions-runners/
2026-09-04T16:05:57.8563900Z ##[group]Run actions/checkout@11d5960a326750d5838078e36cf38b85af677262
2026-09-04T16:05:57.8565385Z with:
2026-09-04T16:05:57.8566097Z   fetch-depth: 0
2026-09-04T16:05:57.8566912Z   persist-credentials: false
2026-09-04T16:05:57.8567821Z   set-safe-directory: false
2026-09-04T16:05:57.8568798Z   repository: yuan69082-code/continuity-assistant
2026-09-04T16:05:57.8576747Z   token: ***
2026-09-04T16:05:57.8577511Z   ssh-strict: true
2026-09-04T16:05:57.8578299Z   ssh-user: git
2026-09-04T16:05:57.8579031Z   clean: true
2026-09-04T16:05:57.8579818Z   sparse-checkout-cone-mode: true
2026-09-04T16:05:57.8580779Z   fetch-tags: false
2026-09-04T16:05:57.8581563Z   show-progress: true
2026-09-04T16:05:57.8582349Z   lfs: false
2026-09-04T16:05:57.8583060Z   submodules: false
2026-09-04T16:05:57.8583874Z   allow-unsafe-pr-checkout: false
2026-09-04T16:05:57.8585163Z env:
2026-09-04T16:05:57.8585905Z   PYTHONDONTWRITEBYTECODE: 1
2026-09-04T16:05:57.8586794Z   PYTHONUTF8: 1
2026-09-04T16:05:57.8587541Z   GIT_CONFIG_COUNT: 1
2026-09-04T16:05:57.8588364Z   GIT_CONFIG_KEY_0: core.autocrlf
2026-09-04T16:05:57.8589273Z   GIT_CONFIG_VALUE_0: false
2026-09-04T16:05:57.8590101Z ##[endgroup]
2026-09-04T16:05:58.7411887Z Syncing repository: yuan69082-code/continuity-assistant
2026-09-04T16:05:58.7414080Z ##[group]Getting Git version info
2026-09-04T16:05:58.7415214Z Working directory is 'D:\a\continuity-assistant\continuity-assistant'
2026-09-04T16:05:58.7419149Z [command]"C:\Program Files\Git\bin\git.exe" version
2026-09-04T16:05:58.7420027Z git version 2.55.0.windows.5
2026-09-04T16:05:58.7423198Z ##[endgroup]
2026-09-04T16:05:58.7428195Z Deleting the contents of 'D:\a\continuity-assistant\continuity-assistant'
2026-09-04T16:05:58.7429640Z ##[group]Initializing the repository
2026-09-04T16:05:58.7430791Z [command]"C:\Program Files\Git\bin\git.exe" init D:\a\continuity-assistant\continuity-assistant
2026-09-04T16:05:58.7432769Z Initialized empty Git repository in D:/a/continuity-assistant/continuity-assistant/.git/
2026-09-04T16:05:58.7435490Z [command]"C:\Program Files\Git\bin\git.exe" remote add origin https://github.com/yuan69082-code/continuity-assistant
2026-09-04T16:05:59.7953885Z ##[endgroup]
2026-09-04T16:05:59.7954753Z ##[group]Disabling automatic garbage collection
2026-09-04T16:05:59.7955637Z [command]"C:\Program Files\Git\bin\git.exe" config --local gc.auto 0
2026-09-04T16:05:59.7957465Z ##[endgroup]
2026-09-04T16:05:59.7958211Z ##[group]Setting up auth
2026-09-04T16:05:59.7959042Z [command]"C:\Program Files\Git\bin\git.exe" config --local --name-only --get-regexp core\.sshCommand
2026-09-04T16:05:59.7961381Z [command]"C:\Program Files\Git\bin\git.exe" submodule foreach --recursive "sh -c \"git config --local --name-only --get-regexp 'core\.sshCommand' && git config --local --unset-all 'core.sshCommand' || :\""
2026-09-04T16:06:00.2454021Z [command]"C:\Program Files\Git\bin\git.exe" config --local --name-only --get-regexp http\.https\:\/\/github\.com\/\.extraheader
2026-09-04T16:06:00.2870530Z [command]"C:\Program Files\Git\bin\git.exe" submodule foreach --recursive "sh -c \"git config --local --name-only --get-regexp 'http\.https\:\/\/github\.com\/\.extraheader' && git config --local --unset-all 'http.https://github.com/.extraheader' || :\""
2026-09-04T16:06:01.1463609Z [command]"C:\Program Files\Git\bin\git.exe" config --local --name-only --get-regexp ^includeIf\.gitdir:
2026-09-04T16:06:01.1772649Z [command]"C:\Program Files\Git\bin\git.exe" submodule foreach --recursive "git config --local --show-origin --name-only --get-regexp remote.origin.url"
2026-09-04T16:06:01.7067627Z [command]"C:\Program Files\Git\bin\git.exe" config --local http.https://github.com/.extraheader "AUTHORIZATION: basic ***"
2026-09-04T16:06:01.7383678Z ##[endgroup]
2026-09-04T16:06:01.7430756Z ##[group]Fetching the repository
2026-09-04T16:06:01.7442868Z [command]"C:\Program Files\Git\bin\git.exe" -c protocol.version=2 fetch --prune --no-recurse-submodules origin +refs/heads/*:refs/remotes/origin/* +refs/tags/*:refs/tags/*
2026-09-04T16:06:03.4217190Z From https://github.com/yuan69082-code/continuity-assistant
2026-09-04T16:06:03.4218471Z  * [new branch]      continuity-assistant-fenzhi -> origin/continuity-assistant-fenzhi
2026-09-04T16:06:03.4273073Z [command]"C:\Program Files\Git\bin\git.exe" branch --list --remote origin/continuity-assistant-fenzhi
2026-09-04T16:06:03.4663885Z   origin/continuity-assistant-fenzhi
2026-09-04T16:06:03.4705684Z [command]"C:\Program Files\Git\bin\git.exe" rev-parse refs/remotes/origin/continuity-assistant-fenzhi
2026-09-04T16:06:03.5085374Z 664530c2c6faae7f37dd90bc73463d8dfb66b490
2026-09-04T16:06:03.5116186Z ##[endgroup]
2026-09-04T16:06:03.5116978Z ##[group]Determining the checkout info
2026-09-04T16:06:03.5118432Z ##[endgroup]
2026-09-04T16:06:03.5129634Z [command]"C:\Program Files\Git\bin\git.exe" sparse-checkout disable
2026-09-04T16:06:03.5574118Z [command]"C:\Program Files\Git\bin\git.exe" config --local --unset-all extensions.worktreeConfig
2026-09-04T16:06:03.5936383Z ##[group]Checking out the ref
2026-09-04T16:06:03.5947525Z [command]"C:\Program Files\Git\bin\git.exe" checkout --progress --force -B continuity-assistant-fenzhi refs/remotes/origin/continuity-assistant-fenzhi
2026-09-04T16:06:03.7556607Z Switched to a new branch 'continuity-assistant-fenzhi'
2026-09-04T16:06:03.7621238Z branch 'continuity-assistant-fenzhi' set up to track 'origin/continuity-assistant-fenzhi'.
2026-09-04T16:06:03.7726089Z ##[endgroup]
2026-09-04T16:06:03.8299691Z [command]"C:\Program Files\Git\bin\git.exe" log -1 --format=%H
2026-09-04T16:06:03.8531768Z 664530c2c6faae7f37dd90bc73463d8dfb66b490
2026-09-04T16:06:03.8581738Z ##[group]Removing auth
2026-09-04T16:06:03.8588124Z [command]"C:\Program Files\Git\bin\git.exe" config --local --name-only --get-regexp core\.sshCommand
2026-09-04T16:06:03.8894551Z [command]"C:\Program Files\Git\bin\git.exe" submodule foreach --recursive "sh -c \"git config --local --name-only --get-regexp 'core\.sshCommand' && git config --local --unset-all 'core.sshCommand' || :\""
2026-09-04T16:06:04.5085540Z [command]"C:\Program Files\Git\bin\git.exe" config --local --name-only --get-regexp http\.https\:\/\/github\.com\/\.extraheader
2026-09-04T16:06:04.5350512Z http.https://github.com/.extraheader
2026-09-04T16:06:04.5394354Z [command]"C:\Program Files\Git\bin\git.exe" config --local --unset-all http.https://github.com/.extraheader
2026-09-04T16:06:04.5699096Z [command]"C:\Program Files\Git\bin\git.exe" submodule foreach --recursive "sh -c \"git config --local --name-only --get-regexp 'http\.https\:\/\/github\.com\/\.extraheader' && git config --local --unset-all 'http.https://github.com/.extraheader' || :\""
2026-09-04T16:06:05.1987845Z [command]"C:\Program Files\Git\bin\git.exe" config --local --name-only --get-regexp ^includeIf\.gitdir:
2026-09-04T16:06:05.2326298Z [command]"C:\Program Files\Git\bin\git.exe" submodule foreach --recursive "git config --local --show-origin --name-only --get-regexp remote.origin.url"
2026-09-04T16:06:05.8524329Z ##[endgroup]
2026-09-04T16:06:05.8947279Z Node 20 is being deprecated. This workflow is running with Node 24 by default. If you need to temporarily use Node 20, you can set the ACTIONS_ALLOW_USE_UNSECURE_NODE_VERSION=true environment variable. For more information see: https://github.blog/changelog/2025-09-19-deprecation-of-node-20-on-github-actions-runners/
2026-09-04T16:06:05.8949372Z ##[group]Run actions/setup-python@a26af69be951a213d495a4c3e4e4022e16d87065
2026-09-04T16:06:05.8949764Z with:
2026-09-04T16:06:05.8949957Z   python-version: 3.14
2026-09-04T16:06:05.8950170Z   check-latest: false
2026-09-04T16:06:05.8952553Z   token: ***
2026-09-04T16:06:05.9008465Z   update-environment: true
2026-09-04T16:06:05.9008941Z   allow-prereleases: false
2026-09-04T16:06:05.9009291Z   freethreaded: false
2026-09-04T16:06:05.9009580Z env:
2026-09-04T16:06:05.9009860Z   PYTHONDONTWRITEBYTECODE: 1
2026-09-04T16:06:05.9011956Z   PYTHONUTF8: 1
2026-09-04T16:06:05.9012291Z   GIT_CONFIG_COUNT: 1
2026-09-04T16:06:05.9012708Z   GIT_CONFIG_KEY_0: core.autocrlf
2026-09-04T16:06:05.9013149Z   GIT_CONFIG_VALUE_0: false
2026-09-04T16:06:05.9013515Z ##[endgroup]
2026-09-04T16:06:06.1047815Z ##[group]Installed versions
2026-09-04T16:06:06.1250264Z (node:5644) [DEP0040] DeprecationWarning: The `punycode` module is deprecated. Please use a userland alternative instead.
2026-09-04T16:06:06.1297352Z (Use `node --trace-deprecation ...` to show where the warning was created)
2026-09-04T16:06:06.1321184Z Successfully set up CPython (3.14.7)
2026-09-04T16:06:06.1338371Z ##[endgroup]
2026-09-04T16:06:06.1609811Z ##[group]Run python tools/p10_verify.py
2026-09-04T16:06:06.1610212Z [36;1mpython tools/p10_verify.py[0m
2026-09-04T16:06:06.3251198Z shell: C:\Program Files\PowerShell\7\pwsh.EXE -command ". '{0}'"
2026-09-04T16:06:06.3251623Z env:
2026-09-04T16:06:06.3251845Z   PYTHONDONTWRITEBYTECODE: 1
2026-09-04T16:06:06.3252104Z   PYTHONUTF8: 1
2026-09-04T16:06:06.3252312Z   GIT_CONFIG_COUNT: 1
2026-09-04T16:06:06.3252548Z   GIT_CONFIG_KEY_0: core.autocrlf
2026-09-04T16:06:06.3252818Z   GIT_CONFIG_VALUE_0: false
2026-09-04T16:06:06.3253447Z   pythonLocation: C:\hostedtoolcache\windows\Python\3.14.7\x64
2026-09-04T16:06:06.3253960Z   PKG_CONFIG_PATH: C:\hostedtoolcache\windows\Python\3.14.7\x64/lib/pkgconfig
2026-09-04T16:06:06.3254670Z   Python_ROOT_DIR: C:\hostedtoolcache\windows\Python\3.14.7\x64
2026-09-04T16:06:06.3255155Z   Python2_ROOT_DIR: C:\hostedtoolcache\windows\Python\3.14.7\x64
2026-09-04T16:06:06.3256016Z   Python3_ROOT_DIR: C:\hostedtoolcache\windows\Python\3.14.7\x64
2026-09-04T16:06:06.3256409Z ##[endgroup]
2026-09-04T16:06:08.0828624Z 01-venv: starting; evidence=D:\a\continuity-assistant\continuity-assistant\.p10-evidence\20260904T160608Z-21420c46
2026-09-04T16:06:22.1688695Z 01-venv: exit=0 elapsed=14.085s
2026-09-04T16:06:22.1693966Z 02-build: starting; evidence=D:\a\continuity-assistant\continuity-assistant\.p10-evidence\20260904T160608Z-21420c46
2026-09-04T16:06:27.9640790Z 02-build: exit=0 elapsed=5.794s
2026-09-04T16:06:27.9649923Z 03-install: starting; evidence=D:\a\continuity-assistant\continuity-assistant\.p10-evidence\20260904T160608Z-21420c46
2026-09-04T16:06:30.6141597Z 03-install: exit=0 elapsed=2.648s
2026-09-04T16:06:30.6150224Z 04-installed-smoke: starting; evidence=D:\a\continuity-assistant\continuity-assistant\.p10-evidence\20260904T160608Z-21420c46
2026-09-04T16:06:31.6991164Z 04-installed-smoke: exit=0 elapsed=1.083s
2026-09-04T16:06:31.6996654Z 05-p10: starting; evidence=D:\a\continuity-assistant\continuity-assistant\.p10-evidence\20260904T160608Z-21420c46
2026-09-04T16:06:45.8685648Z 05-p10: exit=0 elapsed=14.168s
2026-09-04T16:06:45.8691216Z 05b-installed-golden: starting; evidence=D:\a\continuity-assistant\continuity-assistant\.p10-evidence\20260904T160608Z-21420c46
2026-09-04T16:06:52.2138911Z 05b-installed-golden: exit=0 elapsed=6.344s
2026-09-04T16:06:52.2145583Z 06-core: starting; evidence=D:\a\continuity-assistant\continuity-assistant\.p10-evidence\20260904T160608Z-21420c46
2026-09-04T16:06:53.3958031Z 06-core: exit=1 elapsed=1.18s
2026-09-04T16:06:53.3962508Z Preserved evidence: D:\a\continuity-assistant\continuity-assistant\.p10-evidence\20260904T160608Z-21420c46\report.json
2026-09-04T16:06:53.5073974Z ##[error]Process completed with exit code 1.
2026-09-04T16:06:53.5308028Z Node 20 is being deprecated. This workflow is running with Node 24 by default. If you need to temporarily use Node 20, you can set the ACTIONS_ALLOW_USE_UNSECURE_NODE_VERSION=true environment variable. For more information see: https://github.blog/changelog/2025-09-19-deprecation-of-node-20-on-github-actions-runners/
2026-09-04T16:06:53.5309531Z ##[group]Run actions/upload-artifact@ea165f8d65b6e75b540449e92b4886f43607fa02
2026-09-04T16:06:53.5309926Z with:
2026-09-04T16:06:53.5310127Z   name: p10-evidence-33893214984-1
2026-09-04T16:06:53.5310373Z   path: .p10-evidence/**
2026-09-04T16:06:53.5310593Z   include-hidden-files: true
2026-09-04T16:06:53.5310826Z   if-no-files-found: error
2026-09-04T16:06:53.5311039Z   retention-days: 14
2026-09-04T16:06:53.5311236Z   compression-level: 6
2026-09-04T16:06:53.5311432Z   overwrite: false
2026-09-04T16:06:53.5311615Z env:
2026-09-04T16:06:53.5311799Z   PYTHONDONTWRITEBYTECODE: 1
2026-09-04T16:06:53.5312020Z   PYTHONUTF8: 1
2026-09-04T16:06:53.5312244Z   GIT_CONFIG_COUNT: 1
2026-09-04T16:06:53.5312448Z   GIT_CONFIG_KEY_0: core.autocrlf
2026-09-04T16:06:53.5312703Z   GIT_CONFIG_VALUE_0: false
2026-09-04T16:06:53.5313011Z   pythonLocation: C:\hostedtoolcache\windows\Python\3.14.7\x64
2026-09-04T16:06:53.5313459Z   PKG_CONFIG_PATH: C:\hostedtoolcache\windows\Python\3.14.7\x64/lib/pkgconfig
2026-09-04T16:06:53.5313896Z   Python_ROOT_DIR: C:\hostedtoolcache\windows\Python\3.14.7\x64
2026-09-04T16:06:53.5314290Z   Python2_ROOT_DIR: C:\hostedtoolcache\windows\Python\3.14.7\x64
2026-09-04T16:06:53.5314684Z   Python3_ROOT_DIR: C:\hostedtoolcache\windows\Python\3.14.7\x64
2026-09-04T16:06:53.5314997Z ##[endgroup]
2026-09-04T16:06:53.7408890Z (node:6432) [DEP0040] DeprecationWarning: The `punycode` module is deprecated. Please use a userland alternative instead.
2026-09-04T16:06:53.7410391Z (Use `node --trace-deprecation ...` to show where the warning was created)
2026-09-04T16:06:53.7546605Z With the provided path, there will be 16 files uploaded
2026-09-04T16:06:53.7552789Z Artifact name is valid!
2026-09-04T16:06:53.7554651Z Root directory input is valid!
2026-09-04T16:06:54.1796660Z Beginning upload of artifact content to blob storage
2026-09-04T16:06:54.2410140Z (node:6432) [DEP0169] DeprecationWarning: `url.parse()` behavior is not standardized and prone to errors that have security implications. Use the WHATWG URL API instead. CVEs are not issued for `url.parse()` vulnerabilities.
2026-09-04T16:06:54.9281404Z Uploaded bytes 369309
2026-09-04T16:06:55.0202798Z Finished uploading artifact content to blob storage!
2026-09-04T16:06:55.0204121Z SHA256 digest of uploaded artifact zip is efd3b2d36eba205eeb344a7f3c3de1c004a23450681af6d4b46329f4abb375bc
2026-09-04T16:06:55.0205214Z Finalizing artifact upload
2026-09-04T16:06:55.3632002Z Artifact p10-evidence-33893214984-1.zip successfully finalized. Artifact ID 9944709359
2026-09-04T16:06:55.3633647Z Artifact p10-evidence-33893214984-1 has been successfully uploaded! Final size is 369309 bytes. Artifact ID is 9944709359
2026-09-04T16:06:55.3646030Z Artifact download URL: https://github.com/yuan69082-code/continuity-assistant/actions/runs/33893214984/artifacts/9944709359
2026-09-04T16:06:55.4024593Z Node 20 is being deprecated. This workflow is running with Node 24 by default. If you need to temporarily use Node 20, you can set the ACTIONS_ALLOW_USE_UNSECURE_NODE_VERSION=true environment variable. For more information see: https://github.blog/changelog/2025-09-19-deprecation-of-node-20-on-github-actions-runners/
2026-09-04T16:06:55.4025958Z Post job cleanup.
2026-09-04T16:06:55.6549450Z [command]"C:\Program Files\Git\bin\git.exe" version
2026-09-04T16:06:55.7015453Z git version 2.55.0.windows.5
2026-09-04T16:06:55.7164823Z [command]"C:\Program Files\Git\bin\git.exe" config --local --name-only --get-regexp core\.sshCommand
2026-09-04T16:06:55.7460975Z [command]"C:\Program Files\Git\bin\git.exe" submodule foreach --recursive "sh -c \"git config --local --name-only --get-regexp 'core\.sshCommand' && git config --local --unset-all 'core.sshCommand' || :\""
2026-09-04T16:06:56.3618241Z [command]"C:\Program Files\Git\bin\git.exe" config --local --name-only --get-regexp http\.https\:\/\/github\.com\/\.extraheader
2026-09-04T16:06:56.3934203Z [command]"C:\Program Files\Git\bin\git.exe" submodule foreach --recursive "sh -c \"git config --local --name-only --get-regexp 'http\.https\:\/\/github\.com\/\.extraheader' && git config --local --unset-all 'http.https://github.com/.extraheader' || :\""
2026-09-04T16:06:56.9806691Z [command]"C:\Program Files\Git\bin\git.exe" config --local --name-only --get-regexp ^includeIf\.gitdir:
2026-09-04T16:06:57.0125062Z [command]"C:\Program Files\Git\bin\git.exe" submodule foreach --recursive "git config --local --show-origin --name-only --get-regexp remote.origin.url"
2026-09-04T16:06:57.5914979Z Cleaning up orphan processes
2026-09-04T16:06:57.6443894Z ##[warning]Node.js 20 is deprecated. The following actions target Node.js 20 but are being forced to run on Node.js 24: actions/checkout@11d5960a326750d5838078e36cf38b85af677262, actions/setup-python@a26af69be951a213d495a4c3e4e4022e16d87065, actions/upload-artifact@ea165f8d65b6e75b540449e92b4886f43607fa02. For more information see: https://github.blog/changelog/2025-09-19-deprecation-of-node-20-on-github-actions-runners/
