test_admission_does_not_reclassify_an_application_runtime_error (tests.test_w02_input_recovery.InputRecoveryTests.test_admission_does_not_reclassify_an_application_runtime_error) ... FAIL
{"test": "tests.test_w02_input_recovery.InputRecoveryTests.test_admission_does_not_reclassify_an_application_runtime_error", "stage": "before-TEST-cleanup", "files": {"s/.p01-sandbox-root.v1.json": {"bytes": 98, "sha256": "3ced39d6b395df89d9b1f34e1b3faf46c14ccc6edab679a616f588a978e002f7"}, "s/s/s28079df8/b/bb2f82065/branch-manifest.v1.json": {"bytes": 243, "sha256": "19f2bc097c9558aca13e81753a3170053bade112b7a75b224ea7b3902e7099a2"}, "s/s/s28079df8/b/bb2f82065/data/awakening/cycles/27b3779e1c42f6072f987ada5c8e3d657bb9d8d83f4dcd7afbd5c722c7527364.json": {"bytes": 235, "sha256": "075f5d1acae0ae3d3e7dd4c76abe691e624868b8f1de502adc8d9b4c256609f8"}, "s/s/s28079df8/b/bb2f82065/data/c1-receipts/p08-fake-receipts.json": {"bytes": 148, "sha256": "a411df96a3b6eea514baf41f59d45ab70c55b96ee9f28e118d79525ea3bfe8c8"}, "s/s/s28079df8/b/bb2f82065/data/clock/subject-clock.v1.json": {"bytes": 109, "sha256": "9215b6977c7811370330d01c8bfe7e63b8e43ba8b12a8f09d85b24e7efac24ad"}, "s/s/s28079df8/b/bb2f82065/data/contradiction/test/254348735dc285e2dc6367076c25ee4ecca8a16b57d407cc334df5a99691393a.json": {"bytes": 228, "sha256": "547f8d47445ac6ba2d7aedd2206746aa9c2d321bb1439683d5e154995d8bfa8c"}, "s/s/s28079df8/b/bb2f82065/data/fixture/c1-profile.v1.json": {"bytes": 102, "sha256": "bd66b061d0333c0a9ea39cc13eed75359c9837f96519a87e085e41a2154b661c"}, "s/s/s28079df8/b/bb2f82065/data/fixture/state-fixture.v1.json": {"bytes": 635, "sha256": "0dcb5e10b7318b7d3cff06637427c8ec005e4c40d77289f436301928cd8d0b77"}, "s/s/s28079df8/b/bb2f82065/data/integration/capability-ledger.v1.json": {"bytes": 82, "sha256": "95f292f0db842e43cccb490ce10bbeefd3bab92d43fa69f4bb1b6188d4ed43de"}, "s/s/s28079df8/b/bb2f82065/data/integration/operation-journal.first-round-v1.json": {"bytes": 65, "sha256": "d99f9c31a9492c478a6023ebeabc5d660810a3e6d9ba6f1d9b76a425b89b2eab"}, "s/s/s28079df8/b/bb2f82065/data/integration/result-ledger.first-round-v1.json": {"bytes": 63, "sha256": "5407f91ac04019966f84bfbad51ebc1fb904bd085a6579febfa75a9ea068592a"}, "s/s/s28079df8/b/bb2f82065/data/integration/subject-binding.runtime-v1.json": {"bytes": 613, "sha256": "3026d7b25a579ea07c9eb48323508666c13c2fda3b35c9a24a5e23877e676655"}, "s/s/s28079df8/b/bb2f82065/data/learning/254348735dc285e2dc6367076c25ee4ecca8a16b57d407cc334df5a99691393a.json": {"bytes": 2154, "sha256": "ba018fd804b75f1ef3560561feee0dc03884b97a055c1099998ecc2aa4a0279a"}, "s/s/s28079df8/b/bb2f82065/data/memory/test/254348735dc285e2dc6367076c25ee4ecca8a16b57d407cc334df5a99691393a.json": {"bytes": 302, "sha256": "f52f066644b589a409b31db6b454c20b8ad3fe063c2868958055ecfa8e0f4b4f"}, "s/s/s28079df8/b/bb2f82065/data/resources/254348735dc285e2dc6367076c25ee4ecca8a16b57d407cc334df5a99691393a.json": {"bytes": 437, "sha256": "e4f76593125da2c3a1d0ad2497b416fe228a1364707332e0ec6092c89e8c7482"}, "s/s/s28079df8/b/bb2f82065/data/subject-state/254348735dc285e2dc6367076c25ee4ecca8a16b57d407cc334df5a99691393a.json": {"bytes": 4912, "sha256": "660a12b92770f6716bc1bc40aca703141af1a734ba9fb329f65fd5e689781182"}, "s/s/s28079df8/b/bb2f82065/data/test-actions/action-sessions.v1.json": {"bytes": 128, "sha256": "238ff32ac04bf30a4c467212bc409f8d94377921f7f73842780d5857c399de85"}, "s/s/s28079df8/b/bb2f82065/data/test-indexes/events.v1.json": {"bytes": 138, "sha256": "a0e1ff4eea94c6b0e302dc12b6594e1e23246a2f3a475388bfe7342abd18a8a1"}, "s/s/s28079df8/b/bb2f82065/data/test-indexes/evolution.v1.json": {"bytes": 141, "sha256": "9dfa89fffc8b02fd080a15eda42b4fd8df86cde4425dfcf77ac89390d07b958e"}, "s/s/s28079df8/b/bb2f82065/data/test-indexes/relationship-state.v1.json": {"bytes": 150, "sha256": "10ccec3f53293641f1c7c7a97b4861ef8c9f3f0eb2dff109470d075bc1ec51ee"}, "s/s/s28079df8/b/bb2f82065/data/test-indexes/state-mutations.v1.json": {"bytes": 147, "sha256": "78b2f5a79d27881295a30f541bba96196be450256de0433bb99427e331580beb"}, "s/s/s28079df8/b/bb2f82065/data/test-indexes/thinking-sessions.v1.json": {"bytes": 149, "sha256": "f4d90028aecc90de83959d384b01eb9f9dea2917c7b8421cb3afe172bf8456bf"}, "s/s/s28079df8/b/bb2f82065/data/test-indexes/wake-sessions.v1.json": {"bytes": 145, "sha256": "5e4473af17619b5fc7724765d459bd5285528dbc14e7d978fc9fa9fb59a88729"}, "s/s/s28079df8/b/bb2f82065/data/test-memory/memory-ledger.v1.json": {"bytes": 631, "sha256": "0b1b72a6ad86b6654640a129c296ab0a9d4d1ec12eb4105d2bbaa93de8a320cb"}, "s/s/s28079df8/b/bb2f82065/data/test-trace/subject-clock-trace.v1.json": {"bytes": 1558, "sha256": "367528145df9797c2fd736e68fff28499b3f853ffba56b1d0eca1091f7cc02d1"}, "s/s/s28079df8/sandbox-manifest.v1.json": {"bytes": 910, "sha256": "04721f35b75844ec5f6584e629d2a85ab8e55850dc7b710b9119da2ea9594ef3"}, "s/sandbox-registry.v1.json": {"bytes": 476, "sha256": "d8031381c125dd7eba3856db11d8aaefa98fac429c0b3114c4986b738166ebd3"}}}

======================================================================
FAIL: test_admission_does_not_reclassify_an_application_runtime_error (tests.test_w02_input_recovery.InputRecoveryTests.test_admission_does_not_reclassify_an_application_runtime_error)
----------------------------------------------------------------------
Traceback (most recent call last):
  File "C:\Users\Administrator\Documents\continuity-engine\tests\test_w02_input_recovery.py", line 225, in test_admission_does_not_reclassify_an_application_runtime_error
    with f.core.input_processing.admission():raise original
         ~~~~~~~~~~~~~~~~~~~~~~~~~~~~~~~~~^^
  File "E:\Adobe\Lib\contextlib.py", line 162, in __exit__
    self.gen.throw(value)
    ~~~~~~~~~~~~~~^^^^^^^
  File "C:\Users\Administrator\Documents\continuity-engine\src\continuity_engine\services\input_processing_service.py", line 74, in admission
    raise CapabilityValidationError('INPUT_ADMISSION_BUSY') from None
continuity_engine.domain.errors.CapabilityValidationError: INPUT_ADMISSION_BUSY

During handling of the above exception, another exception occurred:

Traceback (most recent call last):
  File "C:\Users\Administrator\Documents\continuity-engine\tests\test_w02_input_recovery.py", line 227, in test_admission_does_not_reclassify_an_application_runtime_error
    self.assertIs(caught,original)
    ~~~~~~~~~~~~~^^^^^^^^^^^^^^^^^
AssertionError: CapabilityValidationError('INPUT_ADMISSION_BUSY') is not RuntimeBoundaryError('RUNTIME_BUSY')

----------------------------------------------------------------------
Ran 1 test in 0.338s

FAILED (failures=1)
