test_composer_exact_old_reference_blocked_after_archive (test_p12_memory_integration.ContextAndLineageTests.test_composer_exact_old_reference_blocked_after_archive) ... ok
test_invalid_source_after_real_revocation_cannot_restore (test_p12_memory_integration.ContextAndLineageTests.test_invalid_source_after_real_revocation_cannot_restore) ... ok
test_new_alias_cannot_bypass_inactive_or_archived_state (test_p12_memory_integration.ContextAndLineageTests.test_new_alias_cannot_bypass_inactive_or_archived_state) ... ok
test_old_reference_stays_stale_after_restore (test_p12_memory_integration.ContextAndLineageTests.test_old_reference_stays_stale_after_restore) ... ok
test_old_summary_reference_rejected_and_rebuild_keeps_downweight (test_p12_memory_integration.ContextAndLineageTests.test_old_summary_reference_rejected_and_rebuild_keeps_downweight) ... ok
test_parent_restore_cannot_reactivate_old_child_version (test_p12_memory_integration.ContextAndLineageTests.test_parent_restore_cannot_reactivate_old_child_version) ... ok
test_partial_root_merge_retains_source_bindings_and_new_evidence (test_p12_memory_integration.ContextAndLineageTests.test_partial_root_merge_retains_source_bindings_and_new_evidence) ... ERROR
test_reconsolidation_cannot_recreate_deleted_evidence_under_new_identity (test_p12_memory_integration.ContextAndLineageTests.test_reconsolidation_cannot_recreate_deleted_evidence_under_new_identity) ... ok
test_router_excludes_archived_and_revalidates_old_candidate (test_p12_memory_integration.ContextAndLineageTests.test_router_excludes_archived_and_revalidates_old_candidate) ... ok
test_router_weight_changes_actual_candidate_relevance (test_p12_memory_integration.ContextAndLineageTests.test_router_weight_changes_actual_candidate_relevance) ... ok
test_transitive_child_and_summary_disabled_by_parent (test_p12_memory_integration.ContextAndLineageTests.test_transitive_child_and_summary_disabled_by_parent) ... ok
test_disabled_memory_entry_has_zero_component_reads (test_p12_memory_integration.CoreLifecycleTests.test_disabled_memory_entry_has_zero_component_reads) ... ok
test_normal_context_before_after_and_no_memory_resurrection (test_p12_memory_integration.CoreLifecycleTests.test_normal_context_before_after_and_no_memory_resurrection) ... ok
test_thirty_days_bounded_normal_entry_and_restart_invariants (test_p12_memory_integration.CoreLifecycleTests.test_thirty_days_bounded_normal_entry_and_restart_invariants) ... ok
test_deleted_consolidation_replay_cannot_return_active_material (test_p12_memory_integration.ExistingUseRegressions.test_deleted_consolidation_replay_cannot_return_active_material) ... ok
test_pending_learning_rechecks_revoked_memory_support (test_p12_memory_integration.ExistingUseRegressions.test_pending_learning_rechecks_revoked_memory_support) ... ok
test_iterable_roots_retained_without_double_consumption (test_p12_memory_integration.MemoryLearningTests.test_iterable_roots_retained_without_double_consumption) ... ok
test_missing_bound_memory_never_falls_back_to_legacy (test_p12_memory_integration.MemoryLearningTests.test_missing_bound_memory_never_falls_back_to_legacy) ... ok
test_pending_support_rejects_archive_and_old_version_after_restore (test_p12_memory_integration.MemoryLearningTests.test_pending_support_rejects_archive_and_old_version_after_restore) ... ok
test_pending_support_rejects_downweight_and_zero_learning_write (test_p12_memory_integration.MemoryLearningTests.test_pending_support_rejects_downweight_and_zero_learning_write) ... ok
test_valid_memory_learning_preserves_confidence_policy_and_evolution_boundary (test_p12_memory_integration.MemoryLearningTests.test_valid_memory_learning_preserves_confidence_policy_and_evolution_boundary) ... ok
test_valid_memory_learning_restart_can_solidify (test_p12_memory_integration.MemoryLearningTests.test_valid_memory_learning_restart_can_solidify) ... ok

======================================================================
ERROR: test_partial_root_merge_retains_source_bindings_and_new_evidence (test_p12_memory_integration.ContextAndLineageTests.test_partial_root_merge_retains_source_bindings_and_new_evidence)
----------------------------------------------------------------------
Traceback (most recent call last):
  File "C:\Users\Administrator\Documents\continuity-engine\tests\test_p12_memory_integration.py", line 175, in test_partial_root_merge_retains_source_bindings_and_new_evidence
    result=self.f.consolidation.consolidate(MemoryRecord.from_dict(body))
  File "C:\Users\Administrator\Documents\continuity-engine\src\continuity_engine\services\memory_consolidation_service.py", line 196, in consolidate
    updated = MemoryRecord.from_dict(payload)
  File "C:\Users\Administrator\Documents\continuity-engine\src\continuity_engine\domain\memory.py", line 786, in from_dict
    return cls(
        memory_id=value.get("memory_id"),
    ...<44 lines>...
        source_memory_bindings=value.get('source_memory_bindings'),
    )
  File "<string>", line 42, in __init__
  File "C:\Users\Administrator\Documents\continuity-engine\src\continuity_engine\domain\memory.py", line 646, in __post_init__
    raise MemoryValidationError('source memory version bindings invalid')
continuity_engine.domain.errors.MemoryValidationError: source memory version bindings invalid

----------------------------------------------------------------------
Ran 22 tests in 11.268s

FAILED (errors=1)
