test_deleted_consolidation_replay_cannot_return_active_material (test_p12_memory_integration.ExistingUseRegressions.test_deleted_consolidation_replay_cannot_return_active_material) ... FAIL
test_pending_learning_rechecks_revoked_memory_support (test_p12_memory_integration.ExistingUseRegressions.test_pending_learning_rechecks_revoked_memory_support) ... FAIL

======================================================================
FAIL: test_deleted_consolidation_replay_cannot_return_active_material (test_p12_memory_integration.ExistingUseRegressions.test_deleted_consolidation_replay_cannot_return_active_material)
----------------------------------------------------------------------
Traceback (most recent call last):
  File "C:\Users\Administrator\Documents\continuity-engine\tests\test_p12_memory_integration.py", line 45, in test_deleted_consolidation_replay_cannot_return_active_material
    with self.assertRaises(MemoryValidationError):
         ~~~~~~~~~~~~~~~~~^^^^^^^^^^^^^^^^^^^^^^^
AssertionError: MemoryValidationError not raised

======================================================================
FAIL: test_pending_learning_rechecks_revoked_memory_support (test_p12_memory_integration.ExistingUseRegressions.test_pending_learning_rechecks_revoked_memory_support)
----------------------------------------------------------------------
Traceback (most recent call last):
  File "C:\Users\Administrator\Documents\continuity-engine\tests\test_p12_memory_integration.py", line 67, in test_pending_learning_rechecks_revoked_memory_support
    with self.assertRaises(LearningValidationError):
         ~~~~~~~~~~~~~~~~~^^^^^^^^^^^^^^^^^^^^^^^^^
AssertionError: LearningValidationError not raised

----------------------------------------------------------------------
Ran 2 tests in 0.215s

FAILED (failures=2)
