test_activation_is_explicit_configurable_and_never_deletes (test_p04_memory_consolidation.P04MemoryConsolidationTests.test_activation_is_explicit_configurable_and_never_deletes) ... ok
test_alias_candidate_source_memory_must_be_prior_and_same_boundary (test_p04_memory_consolidation.P04MemoryConsolidationTests.test_alias_candidate_source_memory_must_be_prior_and_same_boundary) ... ok
test_alias_candidate_uses_its_own_traceable_source_chain (test_p04_memory_consolidation.P04MemoryConsolidationTests.test_alias_candidate_uses_its_own_traceable_source_chain) ... ok
test_conflicting_evidence_is_not_silently_merged (test_p04_memory_consolidation.P04MemoryConsolidationTests.test_conflicting_evidence_is_not_silently_merged) ... ok
test_consolidation_and_summary_have_no_subject_state_or_event_write_authority (test_p04_memory_consolidation.P04MemoryConsolidationTests.test_consolidation_and_summary_have_no_subject_state_or_event_write_authority) ... ok
test_consolidation_exact_replay_and_identity_conflict (test_p04_memory_consolidation.P04MemoryConsolidationTests.test_consolidation_exact_replay_and_identity_conflict) ... ok
test_correction_revocation_and_deletion_are_tombstones_not_physical_delete (test_p04_memory_consolidation.P04MemoryConsolidationTests.test_correction_revocation_and_deletion_are_tombstones_not_physical_delete) ... ok
test_duplicate_root_alias_operation_is_durable_and_conflicting_input_fails (test_p04_memory_consolidation.P04MemoryConsolidationTests.test_duplicate_root_alias_operation_is_durable_and_conflicting_input_fails) ... ok
test_duplicate_root_does_not_reinforce_but_independent_root_does (test_p04_memory_consolidation.P04MemoryConsolidationTests.test_duplicate_root_does_not_reinforce_but_independent_root_does) ... ok
test_golden_scenario_preserves_fact_intention_relationship_and_revision (test_p04_memory_consolidation.P04MemoryConsolidationTests.test_golden_scenario_preserves_fact_intention_relationship_and_revision) ... ok
test_influence_provenance_is_sealed_and_learning_deduplicates_after_restart (test_p04_memory_consolidation.P04MemoryConsolidationTests.test_influence_provenance_is_sealed_and_learning_deduplicates_after_restart) ... ok
test_learning_deduplicates_root_evidence_across_memory_identities (test_p04_memory_consolidation.P04MemoryConsolidationTests.test_learning_deduplicates_root_evidence_across_memory_identities) ... ok
test_lineage_roots_bind_source_event_and_traceable_sources (test_p04_memory_consolidation.P04MemoryConsolidationTests.test_lineage_roots_bind_source_event_and_traceable_sources) ... ok
test_operation_replay_returns_its_exact_result_revision_across_restart (test_p04_memory_consolidation.P04MemoryConsolidationTests.test_operation_replay_returns_its_exact_result_revision_across_restart) ... ok
test_operation_replay_survives_later_terminal_propagation (test_p04_memory_consolidation.P04MemoryConsolidationTests.test_operation_replay_survives_later_terminal_propagation) ... ok
test_repository_retriever_excludes_archived_without_deleting_or_writing (test_p04_memory_consolidation.P04MemoryConsolidationTests.test_repository_retriever_excludes_archived_without_deleting_or_writing) ... ok
test_repository_retriever_is_read_only_feature_gated_and_engine_private (test_p04_memory_consolidation.P04MemoryConsolidationTests.test_repository_retriever_is_read_only_feature_gated_and_engine_private) ... ok
test_summary_identity_and_semantic_inputs_are_not_silently_reused (test_p04_memory_consolidation.P04MemoryConsolidationTests.test_summary_identity_and_semantic_inputs_are_not_silently_reused) ... ok
test_summary_trace_invalidation_and_rebuild_are_append_only (test_p04_memory_consolidation.P04MemoryConsolidationTests.test_summary_trace_invalidation_and_rebuild_are_append_only) ... ok

----------------------------------------------------------------------
Ran 19 tests in 0.598s

OK
