{
  "independentEvidenceVerification": "PASS",
  "fullSuiteRerunThisReview": false,
  "currentTestCount": 1011,
  "prior992TestsPreserved": 992,
  "original894TestsPreserved": 894,
  "sourceTestFilesVerified": 205,
  "pythonFilesParsed": 195,
  "changedRuntimeFiles": [
    "src/continuity_engine/services/memory_service.py",
    "src/continuity_engine/storage/json_memory_repository.py"
  ],
  "newSourceTestFiles": [
    "tests/test_p12_memory_second_review.py"
  ],
  "hashCheckCounts": {
    "finalSourceTest": 205,
    "protected": 63,
    "p10Helpers": 31,
    "reviewOriginals": 47,
    "preRepairTests": 60
  },
  "drift": {
    "finalSourceTest": [],
    "protected": [],
    "p10Helpers": [],
    "reviewOriginals": [],
    "preRepairTests": []
  },
  "finalRunSourceMatches": {
    "p12-final": 0,
    "compatibility-final": 0,
    "neighbors-final": 0,
    "original-final": 0
  },
  "suppliedFullRun": {
    "run": 1011,
    "passed": 1010,
    "skips": [
      [
        "test_p08_fixture_paths.P08FixturePathTests.test_symlink_component_rejected_without_writes",
        "OS does not grant symlink creation: 1314"
      ]
    ],
    "seconds": 521.633
  },
  "suppliedFullLogSHA256": "2eeaa92e93dc171391d56b71b6294a979d4915203c60a4cf4a50bedf40f7fe60",
  "formalDataFiles": 7,
  "formalTreeHash": "sha256:f9c710c6085e430a251f74463d57133f8c5a4497fe8ffa2ccb96be2db1037bb2",
  "planningSourceFilesVerified": 3,
  "auditedContentFilesUnchanged": 224,
  "worktree": {
    "trackedChanges": 25,
    "untracked": 231,
    "staged": 0,
    "p12Paths": 225,
    "categories": {
      "全 P12 源码和测试": 19,
      "全 P12 档案和导航": 20,
      "P12 及返修证据与本地辅助": 186
    }
  },
  "actualRemoteCheckedThisReview": false,
  "decision": "F1/F2 review clear; conditional Git closeout may be dispatched, no formal acceptance"
}
