test_confidence_can_be_raised_or_lowered_without_state_change (test_learning.PersonalityLearningTests.test_confidence_can_be_raised_or_lowered_without_state_change) ... ok
test_consistent_experiences_raise_confidence_and_validate (test_learning.PersonalityLearningTests.test_consistent_experiences_raise_confidence_and_validate) ... ok
test_consolidation_requires_confirmation_and_evolution (test_learning.PersonalityLearningTests.test_consolidation_requires_confirmation_and_evolution) ... ok
test_context_extracts_only_explicit_structured_learning_evidence (test_learning.PersonalityLearningTests.test_context_extracts_only_explicit_structured_learning_evidence) ... ok
test_learning_history_preserves_experience_reason_and_diff (test_learning.PersonalityLearningTests.test_learning_history_preserves_experience_reason_and_diff) ... ok
test_learning_state_recovers_after_restart (test_learning.PersonalityLearningTests.test_learning_state_recovers_after_restart) ... ok
test_single_experience_only_creates_candidate (test_learning.PersonalityLearningTests.test_single_experience_only_creates_candidate) ... ok
test_unvalidated_learning_cannot_be_consolidated (test_learning.PersonalityLearningTests.test_unvalidated_learning_cannot_be_consolidated) ... ok
test_wrong_learning_can_be_rolled_back_through_evolution (test_learning.PersonalityLearningTests.test_wrong_learning_can_be_rolled_back_through_evolution) ... ok
test_influence_cannot_reference_unselected_memory (test_memory_service.MemoryServiceTests.test_influence_cannot_reference_unselected_memory) ... ok
test_influence_record_links_selected_memory_to_state_update (test_memory_service.MemoryServiceTests.test_influence_record_links_selected_memory_to_state_update) ... ok
test_retrieval_filters_ranks_and_serializes_decisions (test_memory_service.MemoryServiceTests.test_retrieval_filters_ranks_and_serializes_decisions) ... ok
test_activation_is_explicit_configurable_and_never_deletes (test_p04_memory_consolidation.P04MemoryConsolidationTests.test_activation_is_explicit_configurable_and_never_deletes) ... ok
test_alias_candidate_source_memory_must_be_prior_and_same_boundary (test_p04_memory_consolidation.P04MemoryConsolidationTests.test_alias_candidate_source_memory_must_be_prior_and_same_boundary) ... ok
test_alias_candidate_uses_its_own_traceable_source_chain (test_p04_memory_consolidation.P04MemoryConsolidationTests.test_alias_candidate_uses_its_own_traceable_source_chain) ... ok
test_conflicting_evidence_is_not_silently_merged (test_p04_memory_consolidation.P04MemoryConsolidationTests.test_conflicting_evidence_is_not_silently_merged) ... ok
test_consolidation_and_summary_have_no_subject_state_or_event_write_authority (test_p04_memory_consolidation.P04MemoryConsolidationTests.test_consolidation_and_summary_have_no_subject_state_or_event_write_authority) ... ok
test_consolidation_exact_replay_and_identity_conflict (test_p04_memory_consolidation.P04MemoryConsolidationTests.test_consolidation_exact_replay_and_identity_conflict) ... ok
test_correction_revocation_and_deletion_are_tombstones_not_physical_delete (test_p04_memory_consolidation.P04MemoryConsolidationTests.test_correction_revocation_and_deletion_are_tombstones_not_physical_delete) ... ok
test_duplicate_root_alias_operation_is_durable_and_conflicting_input_fails (test_p04_memory_consolidation.P04MemoryConsolidationTests.test_duplicate_root_alias_operation_is_durable_and_conflicting_input_fails) ... ok
test_duplicate_root_does_not_reinforce_but_independent_root_does (test_p04_memory_consolidation.P04MemoryConsolidationTests.test_duplicate_root_does_not_reinforce_but_independent_root_does) ... ok
test_golden_scenario_preserves_fact_intention_relationship_and_revision (test_p04_memory_consolidation.P04MemoryConsolidationTests.test_golden_scenario_preserves_fact_intention_relationship_and_revision) ... ok
test_influence_provenance_is_sealed_and_learning_deduplicates_after_restart (test_p04_memory_consolidation.P04MemoryConsolidationTests.test_influence_provenance_is_sealed_and_learning_deduplicates_after_restart) ... ok
test_learning_deduplicates_root_evidence_across_memory_identities (test_p04_memory_consolidation.P04MemoryConsolidationTests.test_learning_deduplicates_root_evidence_across_memory_identities) ... ok
test_lineage_roots_bind_source_event_and_traceable_sources (test_p04_memory_consolidation.P04MemoryConsolidationTests.test_lineage_roots_bind_source_event_and_traceable_sources) ... ok
test_operation_replay_returns_its_exact_result_revision_across_restart (test_p04_memory_consolidation.P04MemoryConsolidationTests.test_operation_replay_returns_its_exact_result_revision_across_restart) ... ok
test_operation_replay_survives_later_terminal_propagation (test_p04_memory_consolidation.P04MemoryConsolidationTests.test_operation_replay_survives_later_terminal_propagation) ... ok
test_repository_retriever_excludes_archived_without_deleting_or_writing (test_p04_memory_consolidation.P04MemoryConsolidationTests.test_repository_retriever_excludes_archived_without_deleting_or_writing) ... ok
test_repository_retriever_is_read_only_feature_gated_and_engine_private (test_p04_memory_consolidation.P04MemoryConsolidationTests.test_repository_retriever_is_read_only_feature_gated_and_engine_private) ... ok
test_summary_identity_and_semantic_inputs_are_not_silently_reused (test_p04_memory_consolidation.P04MemoryConsolidationTests.test_summary_identity_and_semantic_inputs_are_not_silently_reused) ... ok
test_summary_trace_invalidation_and_rebuild_are_append_only (test_p04_memory_consolidation.P04MemoryConsolidationTests.test_summary_trace_invalidation_and_rebuild_are_append_only) ... ok
test_atomic_persistence_restart_idempotence_and_identity_conflict (test_p04_memory_repository.P04MemoryRepositoryTests.test_atomic_persistence_restart_idempotence_and_identity_conflict) ... ok
test_consolidation_operation_loading_rejects_tampering_and_broken_boundaries (test_p04_memory_repository.P04MemoryRepositoryTests.test_consolidation_operation_loading_rejects_tampering_and_broken_boundaries) ... ok
test_cross_subject_and_forward_memory_source_fail_closed (test_p04_memory_repository.P04MemoryRepositoryTests.test_cross_subject_and_forward_memory_source_fail_closed) ... ok
test_domain_round_trip_normalizes_time_and_hash (test_p04_memory_repository.P04MemoryRepositoryTests.test_domain_round_trip_normalizes_time_and_hash) ... ok
test_environment_isolation_fails_before_persistence (test_p04_memory_repository.P04MemoryRepositoryTests.test_environment_isolation_fails_before_persistence) ... ok
test_failed_atomic_replace_keeps_previous_document_readable (test_p04_memory_repository.P04MemoryRepositoryTests.test_failed_atomic_replace_keeps_previous_document_readable) ... ok
test_integrity_hash_and_recomputed_structural_tampering_fail_closed (test_p04_memory_repository.P04MemoryRepositoryTests.test_integrity_hash_and_recomputed_structural_tampering_fail_closed) ... ok
test_lineage_loading_rejects_unbound_roots_forward_replacement_and_tampering (test_p04_memory_repository.P04MemoryRepositoryTests.test_lineage_loading_rejects_unbound_roots_forward_replacement_and_tampering) ... ok
test_memory_kind_and_evidence_type_are_distinct_closed_terms (test_p04_memory_repository.P04MemoryRepositoryTests.test_memory_kind_and_evidence_type_are_distinct_closed_terms) ... ok
test_operation_canonical_input_source_chain_is_revalidated_after_restart (test_p04_memory_repository.P04MemoryRepositoryTests.test_operation_canonical_input_source_chain_is_revalidated_after_restart) ... ok
test_source_chain_root_evidence_and_duplicate_inputs_fail_closed (test_p04_memory_repository.P04MemoryRepositoryTests.test_source_chain_root_evidence_and_duplicate_inputs_fail_closed) ... ok
test_summary_must_trace_to_same_subject_memory (test_p04_memory_repository.P04MemoryRepositoryTests.test_summary_must_trace_to_same_subject_memory) ... ok
test_archived_memory_is_not_routed_but_remains_loadable (test_p05_context_router.P05ContextRouterTests.test_archived_memory_is_not_routed_but_remains_loadable) ... ok
test_cross_subject_and_environment_candidates_fail_closed (test_p05_context_router.P05ContextRouterTests.test_cross_subject_and_environment_candidates_fail_closed) ... ok
test_feature_gate_returns_explicit_empty_result_without_reads (test_p05_context_router.P05ContextRouterTests.test_feature_gate_returns_explicit_empty_result_without_reads) ... ok
test_future_partitions_are_explicitly_unavailable (test_p05_context_router.P05ContextRouterTests.test_future_partitions_are_explicitly_unavailable) ... ok
test_golden_scenario_excludes_irrelevant_and_secret_candidates (test_p05_context_router.P05ContextRouterTests.test_golden_scenario_excludes_irrelevant_and_secret_candidates) ... ok
test_golden_scenario_routes_relationship_authorities (test_p05_context_router.P05ContextRouterTests.test_golden_scenario_routes_relationship_authorities) ... ok
test_invalidated_summary_is_not_routed (test_p05_context_router.P05ContextRouterTests.test_invalidated_summary_is_not_routed) ... ok
test_large_timeline_uses_recent_relevant_stable_window (test_p05_context_router.P05ContextRouterTests.test_large_timeline_uses_recent_relevant_stable_window) ... ok
test_memory_and_summary_sources_use_bounded_repository_queries (test_p05_context_router.P05ContextRouterTests.test_memory_and_summary_sources_use_bounded_repository_queries) ... ok
test_missing_required_source_is_incomplete (test_p05_context_router.P05ContextRouterTests.test_missing_required_source_is_incomplete) ... ok
test_neutral_continuity_opens_only_required_subject_state (test_p05_context_router.P05ContextRouterTests.test_neutral_continuity_opens_only_required_subject_state) ... ok
test_optional_source_failure_is_traced_without_expanding_scope (test_p05_context_router.P05ContextRouterTests.test_optional_source_failure_is_traced_without_expanding_scope) ... ok
test_per_source_limit_is_forwarded_and_enforced (test_p05_context_router.P05ContextRouterTests.test_per_source_limit_is_forwarded_and_enforced) ... ok
test_required_source_denial_discards_optional_success_candidates (test_p05_context_router.P05ContextRouterTests.test_required_source_denial_discards_optional_success_candidates) ... ok
test_required_source_failure_is_incomplete (test_p05_context_router.P05ContextRouterTests.test_required_source_failure_is_incomplete) ... ok
test_required_source_permission_denial_rejects_route (test_p05_context_router.P05ContextRouterTests.test_required_source_permission_denial_rejects_route) ... ok
test_revoked_timeline_target_is_not_routed (test_p05_context_router.P05ContextRouterTests.test_revoked_timeline_target_is_not_routed) ... ok
test_route_is_deterministic_across_new_router_instances (test_p05_context_router.P05ContextRouterTests.test_route_is_deterministic_across_new_router_instances) ... ok
test_route_result_contains_references_not_composed_context (test_p05_context_router.P05ContextRouterTests.test_route_result_contains_references_not_composed_context) ... ok
test_router_does_not_modify_subject_or_memory_authorities (test_p05_context_router.P05ContextRouterTests.test_router_does_not_modify_subject_or_memory_authorities) ... ok
test_source_cannot_return_more_than_its_bounded_scope (test_p05_context_router.P05ContextRouterTests.test_source_cannot_return_more_than_its_bounded_scope) ... ok
test_source_change_between_route_and_use_fails_revalidation (test_p05_context_router.P05ContextRouterTests.test_source_change_between_route_and_use_fails_revalidation) ... ok
test_stable_tie_break_uses_source_identity_and_version (test_p05_context_router.P05ContextRouterTests.test_stable_tie_break_uses_source_identity_and_version) ... ok
test_subject_revision_change_is_incomplete_not_stale_fallback (test_p05_context_router.P05ContextRouterTests.test_subject_revision_change_is_incomplete_not_stale_fallback) ... ok
test_total_retrieval_budget_caps_candidates_without_fallback (test_p05_context_router.P05ContextRouterTests.test_total_retrieval_budget_caps_candidates_without_fallback) ... ok
test_trace_cannot_be_used_as_a_perception_input (test_p05_context_router.P05ContextRouterTests.test_trace_cannot_be_used_as_a_perception_input) ... ok
test_unknown_visibility_is_rejected_without_content_disclosure (test_p05_context_router.P05ContextRouterTests.test_unknown_visibility_is_rejected_without_content_disclosure) ... ok
test_candidate_requires_version_hash_and_timezone (test_p05_context_routing.P05ContextRoutingDomainTests.test_candidate_requires_version_hash_and_timezone) ... ok
test_manifest_integrity_rejects_tampering (test_p05_context_routing.P05ContextRoutingDomainTests.test_manifest_integrity_rejects_tampering) ... ok
test_manifest_rejects_noncontiguous_ranks (test_p05_context_routing.P05ContextRoutingDomainTests.test_manifest_rejects_noncontiguous_ranks) ... ok
test_per_source_limits_are_stable_and_bounded (test_p05_context_routing.P05ContextRoutingDomainTests.test_per_source_limits_are_stable_and_bounded) ... ok
test_retrieval_budget_default_and_separate_context_hint (test_p05_context_routing.P05ContextRoutingDomainTests.test_retrieval_budget_default_and_separate_context_hint) ... ok
test_retrieval_budget_enforces_configurable_30_to_80_range (test_p05_context_routing.P05ContextRoutingDomainTests.test_retrieval_budget_enforces_configurable_30_to_80_range) ... ok
test_route_plan_hash_is_deterministic (test_p05_context_routing.P05ContextRoutingDomainTests.test_route_plan_hash_is_deterministic) ... ok
test_routing_request_normalizes_time_and_round_trips (test_p05_context_routing.P05ContextRoutingDomainTests.test_routing_request_normalizes_time_and_round_trips) ... ok
test_signal_contains_only_hash_not_sensitive_value (test_p05_context_routing.P05ContextRoutingDomainTests.test_signal_contains_only_hash_not_sensitive_value) ... ok
test_source_batch_rejects_duplicate_stable_identity (test_p05_context_routing.P05ContextRoutingDomainTests.test_source_batch_rejects_duplicate_stable_identity) ... ok
test_source_batch_rejects_partition_mismatch (test_p05_context_routing.P05ContextRoutingDomainTests.test_source_batch_rejects_partition_mismatch) ... ok
test_trace_rejects_budget_overrun (test_p05_context_routing.P05ContextRoutingDomainTests.test_trace_rejects_budget_overrun) ... ok
test_budget_too_small_for_protected_identity_fails_explicitly (test_p06_context_composer.P06ContextComposerTests.test_budget_too_small_for_protected_identity_fails_explicitly) ... ok
test_builtin_exact_resolvers_surface_stable_top_level_failure_reasons (test_p06_context_composer.P06ContextComposerTests.test_builtin_exact_resolvers_surface_stable_top_level_failure_reasons) ... ok
test_candidate_missing_and_upstream_notices_do_not_pollute_each_other (test_p06_context_composer.P06ContextComposerTests.test_candidate_missing_and_upstream_notices_do_not_pollute_each_other) ... ok
test_candidate_self_reported_authority_cannot_elevate_trusted_binding (test_p06_context_composer.P06ContextComposerTests.test_candidate_self_reported_authority_cannot_elevate_trusted_binding) ... ok
test_composer_owned_resolver_read_audit_matches_manifest_by_source (test_p06_context_composer.P06ContextComposerTests.test_composer_owned_resolver_read_audit_matches_manifest_by_source) ... ok
test_context_budget_hint_is_used_when_no_explicit_budget_is_passed (test_p06_context_composer.P06ContextComposerTests.test_context_budget_hint_is_used_when_no_explicit_budget_is_passed) ... ok
test_context_budget_retains_identity_continuity_and_relationship_first (test_p06_context_composer.P06ContextComposerTests.test_context_budget_retains_identity_continuity_and_relationship_first) ... ok
test_cross_subject_and_environment_reference_fail_closed (test_p06_context_composer.P06ContextComposerTests.test_cross_subject_and_environment_reference_fail_closed) ... ok
test_exact_duplicate_reference_is_rejected_before_spending_context_budget (test_p06_context_composer.P06ContextComposerTests.test_exact_duplicate_reference_is_rejected_before_spending_context_budget) ... ok
test_feature_gate_disables_all_exact_resolver_reads (test_p06_context_composer.P06ContextComposerTests.test_feature_gate_disables_all_exact_resolver_reads) ... ok
test_fixed_inputs_clock_and_estimator_are_fully_deterministic (test_p06_context_composer.P06ContextComposerTests.test_fixed_inputs_clock_and_estimator_are_fully_deterministic) ... ok
test_golden_scenario_preserves_all_five_authorities_and_zero_writes (test_p06_context_composer.P06ContextComposerTests.test_golden_scenario_preserves_all_five_authorities_and_zero_writes) ... ok
test_manifest_only_resolution_does_not_read_unreferenced_resolver (test_p06_context_composer.P06ContextComposerTests.test_manifest_only_resolution_does_not_read_unreferenced_resolver) ... ok
test_missing_material_content_has_a_distinct_reason_code (test_p06_context_composer.P06ContextComposerTests.test_missing_material_content_has_a_distinct_reason_code) ... ok
test_missing_material_provenance_has_a_distinct_reason_code (test_p06_context_composer.P06ContextComposerTests.test_missing_material_provenance_has_a_distinct_reason_code) ... ok
test_non_complete_p05_route_is_not_consumed_and_reads_zero (test_p06_context_composer.P06ContextComposerTests.test_non_complete_p05_route_is_not_consumed_and_reads_zero) ... ok
test_optional_material_drift_is_excluded_with_stable_missing_notice (test_p06_context_composer.P06ContextComposerTests.test_optional_material_drift_is_excluded_with_stable_missing_notice) ... ok
test_output_tampering_and_count_mismatch_fail_closed (test_p06_context_composer.P06ContextComposerTests.test_output_tampering_and_count_mismatch_fail_closed) ... ok
test_p05_route_result_is_not_modified_by_composition (test_p06_context_composer.P06ContextComposerTests.test_p05_route_result_is_not_modified_by_composition) ... ok
test_permission_change_after_routing_fails_closed (test_p06_context_composer.P06ContextComposerTests.test_permission_change_after_routing_fails_closed) ... ok
test_raw_source_and_confirmed_memory_coexist_without_auto_overwrite (test_p06_context_composer.P06ContextComposerTests.test_raw_source_and_confirmed_memory_coexist_without_auto_overwrite) ... ok
test_required_version_or_hash_drift_fails_closed_without_snapshot (test_p06_context_composer.P06ContextComposerTests.test_required_version_or_hash_drift_fails_closed_without_snapshot) ... ok
test_router_not_opened_and_empty_are_distinct_upstream_notices (test_p06_context_composer.P06ContextComposerTests.test_router_not_opened_and_empty_are_distinct_upstream_notices) ... ok
test_summary_and_raw_source_are_not_semantically_merged (test_p06_context_composer.P06ContextComposerTests.test_summary_and_raw_source_are_not_semantically_merged) ... ok
test_test_only_thinking_consumer_sees_authority_without_production_integration (test_p06_context_composer.P06ContextComposerTests.test_test_only_thinking_consumer_sees_authority_without_production_integration) ... ok
test_trace_never_contains_material_body_or_secret (test_p06_context_composer.P06ContextComposerTests.test_trace_never_contains_material_body_or_secret) ... ok
test_unknown_source_binding_is_rejected_not_broadly_searched (test_p06_context_composer.P06ContextComposerTests.test_unknown_source_binding_is_rejected_not_broadly_searched) ... ok
test_candidate_missing_and_upstream_notices_use_independent_invariants (test_p06_context_composition.P06ContextCompositionDomainTests.test_candidate_missing_and_upstream_notices_use_independent_invariants) ... ok
test_context_budget_is_separate_and_enforces_fragment_range (test_p06_context_composition.P06ContextCompositionDomainTests.test_context_budget_is_separate_and_enforces_fragment_range) ... ok
test_failed_result_cannot_expose_a_consumable_snapshot (test_p06_context_composition.P06ContextCompositionDomainTests.test_failed_result_cannot_expose_a_consumable_snapshot) ... ok
test_five_authorities_round_trip_without_numeric_truth_ranking (test_p06_context_composition.P06ContextCompositionDomainTests.test_five_authorities_round_trip_without_numeric_truth_ranking) ... ok
test_fragment_rank_and_snapshot_budget_are_integrity_checked (test_p06_context_composition.P06ContextCompositionDomainTests.test_fragment_rank_and_snapshot_budget_are_integrity_checked) ... ok
test_material_and_fragment_can_never_enable_direct_state_write (test_p06_context_composition.P06ContextCompositionDomainTests.test_material_and_fragment_can_never_enable_direct_state_write) ... ok
test_only_confirmed_state_can_be_budget_protected (test_p06_context_composition.P06ContextCompositionDomainTests.test_only_confirmed_state_can_be_budget_protected) ... ok
test_snapshot_and_result_round_trip_with_canonical_hash (test_p06_context_composition.P06ContextCompositionDomainTests.test_snapshot_and_result_round_trip_with_canonical_hash) ... ok
test_snapshot_tampering_is_rejected (test_p06_context_composition.P06ContextCompositionDomainTests.test_snapshot_tampering_is_rejected) ... ok
test_trace_contains_no_fragment_content_or_secret (test_p06_context_composition.P06ContextCompositionDomainTests.test_trace_contains_no_fragment_content_or_secret) ... ok
test_trace_tampering_and_count_mismatch_are_rejected (test_p06_context_composition.P06ContextCompositionDomainTests.test_trace_tampering_and_count_mismatch_are_rejected) ... ok
test_all_five_basis_reject_unrelated_scope_and_target_source_drift (test_p07_contradiction.P07ContradictionDomainTests.test_all_five_basis_reject_unrelated_scope_and_target_source_drift) ... ok
test_all_resolution_basis_kinds_require_registry_backed_verification (test_p07_contradiction.P07ContradictionDomainTests.test_all_resolution_basis_kinds_require_registry_backed_verification) ... ok
test_cached_verified_proof_cannot_cross_case_snapshot_or_revision (test_p07_contradiction.P07ContradictionDomainTests.test_cached_verified_proof_cannot_cross_case_snapshot_or_revision) ... ok
test_case_has_no_state_or_evolution_write_authority (test_p07_contradiction.P07ContradictionDomainTests.test_case_has_no_state_or_evolution_write_authority) ... ok
test_claim_case_and_result_tampering_fails_closed (test_p07_contradiction.P07ContradictionDomainTests.test_claim_case_and_result_tampering_fails_closed) ... ok
test_claim_projection_round_trip_has_no_authority_or_provenance_fields (test_p07_contradiction.P07ContradictionDomainTests.test_claim_projection_round_trip_has_no_authority_or_provenance_fields) ... ok
test_complete_result_rejects_cross_subject_case_even_with_valid_hashes (test_p07_contradiction.P07ContradictionDomainTests.test_complete_result_rejects_cross_subject_case_even_with_valid_hashes) ... ok
test_complete_result_rejects_rehashed_cross_boundary_cases_on_deserialization (test_p07_contradiction.P07ContradictionDomainTests.test_complete_result_rejects_rehashed_cross_boundary_cases_on_deserialization) ... ok
test_fabricated_resolution_cannot_self_attest_verification (test_p07_contradiction.P07ContradictionDomainTests.test_fabricated_resolution_cannot_self_attest_verification) ... ok
test_illegal_forward_transition_and_audit_rewrite_fail_closed (test_p07_contradiction.P07ContradictionDomainTests.test_illegal_forward_transition_and_audit_rewrite_fail_closed) ... ok
test_legal_bound_resolve_reopen_supersede_survive_restart_and_replay (test_p07_contradiction.P07ContradictionDomainTests.test_legal_bound_resolve_reopen_supersede_survive_restart_and_replay) ... ok
test_no_confidence_recency_or_authority_winner_is_persisted (test_p07_contradiction.P07ContradictionDomainTests.test_no_confidence_recency_or_authority_winner_is_persisted) ... ok
test_rehashed_resolution_boundary_tamper_rejected_on_reload_and_detect (test_p07_contradiction.P07ContradictionDomainTests.test_rehashed_resolution_boundary_tamper_rejected_on_reload_and_detect) ... ok
test_reopen_and_supersede_require_sealed_evidence_not_bare_hashes (test_p07_contradiction.P07ContradictionDomainTests.test_reopen_and_supersede_require_sealed_evidence_not_bare_hashes) ... ok
test_reopen_is_append_only_and_does_not_erase_resolution (test_p07_contradiction.P07ContradictionDomainTests.test_reopen_is_append_only_and_does_not_erase_resolution) ... ok
test_repository_cross_environment_fails_closed (test_p07_contradiction.P07ContradictionDomainTests.test_repository_cross_environment_fails_closed) ... ok
test_repository_document_tampering_fails_closed (test_p07_contradiction.P07ContradictionDomainTests.test_repository_document_tampering_fails_closed) ... ok
test_repository_exact_replay_returns_current_case_without_duplicate (test_p07_contradiction.P07ContradictionDomainTests.test_repository_exact_replay_returns_current_case_without_duplicate) ... ok
test_repository_restart_preserves_history_order_hash_and_status (test_p07_contradiction.P07ContradictionDomainTests.test_repository_restart_preserves_history_order_hash_and_status) ... ok
test_repository_reverifies_rehashed_evidence_record_and_version (test_p07_contradiction.P07ContradictionDomainTests.test_repository_reverifies_rehashed_evidence_record_and_version) ... ok
test_repository_same_identity_different_body_fails_closed (test_p07_contradiction.P07ContradictionDomainTests.test_repository_same_identity_different_body_fails_closed) ... ok
test_repository_without_trusted_verifier_cannot_load_resolved_audit (test_p07_contradiction.P07ContradictionDomainTests.test_repository_without_trusted_verifier_cannot_load_resolved_audit) ... ok
test_resolution_audit_action_reason_hashes_and_time_are_sealed (test_p07_contradiction.P07ContradictionDomainTests.test_resolution_audit_action_reason_hashes_and_time_are_sealed) ... ok
test_resolution_audit_rejects_rehashed_foreign_evidence_before_persistence (test_p07_contradiction.P07ContradictionDomainTests.test_resolution_audit_rejects_rehashed_foreign_evidence_before_persistence) ... ok
test_resolution_evidence_cannot_resolve_unrelated_proposition_and_scope (test_p07_contradiction.P07ContradictionDomainTests.test_resolution_evidence_cannot_resolve_unrelated_proposition_and_scope) ... ok
test_resolution_evidence_is_verified_and_bound_to_subject_environment (test_p07_contradiction.P07ContradictionDomainTests.test_resolution_evidence_is_verified_and_bound_to_subject_environment) ... ok
test_resolution_requires_verified_basis_and_preserves_old_evidence (test_p07_contradiction.P07ContradictionDomainTests.test_resolution_requires_verified_basis_and_preserves_old_evidence) ... ok
test_resolution_verifier_rejects_missing_hash_basis_and_version_drift (test_p07_contradiction.P07ContradictionDomainTests.test_resolution_verifier_rejects_missing_hash_basis_and_version_drift) ... ok
test_structured_claim_and_case_round_trip_preserve_canonical_hashes (test_p07_contradiction.P07ContradictionDomainTests.test_structured_claim_and_case_round_trip_preserve_canonical_hashes) ... ok
test_three_contradiction_kinds_are_stable_and_distinct (test_p07_contradiction.P07ContradictionDomainTests.test_three_contradiction_kinds_are_stable_and_distinct) ... ok
test_trace_contains_hashes_and_ids_but_no_material_content (test_p07_contradiction.P07ContradictionDomainTests.test_trace_contains_hashes_and_ids_but_no_material_content) ... ok
test_trace_evaluation_counts_cover_every_p06_fragment (test_p07_contradiction.P07ContradictionDomainTests.test_trace_evaluation_counts_cover_every_p06_fragment) ... ok
test_verified_resolution_request_hash_and_action_reuse_fail_closed (test_p07_contradiction.P07ContradictionDomainTests.test_verified_resolution_request_hash_and_action_reuse_fail_closed) ... ok
test_candidate_missing_and_upstream_notice_counts_remain_distinct (test_p07_contradiction_detector.P07ContradictionDetectorTests.test_candidate_missing_and_upstream_notice_counts_remain_distinct) ... ok
test_conflict_marker_without_structured_claim_never_creates_case (test_p07_contradiction_detector.P07ContradictionDetectorTests.test_conflict_marker_without_structured_claim_never_creates_case) ... ok
test_cross_subject_or_environment_binding_fails_closed (test_p07_contradiction_detector.P07ContradictionDetectorTests.test_cross_subject_or_environment_binding_fails_closed) ... ok
test_derived_summary_conflict_is_isolated_and_never_promoted (test_p07_contradiction_detector.P07ContradictionDetectorTests.test_derived_summary_conflict_is_isolated_and_never_promoted) ... ok
test_detection_is_deterministic_across_restart_and_clock_changes (test_p07_contradiction_detector.P07ContradictionDetectorTests.test_detection_is_deterministic_across_restart_and_clock_changes) ... ok
test_detector_fault_is_attributed_to_p07_and_does_not_write_repository (test_p07_contradiction_detector.P07ContradictionDetectorTests.test_detector_fault_is_attributed_to_p07_and_does_not_write_repository) ... ok
test_detector_reads_each_snapshot_fragment_once_and_never_reroutes (test_p07_contradiction_detector.P07ContradictionDetectorTests.test_detector_reads_each_snapshot_fragment_once_and_never_reroutes) ... ok
test_different_proposition_and_time_scope_do_not_false_positive (test_p07_contradiction_detector.P07ContradictionDetectorTests.test_different_proposition_and_time_scope_do_not_false_positive) ... ok
test_epistemic_and_evidential_kinds_are_deterministic (test_p07_contradiction_detector.P07ContradictionDetectorTests.test_epistemic_and_evidential_kinds_are_deterministic) ... ok
test_golden_detects_isolates_resolves_restarts_and_reopens_without_writes (test_p07_contradiction_detector.P07ContradictionDetectorTests.test_golden_detects_isolates_resolves_restarts_and_reopens_without_writes) ... ok
test_love_and_hate_psychological_ambivalence_is_explicitly_excluded (test_p07_contradiction_detector.P07ContradictionDetectorTests.test_love_and_hate_psychological_ambivalence_is_explicitly_excluded) ... ok
test_missing_required_resolution_evidence_cannot_be_hidden_by_optional_success (test_p07_contradiction_detector.P07ContradictionDetectorTests.test_missing_required_resolution_evidence_cannot_be_hidden_by_optional_success) ... ok
test_older_claim_cannot_self_report_supersession_of_newer_claim (test_p07_contradiction_detector.P07ContradictionDetectorTests.test_older_claim_cannot_self_report_supersession_of_newer_claim) ... ok
test_p06_manifest_hash_mismatch_fails_before_claim_resolution (test_p07_contradiction_detector.P07ContradictionDetectorTests.test_p06_manifest_hash_mismatch_fails_before_claim_resolution) ... ok
test_p06_non_complete_result_is_rejected_without_claim_reads (test_p07_contradiction_detector.P07ContradictionDetectorTests.test_p06_non_complete_result_is_rejected_without_claim_reads) ... ok
test_repository_never_persists_plaintext_canonical_values (test_p07_contradiction_detector.P07ContradictionDetectorTests.test_repository_never_persists_plaintext_canonical_values) ... ok
test_repository_seals_long_secret_and_scalar_values_across_restart (test_p07_contradiction_detector.P07ContradictionDetectorTests.test_repository_seals_long_secret_and_scalar_values_across_restart) ... ok
test_same_claim_is_deduplicated_without_false_contradiction (test_p07_contradiction_detector.P07ContradictionDetectorTests.test_same_claim_is_deduplicated_without_false_contradiction) ... ok
test_same_source_new_version_with_explicit_supersession_is_not_conflict (test_p07_contradiction_detector.P07ContradictionDetectorTests.test_same_source_new_version_with_explicit_supersession_is_not_conflict) ... ok
test_supersession_missing_same_version_cross_source_and_mutual_fail_closed (test_p07_contradiction_detector.P07ContradictionDetectorTests.test_supersession_missing_same_version_cross_source_and_mutual_fail_closed) ... ok
test_trusted_supersession_binding_rejects_cross_boundary_and_reverse_direction (test_p07_contradiction_detector.P07ContradictionDetectorTests.test_trusted_supersession_binding_rejects_cross_boundary_and_reverse_direction) ... ok
test_unstructured_text_is_unassessed_not_guessed (test_p07_contradiction_detector.P07ContradictionDetectorTests.test_unstructured_text_is_unassessed_not_guessed) ... ok
test_user_correction_or_revocation_remains_evidence_not_direct_state_change (test_p07_contradiction_detector.P07ContradictionDetectorTests.test_user_correction_or_revocation_remains_evidence_not_direct_state_change) ... ok
test_confirmation_recoverability_reality_and_resource_fail_closed (test_p09_boundaries.P09BoundaryTests.test_confirmation_recoverability_reality_and_resource_fail_closed) ... ok
test_cross_subject_and_environment_contexts_fail_closed (test_p09_boundaries.P09BoundaryTests.test_cross_subject_and_environment_contexts_fail_closed) ... ok
test_disabled_master_gate_never_calls_core_components (test_p09_boundaries.P09BoundaryTests.test_disabled_master_gate_never_calls_core_components) ... ok
test_emotion_persists_only_through_fixture_evolution_and_reads_do_not_write (test_p09_boundaries.P09BoundaryTests.test_emotion_persists_only_through_fixture_evolution_and_reads_do_not_write) ... ok
test_independent_router_and_composer_budgets_preserve_missing_notices (test_p09_boundaries.P09BoundaryTests.test_independent_router_and_composer_budgets_preserve_missing_notices) ... ok
test_insufficient_protected_context_budget_never_starts_thinking (test_p09_boundaries.P09BoundaryTests.test_insufficient_protected_context_budget_never_starts_thinking) ... ok
test_invalid_emotion_does_not_partially_commit_evolution (test_p09_boundaries.P09BoundaryTests.test_invalid_emotion_does_not_partially_commit_evolution) ... ok
test_memory_contradiction_action_and_emotion_subgates_do_no_component_work (test_p09_boundaries.P09BoundaryTests.test_memory_contradiction_action_and_emotion_subgates_do_no_component_work) ... ok
test_reference_permission_loss_blocks_thinking_and_new_execution (test_p09_boundaries.P09BoundaryTests.test_reference_permission_loss_blocks_thinking_and_new_execution) ... ok
test_snapshot_fails_closed_when_c1_component_is_missing_or_unmapped (test_p09_boundaries.P09BoundaryTests.test_snapshot_fails_closed_when_c1_component_is_missing_or_unmapped) ... ok
test_source_revision_and_hash_changes_invalidate_summary_and_context (test_p09_boundaries.P09BoundaryTests.test_source_revision_and_hash_changes_invalidate_summary_and_context) ... ok
test_source_revocation_invalidates_memory_even_without_raw_timeline_candidate (test_p09_boundaries.P09BoundaryTests.test_source_revocation_invalidates_memory_even_without_raw_timeline_candidate) ... ok
test_capability_model_input_contains_the_composed_context (test_p09_continuity_core.P09CoreTests.test_capability_model_input_contains_the_composed_context) ... ok
test_completed_c1_cannot_skip_receipt_verification_by_disabling_feature (test_p09_continuity_core.P09CoreTests.test_completed_c1_cannot_skip_receipt_verification_by_disabling_feature) ... ok
test_completed_request_restart_preserves_results_and_effect (test_p09_continuity_core.P09CoreTests.test_completed_request_restart_preserves_results_and_effect) ... ok
test_disabled_core_keeps_legacy_path_and_zero_component_reads (test_p09_continuity_core.P09CoreTests.test_disabled_core_keeps_legacy_path_and_zero_component_reads) ... ok
test_elapsed_emotion_is_deterministic_read_only_and_clock_rollback_safe (test_p09_continuity_core.P09CoreTests.test_elapsed_emotion_is_deterministic_read_only_and_clock_rollback_safe) ... ok
test_event_backlog_is_bounded_visible_and_drained_without_silent_loss (test_p09_continuity_core.P09CoreTests.test_event_backlog_is_bounded_visible_and_drained_without_silent_loss) ... ok
test_expired_context_stops_new_thinking_from_checkpoint (test_p09_continuity_core.P09CoreTests.test_expired_context_stops_new_thinking_from_checkpoint) ... ok
test_information_need_is_direct_and_complex_intent_uses_planner (test_p09_continuity_core.P09CoreTests.test_information_need_is_direct_and_complex_intent_uses_planner) ... ok
test_late_duplicate_out_of_order_events_reach_memory_and_context (test_p09_continuity_core.P09CoreTests.test_late_duplicate_out_of_order_events_reach_memory_and_context) ... ok
test_model_context_remains_usable_after_events_and_consolidation (test_p09_continuity_core.P09CoreTests.test_model_context_remains_usable_after_events_and_consolidation) ... ok
test_normal_engine_entry_passes_composition_to_thinking_and_direct (test_p09_continuity_core.P09CoreTests.test_normal_engine_entry_passes_composition_to_thinking_and_direct) ... ok
test_revocation_propagates_to_summary_and_old_context (test_p09_continuity_core.P09CoreTests.test_revocation_propagates_to_summary_and_old_context) ... ok
test_snapshot_covers_c1_persistence_and_branch_replays_without_effect (test_p09_continuity_core.P09CoreTests.test_snapshot_covers_c1_persistence_and_branch_replays_without_effect) ... ok
test_turning_action_gate_on_does_not_add_effect_to_completed_disabled_round (test_p09_continuity_core.P09CoreTests.test_turning_action_gate_on_does_not_add_effect_to_completed_disabled_round) ... ok
test_aggregate_does_not_corroborate_itself_again (test_pre_p12_r05_r06_followup.LearningConfidenceTests.test_aggregate_does_not_corroborate_itself_again) ... ok
test_current_target_confidence_reduction_is_respected (test_pre_p12_r05_r06_followup.LearningConfidenceTests.test_current_target_confidence_reduction_is_respected) ... ok
test_explicit_confirmation_still_required (test_pre_p12_r05_r06_followup.LearningConfidenceTests.test_explicit_confirmation_still_required) ... ok
test_high_own_confidence_cannot_replace_rejected_support (test_pre_p12_r05_r06_followup.LearningConfidenceTests.test_high_own_confidence_cannot_replace_rejected_support) ... ok
test_high_own_confidence_retains_existing_policy_with_weaker_support (test_pre_p12_r05_r06_followup.LearningConfidenceTests.test_high_own_confidence_retains_existing_policy_with_weaker_support) ... ok
test_high_own_confidence_still_rechecks_support_and_roots (test_pre_p12_r05_r06_followup.LearningConfidenceTests.test_high_own_confidence_still_rechecks_support_and_roots) ... ok
test_insufficient_current_confidence_rejects_without_writes (test_pre_p12_r05_r06_followup.LearningConfidenceTests.test_insufficient_current_confidence_rejects_without_writes) ... ok
test_unchanged_high_target_validation_can_immediately_solidify (test_pre_p12_r05_r06_followup.LearningConfidenceTests.test_unchanged_high_target_validation_can_immediately_solidify) ... ok
test_unchanged_high_target_validation_survives_restart (test_pre_p12_r05_r06_followup.LearningConfidenceTests.test_unchanged_high_target_validation_survives_restart) ... ok
test_weaker_but_sufficient_current_support_is_saved (test_pre_p12_r05_r06_followup.LearningConfidenceTests.test_weaker_but_sufficient_current_support_is_saved) ... ok
test_concurrent_allowed_duplicate_charges_once_then_settles (test_pre_p12_r05_r06_followup.ResourceTransactionTests.test_concurrent_allowed_duplicate_charges_once_then_settles) ... ok
test_concurrent_allowed_then_conflicting_denial_preserves_first_result (test_pre_p12_r05_r06_followup.ResourceTransactionTests.test_concurrent_allowed_then_conflicting_denial_preserves_first_result) ... ok
test_concurrent_denied_duplicate_preserves_first_result (test_pre_p12_r05_r06_followup.ResourceTransactionTests.test_concurrent_denied_duplicate_preserves_first_result) ... ok
test_concurrent_denied_then_conflicting_allowance_preserves_first_result (test_pre_p12_r05_r06_followup.ResourceTransactionTests.test_concurrent_denied_then_conflicting_allowance_preserves_first_result) ... ok
test_concurrent_new_request_cannot_deny_an_allocated_session (test_pre_p12_r05_r06_followup.ResourceTransactionTests.test_concurrent_new_request_cannot_deny_an_allocated_session) ... ok
test_denials_allow_new_identity_then_allocation_and_settlement (test_pre_p12_r05_r06_followup.ResourceTransactionTests.test_denials_allow_new_identity_then_allocation_and_settlement) ... ok
test_concurrent_events_are_not_silently_lost (test_pre_p12_repairs.PreP12RegressionTests.test_concurrent_events_are_not_silently_lost) ... ok
test_concurrent_mutations_preserve_revision_conflict (test_pre_p12_repairs.PreP12RegressionTests.test_concurrent_mutations_preserve_revision_conflict) ... ok
test_concurrent_same_event_is_persisted_once (test_pre_p12_repairs.PreP12RegressionTests.test_concurrent_same_event_is_persisted_once) ... ok
test_control_memory_disjoint_roots_merge (test_pre_p12_repairs.PreP12RegressionTests.test_control_memory_disjoint_roots_merge) ... ok
test_control_real_restriction_removes_capability (test_pre_p12_repairs.PreP12RegressionTests.test_control_real_restriction_removes_capability) ... ok
test_control_resource_once_reconciles (test_pre_p12_repairs.PreP12RegressionTests.test_control_resource_once_reconciles) ... ok
test_control_scheduler_unknown_allows_immediate_next_tick (test_pre_p12_repairs.PreP12RegressionTests.test_control_scheduler_unknown_allows_immediate_next_tick) ... ok
test_control_sequential_events_preserved (test_pre_p12_repairs.PreP12RegressionTests.test_control_sequential_events_preserved) ... ok
test_learning_confirmation_gate_remains_before_writes (test_pre_p12_repairs.PreP12RegressionTests.test_learning_confirmation_gate_remains_before_writes) ... ok
test_learning_current_sufficient_confidence_is_not_overstated (test_pre_p12_repairs.PreP12RegressionTests.test_learning_current_sufficient_confidence_is_not_overstated) ... ok
test_learning_rechecks_rejected_support_before_solidifying (test_pre_p12_repairs.PreP12RegressionTests.test_learning_rechecks_rejected_support_before_solidifying) ... ok
test_learning_reduced_support_confidence_cannot_reuse_old_validation (test_pre_p12_repairs.PreP12RegressionTests.test_learning_reduced_support_confidence_cannot_reuse_old_validation) ... ok
test_learning_support_root_overlap_and_count_are_rechecked (test_pre_p12_repairs.PreP12RegressionTests.test_learning_support_root_overlap_and_count_are_rechecked) ... ok
test_learning_valid_support_survives_restart_and_requires_explicit_evolution (test_pre_p12_repairs.PreP12RegressionTests.test_learning_valid_support_survives_restart_and_requires_explicit_evolution) ... ok
test_memory_full_duplicate_does_not_increase_roots_or_confidence (test_pre_p12_repairs.PreP12RegressionTests.test_memory_full_duplicate_does_not_increase_roots_or_confidence) ... ok
test_memory_partial_alias_uses_previous_revision_and_new_direct_evidence (test_pre_p12_repairs.PreP12RegressionTests.test_memory_partial_alias_uses_previous_revision_and_new_direct_evidence) ... ok
test_memory_partial_overlap_preserves_history_provenance_and_conflict_rejection (test_pre_p12_repairs.PreP12RegressionTests.test_memory_partial_overlap_preserves_history_provenance_and_conflict_rejection) ... ok
test_memory_partial_overlap_preserves_new_evidence (test_pre_p12_repairs.PreP12RegressionTests.test_memory_partial_overlap_preserves_new_evidence) ... ok
test_model_executed_fact_recovers_at_zero_current_budget_without_execute (test_pre_p12_repairs.PreP12RegressionTests.test_model_executed_fact_recovers_at_zero_current_budget_without_execute) ... ok
test_model_positive_reserved_budget_is_rechecked_after_another_request_consumes_it (test_pre_p12_repairs.PreP12RegressionTests.test_model_positive_reserved_budget_is_rechecked_after_another_request_consumes_it) ... ok
test_model_unknown_at_budget_gate_never_authorizes_execute (test_pre_p12_repairs.PreP12RegressionTests.test_model_unknown_at_budget_gate_never_authorizes_execute) ... ok
test_model_zero_budget_still_blocks_execute_after_crash (test_pre_p12_repairs.PreP12RegressionTests.test_model_zero_budget_still_blocks_execute_after_crash) ... ok
test_permission_capability_only_escalation_is_rejected_without_write (test_pre_p12_repairs.PreP12RegressionTests.test_permission_capability_only_escalation_is_rejected_without_write) ... ok
test_permission_expiry_cannot_be_reactivated_by_restrict_but_explicit_grant_works (test_pre_p12_repairs.PreP12RegressionTests.test_permission_expiry_cannot_be_reactivated_by_restrict_but_explicit_grant_works) ... ok
test_permission_wildcard_scope_containment_and_zero_write_rejection (test_pre_p12_repairs.PreP12RegressionTests.test_permission_wildcard_scope_containment_and_zero_write_rejection) ... ok
test_repeated_resource_request_remains_reconcilable (test_pre_p12_repairs.PreP12RegressionTests.test_repeated_resource_request_remains_reconcilable) ... ok
test_resource_denied_request_may_use_new_identity_when_resources_become_available (test_pre_p12_repairs.PreP12RegressionTests.test_resource_denied_request_may_use_new_identity_when_resources_become_available) ... ok
test_resource_duplicate_and_conflict_reject_after_restart_then_settle (test_pre_p12_repairs.PreP12RegressionTests.test_resource_duplicate_and_conflict_reject_after_restart_then_settle) ... ok
test_restriction_does_not_expand_capabilities (test_pre_p12_repairs.PreP12RegressionTests.test_restriction_does_not_expand_capabilities) ... ok
test_restriction_does_not_reactivate_revoked_permission (test_pre_p12_repairs.PreP12RegressionTests.test_restriction_does_not_reactivate_revoked_permission) ... ok
test_scheduler_conflicting_query_has_backoff_without_new_attempt (test_pre_p12_repairs.PreP12RegressionTests.test_scheduler_conflicting_query_has_backoff_without_new_attempt) ... ok
test_scheduler_existing_session_cycle_mismatch_rejects_before_resources (test_pre_p12_repairs.PreP12RegressionTests.test_scheduler_existing_session_cycle_mismatch_rejects_before_resources) ... ok
test_scheduler_foreign_cycle_does_not_wake_another_subject (test_pre_p12_repairs.PreP12RegressionTests.test_scheduler_foreign_cycle_does_not_wake_another_subject) ... ok
test_scheduler_foreign_cycle_rejected_without_resource_wake_or_receipt_write (test_pre_p12_repairs.PreP12RegressionTests.test_scheduler_foreign_cycle_rejected_without_resource_wake_or_receipt_write) ... ok
test_scheduler_pending_queries_and_healthy_stream_progress_after_restart (test_pre_p12_repairs.PreP12RegressionTests.test_scheduler_pending_queries_and_healthy_stream_progress_after_restart) ... ok
test_scheduler_receipt_conflict_does_not_starve_other_task (test_pre_p12_repairs.PreP12RegressionTests.test_scheduler_receipt_conflict_does_not_starve_other_task) ... ok
test_scheduler_test_delivery_rejects_request_binding_changes_before_effects (test_pre_p12_repairs.PreP12RegressionTests.test_scheduler_test_delivery_rejects_request_binding_changes_before_effects) ... ok
test_scheduler_unknown_does_not_starve_at_normal_poll_interval (test_pre_p12_repairs.PreP12RegressionTests.test_scheduler_unknown_does_not_starve_at_normal_poll_interval) ... ok
test_scheduler_verification_is_fair_among_multiple_unknown_tasks (test_pre_p12_repairs.PreP12RegressionTests.test_scheduler_verification_is_fair_among_multiple_unknown_tasks) ... ok

----------------------------------------------------------------------
Ran 257 tests in 58.099s

OK
