test_existing_alias_cannot_bypass_archive (test_p12_memory_second_review.P12ExistingAliasProbes.test_existing_alias_cannot_bypass_archive) ... ok
test_existing_alias_cannot_bypass_deactivation (test_p12_memory_second_review.P12ExistingAliasProbes.test_existing_alias_cannot_bypass_deactivation) ... ok
test_existing_alias_cannot_bypass_logical_delete (test_p12_memory_second_review.P12ExistingAliasProbes.test_existing_alias_cannot_bypass_logical_delete) ... ok
test_positive_explicit_restore_reopens_existing_alias (test_p12_memory_second_review.P12ExistingAliasProbes.test_positive_explicit_restore_reopens_existing_alias) ... ok
test_positive_nonzero_downweight_is_inherited (test_p12_memory_second_review.P12ExistingAliasProbes.test_positive_nonzero_downweight_is_inherited) ... ok
test_positive_untouched_alias_is_legitimately_selected (test_p12_memory_second_review.P12ExistingAliasProbes.test_positive_untouched_alias_is_legitimately_selected) ... ok
test_zero_weight_alias_cannot_be_selected_by_legacy_service (test_p12_memory_second_review.P12ExistingAliasProbes.test_zero_weight_alias_cannot_be_selected_by_legacy_service) ... ok
test_archive_blocks_alias_summary_exact_and_old_windows (test_p12_memory_second_review.SameRootConsumptionTests.test_archive_blocks_alias_summary_exact_and_old_windows) ... ok
test_authorized_archived_history_and_event_audit_remain_read_only (test_p12_memory_second_review.SameRootConsumptionTests.test_authorized_archived_history_and_event_audit_remain_read_only) ... ok
test_deactivate_blocks_alias_summary_exact_and_old_windows (test_p12_memory_second_review.SameRootConsumptionTests.test_deactivate_blocks_alias_summary_exact_and_old_windows) ... ok
test_delete_blocks_alias_summary_exact_and_old_windows (test_p12_memory_second_review.SameRootConsumptionTests.test_delete_blocks_alias_summary_exact_and_old_windows) ... ok
test_deleted_root_cannot_leak_through_archived_alias_history_or_restore (test_p12_memory_second_review.SameRootConsumptionTests.test_deleted_root_cannot_leak_through_archived_alias_history_or_restore) ... ok
test_lifecycle_restriction_does_not_block_new_independent_root (test_p12_memory_second_review.SameRootConsumptionTests.test_lifecycle_restriction_does_not_block_new_independent_root) ... ok
test_new_alias_after_governance_is_rejected_without_writes (test_p12_memory_second_review.SameRootConsumptionTests.test_new_alias_after_governance_is_rejected_without_writes) ... ok
test_normal_c1_rejects_old_context_and_excludes_existing_alias_after_restart (test_p12_memory_second_review.SameRootConsumptionTests.test_normal_c1_rejects_old_context_and_excludes_existing_alias_after_restart) ... ok
test_restoring_original_does_not_rebind_old_explicit_child (test_p12_memory_second_review.SameRootConsumptionTests.test_restoring_original_does_not_rebind_old_explicit_child) ... ok
test_summary_stays_invalid_after_restore_until_explicit_rebuild (test_p12_memory_second_review.SameRootConsumptionTests.test_summary_stays_invalid_after_restore_until_explicit_rebuild) ... ok
test_true_legacy_archive_temperature_enumeration_remains_compatible (test_p12_memory_second_review.SameRootConsumptionTests.test_true_legacy_archive_temperature_enumeration_remains_compatible) ... ok
test_zero_weight_is_filtered_at_retriever_not_by_changing_zero_threshold (test_p12_memory_second_review.SameRootConsumptionTests.test_zero_weight_is_filtered_at_retriever_not_by_changing_zero_threshold) ... ok

----------------------------------------------------------------------
Ran 19 tests in 5.065s

OK
