test_expired_source_rejects_while_historical_receipt_is_preserved (tests.test_w04_2_history_selection.HistorySelectionTests.test_expired_source_rejects_while_historical_receipt_is_preserved) ... ok
test_non_targeted_result_source_keeps_original_candidate_ranking (tests.test_w04_2_history_selection.HistorySelectionTests.test_non_targeted_result_source_keeps_original_candidate_ranking) ... ok
test_permission_revoked_during_composition_rejects_before_return (tests.test_w04_2_history_selection.HistorySelectionTests.test_permission_revoked_during_composition_rejects_before_return) ... ok
test_reopen_and_same_query_replay_keep_original_facts (tests.test_w04_2_history_selection.HistorySelectionTests.test_reopen_and_same_query_replay_keep_original_facts) ... ok
test_revoked_permission_rejects_and_does_not_consume_old_receipt (tests.test_w04_2_history_selection.HistorySelectionTests.test_revoked_permission_rejects_and_does_not_consume_old_receipt) ... ok
test_target_that_cannot_fit_is_blocked_without_substituting_other_receipt (tests.test_w04_2_history_selection.HistorySelectionTests.test_target_that_cannot_fit_is_blocked_without_substituting_other_receipt) ... ok
test_two_current_targets_both_orders_and_distinct_identifiers (tests.test_w04_2_history_selection.HistorySelectionTests.test_two_current_targets_both_orders_and_distinct_identifiers) ... ok
test_withdrawn_source_cannot_be_replaced_by_other_same_root_copy (tests.test_w04_2_history_selection.HistorySelectionTests.test_withdrawn_source_cannot_be_replaced_by_other_same_root_copy) ... ok
test_attach_transaction_busy_stop_is_uncommitted_then_same_identity_succeeds (tests.test_p18_runtime_contention.RuntimeContentionTests.test_attach_transaction_busy_stop_is_uncommitted_then_same_identity_succeeds) ... ok
test_bounded_stop_busy_retry_uses_same_identity_after_real_lock_release (tests.test_p18_runtime_contention.RuntimeContentionTests.test_bounded_stop_busy_retry_uses_same_identity_after_real_lock_release) ... ok
test_bounded_stop_does_not_retry_non_busy_refusal (tests.test_p18_runtime_contention.RuntimeContentionTests.test_bounded_stop_does_not_retry_non_busy_refusal) ... ok
test_corrupt_checkpoint_and_generation_fence_not_swallowed (tests.test_p18_runtime_contention.RuntimeContentionTests.test_corrupt_checkpoint_and_generation_fence_not_swallowed) ... ok
test_effect_before_busy_observation_is_not_dispatched_again (tests.test_p18_runtime_contention.RuntimeContentionTests.test_effect_before_busy_observation_is_not_dispatched_again) ... RUNTIME_CHECKPOINT_BUSY
RUNTIME_CHECKPOINT_AVAILABLE
ok
test_h1_clock_advance_during_maintenance_observation (tests.test_p18_runtime_contention.RuntimeContentionTests.test_h1_clock_advance_during_maintenance_observation) ... ok
test_h1_controller_timeout_captures_state_before_stop (tests.test_p18_runtime_contention.RuntimeContentionTests.test_h1_controller_timeout_captures_state_before_stop) ... ok
test_idle_tick_busy_is_bounded_read_only_and_resumes (tests.test_p18_runtime_contention.RuntimeContentionTests.test_idle_tick_busy_is_bounded_read_only_and_resumes) ... RUNTIME_CHECKPOINT_BUSY
RUNTIME_CHECKPOINT_AVAILABLE
ok
test_long_busy_control_rejects_without_record_and_same_identity_retries (tests.test_p18_runtime_contention.RuntimeContentionTests.test_long_busy_control_rejects_without_record_and_same_identity_retries) ... ok
test_long_busy_host_remains_live_and_diagnostic_is_not_flooded (tests.test_p18_runtime_contention.RuntimeContentionTests.test_long_busy_host_remains_live_and_diagnostic_is_not_flooded) ... ok
test_non_contention_os_error_not_reclassified (tests.test_p18_runtime_contention.RuntimeContentionTests.test_non_contention_os_error_not_reclassified) ... ok
test_original_exception_recorded_when_exit_checkpoint_available (tests.test_p18_runtime_contention.RuntimeContentionTests.test_original_exception_recorded_when_exit_checkpoint_available) ... ok
test_owner_permission_rejection_not_treated_as_busy (tests.test_p18_runtime_contention.RuntimeContentionTests.test_owner_permission_rejection_not_treated_as_busy) ... ok
test_paused_process_control_competition (tests.test_p18_runtime_contention.RuntimeContentionTests.test_paused_process_control_competition) ... ok
test_real_busy_exit_keeps_original_error_and_releases_owner (tests.test_p18_runtime_contention.RuntimeContentionTests.test_real_busy_exit_keeps_original_error_and_releases_owner) ... ok
test_resource_wait_process_control_competition (tests.test_p18_runtime_contention.RuntimeContentionTests.test_resource_wait_process_control_competition) ... ok
test_running_process_control_competition (tests.test_p18_runtime_contention.RuntimeContentionTests.test_running_process_control_competition) ... ok
test_second_host_still_immediately_rejected (tests.test_p18_runtime_contention.RuntimeContentionTests.test_second_host_still_immediately_rejected) ... ok
test_short_lock_serializes_control_before_deadline (tests.test_p18_runtime_contention.RuntimeContentionTests.test_short_lock_serializes_control_before_deadline) ... ok
test_stale_cas_and_conflicting_identity_still_fail_closed (tests.test_p18_runtime_contention.RuntimeContentionTests.test_stale_cas_and_conflicting_identity_still_fail_closed) ... ok
test_start_waits_for_checkpoint_without_relaxing_owner_lock (tests.test_p18_runtime_contention.RuntimeContentionTests.test_start_waits_for_checkpoint_without_relaxing_owner_lock) ... ok
test_thread_transaction_also_has_bounded_wait (tests.test_p18_runtime_contention.RuntimeContentionTests.test_thread_transaction_also_has_bounded_wait) ... ok
test_waiting_old_observation_does_not_overwrite_new_resume (tests.test_p18_runtime_contention.RuntimeContentionTests.test_waiting_old_observation_does_not_overwrite_new_resume) ... ok

----------------------------------------------------------------------
Ran 31 tests in 108.833s

OK
