test_handoff_preparation_cannot_cross_subject_or_environment (tests.test_w04_1_environment.W04EnvironmentTests.test_handoff_preparation_cannot_cross_subject_or_environment) ... 
  test_handoff_preparation_cannot_cross_subject_or_environment (tests.test_w04_1_environment.W04EnvironmentTests.test_handoff_preparation_cannot_cross_subject_or_environment) (subject_id='subject:other', environment='TEST') ... FAIL
  test_handoff_preparation_cannot_cross_subject_or_environment (tests.test_w04_1_environment.W04EnvironmentTests.test_handoff_preparation_cannot_cross_subject_or_environment) (subject_id='sub-f9d7a8095da04160', environment='RESEARCH') ... FAIL
test_migration_preparation_status_cannot_contradict_kind_or_inventory (tests.test_w04_1_environment.W04EnvironmentTests.test_migration_preparation_status_cannot_contradict_kind_or_inventory) ... 
  test_migration_preparation_status_cannot_contradict_kind_or_inventory (tests.test_w04_1_environment.W04EnvironmentTests.test_migration_preparation_status_cannot_contradict_kind_or_inventory) (changes={'kind': 'FIRST_IMPORT'}) ... FAIL
  test_migration_preparation_status_cannot_contradict_kind_or_inventory (tests.test_w04_1_environment.W04EnvironmentTests.test_migration_preparation_status_cannot_contradict_kind_or_inventory) (changes={'required': ('subject-state', 'e5a'), 'missing': ('e5a',)}) ... FAIL
test_sensor_contract_rejects_non_finite_bool_and_wrong_type (tests.test_w04_1_environment.W04EnvironmentTests.test_sensor_contract_rejects_non_finite_bool_and_wrong_type) ... 
  test_sensor_contract_rejects_non_finite_bool_and_wrong_type (tests.test_w04_1_environment.W04EnvironmentTests.test_sensor_contract_rejects_non_finite_bool_and_wrong_type) (value=nan) ... FAIL
  test_sensor_contract_rejects_non_finite_bool_and_wrong_type (tests.test_w04_1_environment.W04EnvironmentTests.test_sensor_contract_rejects_non_finite_bool_and_wrong_type) (value=inf) ... FAIL
  test_sensor_contract_rejects_non_finite_bool_and_wrong_type (tests.test_w04_1_environment.W04EnvironmentTests.test_sensor_contract_rejects_non_finite_bool_and_wrong_type) (value=-inf) ... FAIL
  test_sensor_contract_rejects_non_finite_bool_and_wrong_type (tests.test_w04_1_environment.W04EnvironmentTests.test_sensor_contract_rejects_non_finite_bool_and_wrong_type) (value=True) ... FAIL
  test_sensor_contract_rejects_non_finite_bool_and_wrong_type (tests.test_w04_1_environment.W04EnvironmentTests.test_sensor_contract_rejects_non_finite_bool_and_wrong_type) (value='0') ... ERROR
  test_sensor_contract_rejects_non_finite_bool_and_wrong_type (tests.test_w04_1_environment.W04EnvironmentTests.test_sensor_contract_rejects_non_finite_bool_and_wrong_type) (value=[]) ... ERROR
test_expired_output_ability_rejects_existing_execution_before_effect_or_cost (tests.test_w04_1_environment.W04ActionBindingTests.test_expired_output_ability_rejects_existing_execution_before_effect_or_cost) ... ERROR

======================================================================
ERROR: test_sensor_contract_rejects_non_finite_bool_and_wrong_type (tests.test_w04_1_environment.W04EnvironmentTests.test_sensor_contract_rejects_non_finite_bool_and_wrong_type) (value='0')
----------------------------------------------------------------------
Traceback (most recent call last):
  File "C:\Users\Administrator\Documents\continuity-engine\tests\test_w04_1_environment.py", line 272, in test_sensor_contract_rejects_non_finite_bool_and_wrong_type
    self.service.validate_sensor(use, replace(observation, value=value))
    ~~~~~~~~~~~~~~~~~~~~~~~~~~~~^^^^^^^^^^^^^^^^^^^^^^^^^^^^^^^^^^^^^^^^
  File "C:\Users\Administrator\Documents\continuity-engine\src\continuity_engine\services\environment_access_service.py", line 196, in validate_sensor
    if observation.value is not None and ((ability.lower is not None and observation.value < ability.lower)
                                                                         ^^^^^^^^^^^^^^^^^^^^^^^^^^^^^^^^^
TypeError: '<' not supported between instances of 'str' and 'int'

======================================================================
ERROR: test_sensor_contract_rejects_non_finite_bool_and_wrong_type (tests.test_w04_1_environment.W04EnvironmentTests.test_sensor_contract_rejects_non_finite_bool_and_wrong_type) (value=[])
----------------------------------------------------------------------
Traceback (most recent call last):
  File "C:\Users\Administrator\Documents\continuity-engine\tests\test_w04_1_environment.py", line 272, in test_sensor_contract_rejects_non_finite_bool_and_wrong_type
    self.service.validate_sensor(use, replace(observation, value=value))
    ~~~~~~~~~~~~~~~~~~~~~~~~~~~~^^^^^^^^^^^^^^^^^^^^^^^^^^^^^^^^^^^^^^^^
  File "C:\Users\Administrator\Documents\continuity-engine\src\continuity_engine\services\environment_access_service.py", line 196, in validate_sensor
    if observation.value is not None and ((ability.lower is not None and observation.value < ability.lower)
                                                                         ^^^^^^^^^^^^^^^^^^^^^^^^^^^^^^^^^
TypeError: '<' not supported between instances of 'list' and 'int'

======================================================================
ERROR: test_expired_output_ability_rejects_existing_execution_before_effect_or_cost (tests.test_w04_1_environment.W04ActionBindingTests.test_expired_output_ability_rejects_existing_execution_before_effect_or_cost)
----------------------------------------------------------------------
Traceback (most recent call last):
  File "C:\Users\Administrator\Documents\continuity-engine\src\continuity_engine\services\continuity_interaction_service.py", line 756, in _run_domain
    wake_session = self._awakening.get_session(
        operation.subject_id,
        progress.wake_session_id,
    )
  File "C:\Users\Administrator\Documents\continuity-engine\src\continuity_engine\services\awakening_service.py", line 162, in get_session
    return self._repository.load_session(subject_id, session_id)
           ~~~~~~~~~~~~~~~~~~~~~~~~~~~~~^^^^^^^^^^^^^^^^^^^^^^^^
  File "C:\Users\Administrator\Documents\continuity-engine\src\continuity_engine\storage\json_awakening_repository.py", line 86, in load_session
    raise StateNotFoundError(f"wake session not found: {session_id}")
continuity_engine.domain.errors.StateNotFoundError: wake session not found: d0f0260a-64c9-534b-b96d-fda32e552013

During handling of the above exception, another exception occurred:

Traceback (most recent call last):
  File "C:\Users\Administrator\Documents\continuity-engine\src\continuity_engine\services\continuity_interaction_service.py", line 308, in _submit
    operation, thinking_execution = self._run_domain(request, operation, binding)
                                    ~~~~~~~~~~~~~~~~^^^^^^^^^^^^^^^^^^^^^^^^^^^^^
  File "C:\Users\Administrator\Documents\continuity-engine\src\continuity_engine\services\continuity_interaction_service.py", line 761, in _run_domain
    awakening = self._awakening.wake_manual(
        binding.cycle_id,
    ...<3 lines>...
        preserve_recovery_context=True,
    )
  File "C:\Users\Administrator\Documents\continuity-engine\src\continuity_engine\services\awakening_service.py", line 109, in wake_manual
    return self._run(
           ~~~~~~~~~^
        cycle,
        ^^^^^^
    ...<3 lines>...
        preserve_recovery_context=preserve_recovery_context,
        ^^^^^^^^^^^^^^^^^^^^^^^^^^^^^^^^^^^^^^^^^^^^^^^^^^^^
    )
    ^
  File "C:\Users\Administrator\Documents\continuity-engine\src\continuity_engine\services\awakening_service.py", line 266, in _run
    self._repository.save_session(session)
    ~~~~~~~~~~~~~~~~~~~~~~~~~~~~~^^^^^^^^^
  File "C:\Users\Administrator\Documents\continuity-engine\src\continuity_engine\storage\json_awakening_repository.py", line 81, in save_session
    self._write_json(path, session.to_dict())
    ~~~~~~~~~~~~~~~~^^^^^^^^^^^^^^^^^^^^^^^^^
  File "C:\Users\Administrator\Documents\continuity-engine\src\continuity_engine\storage\json_awakening_repository.py", line 118, in _write_json
    with tempfile.NamedTemporaryFile(
         ~~~~~~~~~~~~~~~~~~~~~~~~~~~^
        mode="w",
        ^^^^^^^^^
    ...<5 lines>...
        delete=False,
        ^^^^^^^^^^^^^
    ) as temporary:
    ^
  File "E:\Adobe\Lib\tempfile.py", line 603, in NamedTemporaryFile
    file = _io.open(dir, mode, buffering=buffering,
                    newline=newline, encoding=encoding, errors=errors,
                    opener=opener)
  File "E:\Adobe\Lib\tempfile.py", line 600, in opener
    fd, name = _mkstemp_inner(dir, prefix, suffix, flags, output_type)
               ~~~~~~~~~~~~~~^^^^^^^^^^^^^^^^^^^^^^^^^^^^^^^^^^^^^^^^^
  File "E:\Adobe\Lib\tempfile.py", line 255, in _mkstemp_inner
    fd = _os.open(file, flags, 0o600)
FileNotFoundError: [Errno 2] No such file or directory: 'C:\\Users\\Administrator\\AppData\\Local\\Temp\\w04-1-expired-output-gds_k3ih\\s\\s\\s184d323f\\b\\bd03e32d8\\data\\awakening\\sessions\\42dd3567bdee1aa1d9184ea20691cfae46b5b4e5c7ead3bbe7a929bb0165a004\\.bea2544677cecd9f13a74be9c13b21308ec37b71a8711a570a698a82b03d74ab._8pxi4ew.tmp'

The above exception was the direct cause of the following exception:

Traceback (most recent call last):
  File "C:\Users\Administrator\Documents\continuity-engine\tests\test_w04_1_environment.py", line 416, in test_expired_output_ability_rejects_existing_execution_before_effect_or_cost
    f.submit()
    ~~~~~~~~^^
  File "C:\Users\Administrator\Documents\continuity-engine\src\continuity_engine\testing\p17_execution_fixture.py", line 242, in submit
    result=self.app.adapter.submit(request)
  File "C:\Users\Administrator\Documents\continuity-engine\src\continuity_engine\interfaces\integration_adapter.py", line 38, in submit
    return self._service.submit(payload)
           ~~~~~~~~~~~~~~~~~~~~^^^^^^^^^
  File "C:\Users\Administrator\Documents\continuity-engine\src\continuity_engine\services\continuity_interaction_service.py", line 195, in submit
    return self._submit(payload, access_use=access_use)
           ~~~~~~~~~~~~^^^^^^^^^^^^^^^^^^^^^^^^^^^^^^^^
  File "C:\Users\Administrator\Documents\continuity-engine\src\continuity_engine\services\continuity_interaction_service.py", line 320, in _submit
    raise IntegrationExecutionError(
    ...<4 lines>...
    ) from exc
continuity_engine.domain.errors.IntegrationExecutionError: Local integration encountered an unexpected execution fault during domain.

======================================================================
FAIL: test_handoff_preparation_cannot_cross_subject_or_environment (tests.test_w04_1_environment.W04EnvironmentTests.test_handoff_preparation_cannot_cross_subject_or_environment) (subject_id='subject:other', environment='TEST')
----------------------------------------------------------------------
Traceback (most recent call last):
  File "C:\Users\Administrator\Documents\continuity-engine\tests\test_w04_1_environment.py", line 237, in test_handoff_preparation_cannot_cross_subject_or_environment
    with self.assertRaisesRegex(EnvironmentAccessError, "W04_HANDOFF_BINDING"):
         ~~~~~~~~~~~~~~~~~~~~~~^^^^^^^^^^^^^^^^^^^^^^^^^^^^^^^^^^^^^^^^^^^^^^^
AssertionError: EnvironmentAccessError not raised

======================================================================
FAIL: test_handoff_preparation_cannot_cross_subject_or_environment (tests.test_w04_1_environment.W04EnvironmentTests.test_handoff_preparation_cannot_cross_subject_or_environment) (subject_id='sub-f9d7a8095da04160', environment='RESEARCH')
----------------------------------------------------------------------
Traceback (most recent call last):
  File "C:\Users\Administrator\Documents\continuity-engine\tests\test_w04_1_environment.py", line 237, in test_handoff_preparation_cannot_cross_subject_or_environment
    with self.assertRaisesRegex(EnvironmentAccessError, "W04_HANDOFF_BINDING"):
         ~~~~~~~~~~~~~~~~~~~~~~^^^^^^^^^^^^^^^^^^^^^^^^^^^^^^^^^^^^^^^^^^^^^^^
AssertionError: EnvironmentAccessError not raised

======================================================================
FAIL: test_migration_preparation_status_cannot_contradict_kind_or_inventory (tests.test_w04_1_environment.W04EnvironmentTests.test_migration_preparation_status_cannot_contradict_kind_or_inventory) (changes={'kind': 'FIRST_IMPORT'})
----------------------------------------------------------------------
Traceback (most recent call last):
  File "C:\Users\Administrator\Documents\continuity-engine\tests\test_w04_1_environment.py", line 251, in test_migration_preparation_status_cannot_contradict_kind_or_inventory
    with self.assertRaisesRegex(EnvironmentAccessError, "W04_MIGRATION_STATUS"):
         ~~~~~~~~~~~~~~~~~~~~~~^^^^^^^^^^^^^^^^^^^^^^^^^^^^^^^^^^^^^^^^^^^^^^^^
AssertionError: EnvironmentAccessError not raised

======================================================================
FAIL: test_migration_preparation_status_cannot_contradict_kind_or_inventory (tests.test_w04_1_environment.W04EnvironmentTests.test_migration_preparation_status_cannot_contradict_kind_or_inventory) (changes={'required': ('subject-state', 'e5a'), 'missing': ('e5a',)})
----------------------------------------------------------------------
continuity_engine.domain.environment_access.EnvironmentAccessError: W04_HANDOFF_STALE

During handling of the above exception, another exception occurred:

Traceback (most recent call last):
  File "C:\Users\Administrator\Documents\continuity-engine\tests\test_w04_1_environment.py", line 251, in test_migration_preparation_status_cannot_contradict_kind_or_inventory
    with self.assertRaisesRegex(EnvironmentAccessError, "W04_MIGRATION_STATUS"):
         ~~~~~~~~~~~~~~~~~~~~~~^^^^^^^^^^^^^^^^^^^^^^^^^^^^^^^^^^^^^^^^^^^^^^^^
AssertionError: "W04_MIGRATION_STATUS" does not match "W04_HANDOFF_STALE"

======================================================================
FAIL: test_sensor_contract_rejects_non_finite_bool_and_wrong_type (tests.test_w04_1_environment.W04EnvironmentTests.test_sensor_contract_rejects_non_finite_bool_and_wrong_type) (value=nan)
----------------------------------------------------------------------
Traceback (most recent call last):
  File "C:\Users\Administrator\Documents\continuity-engine\tests\test_w04_1_environment.py", line 271, in test_sensor_contract_rejects_non_finite_bool_and_wrong_type
    with self.assertRaisesRegex(EnvironmentAccessError, "W04_SENSOR_VALUE_INVALID"):
         ~~~~~~~~~~~~~~~~~~~~~~^^^^^^^^^^^^^^^^^^^^^^^^^^^^^^^^^^^^^^^^^^^^^^^^^^^^
AssertionError: EnvironmentAccessError not raised

======================================================================
FAIL: test_sensor_contract_rejects_non_finite_bool_and_wrong_type (tests.test_w04_1_environment.W04EnvironmentTests.test_sensor_contract_rejects_non_finite_bool_and_wrong_type) (value=inf)
----------------------------------------------------------------------
continuity_engine.domain.environment_access.EnvironmentAccessError: W04_SENSOR_RANGE

During handling of the above exception, another exception occurred:

Traceback (most recent call last):
  File "C:\Users\Administrator\Documents\continuity-engine\tests\test_w04_1_environment.py", line 271, in test_sensor_contract_rejects_non_finite_bool_and_wrong_type
    with self.assertRaisesRegex(EnvironmentAccessError, "W04_SENSOR_VALUE_INVALID"):
         ~~~~~~~~~~~~~~~~~~~~~~^^^^^^^^^^^^^^^^^^^^^^^^^^^^^^^^^^^^^^^^^^^^^^^^^^^^
AssertionError: "W04_SENSOR_VALUE_INVALID" does not match "W04_SENSOR_RANGE"

======================================================================
FAIL: test_sensor_contract_rejects_non_finite_bool_and_wrong_type (tests.test_w04_1_environment.W04EnvironmentTests.test_sensor_contract_rejects_non_finite_bool_and_wrong_type) (value=-inf)
----------------------------------------------------------------------
continuity_engine.domain.environment_access.EnvironmentAccessError: W04_SENSOR_RANGE

During handling of the above exception, another exception occurred:

Traceback (most recent call last):
  File "C:\Users\Administrator\Documents\continuity-engine\tests\test_w04_1_environment.py", line 271, in test_sensor_contract_rejects_non_finite_bool_and_wrong_type
    with self.assertRaisesRegex(EnvironmentAccessError, "W04_SENSOR_VALUE_INVALID"):
         ~~~~~~~~~~~~~~~~~~~~~~^^^^^^^^^^^^^^^^^^^^^^^^^^^^^^^^^^^^^^^^^^^^^^^^^^^^
AssertionError: "W04_SENSOR_VALUE_INVALID" does not match "W04_SENSOR_RANGE"

======================================================================
FAIL: test_sensor_contract_rejects_non_finite_bool_and_wrong_type (tests.test_w04_1_environment.W04EnvironmentTests.test_sensor_contract_rejects_non_finite_bool_and_wrong_type) (value=True)
----------------------------------------------------------------------
Traceback (most recent call last):
  File "C:\Users\Administrator\Documents\continuity-engine\tests\test_w04_1_environment.py", line 271, in test_sensor_contract_rejects_non_finite_bool_and_wrong_type
    with self.assertRaisesRegex(EnvironmentAccessError, "W04_SENSOR_VALUE_INVALID"):
         ~~~~~~~~~~~~~~~~~~~~~~^^^^^^^^^^^^^^^^^^^^^^^^^^^^^^^^^^^^^^^^^^^^^^^^^^^^
AssertionError: EnvironmentAccessError not raised

----------------------------------------------------------------------
Ran 4 tests in 1.550s

FAILED (failures=8, errors=3)
