test_body_action_uses_existing_execution_and_fences_changed_attachment (tests.test_w04_1_environment.W04ActionBindingTests.test_body_action_uses_existing_execution_and_fences_changed_attachment) ... ok
test_body_none_unknown_zero_and_source_separation (tests.test_w04_1_environment.W04EnvironmentTests.test_body_none_unknown_zero_and_source_separation) ... ok
test_corrupt_store_and_revision_conflict_fail_closed (tests.test_w04_1_environment.W04EnvironmentTests.test_corrupt_store_and_revision_conflict_fail_closed) ... ok
test_deep_history_needs_willingness_and_future_route (tests.test_w04_1_environment.W04EnvironmentTests.test_deep_history_needs_willingness_and_future_route) ... ok
test_formal_ingress_checks_attachment_before_any_operation_write (tests.test_w04_1_environment.W04EnvironmentTests.test_formal_ingress_checks_attachment_before_any_operation_write) ... ok
test_four_states_and_current_availability_are_distinct (tests.test_w04_1_environment.W04EnvironmentTests.test_four_states_and_current_availability_are_distinct) ... ok
test_isolated_handoff_fences_old_host_and_restart_keeps_fence (tests.test_w04_1_environment.W04EnvironmentTests.test_isolated_handoff_fences_old_host_and_restart_keeps_fence) ... ok
test_migration_kinds_missing_inventory_and_production_not_ready (tests.test_w04_1_environment.W04EnvironmentTests.test_migration_kinds_missing_inventory_and_production_not_ready) ... ok
test_revocation_expiry_and_current_permission_stop_new_ingress (tests.test_w04_1_environment.W04EnvironmentTests.test_revocation_expiry_and_current_permission_stop_new_ingress) ... ERROR
test_same_account_name_and_wrong_subject_are_not_identity (tests.test_w04_1_environment.W04EnvironmentTests.test_same_account_name_and_wrong_subject_are_not_identity) ... ok
test_scoped_history_uses_original_router_composer_and_is_read_only (tests.test_w04_1_environment.W04EnvironmentTests.test_scoped_history_uses_original_router_composer_and_is_read_only) ... ok

======================================================================
ERROR: test_revocation_expiry_and_current_permission_stop_new_ingress (tests.test_w04_1_environment.W04EnvironmentTests.test_revocation_expiry_and_current_permission_stop_new_ingress)
----------------------------------------------------------------------
Traceback (most recent call last):
  File "C:\Users\Administrator\Documents\continuity-engine\tests\test_w04_1_environment.py", line 99, in test_revocation_expiry_and_current_permission_stop_new_ingress
    self.f.runtime.clock.advance(timedelta(hours=-2))
    ~~~~~~~~~~~~~~~~~~~~~~~~~~~~^^^^^^^^^^^^^^^^^^^^^
  File "C:\Users\Administrator\Documents\continuity-engine\src\continuity_engine\testing\persistence.py", line 198, in advance
    raise SandboxOperationError("CLOCK_INVALID", "advance must be positive")
continuity_engine.testing.models.SandboxOperationError: CLOCK_INVALID: advance must be positive

----------------------------------------------------------------------
Ran 11 tests in 4.763s

FAILED (errors=1)
