{
  "route": {
    "trace_id": "trace:p01-request-4b8604ee75434cc389c2ab65a2a1a0b8",
    "request_id": "p01-request-4b8604ee75434cc389c2ab65a2a1a0b8",
    "perception_id": "d1f86550-2aa7-5710-a72f-b41a55e7970b",
    "subject_id": "sub-9ec0eca6a6d54cd2",
    "source_revision": 1,
    "routed_at": "2026-09-04T08:00:01Z",
    "purpose": [
      "continuity",
      "fact",
      "internal_drive",
      "memory",
      "relationship",
      "subject_state",
      "topic"
    ],
    "route_plan_hash": "sha256:0bbcedf1775a77622bbedd7cba30ddf7341483207ff89169973d6b6d45450623",
    "manifest_hash": "sha256:a941d9f7233205cbf190827043d056713ec20f1892626e6129397cd071d012b7",
    "route_status": "COMPLETE",
    "feature_gate_version": "p05-context-router-v1",
    "partition_traces": [
      {
        "partition": "subject_state",
        "status": "OPENED",
        "reason_code": "BOUNDED_READ_COMPLETE",
        "requested_limit": 10,
        "source_ids": [
          "engine.subject-state"
        ],
        "source_versions": {
          "engine.subject-state": "revision:1"
        },
        "candidate_count": 6,
        "retrieved_count": 6,
        "evaluated_count": 6,
        "retained_count": 5,
        "rejected_count": 1
      },
      {
        "partition": "memory",
        "status": "OPENED",
        "reason_code": "BOUNDED_READ_COMPLETE",
        "requested_limit": 20,
        "source_ids": [
          "engine.external-candidates",
          "engine.memory"
        ],
        "source_versions": {
          "engine.external-candidates": "p16:37f1352147fdf06a5ebafb3006c300f01fdb53134babb0f4eee4d5258de9fa06",
          "engine.memory": "v-b9143638b6c211e7642d3dbbaf12a38b85ab1643d121adc8c801a5e3cfba0f61"
        },
        "candidate_count": 2,
        "retrieved_count": 2,
        "evaluated_count": 2,
        "retained_count": 1,
        "rejected_count": 1
      },
      {
        "partition": "derived_summary",
        "status": "OPENED",
        "reason_code": "BOUNDED_READ_COMPLETE",
        "requested_limit": 10,
        "source_ids": [
          "engine.derived-summary"
        ],
        "source_versions": {
          "engine.derived-summary": "v-4f53cda18c2baa0c0354bb5f9a3ecbe5ed12ab4d8e11ba873c2f11161202b945"
        },
        "candidate_count": 0,
        "retrieved_count": 0,
        "evaluated_count": 0,
        "retained_count": 0,
        "rejected_count": 0
      },
      {
        "partition": "timeline",
        "status": "OPENED",
        "reason_code": "BOUNDED_READ_COMPLETE",
        "requested_limit": 10,
        "source_ids": [
          "engine.timeline"
        ],
        "source_versions": {
          "engine.timeline": "v-4cfc7d72b380f1da79922d371695e651abbd2a929d99283b4c40d0ec5a3437b0"
        },
        "candidate_count": 1,
        "retrieved_count": 1,
        "evaluated_count": 1,
        "retained_count": 1,
        "rejected_count": 0
      },
      {
        "partition": "local_fact",
        "status": "UNAVAILABLE",
        "reason_code": "SOURCE_NOT_CONFIGURED",
        "requested_limit": 0,
        "source_ids": [],
        "source_versions": {},
        "candidate_count": 0,
        "retrieved_count": 0,
        "evaluated_count": 0,
        "retained_count": 0,
        "rejected_count": 0
      },
      {
        "partition": "attention",
        "status": "NOT_OPENED",
        "reason_code": "PURPOSE_NOT_SELECTED",
        "requested_limit": 0,
        "source_ids": [],
        "source_versions": {},
        "candidate_count": 0,
        "retrieved_count": 0,
        "evaluated_count": 0,
        "retained_count": 0,
        "rejected_count": 0
      },
      {
        "partition": "desire",
        "status": "NOT_OPENED",
        "reason_code": "PURPOSE_NOT_SELECTED",
        "requested_limit": 0,
        "source_ids": [],
        "source_versions": {},
        "candidate_count": 0,
        "retrieved_count": 0,
        "evaluated_count": 0,
        "retained_count": 0,
        "rejected_count": 0
      },
      {
        "partition": "conflict",
        "status": "NOT_OPENED",
        "reason_code": "PURPOSE_NOT_SELECTED",
        "requested_limit": 0,
        "source_ids": [],
        "source_versions": {},
        "candidate_count": 0,
        "retrieved_count": 0,
        "evaluated_count": 0,
        "retained_count": 0,
        "rejected_count": 0
      },
      {
        "partition": "somatic",
        "status": "NOT_OPENED",
        "reason_code": "PURPOSE_NOT_SELECTED",
        "requested_limit": 0,
        "source_ids": [],
        "source_versions": {},
        "candidate_count": 0,
        "retrieved_count": 0,
        "evaluated_count": 0,
        "retained_count": 0,
        "rejected_count": 0
      },
      {
        "partition": "expression",
        "status": "NOT_OPENED",
        "reason_code": "PURPOSE_NOT_SELECTED",
        "requested_limit": 0,
        "source_ids": [],
        "source_versions": {},
        "candidate_count": 0,
        "retrieved_count": 0,
        "evaluated_count": 0,
        "retained_count": 0,
        "rejected_count": 0
      }
    ],
    "source_traces": [
      {
        "source_id": "engine.subject-state",
        "partition": "subject_state",
        "status": "OPENED",
        "reason_code": "BOUNDED_READ_COMPLETE",
        "requested_limit": 10,
        "source_version": "revision:1",
        "permission_policy_version": "p09-test-v1",
        "candidate_count": 6,
        "retrieved_count": 6,
        "evaluated_count": 6,
        "retained_count": 5,
        "rejected_count": 1
      },
      {
        "source_id": "engine.external-candidates",
        "partition": "memory",
        "status": "OPENED",
        "reason_code": "BOUNDED_READ_COMPLETE",
        "requested_limit": 10,
        "source_version": "p16:37f1352147fdf06a5ebafb3006c300f01fdb53134babb0f4eee4d5258de9fa06",
        "permission_policy_version": "p09-test-v1",
        "candidate_count": 1,
        "retrieved_count": 1,
        "evaluated_count": 1,
        "retained_count": 0,
        "rejected_count": 1
      },
      {
        "source_id": "engine.memory",
        "partition": "memory",
        "status": "OPENED",
        "reason_code": "BOUNDED_READ_COMPLETE",
        "requested_limit": 10,
        "source_version": "v-b9143638b6c211e7642d3dbbaf12a38b85ab1643d121adc8c801a5e3cfba0f61",
        "permission_policy_version": "p09-test-v1",
        "candidate_count": 1,
        "retrieved_count": 1,
        "evaluated_count": 1,
        "retained_count": 1,
        "rejected_count": 0
      },
      {
        "source_id": "engine.derived-summary",
        "partition": "derived_summary",
        "status": "OPENED",
        "reason_code": "BOUNDED_READ_COMPLETE",
        "requested_limit": 10,
        "source_version": "v-4f53cda18c2baa0c0354bb5f9a3ecbe5ed12ab4d8e11ba873c2f11161202b945",
        "permission_policy_version": "p09-test-v1",
        "candidate_count": 0,
        "retrieved_count": 0,
        "evaluated_count": 0,
        "retained_count": 0,
        "rejected_count": 0
      },
      {
        "source_id": "engine.timeline",
        "partition": "timeline",
        "status": "OPENED",
        "reason_code": "BOUNDED_READ_COMPLETE",
        "requested_limit": 10,
        "source_version": "v-4cfc7d72b380f1da79922d371695e651abbd2a929d99283b4c40d0ec5a3437b0",
        "permission_policy_version": "p09-test-v1",
        "candidate_count": 1,
        "retrieved_count": 1,
        "evaluated_count": 1,
        "retained_count": 1,
        "rejected_count": 0
      }
    ],
    "candidate_decisions": [
      {
        "source_id": "engine.external-candidates",
        "partition": "memory",
        "stable_id": "external-candidate:ca069b54c91bbe8f8155ab417977e0e287d305bf91df41fa93bf2a0692b5c8cf",
        "status": "REJECTED",
        "reason_code": "PERMISSION_DENIED",
        "score": 0.7675
      },
      {
        "source_id": "engine.memory",
        "partition": "memory",
        "stable_id": "memory:p01-fixture-event-bb9f383a20eb44b6",
        "status": "RETAINED",
        "reason_code": "VERIFIED_AND_RETAINED",
        "score": 0.6515
      },
      {
        "source_id": "engine.subject-state",
        "partition": "subject_state",
        "stable_id": "sub-9ec0eca6a6d54cd2:continuity",
        "status": "RETAINED",
        "reason_code": "VERIFIED_AND_RETAINED",
        "score": 0.895
      },
      {
        "source_id": "engine.subject-state",
        "partition": "subject_state",
        "stable_id": "sub-9ec0eca6a6d54cd2:emotion_state",
        "status": "RETAINED",
        "reason_code": "VERIFIED_AND_RETAINED",
        "score": 0.805
      },
      {
        "source_id": "engine.subject-state",
        "partition": "subject_state",
        "stable_id": "sub-9ec0eca6a6d54cd2:identity",
        "status": "RETAINED",
        "reason_code": "VERIFIED_AND_RETAINED",
        "score": 0.865
      },
      {
        "source_id": "engine.subject-state",
        "partition": "subject_state",
        "stable_id": "sub-9ec0eca6a6d54cd2:intentions",
        "status": "RETAINED",
        "reason_code": "VERIFIED_AND_RETAINED",
        "score": 0.85
      },
      {
        "source_id": "engine.subject-state",
        "partition": "subject_state",
        "stable_id": "sub-9ec0eca6a6d54cd2:relationship",
        "status": "RETAINED",
        "reason_code": "VERIFIED_AND_RETAINED",
        "score": 1.0
      },
      {
        "source_id": "engine.subject-state",
        "partition": "subject_state",
        "stable_id": "sub-9ec0eca6a6d54cd2:temporal",
        "status": "REJECTED",
        "reason_code": "BELOW_RELEVANCE_THRESHOLD",
        "score": 0.49
      },
      {
        "source_id": "engine.timeline",
        "partition": "timeline",
        "stable_id": "p01-fixture-event-bb9f383a20eb44b6",
        "status": "RETAINED",
        "reason_code": "VERIFIED_AND_RETAINED",
        "score": 0.705
      }
    ],
    "budget_limit": 50,
    "budget_used": 9
  },
  "manifest": {
    "request_id": "p01-request-4b8604ee75434cc389c2ab65a2a1a0b8",
    "route_plan_hash": "sha256:0bbcedf1775a77622bbedd7cba30ddf7341483207ff89169973d6b6d45450623",
    "candidates": [
      {
        "source_id": "engine.subject-state",
        "partition": "subject_state",
        "stable_id": "sub-9ec0eca6a6d54cd2:relationship",
        "subject_id": "sub-9ec0eca6a6d54cd2",
        "environment": "TEST",
        "version": "revision:1",
        "content_hash": "sha256:679b951babe86c25aba0a2a691639426fe3ef8f65624828de92a9cd990da6826",
        "authority_label": "SUBJECT_STATE_PARTITION",
        "rank": 1,
        "score": 1.0,
        "occurred_at": "2026-09-04T08:00:00Z",
        "explanation_codes": [
          "PURPOSE_RELEVANCE",
          "RECENCY",
          "IMPORTANCE",
          "ACTIVATION",
          "STABLE_TIE_BREAK"
        ]
      },
      {
        "source_id": "engine.subject-state",
        "partition": "subject_state",
        "stable_id": "sub-9ec0eca6a6d54cd2:continuity",
        "subject_id": "sub-9ec0eca6a6d54cd2",
        "environment": "TEST",
        "version": "revision:1",
        "content_hash": "sha256:9fc7dcdb5db93fab5c77a4fb7b266f39d022a53463338c2c84fc7a87d1f18adb",
        "authority_label": "SUBJECT_STATE_PARTITION",
        "rank": 2,
        "score": 0.895,
        "occurred_at": "2026-09-04T08:00:00Z",
        "explanation_codes": [
          "PURPOSE_RELEVANCE",
          "RECENCY",
          "IMPORTANCE",
          "ACTIVATION",
          "STABLE_TIE_BREAK"
        ]
      },
      {
        "source_id": "engine.subject-state",
        "partition": "subject_state",
        "stable_id": "sub-9ec0eca6a6d54cd2:identity",
        "subject_id": "sub-9ec0eca6a6d54cd2",
        "environment": "TEST",
        "version": "revision:1",
        "content_hash": "sha256:1842e52dac172ee2c9f1dd1a92f7e2cd5b8dad135789625db4c658cc808a0220",
        "authority_label": "SUBJECT_STATE_PARTITION",
        "rank": 3,
        "score": 0.865,
        "occurred_at": "2026-09-04T08:00:00Z",
        "explanation_codes": [
          "PURPOSE_RELEVANCE",
          "RECENCY",
          "IMPORTANCE",
          "ACTIVATION",
          "STABLE_TIE_BREAK"
        ]
      },
      {
        "source_id": "engine.subject-state",
        "partition": "subject_state",
        "stable_id": "sub-9ec0eca6a6d54cd2:intentions",
        "subject_id": "sub-9ec0eca6a6d54cd2",
        "environment": "TEST",
        "version": "revision:1",
        "content_hash": "sha256:033d2e376f850579c7c443ccfffe4a054af03763f6b9c961f213870892d8b9fc",
        "authority_label": "SUBJECT_STATE_PARTITION",
        "rank": 4,
        "score": 0.85,
        "occurred_at": "2026-09-04T08:00:00Z",
        "explanation_codes": [
          "PURPOSE_RELEVANCE",
          "RECENCY",
          "IMPORTANCE",
          "ACTIVATION",
          "STABLE_TIE_BREAK"
        ]
      },
      {
        "source_id": "engine.subject-state",
        "partition": "subject_state",
        "stable_id": "sub-9ec0eca6a6d54cd2:emotion_state",
        "subject_id": "sub-9ec0eca6a6d54cd2",
        "environment": "TEST",
        "version": "revision:1",
        "content_hash": "sha256:83f76d7bbaf86d0ae22f5c1cc53c06e21e6107f87a8064f4c518d2d9ccec9fe8",
        "authority_label": "SUBJECT_STATE_PARTITION",
        "rank": 5,
        "score": 0.805,
        "occurred_at": "2026-09-04T08:00:00Z",
        "explanation_codes": [
          "PURPOSE_RELEVANCE",
          "RECENCY",
          "IMPORTANCE",
          "ACTIVATION",
          "STABLE_TIE_BREAK"
        ]
      },
      {
        "source_id": "engine.timeline",
        "partition": "timeline",
        "stable_id": "p01-fixture-event-bb9f383a20eb44b6",
        "subject_id": "sub-9ec0eca6a6d54cd2",
        "environment": "TEST",
        "version": "update:0a55a16a-d4b5-45e8-9922-50ce1c309545",
        "content_hash": "sha256:a4bfd1c222212a4c55952cb0981f64cfa4a01c160b23d5ae1a2783ab0fc97cce",
        "authority_label": "TIMELINE_EVENT_PROJECTION",
        "rank": 6,
        "score": 0.705,
        "occurred_at": "2026-09-04T08:00:00Z",
        "explanation_codes": [
          "PURPOSE_RELEVANCE",
          "RECENCY",
          "IMPORTANCE",
          "ACTIVATION",
          "STABLE_TIE_BREAK"
        ]
      },
      {
        "source_id": "engine.memory",
        "partition": "memory",
        "stable_id": "memory:p01-fixture-event-bb9f383a20eb44b6",
        "subject_id": "sub-9ec0eca6a6d54cd2",
        "environment": "TEST",
        "version": "revision:0",
        "content_hash": "sha256:bfd4fedbf6bf60fcc6760cf13cba71af97caa1aa827bbebb4c8d8ac1722de11c",
        "authority_label": "MEMORY_RECORD",
        "rank": 7,
        "score": 0.6515,
        "occurred_at": "2026-09-04T08:00:00Z",
        "explanation_codes": [
          "PURPOSE_RELEVANCE",
          "RECENCY",
          "IMPORTANCE",
          "ACTIVATION",
          "STABLE_TIE_BREAK"
        ]
      }
    ],
    "manifest_hash": "sha256:a941d9f7233205cbf190827043d056713ec20f1892626e6129397cd071d012b7"
  },
  "composition": {
    "trace_id": "composition-trace:p01-request-4b8604ee75434cc389c2ab65a2a1a0b8",
    "request_id": "p01-request-4b8604ee75434cc389c2ab65a2a1a0b8",
    "subject_id": "sub-9ec0eca6a6d54cd2",
    "environment": "TEST",
    "source_revision": 1,
    "composed_at": "2026-09-04T08:00:01Z",
    "status": "COMPLETE",
    "route_result_hash": "sha256:6f03ec06895221c605d51e0c127832a803b44b13a75e69d5c5f1d89752dff8a1",
    "route_plan_hash": "sha256:0bbcedf1775a77622bbedd7cba30ddf7341483207ff89169973d6b6d45450623",
    "manifest_hash": "sha256:a941d9f7233205cbf190827043d056713ec20f1892626e6129397cd071d012b7",
    "p05_trace_hash": "sha256:7fd8a764b84c82cc0baf2aa5fdefcc13dab736235c8f9cc6ea268bb9015a1841",
    "feature_gate_version": "p06-context-composer-v1",
    "budget": {
      "core_fragment_limit": 10,
      "token_limit": 768
    },
    "candidate_count": 7,
    "resolved_count": 7,
    "retained_count": 7,
    "deduplicated_count": 0,
    "excluded_count": 0,
    "missing_count": 0,
    "upstream_notice_count": 7,
    "resolver_read_count": 7,
    "resolver_read_counts": [
      {
        "source_id": "engine.derived-summary",
        "read_count": 0
      },
      {
        "source_id": "engine.external-candidates",
        "read_count": 0
      },
      {
        "source_id": "engine.memory",
        "read_count": 1
      },
      {
        "source_id": "engine.subject-state",
        "read_count": 5
      },
      {
        "source_id": "engine.timeline",
        "read_count": 1
      }
    ],
    "tokens_used": 763,
    "decisions": [
      {
        "reference_id": "sha256:05168048ff323610ada00035e8f9e9bb0d6d6982b2bf4d1fe74ed74131929b48",
        "source_id": "engine.subject-state",
        "stable_source_id": "sub-9ec0eca6a6d54cd2:relationship",
        "status": "RETAINED",
        "reason_code": "PROTECTED_CONTEXT_RETAINED",
        "authority": "confirmed_state",
        "estimated_tokens": 123
      },
      {
        "reference_id": "sha256:5c8f57782b94d3a1a863efe9a2dc6c162b51e143311465098a0dddf76f6675a7",
        "source_id": "engine.subject-state",
        "stable_source_id": "sub-9ec0eca6a6d54cd2:continuity",
        "status": "RETAINED",
        "reason_code": "PROTECTED_CONTEXT_RETAINED",
        "authority": "confirmed_state",
        "estimated_tokens": 107
      },
      {
        "reference_id": "sha256:f067e8fa5a3a7e820f071466d27ce7e7c74f96ea4466fb36c10f31ae7ed754d1",
        "source_id": "engine.subject-state",
        "stable_source_id": "sub-9ec0eca6a6d54cd2:identity",
        "status": "RETAINED",
        "reason_code": "PROTECTED_CONTEXT_RETAINED",
        "authority": "confirmed_state",
        "estimated_tokens": 117
      },
      {
        "reference_id": "sha256:60825a140f1d376ef19a4954c4f49c0d3e2d899a2826cc3b0c722bedac38e64d",
        "source_id": "engine.subject-state",
        "stable_source_id": "sub-9ec0eca6a6d54cd2:intentions",
        "status": "RETAINED",
        "reason_code": "VERIFIED_CONTEXT_RETAINED",
        "authority": "confirmed_state",
        "estimated_tokens": 104
      },
      {
        "reference_id": "sha256:480f42fe9b2615225f7c60915b813130dcd29b9a17ff6d03d51fe5ade9e4a289",
        "source_id": "engine.subject-state",
        "stable_source_id": "sub-9ec0eca6a6d54cd2:emotion_state",
        "status": "RETAINED",
        "reason_code": "VERIFIED_CONTEXT_RETAINED",
        "authority": "confirmed_state",
        "estimated_tokens": 105
      },
      {
        "reference_id": "sha256:50713877e4f93b8f6135c0d1aadbe387b09aefdff292b57232e744e04340ce37",
        "source_id": "engine.timeline",
        "stable_source_id": "p01-fixture-event-bb9f383a20eb44b6",
        "status": "RETAINED",
        "reason_code": "VERIFIED_CONTEXT_RETAINED",
        "authority": "raw_source",
        "estimated_tokens": 105
      },
      {
        "reference_id": "sha256:12bfd5fd74c6bc92e28e2643fb94bfec61f1cf20a8b608724a3bf7c32b70ae98",
        "source_id": "engine.memory",
        "stable_source_id": "memory:p01-fixture-event-bb9f383a20eb44b6",
        "status": "RETAINED",
        "reason_code": "VERIFIED_CONTEXT_RETAINED",
        "authority": "confirmed_memory",
        "estimated_tokens": 102
      }
    ],
    "upstream_notices": [
      {
        "reference_id": "sha256:e2a913f2256771da1421c917f5cde72154a62b6762c8abe4d7bfdea93ee0c307",
        "source_id": "p05.route",
        "stable_source_id": "partition:derived_summary",
        "required": false,
        "reason_code": "ROUTER_PARTITION_EMPTY"
      },
      {
        "reference_id": "sha256:df7b32d6f7e4d0231a3ccba0a70651221c0e6f493134119da9805ceb4fc3d04f",
        "source_id": "p05.route",
        "stable_source_id": "partition:local_fact",
        "required": false,
        "reason_code": "ROUTER_PARTITION_UNAVAILABLE"
      },
      {
        "reference_id": "sha256:a0ca0f7e159ed20e08904da0ec3a6754acf5797073a425dccc234d1feb5a0633",
        "source_id": "p05.route",
        "stable_source_id": "partition:attention",
        "required": false,
        "reason_code": "ROUTER_PARTITION_NOT_OPENED"
      },
      {
        "reference_id": "sha256:422c57f2b44e5e55bcd91e8474878c004dacf0e746ab05840ebb93f9e4513f3e",
        "source_id": "p05.route",
        "stable_source_id": "partition:desire",
        "required": false,
        "reason_code": "ROUTER_PARTITION_NOT_OPENED"
      },
      {
        "reference_id": "sha256:4676880790619db12597f80674df1b86d9c941aa126d79e9154f3e3bdfa0bc1d",
        "source_id": "p05.route",
        "stable_source_id": "partition:conflict",
        "required": false,
        "reason_code": "ROUTER_PARTITION_NOT_OPENED"
      },
      {
        "reference_id": "sha256:49a5de380b798746d01d40c3bc8c573430c5302255610f45647360e358ab84d3",
        "source_id": "p05.route",
        "stable_source_id": "partition:somatic",
        "required": false,
        "reason_code": "ROUTER_PARTITION_NOT_OPENED"
      },
      {
        "reference_id": "sha256:2825e7308a2ee60bfd6b152c307d9c7bbd3e43212101dd7e5cdd844fba693aea",
        "source_id": "p05.route",
        "stable_source_id": "partition:expression",
        "required": false,
        "reason_code": "ROUTER_PARTITION_NOT_OPENED"
      }
    ],
    "trace_hash": "sha256:1d6c54c8c23d216f0fb8c63045c1d9ac3433216d02eba674caf560fba1a1fca5"
  }
}
