test_action_session_is_deterministic_serializable_and_traceable (test_action.ActionEngineTests.test_action_session_is_deterministic_serializable_and_traceable) ... ok
test_confirmation_required_action_is_never_automatic (test_action.ActionEngineTests.test_confirmation_required_action_is_never_automatic) ... ok
test_contact_user_without_permission_is_blocked (test_action.ActionEngineTests.test_contact_user_without_permission_is_blocked) ... ok
test_defer_and_more_thinking_remain_non_executed_plans (test_action.ActionEngineTests.test_defer_and_more_thinking_remain_non_executed_plans) ... ok
test_expired_and_out_of_scope_permissions_are_rejected (test_action.ActionEngineTests.test_expired_and_out_of_scope_permissions_are_rejected) ... ok
test_full_wake_perception_thinking_action_evolution_flow (test_action.ActionEngineTests.test_full_wake_perception_thinking_action_evolution_flow) ... ok
test_high_and_critical_risk_actions_are_not_automatically_approved (test_action.ActionEngineTests.test_high_and_critical_risk_actions_are_not_automatically_approved) ... ok
test_no_action_tendency_returns_explicit_no_action (test_action.ActionEngineTests.test_no_action_tendency_returns_explicit_no_action) ... ok
test_request_memory_only_creates_a_plan (test_action.ActionEngineTests.test_request_memory_only_creates_a_plan) ... ok
test_resource_limit_failure_is_audited_and_blocked (test_action.ActionEngineTests.test_resource_limit_failure_is_audited_and_blocked) ... ok
test_revision_mismatch_rejects_action (test_action.ActionEngineTests.test_revision_mismatch_rejects_action) ... ok
test_revoked_permission_cannot_pass (test_action.ActionEngineTests.test_revoked_permission_cannot_pass) ... ok
test_update_state_is_only_planned_inside_action_service (test_action.ActionEngineTests.test_update_state_is_only_planned_inside_action_service) ... ok
test_use_tool_only_creates_a_non_executed_plan (test_action.ActionEngineTests.test_use_tool_only_creates_a_non_executed_plan) ... ok
test_blank_success_is_rejected_before_persistence_and_valid_retry_completes (test_e5_capability_flow.E5CapabilityFlowTests.test_blank_success_is_rejected_before_persistence_and_valid_retry_completes) ... ok
test_capability_mode_returns_durable_capability_required (test_e5_capability_flow.E5CapabilityFlowTests.test_capability_mode_returns_durable_capability_required) ... ok
test_capability_request_survives_rebuild_exactly (test_e5_capability_flow.E5CapabilityFlowTests.test_capability_request_survives_rebuild_exactly) ... ok
test_default_deterministic_mode_retains_e4_behavior (test_e5_capability_flow.E5CapabilityFlowTests.test_default_deterministic_mode_retains_e4_behavior) ... ok
test_exact_result_replay_returns_first_completed_result (test_e5_capability_flow.E5CapabilityFlowTests.test_exact_result_replay_returns_first_completed_result) ... ok
test_repeated_init_is_idempotent_for_retryable_and_unknown_attempts (test_e5_capability_flow.E5CapabilityFlowTests.test_repeated_init_is_idempotent_for_retryable_and_unknown_attempts) ... ok
test_repeated_init_is_idempotent_for_unused_and_waiting_capability_data (test_e5_capability_flow.E5CapabilityFlowTests.test_repeated_init_is_idempotent_for_unused_and_waiting_capability_data) ... ok
test_repeated_init_preserves_completed_capability_history_and_mode_guard (test_e5_capability_flow.E5CapabilityFlowTests.test_repeated_init_preserves_completed_capability_history_and_mode_guard) ... ok
test_repeated_query_returns_identical_capability_request (test_e5_capability_flow.E5CapabilityFlowTests.test_repeated_query_returns_identical_capability_request) ... ok
test_request_and_result_schema_reject_unknown_fields (test_e5_capability_flow.E5CapabilityFlowTests.test_request_and_result_schema_reject_unknown_fields) ... ok
test_result_cannot_exceed_request_output_limit (test_e5_capability_flow.E5CapabilityFlowTests.test_result_cannot_exceed_request_output_limit) ... ok
test_result_completion_cannot_precede_request_creation (test_e5_capability_flow.E5CapabilityFlowTests.test_result_completion_cannot_precede_request_creation) ... ok
test_result_completion_cannot_precede_start (test_e5_capability_flow.E5CapabilityFlowTests.test_result_completion_cannot_precede_start) ... ok
test_result_id_reuse_with_different_content_is_rejected (test_e5_capability_flow.E5CapabilityFlowTests.test_result_id_reuse_with_different_content_is_rejected) ... ok
test_result_start_cannot_precede_request_creation (test_e5_capability_flow.E5CapabilityFlowTests.test_result_start_cannot_precede_request_creation) ... ok
test_retryable_and_unknown_remain_capability_required (test_e5_capability_flow.E5CapabilityFlowTests.test_retryable_and_unknown_remain_capability_required) ... ok
test_retryable_attempt_can_be_followed_by_success (test_e5_capability_flow.E5CapabilityFlowTests.test_retryable_attempt_can_be_followed_by_success) ... ok
test_schema_registry_is_closed_and_complete (test_e5_capability_flow.E5CapabilityFlowTests.test_schema_registry_is_closed_and_complete) ... ok
test_second_success_for_same_request_is_rejected (test_e5_capability_flow.E5CapabilityFlowTests.test_second_success_for_same_request_is_rejected) ... ok
test_success_resumes_thinking_action_and_reply_without_state_change (test_e5_capability_flow.E5CapabilityFlowTests.test_success_resumes_thinking_action_and_reply_without_state_change) ... ok
test_terminal_statuses_return_capability_failed_without_state_change (test_e5_capability_flow.E5CapabilityFlowTests.test_terminal_statuses_return_capability_failed_without_state_change) ... ok
test_think_session_waits_with_stable_binding (test_e5_capability_flow.E5CapabilityFlowTests.test_think_session_waits_with_stable_binding) ... ok
test_unknown_fields_and_mutation_fields_are_rejected (test_e5_capability_flow.E5CapabilityFlowTests.test_unknown_fields_and_mutation_fields_are_rejected) ... ok
test_wrong_content_hash_is_rejected (test_e5_capability_flow.E5CapabilityFlowTests.test_wrong_content_hash_is_rejected) ... ok
test_wrong_identity_fields_are_rejected (test_e5_capability_flow.E5CapabilityFlowTests.test_wrong_identity_fields_are_rejected) ... ok
test_action_completed_before_domain_checkpoint_recovery (test_e5_capability_recovery.E5CapabilityRecoveryTests.test_action_completed_before_domain_checkpoint_recovery) ... ok
test_before_capability_request_creation_recovery (test_e5_capability_recovery.E5CapabilityRecoveryTests.test_before_capability_request_creation_recovery) ... ok
test_capability_waiting_checkpoint_recovery (test_e5_capability_recovery.E5CapabilityRecoveryTests.test_capability_waiting_checkpoint_recovery) ... ok
test_completed_result_before_operation_completion_recovery (test_e5_capability_recovery.E5CapabilityRecoveryTests.test_completed_result_before_operation_completion_recovery) ... ok
test_conflicting_result_replay_fails_closed_after_rebuild (test_e5_capability_recovery.E5CapabilityRecoveryTests.test_conflicting_result_replay_fails_closed_after_rebuild) ... ok
test_corrupt_capability_checkpoint_fails_closed (test_e5_capability_recovery.E5CapabilityRecoveryTests.test_corrupt_capability_checkpoint_fails_closed) ... ok
test_domain_checkpoint_recovery (test_e5_capability_recovery.E5CapabilityRecoveryTests.test_domain_checkpoint_recovery) ... ok
test_operation_reserved_recovery (test_e5_capability_recovery.E5CapabilityRecoveryTests.test_operation_reserved_recovery) ... ok
test_perception_checkpoint_recovery (test_e5_capability_recovery.E5CapabilityRecoveryTests.test_perception_checkpoint_recovery) ... ok
test_request_saved_before_waiting_checkpoint_recovery (test_e5_capability_recovery.E5CapabilityRecoveryTests.test_request_saved_before_waiting_checkpoint_recovery) ... ok
test_result_checkpoint_recovery (test_e5_capability_recovery.E5CapabilityRecoveryTests.test_result_checkpoint_recovery) ... ok
test_result_persisted_before_operation_checkpoint_recovery (test_e5_capability_recovery.E5CapabilityRecoveryTests.test_result_persisted_before_operation_checkpoint_recovery) ... ok
test_result_received_before_persistence_recovery (test_e5_capability_recovery.E5CapabilityRecoveryTests.test_result_received_before_persistence_recovery) ... ok
test_thinking_checkpoint_recovery (test_e5_capability_recovery.E5CapabilityRecoveryTests.test_thinking_checkpoint_recovery) ... ok
test_thinking_completed_before_operation_checkpoint_recovery (test_e5_capability_recovery.E5CapabilityRecoveryTests.test_thinking_completed_before_operation_checkpoint_recovery) ... ok
test_complex_actions_require_planner_even_if_choice_claims_simple (test_p08_action_planning.P08ActionPlanningTests.test_complex_actions_require_planner_even_if_choice_claims_simple) ... ok
test_confirmation_requires_exact_request_binding (test_p08_action_planning.P08ActionPlanningTests.test_confirmation_requires_exact_request_binding) ... ok
test_cross_subject_environment_snapshot_revision_source_rejected (test_p08_action_planning.P08ActionPlanningTests.test_cross_subject_environment_snapshot_revision_source_rejected) ... ok
test_dependency_cycle_forward_duplicate_and_model_generate_rejected (test_p08_action_planning.P08ActionPlanningTests.test_dependency_cycle_forward_duplicate_and_model_generate_rejected) ... ok
test_different_step_result_misdelivery_rejected (test_p08_action_planning.P08ActionPlanningTests.test_different_step_result_misdelivery_rejected) ... ok
test_direct_actions_work_with_planner_disabled_without_plan (test_p08_action_planning.P08ActionPlanningTests.test_direct_actions_work_with_planner_disabled_without_plan) ... ok
test_domain_roundtrip_canonical_and_tampering (test_p08_action_planning.P08ActionPlanningTests.test_domain_roundtrip_canonical_and_tampering) ... ok
test_expired_choice_has_durable_terminal_and_no_effect (test_p08_action_planning.P08ActionPlanningTests.test_expired_choice_has_durable_terminal_and_no_effect) ... ok
test_failure_blocks_dependent_steps (test_p08_action_planning.P08ActionPlanningTests.test_failure_blocks_dependent_steps) ... ok
test_fake_adapter_rejects_repository_and_formal_roots (test_p08_action_planning.P08ActionPlanningTests.test_fake_adapter_rejects_repository_and_formal_roots) ... ok
test_forged_receipt_rejected_by_trusted_query (test_p08_action_planning.P08ActionPlanningTests.test_forged_receipt_rejected_by_trusted_query) ... ok
test_frozen_external_validator_rejects_internal_request_and_result (test_p08_action_planning.P08ActionPlanningTests.test_frozen_external_validator_rejects_internal_request_and_result) ... ok
test_golden_deterministic_replay_and_zero_underlying_writes (test_p08_action_planning.P08ActionPlanningTests.test_golden_deterministic_replay_and_zero_underlying_writes) ... ok
test_information_need_and_action_intent_use_same_planner_and_gates (test_p08_action_planning.P08ActionPlanningTests.test_information_need_and_action_intent_use_same_planner_and_gates) ... ok
test_internal_status_and_receipt_semantics_rejected (test_p08_action_planning.P08ActionPlanningTests.test_internal_status_and_receipt_semantics_rejected) ... ok
test_local_execution_never_uses_network_or_credentials (test_p08_action_planning.P08ActionPlanningTests.test_local_execution_never_uses_network_or_credentials) ... ok
test_observation_or_untrusted_decision_never_authorizes_action (test_p08_action_planning.P08ActionPlanningTests.test_observation_or_untrusted_decision_never_authorizes_action) ... ok
test_p06_failed_or_tampered_or_stale_context_rejected (test_p08_action_planning.P08ActionPlanningTests.test_p06_failed_or_tampered_or_stale_context_rejected) ... ok
test_permission_confirmation_resource_recovery_reality_gates_zero_effect (test_p08_action_planning.P08ActionPlanningTests.test_permission_confirmation_resource_recovery_reality_gates_zero_effect) ... ok
test_persistent_attempt_tampering_fails_closed (test_p08_action_planning.P08ActionPlanningTests.test_persistent_attempt_tampering_fails_closed) ... ok
test_planner_step_and_total_resource_limits (test_p08_action_planning.P08ActionPlanningTests.test_planner_step_and_total_resource_limits) ... ok
test_same_identity_different_input_conflicts_in_single_ledger (test_p08_action_planning.P08ActionPlanningTests.test_same_identity_different_input_conflicts_in_single_ledger) ... ok
test_unknown_capability_and_state_update_binding_are_not_fallbacks (test_p08_action_planning.P08ActionPlanningTests.test_unknown_capability_and_state_update_binding_are_not_fallbacks) ... ok
test_bypassed_domain_terminal_is_rechecked_at_coordinator_and_storage_append (test_p08_action_recovery.P08ActionRecoveryTests.test_bypassed_domain_terminal_is_rechecked_at_coordinator_and_storage_append) ... ok
test_context_change_between_steps_blocks_later_effect (test_p08_action_recovery.P08ActionRecoveryTests.test_context_change_between_steps_blocks_later_effect) ... ok
test_crash_matrix_keeps_single_effect_and_step_identity (test_p08_action_recovery.P08ActionRecoveryTests.test_crash_matrix_keeps_single_effect_and_step_identity) ... ok
test_effect_before_engine_receipt_crash_recovers_by_query_only (test_p08_action_recovery.P08ActionRecoveryTests.test_effect_before_engine_receipt_crash_recovers_by_query_only) ... ok
test_expired_choice_and_stale_context_still_recover_actual_success (test_p08_action_recovery.P08ActionRecoveryTests.test_expired_choice_and_stale_context_still_recover_actual_success) ... ok
test_expired_dependency_with_real_lookup_success_is_rejected_before_contact (test_p08_action_recovery.P08ActionRecoveryTests.test_expired_dependency_with_real_lookup_success_is_rejected_before_contact) ... ok
test_expired_unknown_invalid_query_and_query_exception_do_not_prove_nonexecution (test_p08_action_recovery.P08ActionRecoveryTests.test_expired_unknown_invalid_query_and_query_exception_do_not_prove_nonexecution) ... ok
test_expiry_append_checks_typed_nonexecution_not_caller_assertion (test_p08_action_recovery.P08ActionRecoveryTests.test_expiry_append_checks_typed_nonexecution_not_caller_assertion) ... ok
test_forged_persisted_success_cannot_release_dependent_action (test_p08_action_recovery.P08ActionRecoveryTests.test_forged_persisted_success_cannot_release_dependent_action) ... ok
test_historical_receipt_requires_independent_query_on_load_replay_and_append (test_p08_action_recovery.P08ActionRecoveryTests.test_historical_receipt_requires_independent_query_on_load_replay_and_append) ... ok
test_internal_result_status_evidence_matrix_and_roundtrip (test_p08_action_recovery.P08ActionRecoveryTests.test_internal_result_status_evidence_matrix_and_roundtrip) ... ok
test_invalid_terminal_shapes_rehashed_reload_fails_closed (test_p08_action_recovery.P08ActionRecoveryTests.test_invalid_terminal_shapes_rehashed_reload_fails_closed) ... ok
test_legal_expiry_requires_not_executed_and_replays_without_clock (test_p08_action_recovery.P08ActionRecoveryTests.test_legal_expiry_requires_not_executed_and_replays_without_clock) ... ok
test_legal_success_and_failure_receipts_restart_and_duplicate_exactly (test_p08_action_recovery.P08ActionRecoveryTests.test_legal_success_and_failure_receipts_restart_and_duplicate_exactly) ... ok
test_lost_response_preserves_unknown_history_then_resolves_once (test_p08_action_recovery.P08ActionRecoveryTests.test_lost_response_preserves_unknown_history_then_resolves_once) ... ok
test_model_wait_and_action_share_ledger_without_cross_resume (test_p08_action_recovery.P08ActionRecoveryTests.test_model_wait_and_action_share_ledger_without_cross_resume) ... ok
test_not_executed_requires_explicit_controlled_retry (test_p08_action_recovery.P08ActionRecoveryTests.test_not_executed_requires_explicit_controlled_retry) ... ok
test_old_completed_records_remain_exact_and_no_second_result (test_p08_action_recovery.P08ActionRecoveryTests.test_old_completed_records_remain_exact_and_no_second_result) ... ok
test_pending_action_cannot_switch_adapter_after_unconfirmed_effect (test_p08_action_recovery.P08ActionRecoveryTests.test_pending_action_cannot_switch_adapter_after_unconfirmed_effect) ... ok
test_persisted_expiry_cannot_replay_when_nonexecution_becomes_unverifiable_or_conflicted (test_p08_action_recovery.P08ActionRecoveryTests.test_persisted_expiry_cannot_replay_when_nonexecution_becomes_unverifiable_or_conflicted) ... ok
test_policy_drift_on_pending_request_fails_closed (test_p08_action_recovery.P08ActionRecoveryTests.test_policy_drift_on_pending_request_fails_closed) ... ok
test_receipt_recovery_does_not_authorize_next_step_through_other_gates (test_p08_action_recovery.P08ActionRecoveryTests.test_receipt_recovery_does_not_authorize_next_step_through_other_gates) ... ok
test_receiptless_terminal_failure_cannot_mask_lost_success_on_append (test_p08_action_recovery.P08ActionRecoveryTests.test_receiptless_terminal_failure_cannot_mask_lost_success_on_append) ... ok
test_rehashed_expired_terminal_cannot_hide_independent_success (test_p08_action_recovery.P08ActionRecoveryTests.test_rehashed_expired_terminal_cannot_hide_independent_success) ... ok
test_rehashed_persisted_receipt_field_drift_is_not_execution_proof (test_p08_action_recovery.P08ActionRecoveryTests.test_rehashed_persisted_receipt_field_drift_is_not_execution_proof) ... ok
test_repeat_result_does_not_append_attempt_or_credit (test_p08_action_recovery.P08ActionRecoveryTests.test_repeat_result_does_not_append_attempt_or_credit) ... ok
test_restart_completed_returns_exact_result_and_no_execution (test_p08_action_recovery.P08ActionRecoveryTests.test_restart_completed_returns_exact_result_and_no_execution) ... ok
test_stale_context_archives_first_effect_but_blocks_unexecuted_plan_step (test_p08_action_recovery.P08ActionRecoveryTests.test_stale_context_archives_first_effect_but_blocks_unexecuted_plan_step) ... ok
test_stale_context_not_executed_retry_and_new_request_are_blocked (test_p08_action_recovery.P08ActionRecoveryTests.test_stale_context_not_executed_retry_and_new_request_are_blocked) ... ok
test_stale_context_recovers_already_executed_receipt_without_new_authorization (test_p08_action_recovery.P08ActionRecoveryTests.test_stale_context_recovers_already_executed_receipt_without_new_authorization) ... ok
test_stale_context_terminal_replay_preserves_exact_history_without_clock_or_new_gates (test_p08_action_recovery.P08ActionRecoveryTests.test_stale_context_terminal_replay_preserves_exact_history_without_clock_or_new_gates) ... ok
test_stale_context_unknown_remains_query_only_even_with_retry (test_p08_action_recovery.P08ActionRecoveryTests.test_stale_context_unknown_remains_query_only_even_with_retry) ... ok
test_stale_recovery_keeps_choice_snapshot_producer_adapter_and_policy_binding (test_p08_action_recovery.P08ActionRecoveryTests.test_stale_recovery_keeps_choice_snapshot_producer_adapter_and_policy_binding) ... ok
test_terminal_replay_does_not_read_clock_or_reexecute (test_p08_action_recovery.P08ActionRecoveryTests.test_terminal_replay_does_not_read_clock_or_reexecute) ... ok
test_unknown_never_blindly_retries (test_p08_action_recovery.P08ActionRecoveryTests.test_unknown_never_blindly_retries) ... ok
test_capability_model_input_contains_the_composed_context (test_p09_continuity_core.P09CoreTests.test_capability_model_input_contains_the_composed_context) ... ok
test_completed_c1_cannot_skip_receipt_verification_by_disabling_feature (test_p09_continuity_core.P09CoreTests.test_completed_c1_cannot_skip_receipt_verification_by_disabling_feature) ... ok
test_completed_request_restart_preserves_results_and_effect (test_p09_continuity_core.P09CoreTests.test_completed_request_restart_preserves_results_and_effect) ... ok
test_disabled_core_keeps_legacy_path_and_zero_component_reads (test_p09_continuity_core.P09CoreTests.test_disabled_core_keeps_legacy_path_and_zero_component_reads) ... ok
test_elapsed_emotion_is_deterministic_read_only_and_clock_rollback_safe (test_p09_continuity_core.P09CoreTests.test_elapsed_emotion_is_deterministic_read_only_and_clock_rollback_safe) ... ok
test_event_backlog_is_bounded_visible_and_drained_without_silent_loss (test_p09_continuity_core.P09CoreTests.test_event_backlog_is_bounded_visible_and_drained_without_silent_loss) ... ok
test_expired_context_stops_new_thinking_from_checkpoint (test_p09_continuity_core.P09CoreTests.test_expired_context_stops_new_thinking_from_checkpoint) ... ok
test_information_need_is_direct_and_complex_intent_uses_planner (test_p09_continuity_core.P09CoreTests.test_information_need_is_direct_and_complex_intent_uses_planner) ... ok
test_late_duplicate_out_of_order_events_reach_memory_and_context (test_p09_continuity_core.P09CoreTests.test_late_duplicate_out_of_order_events_reach_memory_and_context) ... ok
test_model_context_remains_usable_after_events_and_consolidation (test_p09_continuity_core.P09CoreTests.test_model_context_remains_usable_after_events_and_consolidation) ... ok
test_normal_engine_entry_passes_composition_to_thinking_and_direct (test_p09_continuity_core.P09CoreTests.test_normal_engine_entry_passes_composition_to_thinking_and_direct) ... ok
test_revocation_propagates_to_summary_and_old_context (test_p09_continuity_core.P09CoreTests.test_revocation_propagates_to_summary_and_old_context) ... ok
test_snapshot_covers_c1_persistence_and_branch_replays_without_effect (test_p09_continuity_core.P09CoreTests.test_snapshot_covers_c1_persistence_and_branch_replays_without_effect) ... ok
test_turning_action_gate_on_does_not_add_effect_to_completed_disabled_round (test_p09_continuity_core.P09CoreTests.test_turning_action_gate_on_does_not_add_effect_to_completed_disabled_round) ... ok
test_conflicting_adapter_receipt_blocks_completed_result_replay (test_p09_recovery.P09RecoveryTests.test_conflicting_adapter_receipt_blocks_completed_result_replay) ... ok
test_crashes_at_thinking_action_and_completion_checkpoints_do_not_duplicate (test_p09_recovery.P09RecoveryTests.test_crashes_at_thinking_action_and_completion_checkpoints_do_not_duplicate) ... ok
test_expired_context_never_retries_unexecuted_request (test_p09_recovery.P09RecoveryTests.test_expired_context_never_retries_unexecuted_request) ... ok
test_local_expiry_requires_nonexecution_and_cannot_hide_receipt_conflict (test_p09_recovery.P09RecoveryTests.test_local_expiry_requires_nonexecution_and_cannot_hide_receipt_conflict) ... ok
test_lost_action_response_recovers_after_expiry_and_permission_loss (test_p09_recovery.P09RecoveryTests.test_lost_action_response_recovers_after_expiry_and_permission_loss) ... ok
test_model_and_action_share_ledger_across_waiting_restart_and_result_loss (test_p09_recovery.P09RecoveryTests.test_model_and_action_share_ledger_across_waiting_restart_and_result_loss) ... ok
test_step_invalidation_retains_first_fact_and_blocks_next_step (test_p09_recovery.P09RecoveryTests.test_step_invalidation_retains_first_fact_and_blocks_next_step) ... ok
test_success_and_failure_replay_require_independent_receipts (test_p09_recovery.P09RecoveryTests.test_success_and_failure_replay_require_independent_receipts) ... ok
test_unknown_needs_explicit_retry_and_independent_nonexecution (test_p09_recovery.P09RecoveryTests.test_unknown_needs_explicit_retry_and_independent_nonexecution) ... ok
test_unknown_query_exception_and_string_cannot_authorize_execution (test_p09_recovery.P09RecoveryTests.test_unknown_query_exception_and_string_cannot_authorize_execution) ... ok
test_cache_expiry_excludes_candidate_without_refresh_call (test_p16_context.ContextTests.test_cache_expiry_excludes_candidate_without_refresh_call) ... ok
test_cache_rehashed_payload_tamper_still_checks_original_fact (test_p16_context.ContextTests.test_cache_rehashed_payload_tamper_still_checks_original_fact) ... ok
test_credential_revocation_excludes_current_cache (test_p16_context.ContextTests.test_credential_revocation_excludes_current_cache) ... ok
test_cross_subject_result_rejected_even_from_local_provider (test_p16_context.ContextTests.test_cross_subject_result_rejected_even_from_local_provider) ... ok
test_distinct_roots_survive_and_same_root_conflict_never_selects_authority (test_p16_context.ContextTests.test_distinct_roots_survive_and_same_root_conflict_never_selects_authority) ... ok
test_exact_ttl_boundary_is_excluded_just_before_is_valid (test_p16_context.ContextTests.test_exact_ttl_boundary_is_excluded_just_before_is_valid) ... ok
test_external_event_identity_cannot_be_internal_root (test_p16_context.ContextTests.test_external_event_identity_cannot_be_internal_root) ... ok
test_invalid_cache_timestamp_is_corruption_not_freshness (test_p16_context.ContextTests.test_invalid_cache_timestamp_is_corruption_not_freshness) ... ok
test_malicious_mutation_field_rejected_before_cache (test_p16_context.ContextTests.test_malicious_mutation_field_rejected_before_cache) ... ok
test_offline_timeout_cancel_and_empty_are_explicit_results (test_p16_context.ContextTests.test_offline_timeout_cancel_and_empty_are_explicit_results) ... ok
test_p12_archived_internal_memory_stays_absent_with_external_queries_enabled (test_p16_context.ContextTests.test_p12_archived_internal_memory_stays_absent_with_external_queries_enabled) ... ok
test_p15_growth_does_not_promote_external_candidates_to_experience (test_p16_context.ContextTests.test_p15_growth_does_not_promote_external_candidates_to_experience) ... ok
test_registry_wrong_environment_rejected_without_write (test_p16_context.ContextTests.test_registry_wrong_environment_rejected_without_write) ... ok
test_replacement_descriptor_cannot_reuse_old_exact_reference (test_p16_context.ContextTests.test_replacement_descriptor_cannot_reuse_old_exact_reference) ... ok
test_replacement_preserves_old_fact_but_invalidates_old_material (test_p16_context.ContextTests.test_replacement_preserves_old_fact_but_invalidates_old_material) ... ok
test_revocation_invalidates_already_composed_context (test_p16_context.ContextTests.test_revocation_invalidates_already_composed_context) ... ok
test_revoke_during_result_read_blocks_consumption_and_cache_write (test_p16_context.ContextTests.test_revoke_during_result_read_blocks_consumption_and_cache_write) ... ok
test_router_source_limit_is_separate_from_composer_budget (test_p16_context.ContextTests.test_router_source_limit_is_separate_from_composer_budget) ... ok
test_same_request_payload_hash_conflict_is_rejected (test_p16_context.ContextTests.test_same_request_payload_hash_conflict_is_rejected) ... ok
test_same_root_candidates_deduplicate_without_promoting_authority (test_p16_context.ContextTests.test_same_root_candidates_deduplicate_without_promoting_authority) ... ok
test_same_root_conflicting_content_is_preserved_as_non_independent_candidates (test_p16_context.ContextTests.test_same_root_conflicting_content_is_preserved_as_non_independent_candidates) ... ok
test_secret_in_result_and_material_denial_never_reach_cache_or_state (test_p16_context.ContextTests.test_secret_in_result_and_material_denial_never_reach_cache_or_state) ... ok
test_strict_result_shape_version_hash_environment_and_bounds (test_p16_context.ContextTests.test_strict_result_shape_version_hash_environment_and_bounds) ... ok
test_all_four_local_provider_kinds_really_execute (test_p16_providers.ProviderTests.test_all_four_local_provider_kinds_really_execute) ... ok
test_credential_reference_cannot_be_reused_by_other_connector (test_p16_providers.ProviderTests.test_credential_reference_cannot_be_reused_by_other_connector) ... ok
test_disable_replay_is_idempotent_and_cannot_reregister_same_version (test_p16_providers.ProviderTests.test_disable_replay_is_idempotent_and_cannot_reregister_same_version) ... ok
test_disabled_c1_gate_does_not_touch_installed_external_ports (test_p16_providers.ProviderTests.test_disabled_c1_gate_does_not_touch_installed_external_ports) ... ok
test_existing_768_token_budget_explicitly_excludes_external_material (test_p16_providers.ProviderTests.test_existing_768_token_budget_explicitly_excludes_external_material) ... ok
test_feature_gate_off_does_not_call_or_read_external_components (test_p16_providers.ProviderTests.test_feature_gate_off_does_not_call_or_read_external_components) ... ok
test_memory_information_need_calls_fake_then_normal_context_consumes_candidate (test_p16_providers.ProviderTests.test_memory_information_need_calls_fake_then_normal_context_consumes_candidate) ... ok
test_missing_expired_and_cross_subject_credentials_refuse_before_call (test_p16_providers.ProviderTests.test_missing_expired_and_cross_subject_credentials_refuse_before_call) ... ok
test_normal_local_queries_use_no_socket (test_p16_providers.ProviderTests.test_normal_local_queries_use_no_socket) ... ok
test_registry_concurrent_revision_allows_only_one_write (test_p16_providers.ProviderTests.test_registry_concurrent_revision_allows_only_one_write) ... ok
test_registry_same_version_changed_content_is_conflict (test_p16_providers.ProviderTests.test_registry_same_version_changed_content_is_conflict) ... ok
test_revoke_before_query_has_no_external_call_or_subject_write (test_p16_providers.ProviderTests.test_revoke_before_query_has_no_external_call_or_subject_write) ... ok
test_upper_mixed_protected_roots_and_children_are_zero_write (test_p16_providers.ProviderTests.test_upper_mixed_protected_roots_and_children_are_zero_write) ... ok
test_archived_and_deleted_subjects_do_not_consume_or_execute (test_p16_recovery.RecoveryTests.test_archived_and_deleted_subjects_do_not_consume_or_execute) ... ok
test_atomic_registry_failure_keeps_original_bytes (test_p16_recovery.RecoveryTests.test_atomic_registry_failure_keeps_original_bytes) ... ok
test_child_timeout_preserves_output_and_never_retries (test_p16_recovery.RecoveryTests.test_child_timeout_preserves_output_and_never_retries) ... ok
test_completed_replay_rechecks_receipt_without_reexecution (test_p16_recovery.RecoveryTests.test_completed_replay_rechecks_receipt_without_reexecution) ... ok
test_completed_replay_survives_revocation_without_new_consumption (test_p16_recovery.RecoveryTests.test_completed_replay_survives_revocation_without_new_consumption) ... ok
test_explicit_retry_uses_original_attempts_and_stops_at_bound (test_p16_recovery.RecoveryTests.test_explicit_retry_uses_original_attempts_and_stops_at_bound) ... ok
test_historical_success_unknown_query_cannot_replay_completed (test_p16_recovery.RecoveryTests.test_historical_success_unknown_query_cannot_replay_completed) ... ok
test_lost_response_after_receipt_can_close_after_revocation_without_consuming (test_p16_recovery.RecoveryTests.test_lost_response_after_receipt_can_close_after_revocation_without_consuming) ... ok
test_p01_branch_replays_original_receipt_without_polluting_parent (test_p16_recovery.RecoveryTests.test_p01_branch_replays_original_receipt_without_polluting_parent) ... ok
test_p01_snapshot_covers_registry_cache_and_receipts (test_p16_recovery.RecoveryTests.test_p01_snapshot_covers_registry_cache_and_receipts) ... ok
test_paused_subject_blocks_new_query_and_current_cache_but_recovers_fact (test_p16_recovery.RecoveryTests.test_paused_subject_blocks_new_query_and_current_cache_but_recovers_fact) ... ok
test_provider_error_secret_never_enters_engine_files (test_p16_recovery.RecoveryTests.test_provider_error_secret_never_enters_engine_files) ... ok
test_query_exception_never_authorizes_dispatch_or_exposes_secret (test_p16_recovery.RecoveryTests.test_query_exception_never_authorizes_dispatch_or_exposes_secret) ... ok
test_reserved_not_executed_after_revocation_cannot_dispatch (test_p16_recovery.RecoveryTests.test_reserved_not_executed_after_revocation_cannot_dispatch) ... ok
test_string_not_executed_is_unknown (test_p16_recovery.RecoveryTests.test_string_not_executed_is_unknown) ... ok
test_three_real_process_golden_recovers_replaces_and_revokes (test_p16_recovery.RecoveryTests.test_three_real_process_golden_recovers_replaces_and_revokes) ... ok
test_unknown_does_not_execute_even_with_explicit_retry (test_p16_recovery.RecoveryTests.test_unknown_does_not_execute_even_with_explicit_retry) ... ok
test_c1_capability_ingress_rejects_before_original_ledger_write (test_p16_repair_edges.RepairEdges.test_c1_capability_ingress_rejects_before_original_ledger_write) ... ok
test_c1_capability_restore_rechecks_material_before_checkpoint (test_p16_repair_edges.RepairEdges.test_c1_capability_restore_rechecks_material_before_checkpoint) ... ok
test_c1_capability_safe_result_replay_preserves_fact_hash (test_p16_repair_edges.RepairEdges.test_c1_capability_safe_result_replay_preserves_fact_hash) ... ok
test_completed_replay_rejects_material_without_rewriting_fact_or_ledger (test_p16_repair_edges.RepairEdges.test_completed_replay_rejects_material_without_rewriting_fact_or_ledger) ... ok
test_newly_prohibited_completed_material_is_not_replayed_or_rewritten (test_p16_repair_edges.RepairEdges.test_newly_prohibited_completed_material_is_not_replayed_or_rewritten) ... ok
test_normal_permission_and_reference_denial_still_reject (test_p16_repair_edges.RepairEdges.test_normal_permission_and_reference_denial_still_reject) ... ok
test_optional_thinking_check_precedes_growth_and_preserves_gate_off (test_p16_repair_edges.RepairEdges.test_optional_thinking_check_precedes_growth_and_preserves_gate_off) ... ok
test_query_is_rejected_before_any_think_result_save_or_processor (test_p16_repair_edges.RepairEdges.test_query_is_rejected_before_any_think_result_save_or_processor) ... ok
test_recovery_broker_failure_is_unknown_not_permission_or_execution (test_p16_repair_edges.RepairEdges.test_recovery_broker_failure_is_unknown_not_permission_or_execution) ... ok
test_registration_port_exceptions_are_static_and_zero_write (test_p16_repair_edges.RepairEdges.test_registration_port_exceptions_are_static_and_zero_write) ... ok
test_rejected_execution_receipt_is_unknown_and_recovers_without_redispatch (test_p16_repair_edges.RepairEdges.test_rejected_execution_receipt_is_unknown_and_recovers_without_redispatch) ... ok
test_selection_execution_consumption_port_exceptions_fail_closed (test_p16_repair_edges.RepairEdges.test_selection_execution_consumption_port_exceptions_fail_closed) ... ok
test_wait_completion_and_completed_replay_keep_original_result_identity (test_p16_repair_edges.RepairEdges.test_wait_completion_and_completed_replay_keep_original_result_identity) ... ok
test_wait_completion_rejects_before_resume_write_or_processing (test_p16_repair_edges.RepairEdges.test_wait_completion_rejects_before_resume_write_or_processing) ... ok
test_whole_receipt_is_checked_on_query_and_execute (test_p16_repair_edges.RepairEdges.test_whole_receipt_is_checked_on_query_and_execute) ... ok
test_whole_thinking_material_not_only_query_is_checked (test_p16_repair_edges.RepairEdges.test_whole_thinking_material_not_only_query_is_checked) ... ok
test_broker_authorization_exception_must_not_leak_in_diagnostics (test_p16_review_regressions.IndependentEdges.test_broker_authorization_exception_must_not_leak_in_diagnostics) ... ok
test_broker_material_exception_must_not_leak_in_diagnostics (test_p16_review_regressions.IndependentEdges.test_broker_material_exception_must_not_leak_in_diagnostics) ... ok
test_denied_external_query_is_not_copied_into_new_persistent_material (test_p16_review_regressions.IndependentEdges.test_denied_external_query_is_not_copied_into_new_persistent_material) ... ok
test_permission_port_exception_must_not_leak_in_diagnostics (test_p16_review_regressions.IndependentEdges.test_permission_port_exception_must_not_leak_in_diagnostics) ... ok
test_positive_normal_query_still_consumes_candidate (test_p16_review_regressions.IndependentEdges.test_positive_normal_query_still_consumes_candidate) ... ok
test_positive_ordinary_psychological_query_is_not_censored (test_p16_review_regressions.IndependentEdges.test_positive_ordinary_psychological_query_is_not_censored) ... ok
test_positive_provider_result_exception_is_sanitized (test_p16_review_regressions.IndependentEdges.test_positive_provider_result_exception_is_sanitized) ... ok
test_positive_safe_provider_receipt_id_remains_recoverable (test_p16_review_regressions.IndependentEdges.test_positive_safe_provider_receipt_id_remains_recoverable) ... ok
test_secret_receipt_identifier_must_not_be_persisted_by_engine (test_p16_review_regressions.IndependentEdges.test_secret_receipt_identifier_must_not_be_persisted_by_engine) ... ok
test_create_resource_state (test_resources.TokenAndResourceManagementTests.test_create_resource_state) ... ok
test_learning_is_deferred_before_candidate_extraction (test_resources.TokenAndResourceManagementTests.test_learning_is_deferred_before_candidate_extraction) ... ok
test_low_remaining_resources_downgrade_normal_to_low (test_resources.TokenAndResourceManagementTests.test_low_remaining_resources_downgrade_normal_to_low) ... ok
test_over_budget_request_is_deferred_without_consumption (test_resources.TokenAndResourceManagementTests.test_over_budget_request_is_deferred_without_consumption) ... ok
test_resource_state_and_history_survive_restart (test_resources.TokenAndResourceManagementTests.test_resource_state_and_history_survive_restart) ... ok
test_runtime_modes_switch_and_cap_thinking_depth (test_resources.TokenAndResourceManagementTests.test_runtime_modes_switch_and_cap_thinking_depth) ... ok
test_thinking_uses_resource_manager_and_accepts_depth_downgrade (test_resources.TokenAndResourceManagementTests.test_thinking_uses_resource_manager_and_accepts_depth_downgrade) ... ok
test_thinking_waits_when_low_depth_cannot_be_afforded (test_resources.TokenAndResourceManagementTests.test_thinking_waits_when_low_depth_cannot_be_afforded) ... ok
test_token_budget_calculation_usage_and_actual_reconciliation (test_resources.TokenAndResourceManagementTests.test_token_budget_calculation_usage_and_actual_reconciliation) ... ok
test_wake_scheduler_checks_resources_before_starting (test_resources.TokenAndResourceManagementTests.test_wake_scheduler_checks_resources_before_starting) ... ok

----------------------------------------------------------------------
Ran 224 tests in 168.947s

OK
