test_default_cost_exact_budget_then_next_rejected (test_p17_repair_edges.ActualChargeRepairTests.test_default_cost_exact_budget_then_next_rejected) ... ok
test_duplicate_zero_cost_request_does_not_repeat_effect_or_charge (test_p17_repair_edges.ActualChargeRepairTests.test_duplicate_zero_cost_request_does_not_repeat_effect_or_charge) ... ok
test_failed_receipt_at_credit_and_message_limit_has_zero_extra_usage (test_p17_repair_edges.ActualChargeRepairTests.test_failed_receipt_at_credit_and_message_limit_has_zero_extra_usage) ... ERROR
test_zero_cost_capacity_uses_actual_projection_without_writes (test_p17_repair_edges.ActualChargeRepairTests.test_zero_cost_capacity_uses_actual_projection_without_writes) ... FAIL
test_zero_cost_respects_exact_serialized_storage_limit (test_p17_repair_edges.ActualChargeRepairTests.test_zero_cost_respects_exact_serialized_storage_limit) ... ok
test_zero_cost_still_respects_request_and_message_limits (test_p17_repair_edges.ActualChargeRepairTests.test_zero_cost_still_respects_request_and_message_limits) ... ok
test_zero_estimated_cost_has_explicit_one_credit_fake_charge (test_p17_repair_edges.ActualChargeRepairTests.test_zero_estimated_cost_has_explicit_one_credit_fake_charge) ... FAIL
test_direct_execution_exposes_static_current_denial (test_p17_repair_edges.FinalAdmissionRepairTests.test_direct_execution_exposes_static_current_denial) ... ok
test_final_resource_revokes_broker_zero_effect_and_charge (test_p17_repair_edges.FinalAdmissionRepairTests.test_final_resource_revokes_broker_zero_effect_and_charge) ... FAIL
test_final_resource_revokes_reality_zero_effect_and_charge (test_p17_repair_edges.FinalAdmissionRepairTests.test_final_resource_revokes_reality_zero_effect_and_charge) ... FAIL
test_final_resource_revokes_recoverability_zero_effect_and_charge (test_p17_repair_edges.FinalAdmissionRepairTests.test_final_resource_revokes_recoverability_zero_effect_and_charge) ... FAIL
test_historical_fact_after_revocation_skips_new_resource_admission (test_p17_repair_edges.FinalAdmissionRepairTests.test_historical_fact_after_revocation_skips_new_resource_admission) ... ok

======================================================================
ERROR: test_failed_receipt_at_credit_and_message_limit_has_zero_extra_usage (test_p17_repair_edges.ActualChargeRepairTests.test_failed_receipt_at_credit_and_message_limit_has_zero_extra_usage)
----------------------------------------------------------------------
Traceback (most recent call last):
  File "C:\Users\Administrator\Documents\continuity-engine\tests\test_p17_repair_edges.py", line 129, in test_failed_receipt_at_credit_and_message_limit_has_zero_extra_usage
    self.assertEqual(fact.status,'FAILED_TERMINAL')
                     ^^^^^^^^^^^
AttributeError: 'ReceiptQuery' object has no attribute 'status'

======================================================================
FAIL: test_zero_cost_capacity_uses_actual_projection_without_writes (test_p17_repair_edges.ActualChargeRepairTests.test_zero_cost_capacity_uses_actual_projection_without_writes)
----------------------------------------------------------------------
Traceback (most recent call last):
  File "C:\Users\Administrator\Documents\continuity-engine\tests\test_p17_repair_edges.py", line 102, in test_zero_cost_capacity_uses_actual_projection_without_writes
    self.assertFalse(f.boundary.capacity(route,request,f.execution.limits))
    ~~~~~~~~~~~~~~~~^^^^^^^^^^^^^^^^^^^^^^^^^^^^^^^^^^^^^^^^^^^^^^^^^^^^^^^
AssertionError: True is not false

======================================================================
FAIL: test_zero_estimated_cost_has_explicit_one_credit_fake_charge (test_p17_repair_edges.ActualChargeRepairTests.test_zero_estimated_cost_has_explicit_one_credit_fake_charge)
----------------------------------------------------------------------
Traceback (most recent call last):
  File "C:\Users\Administrator\Documents\continuity-engine\tests\test_p17_repair_edges.py", line 89, in test_zero_estimated_cost_has_explicit_one_credit_fake_charge
    with self.assertRaises(IntegrationExecutionError):f.next_round()
         ~~~~~~~~~~~~~~~~~^^^^^^^^^^^^^^^^^^^^^^^^^^^
AssertionError: IntegrationExecutionError not raised

======================================================================
FAIL: test_final_resource_revokes_broker_zero_effect_and_charge (test_p17_repair_edges.FinalAdmissionRepairTests.test_final_resource_revokes_broker_zero_effect_and_charge)
----------------------------------------------------------------------
Traceback (most recent call last):
  File "C:\Users\Administrator\Documents\continuity-engine\tests\test_p17_repair_edges.py", line 44, in test_final_resource_revokes_broker_zero_effect_and_charge
    self.final_resource_revocation('broker','allowed')
    ~~~~~~~~~~~~~~~~~~~~~~~~~~~~~~^^^^^^^^^^^^^^^^^^^^
  File "C:\Users\Administrator\Documents\continuity-engine\tests\test_p17_repair_edges.py", line 30, in final_resource_revocation
    with self.assertRaises(IntegrationExecutionError):f.submit()
         ~~~~~~~~~~~~~~~~~^^^^^^^^^^^^^^^^^^^^^^^^^^^
AssertionError: IntegrationExecutionError not raised

======================================================================
FAIL: test_final_resource_revokes_reality_zero_effect_and_charge (test_p17_repair_edges.FinalAdmissionRepairTests.test_final_resource_revokes_reality_zero_effect_and_charge)
----------------------------------------------------------------------
Traceback (most recent call last):
  File "C:\Users\Administrator\Documents\continuity-engine\tests\test_p17_repair_edges.py", line 47, in test_final_resource_revokes_reality_zero_effect_and_charge
    self.final_resource_revocation('boundary','allowed')
    ~~~~~~~~~~~~~~~~~~~~~~~~~~~~~~^^^^^^^^^^^^^^^^^^^^^^
  File "C:\Users\Administrator\Documents\continuity-engine\tests\test_p17_repair_edges.py", line 30, in final_resource_revocation
    with self.assertRaises(IntegrationExecutionError):f.submit()
         ~~~~~~~~~~~~~~~~~^^^^^^^^^^^^^^^^^^^^^^^^^^^
AssertionError: IntegrationExecutionError not raised

======================================================================
FAIL: test_final_resource_revokes_recoverability_zero_effect_and_charge (test_p17_repair_edges.FinalAdmissionRepairTests.test_final_resource_revokes_recoverability_zero_effect_and_charge)
----------------------------------------------------------------------
Traceback (most recent call last):
  File "C:\Users\Administrator\Documents\continuity-engine\tests\test_p17_repair_edges.py", line 50, in test_final_resource_revokes_recoverability_zero_effect_and_charge
    self.final_resource_revocation('boundary','recovery_ready')
    ~~~~~~~~~~~~~~~~~~~~~~~~~~~~~~^^^^^^^^^^^^^^^^^^^^^^^^^^^^^
  File "C:\Users\Administrator\Documents\continuity-engine\tests\test_p17_repair_edges.py", line 30, in final_resource_revocation
    with self.assertRaises(IntegrationExecutionError):f.submit()
         ~~~~~~~~~~~~~~~~~^^^^^^^^^^^^^^^^^^^^^^^^^^^
AssertionError: IntegrationExecutionError not raised

----------------------------------------------------------------------
Ran 12 tests in 16.542s

FAILED (failures=5, errors=1)
