test_platform_denial_preserves_intent_without_dispatch (test_pre_p19_autonomy_execution.AutonomyExecutionTests.test_platform_denial_preserves_intent_without_dispatch) ... ERROR

======================================================================
ERROR: test_platform_denial_preserves_intent_without_dispatch (test_pre_p19_autonomy_execution.AutonomyExecutionTests.test_platform_denial_preserves_intent_without_dispatch)
----------------------------------------------------------------------
Traceback (most recent call last):
  File "C:\Users\Administrator\Documents\continuity-engine\src\continuity_engine\services\continuity_interaction_service.py", line 605, in _run_domain
    wake_session = self._awakening.get_session(
        operation.subject_id,
        progress.wake_session_id,
    )
  File "C:\Users\Administrator\Documents\continuity-engine\src\continuity_engine\services\awakening_service.py", line 162, in get_session
    return self._repository.load_session(subject_id, session_id)
           ~~~~~~~~~~~~~~~~~~~~~~~~~~~~~^^^^^^^^^^^^^^^^^^^^^^^^
  File "C:\Users\Administrator\Documents\continuity-engine\src\continuity_engine\storage\json_awakening_repository.py", line 86, in load_session
    raise StateNotFoundError(f"wake session not found: {session_id}")
continuity_engine.domain.errors.StateNotFoundError: wake session not found: a5e68259-3997-5bac-960c-1d2973a724c1

During handling of the above exception, another exception occurred:

Traceback (most recent call last):
  File "C:\Users\Administrator\Documents\continuity-engine\src\continuity_engine\services\continuity_interaction_service.py", line 265, in submit
    operation, thinking_execution = self._run_domain(request, operation, binding)
                                    ~~~~~~~~~~~~~~~~^^^^^^^^^^^^^^^^^^^^^^^^^^^^^
  File "C:\Users\Administrator\Documents\continuity-engine\src\continuity_engine\services\continuity_interaction_service.py", line 610, in _run_domain
    awakening = self._awakening.wake_manual(
        binding.cycle_id,
    ...<3 lines>...
        preserve_recovery_context=True,
    )
  File "C:\Users\Administrator\Documents\continuity-engine\src\continuity_engine\services\awakening_service.py", line 109, in wake_manual
    return self._run(
           ~~~~~~~~~^
        cycle,
        ^^^^^^
    ...<3 lines>...
        preserve_recovery_context=preserve_recovery_context,
        ^^^^^^^^^^^^^^^^^^^^^^^^^^^^^^^^^^^^^^^^^^^^^^^^^^^^
    )
    ^
  File "C:\Users\Administrator\Documents\continuity-engine\src\continuity_engine\services\awakening_service.py", line 266, in _run
    self._repository.save_session(session)
    ~~~~~~~~~~~~~~~~~~~~~~~~~~~~~^^^^^^^^^
  File "C:\Users\Administrator\Documents\continuity-engine\src\continuity_engine\storage\json_awakening_repository.py", line 81, in save_session
    self._write_json(path, session.to_dict())
    ~~~~~~~~~~~~~~~~^^^^^^^^^^^^^^^^^^^^^^^^^
  File "C:\Users\Administrator\Documents\continuity-engine\src\continuity_engine\storage\json_awakening_repository.py", line 118, in _write_json
    with tempfile.NamedTemporaryFile(
         ~~~~~~~~~~~~~~~~~~~~~~~~~~~^
        mode="w",
        ^^^^^^^^^
    ...<5 lines>...
        delete=False,
        ^^^^^^^^^^^^^
    ) as temporary:
    ^
  File "E:\Adobe\Lib\tempfile.py", line 603, in NamedTemporaryFile
    file = _io.open(dir, mode, buffering=buffering,
                    newline=newline, encoding=encoding, errors=errors,
                    opener=opener)
  File "E:\Adobe\Lib\tempfile.py", line 600, in opener
    fd, name = _mkstemp_inner(dir, prefix, suffix, flags, output_type)
               ~~~~~~~~~~~~~~^^^^^^^^^^^^^^^^^^^^^^^^^^^^^^^^^^^^^^^^^
  File "E:\Adobe\Lib\tempfile.py", line 255, in _mkstemp_inner
    fd = _os.open(file, flags, 0o600)
FileNotFoundError: [Errno 2] No such file or directory: 'C:\\Users\\Administrator\\AppData\\Local\\Temp\\autonomy-platform-c5iy3tul\\s\\s\\s792430c3\\b\\bf4bb8698\\data\\awakening\\sessions\\b49163bc67ac9fade51203b0ebc60b07b3f75c2c0a644c3c65cb825783fd8891\\.7b451d0fb8423c8d1e9ae120675cf43a162b8193b874cfe913742b9b318ae201.tcr1hr64.tmp'

The above exception was the direct cause of the following exception:

Traceback (most recent call last):
  File "C:\Users\Administrator\Documents\continuity-engine\tests\test_pre_p19_autonomy_execution.py", line 17, in test_platform_denial_preserves_intent_without_dispatch
    request=f.request();before=f.state.to_dict();f.submit(request)
                                                 ~~~~~~~~^^^^^^^^^
  File "C:\Users\Administrator\Documents\continuity-engine\src\continuity_engine\testing\p09_core_fixture.py", line 165, in submit
    return self.app.adapter.submit(request or self.request())
           ~~~~~~~~~~~~~~~~~~~~~~~^^^^^^^^^^^^^^^^^^^^^^^^^^^
  File "C:\Users\Administrator\Documents\continuity-engine\src\continuity_engine\interfaces\integration_adapter.py", line 38, in submit
    return self._service.submit(payload)
           ~~~~~~~~~~~~~~~~~~~~^^^^^^^^^
  File "C:\Users\Administrator\Documents\continuity-engine\src\continuity_engine\services\continuity_interaction_service.py", line 277, in submit
    raise IntegrationExecutionError(
    ...<4 lines>...
    ) from exc
continuity_engine.domain.errors.IntegrationExecutionError: Local integration encountered an unexpected execution fault during domain.

----------------------------------------------------------------------
Ran 1 test in 0.427s

FAILED (errors=1)
