test_broker_revoked_during_thinking_does_not_erase_internal_proposal (test_pre_p19_autonomy_execution.AutonomyExecutionTests.test_broker_revoked_during_thinking_does_not_erase_internal_proposal) ... {"stage": "native-exception-before-cleanup", "task_id": "cognition:10f54f575796d47e7d7f0e4fbae00bdf3925f01fb5b67ebd6465542d875761f8", "attempt_id": "p11-attempt-a6d2d6c6bcd820f8af595deb4e6a25ebeaf99b727dd9b59bf25e32ebb5ec7cb5", "chain": [{"frames": [{"file": "testing/p18_runtime_fixture.py", "line": 140, "function": "diagnosed_continue"}, {"file": "services/runtime_cognition.py", "line": 228, "function": "_continue"}, {"file": "services/wake_perception_thinking_action_service.py", "line": 90, "function": "wake_manual"}, {"file": "services/wake_perception_thinking_action_service.py", "line": 128, "function": "_continue"}, {"file": "services/wake_perception_thinking_action_service.py", "line": 309, "function": "_continue_mind"}, {"file": "services/wake_perception_thinking_action_service.py", "line": 269, "function": "dispatch"}, {"file": "services/continuity_core_service.py", "line": 387, "function": "after_action"}], "code": "TEST_NATIVE_EXCEPTION"}], "systemChain": [{"type": "ENGINE_EXCEPTION", "operation": "other", "frames": [{"file": "testing/p18_runtime_fixture.py", "line": 140, "function": "diagnosed_continue"}, {"file": "services/runtime_cognition.py", "line": 228, "function": "_continue"}, {"file": "services/wake_perception_thinking_action_service.py", "line": 90, "function": "wake_manual"}, {"file": "services/wake_perception_thinking_action_service.py", "line": 128, "function": "_continue"}, {"file": "services/wake_perception_thinking_action_service.py", "line": 309, "function": "_continue_mind"}, {"file": "services/wake_perception_thinking_action_service.py", "line": 269, "function": "dispatch"}, {"file": "services/continuity_core_service.py", "line": 387, "function": "after_action"}], "errno": null, "winerror": null}], "stateWriteLockOwnedAfterUnwind": false}
FAIL
test_current_world_resource_refusal_keeps_independent_mind_commit (test_pre_p19_autonomy_execution.AutonomyExecutionTests.test_current_world_resource_refusal_keeps_independent_mind_commit) ... {"stage": "native-exception-before-cleanup", "task_id": "cognition:e1ab64b37dabe70c0499ca9d55a5e734cdb1c25071a6f110ef7c76b92a5f5644", "attempt_id": "p11-attempt-6b47ac3e76b70780d9e33c6aaf35a8fc672f795d058c03338168e794468f7d98", "chain": [{"frames": [{"file": "testing/p18_runtime_fixture.py", "line": 140, "function": "diagnosed_continue"}, {"file": "services/runtime_cognition.py", "line": 228, "function": "_continue"}, {"file": "services/wake_perception_thinking_action_service.py", "line": 90, "function": "wake_manual"}, {"file": "services/wake_perception_thinking_action_service.py", "line": 128, "function": "_continue"}, {"file": "services/wake_perception_thinking_action_service.py", "line": 309, "function": "_continue_mind"}, {"file": "services/wake_perception_thinking_action_service.py", "line": 269, "function": "dispatch"}, {"file": "services/continuity_core_service.py", "line": 387, "function": "after_action"}], "code": "TEST_NATIVE_EXCEPTION"}], "systemChain": [{"type": "ENGINE_EXCEPTION", "operation": "other", "frames": [{"file": "testing/p18_runtime_fixture.py", "line": 140, "function": "diagnosed_continue"}, {"file": "services/runtime_cognition.py", "line": 228, "function": "_continue"}, {"file": "services/wake_perception_thinking_action_service.py", "line": 90, "function": "wake_manual"}, {"file": "services/wake_perception_thinking_action_service.py", "line": 128, "function": "_continue"}, {"file": "services/wake_perception_thinking_action_service.py", "line": 309, "function": "_continue_mind"}, {"file": "services/wake_perception_thinking_action_service.py", "line": 269, "function": "dispatch"}, {"file": "services/continuity_core_service.py", "line": 387, "function": "after_action"}], "errno": null, "winerror": null}], "stateWriteLockOwnedAfterUnwind": false}
FAIL
test_denial_reopen_recovers_internal_fact_without_resubmitting (test_pre_p19_autonomy_execution.AutonomyExecutionTests.test_denial_reopen_recovers_internal_fact_without_resubmitting) ... {"stage": "native-exception-before-cleanup", "task_id": "cognition:90f4c0adfd56471bba40fc73a73be31be2d6116910117e3240787a2353ba5e97", "attempt_id": "p11-attempt-b049293c6a05b69b45a2fe27d7878b54c91db48ac8c8a3e40a589f80f7fc973a", "chain": [{"frames": [{"file": "testing/p18_runtime_fixture.py", "line": 140, "function": "diagnosed_continue"}, {"file": "services/runtime_cognition.py", "line": 228, "function": "_continue"}, {"file": "services/wake_perception_thinking_action_service.py", "line": 90, "function": "wake_manual"}, {"file": "services/wake_perception_thinking_action_service.py", "line": 128, "function": "_continue"}, {"file": "services/wake_perception_thinking_action_service.py", "line": 309, "function": "_continue_mind"}, {"file": "services/wake_perception_thinking_action_service.py", "line": 269, "function": "dispatch"}, {"file": "services/continuity_core_service.py", "line": 387, "function": "after_action"}], "code": "TEST_NATIVE_EXCEPTION"}], "systemChain": [{"type": "ENGINE_EXCEPTION", "operation": "other", "frames": [{"file": "testing/p18_runtime_fixture.py", "line": 140, "function": "diagnosed_continue"}, {"file": "services/runtime_cognition.py", "line": 228, "function": "_continue"}, {"file": "services/wake_perception_thinking_action_service.py", "line": 90, "function": "wake_manual"}, {"file": "services/wake_perception_thinking_action_service.py", "line": 128, "function": "_continue"}, {"file": "services/wake_perception_thinking_action_service.py", "line": 309, "function": "_continue_mind"}, {"file": "services/wake_perception_thinking_action_service.py", "line": 269, "function": "dispatch"}, {"file": "services/continuity_core_service.py", "line": 387, "function": "after_action"}], "errno": null, "winerror": null}], "stateWriteLockOwnedAfterUnwind": false}
FAIL
test_external_gate_does_not_decide_whether_intent_exists (test_pre_p19_autonomy_execution.AutonomyExecutionTests.test_external_gate_does_not_decide_whether_intent_exists) ... FAIL
test_normal_action_and_internal_commit_remain_once (test_pre_p19_autonomy_execution.AutonomyExecutionTests.test_normal_action_and_internal_commit_remain_once) ... ok
test_reality_refusal_keeps_independent_mind_commit (test_pre_p19_autonomy_execution.AutonomyExecutionTests.test_reality_refusal_keeps_independent_mind_commit) ... {"stage": "native-exception-before-cleanup", "task_id": "cognition:23a8731e924f7cd8b97a0663234a65507bb76ccb2e0df7a107c7309e26a29caf", "attempt_id": "p11-attempt-875555824a527098347ad9f1f92180fce0d9180616d01e2dfd5fa6ce9e78455e", "chain": [{"frames": [{"file": "testing/p18_runtime_fixture.py", "line": 140, "function": "diagnosed_continue"}, {"file": "services/runtime_cognition.py", "line": 228, "function": "_continue"}, {"file": "services/wake_perception_thinking_action_service.py", "line": 90, "function": "wake_manual"}, {"file": "services/wake_perception_thinking_action_service.py", "line": 128, "function": "_continue"}, {"file": "services/wake_perception_thinking_action_service.py", "line": 309, "function": "_continue_mind"}, {"file": "services/wake_perception_thinking_action_service.py", "line": 269, "function": "dispatch"}, {"file": "services/continuity_core_service.py", "line": 387, "function": "after_action"}], "code": "TEST_NATIVE_EXCEPTION"}], "systemChain": [{"type": "ENGINE_EXCEPTION", "operation": "other", "frames": [{"file": "testing/p18_runtime_fixture.py", "line": 140, "function": "diagnosed_continue"}, {"file": "services/runtime_cognition.py", "line": 228, "function": "_continue"}, {"file": "services/wake_perception_thinking_action_service.py", "line": 90, "function": "wake_manual"}, {"file": "services/wake_perception_thinking_action_service.py", "line": 128, "function": "_continue"}, {"file": "services/wake_perception_thinking_action_service.py", "line": 309, "function": "_continue_mind"}, {"file": "services/wake_perception_thinking_action_service.py", "line": 269, "function": "dispatch"}, {"file": "services/continuity_core_service.py", "line": 387, "function": "after_action"}], "errno": null, "winerror": null}], "stateWriteLockOwnedAfterUnwind": false}
FAIL
test_unknown_does_not_prevent_internal_commit_or_imply_success (test_pre_p19_autonomy_execution.AutonomyExecutionTests.test_unknown_does_not_prevent_internal_commit_or_imply_success) ... {"stage": "native-exception-before-cleanup", "task_id": "cognition:cc4524c496d216e97d35c8a3e52d03a1b35f7e35eb8b0edacbfa7082794c7a30", "attempt_id": "p11-attempt-7c167f72351d6c36525d25e0485bbe5a45633e3e87e44296afe32a7c50607745", "chain": [{"frames": [{"file": "testing/p18_runtime_fixture.py", "line": 140, "function": "diagnosed_continue"}, {"file": "services/runtime_cognition.py", "line": 228, "function": "_continue"}, {"file": "services/wake_perception_thinking_action_service.py", "line": 90, "function": "wake_manual"}, {"file": "services/wake_perception_thinking_action_service.py", "line": 128, "function": "_continue"}, {"file": "services/wake_perception_thinking_action_service.py", "line": 309, "function": "_continue_mind"}, {"file": "services/wake_perception_thinking_action_service.py", "line": 269, "function": "dispatch"}, {"file": "services/continuity_core_service.py", "line": 387, "function": "after_action"}], "code": "TEST_NATIVE_EXCEPTION"}], "systemChain": [{"type": "ENGINE_EXCEPTION", "operation": "other", "frames": [{"file": "testing/p18_runtime_fixture.py", "line": 140, "function": "diagnosed_continue"}, {"file": "services/runtime_cognition.py", "line": 228, "function": "_continue"}, {"file": "services/wake_perception_thinking_action_service.py", "line": 90, "function": "wake_manual"}, {"file": "services/wake_perception_thinking_action_service.py", "line": 128, "function": "_continue"}, {"file": "services/wake_perception_thinking_action_service.py", "line": 309, "function": "_continue_mind"}, {"file": "services/wake_perception_thinking_action_service.py", "line": 269, "function": "dispatch"}, {"file": "services/continuity_core_service.py", "line": 387, "function": "after_action"}], "errno": null, "winerror": null}], "stateWriteLockOwnedAfterUnwind": false}
FAIL

======================================================================
FAIL: test_broker_revoked_during_thinking_does_not_erase_internal_proposal (test_pre_p19_autonomy_execution.AutonomyExecutionTests.test_broker_revoked_during_thinking_does_not_erase_internal_proposal)
----------------------------------------------------------------------
Traceback (most recent call last):
  File "C:\Users\Administrator\Documents\continuity-engine\tests\test_pre_p19_autonomy_execution.py", line 49, in test_broker_revoked_during_thinking_does_not_erase_internal_proposal
    self.assertEqual(f.state.revision, before + 1)
    ~~~~~~~~~~~~~~~~^^^^^^^^^^^^^^^^^^^^^^^^^^^^^^
AssertionError: 1 != 2

======================================================================
FAIL: test_current_world_resource_refusal_keeps_independent_mind_commit (test_pre_p19_autonomy_execution.AutonomyExecutionTests.test_current_world_resource_refusal_keeps_independent_mind_commit)
----------------------------------------------------------------------
Traceback (most recent call last):
  File "C:\Users\Administrator\Documents\continuity-engine\tests\test_pre_p19_autonomy_execution.py", line 40, in test_current_world_resource_refusal_keeps_independent_mind_commit
    self.assertEqual(f.state.revision, before + 1)
    ~~~~~~~~~~~~~~~~^^^^^^^^^^^^^^^^^^^^^^^^^^^^^^
AssertionError: 1 != 2

======================================================================
FAIL: test_denial_reopen_recovers_internal_fact_without_resubmitting (test_pre_p19_autonomy_execution.AutonomyExecutionTests.test_denial_reopen_recovers_internal_fact_without_resubmitting)
----------------------------------------------------------------------
Traceback (most recent call last):
  File "C:\Users\Administrator\Documents\continuity-engine\tests\test_pre_p19_autonomy_execution.py", line 76, in test_denial_reopen_recovers_internal_fact_without_resubmitting
    self.assertIsNotNone(f.state.intentions.dynamic_mind)
    ~~~~~~~~~~~~~~~~~~~~^^^^^^^^^^^^^^^^^^^^^^^^^^^^^^^^^
AssertionError: unexpectedly None

======================================================================
FAIL: test_external_gate_does_not_decide_whether_intent_exists (test_pre_p19_autonomy_execution.AutonomyExecutionTests.test_external_gate_does_not_decide_whether_intent_exists)
----------------------------------------------------------------------
Traceback (most recent call last):
  File "C:\Users\Administrator\Documents\continuity-engine\tests\test_pre_p19_autonomy_execution.py", line 97, in test_external_gate_does_not_decide_whether_intent_exists
    self.assertIsNotNone(choice)
    ~~~~~~~~~~~~~~~~~~~~^^^^^^^^
AssertionError: unexpectedly None

======================================================================
FAIL: test_reality_refusal_keeps_independent_mind_commit (test_pre_p19_autonomy_execution.AutonomyExecutionTests.test_reality_refusal_keeps_independent_mind_commit)
----------------------------------------------------------------------
Traceback (most recent call last):
  File "C:\Users\Administrator\Documents\continuity-engine\tests\test_pre_p19_autonomy_execution.py", line 29, in test_reality_refusal_keeps_independent_mind_commit
    self.assertEqual(f.state.revision, before + 1)
    ~~~~~~~~~~~~~~~~^^^^^^^^^^^^^^^^^^^^^^^^^^^^^^
AssertionError: 1 != 2

======================================================================
FAIL: test_unknown_does_not_prevent_internal_commit_or_imply_success (test_pre_p19_autonomy_execution.AutonomyExecutionTests.test_unknown_does_not_prevent_internal_commit_or_imply_success)
----------------------------------------------------------------------
Traceback (most recent call last):
  File "C:\Users\Administrator\Documents\continuity-engine\tests\test_pre_p19_autonomy_execution.py", line 67, in test_unknown_does_not_prevent_internal_commit_or_imply_success
    self.assertEqual(f.state.revision, before + 1)
    ~~~~~~~~~~~~~~~~^^^^^^^^^^^^^^^^^^^^^^^^^^^^^^
AssertionError: 1 != 2

----------------------------------------------------------------------
Ran 7 tests in 7.205s

FAILED (failures=6)
