test_concurrent_events_are_not_silently_lost (tests.test_pre_p12_repairs.PreP12RegressionTests.test_concurrent_events_are_not_silently_lost) ... ok
test_concurrent_mutations_preserve_revision_conflict (tests.test_pre_p12_repairs.PreP12RegressionTests.test_concurrent_mutations_preserve_revision_conflict) ... ok
test_concurrent_same_event_is_persisted_once (tests.test_pre_p12_repairs.PreP12RegressionTests.test_concurrent_same_event_is_persisted_once) ... ok
test_control_memory_disjoint_roots_merge (tests.test_pre_p12_repairs.PreP12RegressionTests.test_control_memory_disjoint_roots_merge) ... ok
test_control_real_restriction_removes_capability (tests.test_pre_p12_repairs.PreP12RegressionTests.test_control_real_restriction_removes_capability) ... ok
test_control_resource_once_reconciles (tests.test_pre_p12_repairs.PreP12RegressionTests.test_control_resource_once_reconciles) ... ok
test_control_scheduler_unknown_allows_immediate_next_tick (tests.test_pre_p12_repairs.PreP12RegressionTests.test_control_scheduler_unknown_allows_immediate_next_tick) ... ok
test_control_sequential_events_preserved (tests.test_pre_p12_repairs.PreP12RegressionTests.test_control_sequential_events_preserved) ... ok
test_learning_confirmation_gate_remains_before_writes (tests.test_pre_p12_repairs.PreP12RegressionTests.test_learning_confirmation_gate_remains_before_writes) ... ok
test_learning_current_sufficient_confidence_is_not_overstated (tests.test_pre_p12_repairs.PreP12RegressionTests.test_learning_current_sufficient_confidence_is_not_overstated) ... ok
test_learning_rechecks_rejected_support_before_solidifying (tests.test_pre_p12_repairs.PreP12RegressionTests.test_learning_rechecks_rejected_support_before_solidifying) ... ok
test_learning_reduced_support_confidence_cannot_reuse_old_validation (tests.test_pre_p12_repairs.PreP12RegressionTests.test_learning_reduced_support_confidence_cannot_reuse_old_validation) ... ok
test_learning_support_root_overlap_and_count_are_rechecked (tests.test_pre_p12_repairs.PreP12RegressionTests.test_learning_support_root_overlap_and_count_are_rechecked) ... ok
test_learning_valid_support_survives_restart_and_requires_explicit_evolution (tests.test_pre_p12_repairs.PreP12RegressionTests.test_learning_valid_support_survives_restart_and_requires_explicit_evolution) ... ok
test_memory_full_duplicate_does_not_increase_roots_or_confidence (tests.test_pre_p12_repairs.PreP12RegressionTests.test_memory_full_duplicate_does_not_increase_roots_or_confidence) ... ok
test_memory_partial_alias_uses_previous_revision_and_new_direct_evidence (tests.test_pre_p12_repairs.PreP12RegressionTests.test_memory_partial_alias_uses_previous_revision_and_new_direct_evidence) ... ok
test_memory_partial_overlap_preserves_history_provenance_and_conflict_rejection (tests.test_pre_p12_repairs.PreP12RegressionTests.test_memory_partial_overlap_preserves_history_provenance_and_conflict_rejection) ... ok
test_memory_partial_overlap_preserves_new_evidence (tests.test_pre_p12_repairs.PreP12RegressionTests.test_memory_partial_overlap_preserves_new_evidence) ... ok
test_model_executed_fact_recovers_at_zero_current_budget_without_execute (tests.test_pre_p12_repairs.PreP12RegressionTests.test_model_executed_fact_recovers_at_zero_current_budget_without_execute) ... ok
test_model_positive_reserved_budget_is_rechecked_after_another_request_consumes_it (tests.test_pre_p12_repairs.PreP12RegressionTests.test_model_positive_reserved_budget_is_rechecked_after_another_request_consumes_it) ... ok
test_model_unknown_at_budget_gate_never_authorizes_execute (tests.test_pre_p12_repairs.PreP12RegressionTests.test_model_unknown_at_budget_gate_never_authorizes_execute) ... ok
test_model_zero_budget_still_blocks_execute_after_crash (tests.test_pre_p12_repairs.PreP12RegressionTests.test_model_zero_budget_still_blocks_execute_after_crash) ... ok
test_permission_capability_only_escalation_is_rejected_without_write (tests.test_pre_p12_repairs.PreP12RegressionTests.test_permission_capability_only_escalation_is_rejected_without_write) ... ok
test_permission_expiry_cannot_be_reactivated_by_restrict_but_explicit_grant_works (tests.test_pre_p12_repairs.PreP12RegressionTests.test_permission_expiry_cannot_be_reactivated_by_restrict_but_explicit_grant_works) ... ok
test_permission_wildcard_scope_containment_and_zero_write_rejection (tests.test_pre_p12_repairs.PreP12RegressionTests.test_permission_wildcard_scope_containment_and_zero_write_rejection) ... ok
test_repeated_resource_request_remains_reconcilable (tests.test_pre_p12_repairs.PreP12RegressionTests.test_repeated_resource_request_remains_reconcilable) ... ok
test_resource_denied_request_may_use_new_identity_when_resources_become_available (tests.test_pre_p12_repairs.PreP12RegressionTests.test_resource_denied_request_may_use_new_identity_when_resources_become_available) ... ok
test_resource_duplicate_and_conflict_reject_after_restart_then_settle (tests.test_pre_p12_repairs.PreP12RegressionTests.test_resource_duplicate_and_conflict_reject_after_restart_then_settle) ... ok
test_restriction_does_not_expand_capabilities (tests.test_pre_p12_repairs.PreP12RegressionTests.test_restriction_does_not_expand_capabilities) ... ok
test_restriction_does_not_reactivate_revoked_permission (tests.test_pre_p12_repairs.PreP12RegressionTests.test_restriction_does_not_reactivate_revoked_permission) ... ok
test_scheduler_conflicting_query_has_backoff_without_new_attempt (tests.test_pre_p12_repairs.PreP12RegressionTests.test_scheduler_conflicting_query_has_backoff_without_new_attempt) ... ok
test_scheduler_existing_session_cycle_mismatch_rejects_before_resources (tests.test_pre_p12_repairs.PreP12RegressionTests.test_scheduler_existing_session_cycle_mismatch_rejects_before_resources) ... ok
test_scheduler_foreign_cycle_does_not_wake_another_subject (tests.test_pre_p12_repairs.PreP12RegressionTests.test_scheduler_foreign_cycle_does_not_wake_another_subject) ... ok
test_scheduler_foreign_cycle_rejected_without_resource_wake_or_receipt_write (tests.test_pre_p12_repairs.PreP12RegressionTests.test_scheduler_foreign_cycle_rejected_without_resource_wake_or_receipt_write) ... ok
test_scheduler_pending_queries_and_healthy_stream_progress_after_restart (tests.test_pre_p12_repairs.PreP12RegressionTests.test_scheduler_pending_queries_and_healthy_stream_progress_after_restart) ... ok
test_scheduler_receipt_conflict_does_not_starve_other_task (tests.test_pre_p12_repairs.PreP12RegressionTests.test_scheduler_receipt_conflict_does_not_starve_other_task) ... ok
test_scheduler_test_delivery_rejects_request_binding_changes_before_effects (tests.test_pre_p12_repairs.PreP12RegressionTests.test_scheduler_test_delivery_rejects_request_binding_changes_before_effects) ... ok
test_scheduler_unknown_does_not_starve_at_normal_poll_interval (tests.test_pre_p12_repairs.PreP12RegressionTests.test_scheduler_unknown_does_not_starve_at_normal_poll_interval) ... ok
test_scheduler_verification_is_fair_among_multiple_unknown_tasks (tests.test_pre_p12_repairs.PreP12RegressionTests.test_scheduler_verification_is_fair_among_multiple_unknown_tasks) ... ok
test_action_reads_permission_context_before_immediate_check (tests.test_permissions.PermissionContinuityTests.test_action_reads_permission_context_before_immediate_check) ... ok
test_create_and_query_permission (tests.test_permissions.PermissionContinuityTests.test_create_and_query_permission) ... ok
test_limit_permission_updates_scope_capabilities_and_context (tests.test_permissions.PermissionContinuityTests.test_limit_permission_updates_scope_capabilities_and_context) ... ok
test_missing_capability_check_fails_without_creating_state (tests.test_permissions.PermissionContinuityTests.test_missing_capability_check_fails_without_creating_state) ... ok
test_permission_service_returns_event_but_does_not_modify_subject_state (tests.test_permissions.PermissionContinuityTests.test_permission_service_returns_event_but_does_not_modify_subject_state) ... ok
test_permission_state_and_history_survive_restart (tests.test_permissions.PermissionContinuityTests.test_permission_state_and_history_survive_restart) ... ok
test_revoke_permission_and_trace_history (tests.test_permissions.PermissionContinuityTests.test_revoke_permission_and_trace_history) ... ok
test_activation_is_explicit_configurable_and_never_deletes (tests.test_p04_memory_consolidation.P04MemoryConsolidationTests.test_activation_is_explicit_configurable_and_never_deletes) ... ok
test_alias_candidate_source_memory_must_be_prior_and_same_boundary (tests.test_p04_memory_consolidation.P04MemoryConsolidationTests.test_alias_candidate_source_memory_must_be_prior_and_same_boundary) ... ok
test_alias_candidate_uses_its_own_traceable_source_chain (tests.test_p04_memory_consolidation.P04MemoryConsolidationTests.test_alias_candidate_uses_its_own_traceable_source_chain) ... ok
test_conflicting_evidence_is_not_silently_merged (tests.test_p04_memory_consolidation.P04MemoryConsolidationTests.test_conflicting_evidence_is_not_silently_merged) ... ok
test_consolidation_and_summary_have_no_subject_state_or_event_write_authority (tests.test_p04_memory_consolidation.P04MemoryConsolidationTests.test_consolidation_and_summary_have_no_subject_state_or_event_write_authority) ... ok
test_consolidation_exact_replay_and_identity_conflict (tests.test_p04_memory_consolidation.P04MemoryConsolidationTests.test_consolidation_exact_replay_and_identity_conflict) ... ok
test_correction_revocation_and_deletion_are_tombstones_not_physical_delete (tests.test_p04_memory_consolidation.P04MemoryConsolidationTests.test_correction_revocation_and_deletion_are_tombstones_not_physical_delete) ... ok
test_duplicate_root_alias_operation_is_durable_and_conflicting_input_fails (tests.test_p04_memory_consolidation.P04MemoryConsolidationTests.test_duplicate_root_alias_operation_is_durable_and_conflicting_input_fails) ... ok
test_duplicate_root_does_not_reinforce_but_independent_root_does (tests.test_p04_memory_consolidation.P04MemoryConsolidationTests.test_duplicate_root_does_not_reinforce_but_independent_root_does) ... ok
test_golden_scenario_preserves_fact_intention_relationship_and_revision (tests.test_p04_memory_consolidation.P04MemoryConsolidationTests.test_golden_scenario_preserves_fact_intention_relationship_and_revision) ... ok
test_influence_provenance_is_sealed_and_learning_deduplicates_after_restart (tests.test_p04_memory_consolidation.P04MemoryConsolidationTests.test_influence_provenance_is_sealed_and_learning_deduplicates_after_restart) ... ok
test_learning_deduplicates_root_evidence_across_memory_identities (tests.test_p04_memory_consolidation.P04MemoryConsolidationTests.test_learning_deduplicates_root_evidence_across_memory_identities) ... ok
test_lineage_roots_bind_source_event_and_traceable_sources (tests.test_p04_memory_consolidation.P04MemoryConsolidationTests.test_lineage_roots_bind_source_event_and_traceable_sources) ... ok
test_operation_replay_returns_its_exact_result_revision_across_restart (tests.test_p04_memory_consolidation.P04MemoryConsolidationTests.test_operation_replay_returns_its_exact_result_revision_across_restart) ... ok
test_operation_replay_survives_later_terminal_propagation (tests.test_p04_memory_consolidation.P04MemoryConsolidationTests.test_operation_replay_survives_later_terminal_propagation) ... ok
test_repository_retriever_excludes_archived_without_deleting_or_writing (tests.test_p04_memory_consolidation.P04MemoryConsolidationTests.test_repository_retriever_excludes_archived_without_deleting_or_writing) ... ok
test_repository_retriever_is_read_only_feature_gated_and_engine_private (tests.test_p04_memory_consolidation.P04MemoryConsolidationTests.test_repository_retriever_is_read_only_feature_gated_and_engine_private) ... ok
test_summary_identity_and_semantic_inputs_are_not_silently_reused (tests.test_p04_memory_consolidation.P04MemoryConsolidationTests.test_summary_identity_and_semantic_inputs_are_not_silently_reused) ... ok
test_summary_trace_invalidation_and_rebuild_are_append_only (tests.test_p04_memory_consolidation.P04MemoryConsolidationTests.test_summary_trace_invalidation_and_rebuild_are_append_only) ... ok

----------------------------------------------------------------------
Ran 65 tests in 4.000s

OK
