test_concurrent_events_are_not_silently_lost (tests.test_pre_p12_repairs.PreP12RegressionTests.test_concurrent_events_are_not_silently_lost) ... ok
test_concurrent_mutations_preserve_revision_conflict (tests.test_pre_p12_repairs.PreP12RegressionTests.test_concurrent_mutations_preserve_revision_conflict) ... ok
test_concurrent_same_event_is_persisted_once (tests.test_pre_p12_repairs.PreP12RegressionTests.test_concurrent_same_event_is_persisted_once) ... ok
test_control_memory_disjoint_roots_merge (tests.test_pre_p12_repairs.PreP12RegressionTests.test_control_memory_disjoint_roots_merge) ... ok
test_control_real_restriction_removes_capability (tests.test_pre_p12_repairs.PreP12RegressionTests.test_control_real_restriction_removes_capability) ... ok
test_control_resource_once_reconciles (tests.test_pre_p12_repairs.PreP12RegressionTests.test_control_resource_once_reconciles) ... ok
test_control_scheduler_unknown_allows_immediate_next_tick (tests.test_pre_p12_repairs.PreP12RegressionTests.test_control_scheduler_unknown_allows_immediate_next_tick) ... ok
test_control_sequential_events_preserved (tests.test_pre_p12_repairs.PreP12RegressionTests.test_control_sequential_events_preserved) ... ok
test_learning_confirmation_gate_remains_before_writes (tests.test_pre_p12_repairs.PreP12RegressionTests.test_learning_confirmation_gate_remains_before_writes) ... ok
test_learning_current_sufficient_confidence_is_not_overstated (tests.test_pre_p12_repairs.PreP12RegressionTests.test_learning_current_sufficient_confidence_is_not_overstated) ... ok
test_learning_rechecks_rejected_support_before_solidifying (tests.test_pre_p12_repairs.PreP12RegressionTests.test_learning_rechecks_rejected_support_before_solidifying) ... ok
test_learning_reduced_support_confidence_cannot_reuse_old_validation (tests.test_pre_p12_repairs.PreP12RegressionTests.test_learning_reduced_support_confidence_cannot_reuse_old_validation) ... ok
test_learning_support_root_overlap_and_count_are_rechecked (tests.test_pre_p12_repairs.PreP12RegressionTests.test_learning_support_root_overlap_and_count_are_rechecked) ... ok
test_learning_valid_support_survives_restart_and_requires_explicit_evolution (tests.test_pre_p12_repairs.PreP12RegressionTests.test_learning_valid_support_survives_restart_and_requires_explicit_evolution) ... ok
test_memory_full_duplicate_does_not_increase_roots_or_confidence (tests.test_pre_p12_repairs.PreP12RegressionTests.test_memory_full_duplicate_does_not_increase_roots_or_confidence) ... ok
test_memory_partial_alias_uses_previous_revision_and_new_direct_evidence (tests.test_pre_p12_repairs.PreP12RegressionTests.test_memory_partial_alias_uses_previous_revision_and_new_direct_evidence) ... ok
test_memory_partial_overlap_preserves_history_provenance_and_conflict_rejection (tests.test_pre_p12_repairs.PreP12RegressionTests.test_memory_partial_overlap_preserves_history_provenance_and_conflict_rejection) ... ok
test_memory_partial_overlap_preserves_new_evidence (tests.test_pre_p12_repairs.PreP12RegressionTests.test_memory_partial_overlap_preserves_new_evidence) ... ok
test_model_executed_fact_recovers_at_zero_current_budget_without_execute (tests.test_pre_p12_repairs.PreP12RegressionTests.test_model_executed_fact_recovers_at_zero_current_budget_without_execute) ... ok
test_model_positive_reserved_budget_is_rechecked_after_another_request_consumes_it (tests.test_pre_p12_repairs.PreP12RegressionTests.test_model_positive_reserved_budget_is_rechecked_after_another_request_consumes_it) ... ok
test_model_unknown_at_budget_gate_never_authorizes_execute (tests.test_pre_p12_repairs.PreP12RegressionTests.test_model_unknown_at_budget_gate_never_authorizes_execute) ... ok
test_model_zero_budget_still_blocks_execute_after_crash (tests.test_pre_p12_repairs.PreP12RegressionTests.test_model_zero_budget_still_blocks_execute_after_crash) ... ok
test_permission_capability_only_escalation_is_rejected_without_write (tests.test_pre_p12_repairs.PreP12RegressionTests.test_permission_capability_only_escalation_is_rejected_without_write) ... ok
test_permission_expiry_cannot_be_reactivated_by_restrict_but_explicit_grant_works (tests.test_pre_p12_repairs.PreP12RegressionTests.test_permission_expiry_cannot_be_reactivated_by_restrict_but_explicit_grant_works) ... ok
test_permission_wildcard_scope_containment_and_zero_write_rejection (tests.test_pre_p12_repairs.PreP12RegressionTests.test_permission_wildcard_scope_containment_and_zero_write_rejection) ... ok
test_repeated_resource_request_remains_reconcilable (tests.test_pre_p12_repairs.PreP12RegressionTests.test_repeated_resource_request_remains_reconcilable) ... ok
test_resource_denied_request_may_use_new_identity_when_resources_become_available (tests.test_pre_p12_repairs.PreP12RegressionTests.test_resource_denied_request_may_use_new_identity_when_resources_become_available) ... ok
test_resource_duplicate_and_conflict_reject_after_restart_then_settle (tests.test_pre_p12_repairs.PreP12RegressionTests.test_resource_duplicate_and_conflict_reject_after_restart_then_settle) ... ok
test_restriction_does_not_expand_capabilities (tests.test_pre_p12_repairs.PreP12RegressionTests.test_restriction_does_not_expand_capabilities) ... ok
test_restriction_does_not_reactivate_revoked_permission (tests.test_pre_p12_repairs.PreP12RegressionTests.test_restriction_does_not_reactivate_revoked_permission) ... ok
test_scheduler_conflicting_query_has_backoff_without_new_attempt (tests.test_pre_p12_repairs.PreP12RegressionTests.test_scheduler_conflicting_query_has_backoff_without_new_attempt) ... ok
test_scheduler_existing_session_cycle_mismatch_rejects_before_resources (tests.test_pre_p12_repairs.PreP12RegressionTests.test_scheduler_existing_session_cycle_mismatch_rejects_before_resources) ... ok
test_scheduler_foreign_cycle_does_not_wake_another_subject (tests.test_pre_p12_repairs.PreP12RegressionTests.test_scheduler_foreign_cycle_does_not_wake_another_subject) ... ok
test_scheduler_foreign_cycle_rejected_without_resource_wake_or_receipt_write (tests.test_pre_p12_repairs.PreP12RegressionTests.test_scheduler_foreign_cycle_rejected_without_resource_wake_or_receipt_write) ... ok
test_scheduler_pending_queries_and_healthy_stream_progress_after_restart (tests.test_pre_p12_repairs.PreP12RegressionTests.test_scheduler_pending_queries_and_healthy_stream_progress_after_restart) ... ok
test_scheduler_receipt_conflict_does_not_starve_other_task (tests.test_pre_p12_repairs.PreP12RegressionTests.test_scheduler_receipt_conflict_does_not_starve_other_task) ... ok
test_scheduler_test_delivery_rejects_request_binding_changes_before_effects (tests.test_pre_p12_repairs.PreP12RegressionTests.test_scheduler_test_delivery_rejects_request_binding_changes_before_effects) ... ok
test_scheduler_unknown_does_not_starve_at_normal_poll_interval (tests.test_pre_p12_repairs.PreP12RegressionTests.test_scheduler_unknown_does_not_starve_at_normal_poll_interval) ... ok
test_scheduler_verification_is_fair_among_multiple_unknown_tasks (tests.test_pre_p12_repairs.PreP12RegressionTests.test_scheduler_verification_is_fair_among_multiple_unknown_tasks) ... ok

----------------------------------------------------------------------
Ran 39 tests in 3.285s

OK
