test_concurrent_events_are_not_silently_lost (__main__.EngineReviewProbes.test_concurrent_events_are_not_silently_lost) ... FAIL
test_control_memory_disjoint_roots_merge (__main__.EngineReviewProbes.test_control_memory_disjoint_roots_merge) ... ok
test_control_real_restriction_removes_capability (__main__.EngineReviewProbes.test_control_real_restriction_removes_capability) ... ok
test_control_resource_once_reconciles (__main__.EngineReviewProbes.test_control_resource_once_reconciles) ... ok
test_control_scheduler_unknown_allows_immediate_next_tick (__main__.EngineReviewProbes.test_control_scheduler_unknown_allows_immediate_next_tick) ... ok
test_control_sequential_events_preserved (__main__.EngineReviewProbes.test_control_sequential_events_preserved) ... ok
test_learning_rechecks_rejected_support_before_solidifying (__main__.EngineReviewProbes.test_learning_rechecks_rejected_support_before_solidifying) ... FAIL
test_memory_partial_overlap_preserves_new_evidence (__main__.EngineReviewProbes.test_memory_partial_overlap_preserves_new_evidence) ... FAIL
test_model_zero_budget_still_blocks_execute_after_crash (__main__.EngineReviewProbes.test_model_zero_budget_still_blocks_execute_after_crash) ... FAIL
test_repeated_resource_request_remains_reconcilable (__main__.EngineReviewProbes.test_repeated_resource_request_remains_reconcilable) ... FAIL
test_restriction_does_not_expand_capabilities (__main__.EngineReviewProbes.test_restriction_does_not_expand_capabilities) ... FAIL
test_restriction_does_not_reactivate_revoked_permission (__main__.EngineReviewProbes.test_restriction_does_not_reactivate_revoked_permission) ... FAIL
test_scheduler_foreign_cycle_does_not_wake_another_subject (__main__.EngineReviewProbes.test_scheduler_foreign_cycle_does_not_wake_another_subject) ... FAIL
test_scheduler_receipt_conflict_does_not_starve_other_task (__main__.EngineReviewProbes.test_scheduler_receipt_conflict_does_not_starve_other_task) ... FAIL
test_scheduler_unknown_does_not_starve_at_normal_poll_interval (__main__.EngineReviewProbes.test_scheduler_unknown_does_not_starve_at_normal_poll_interval) ... FAIL

======================================================================
FAIL: test_concurrent_events_are_not_silently_lost (__main__.EngineReviewProbes.test_concurrent_events_are_not_silently_lost)
----------------------------------------------------------------------
Traceback (most recent call last):
  File "C:\Users\Administrator\Documents\continuity-engine\docs\project_memory\pre_p12_repair_evidence\review-original\review_probes.py", line 166, in test_concurrent_events_are_not_silently_lost
    self.assertTrue(set(successful).issubset(stored))
    ~~~~~~~~~~~~~~~^^^^^^^^^^^^^^^^^^^^^^^^^^^^^^^^^^
AssertionError: False is not true

======================================================================
FAIL: test_learning_rechecks_rejected_support_before_solidifying (__main__.EngineReviewProbes.test_learning_rechecks_rejected_support_before_solidifying)
----------------------------------------------------------------------
Traceback (most recent call last):
  File "C:\Users\Administrator\Documents\continuity-engine\docs\project_memory\pre_p12_repair_evidence\review-original\review_probes.py", line 299, in test_learning_rechecks_rejected_support_before_solidifying
    self.assertTrue(rejected)
    ~~~~~~~~~~~~~~~^^^^^^^^^^
AssertionError: False is not true

======================================================================
FAIL: test_memory_partial_overlap_preserves_new_evidence (__main__.EngineReviewProbes.test_memory_partial_overlap_preserves_new_evidence)
----------------------------------------------------------------------
Traceback (most recent call last):
  File "C:\Users\Administrator\Documents\continuity-engine\docs\project_memory\pre_p12_repair_evidence\review-original\review_probes.py", line 187, in test_memory_partial_overlap_preserves_new_evidence
    result = service.consolidate(incoming)
  File "C:\Users\Administrator\Documents\continuity-engine\src\continuity_engine\services\memory_consolidation_service.py", line 112, in consolidate
    self._repository.save_consolidation(current, operation)
    ~~~~~~~~~~~~~~~~~~~~~~~~~~~~~~~~~~~^^^^^^^^^^^^^^^^^^^^
  File "C:\Users\Administrator\Documents\continuity-engine\src\continuity_engine\storage\json_memory_repository.py", line 134, in save_consolidation
    self._write_document(path, data)
    ~~~~~~~~~~~~~~~~~~~~^^^^^^^^^^^^
  File "C:\Users\Administrator\Documents\continuity-engine\src\continuity_engine\storage\json_memory_repository.py", line 929, in _write_document
    self._validate_document(data, data["subject_id"])
    ~~~~~~~~~~~~~~~~~~~~~~~^^^^^^^^^^^^^^^^^^^^^^^^^^
  File "C:\Users\Administrator\Documents\continuity-engine\src\continuity_engine\storage\json_memory_repository.py", line 779, in _validate_document
    raise MemoryPersistenceError(
        "consolidation operation input is not traceable to its result memory"
    )
continuity_engine.domain.errors.MemoryPersistenceError: consolidation operation input is not traceable to its result memory

During handling of the above exception, another exception occurred:

Traceback (most recent call last):
  File "C:\Users\Administrator\Documents\continuity-engine\docs\project_memory\pre_p12_repair_evidence\review-original\review_probes.py", line 193, in test_memory_partial_overlap_preserves_new_evidence
    self.fail("Valid overlapping evidence cannot be consolidated: " + str(exc))
    ~~~~~~~~~^^^^^^^^^^^^^^^^^^^^^^^^^^^^^^^^^^^^^^^^^^^^^^^^^^^^^^^^^^^^^^^^^^
AssertionError: Valid overlapping evidence cannot be consolidated: consolidation operation input is not traceable to its result memory

======================================================================
FAIL: test_model_zero_budget_still_blocks_execute_after_crash (__main__.EngineReviewProbes.test_model_zero_budget_still_blocks_execute_after_crash)
----------------------------------------------------------------------
Traceback (most recent call last):
  File "C:\Users\Administrator\Documents\continuity-engine\docs\project_memory\pre_p12_repair_evidence\review-original\review_probes.py", line 331, in test_model_zero_budget_still_blocks_execute_after_crash
    self.assertEqual(calls, 0)
    ~~~~~~~~~~~~~~~~^^^^^^^^^^
AssertionError: 1 != 0

======================================================================
FAIL: test_repeated_resource_request_remains_reconcilable (__main__.EngineReviewProbes.test_repeated_resource_request_remains_reconcilable)
----------------------------------------------------------------------
Traceback (most recent call last):
  File "C:\Users\Administrator\Documents\continuity-engine\docs\project_memory\pre_p12_repair_evidence\review-original\review_probes.py", line 137, in test_repeated_resource_request_remains_reconcilable
    self.assertIsNone(error)
    ~~~~~~~~~~~~~~~~~^^^^^^^
AssertionError: 'ResourceNotFoundError: exactly one usage record is required for session: same-session' is not None

======================================================================
FAIL: test_restriction_does_not_expand_capabilities (__main__.EngineReviewProbes.test_restriction_does_not_expand_capabilities)
----------------------------------------------------------------------
Traceback (most recent call last):
  File "C:\Users\Administrator\Documents\continuity-engine\docs\project_memory\pre_p12_repair_evidence\review-original\review_probes.py", line 102, in test_restriction_does_not_expand_capabilities
    self.assertFalse(allowed)
    ~~~~~~~~~~~~~~~~^^^^^^^^^
AssertionError: True is not false

======================================================================
FAIL: test_restriction_does_not_reactivate_revoked_permission (__main__.EngineReviewProbes.test_restriction_does_not_reactivate_revoked_permission)
----------------------------------------------------------------------
Traceback (most recent call last):
  File "C:\Users\Administrator\Documents\continuity-engine\docs\project_memory\pre_p12_repair_evidence\review-original\review_probes.py", line 118, in test_restriction_does_not_reactivate_revoked_permission
    self.assertFalse(allowed)
    ~~~~~~~~~~~~~~~~^^^^^^^^^
AssertionError: True is not false

======================================================================
FAIL: test_scheduler_foreign_cycle_does_not_wake_another_subject (__main__.EngineReviewProbes.test_scheduler_foreign_cycle_does_not_wake_another_subject)
----------------------------------------------------------------------
Traceback (most recent call last):
  File "C:\Users\Administrator\Documents\continuity-engine\docs\project_memory\pre_p12_repair_evidence\review-original\review_probes.py", line 265, in test_scheduler_foreign_cycle_does_not_wake_another_subject
    self.assertEqual(len(foreign), 0)
    ~~~~~~~~~~~~~~~~^^^^^^^^^^^^^^^^^
AssertionError: 1 != 0

======================================================================
FAIL: test_scheduler_receipt_conflict_does_not_starve_other_task (__main__.EngineReviewProbes.test_scheduler_receipt_conflict_does_not_starve_other_task)
----------------------------------------------------------------------
Traceback (most recent call last):
  File "C:\Users\Administrator\Documents\continuity-engine\docs\project_memory\pre_p12_repair_evidence\review-original\review_probes.py", line 66, in test_scheduler_receipt_conflict_does_not_starve_other_task
    self.assertEqual(healthy.state.value, "COMPLETED")
    ~~~~~~~~~~~~~~~~^^^^^^^^^^^^^^^^^^^^^^^^^^^^^^^^^^
AssertionError: 'QUEUED' != 'COMPLETED'
- QUEUED
+ COMPLETED


======================================================================
FAIL: test_scheduler_unknown_does_not_starve_at_normal_poll_interval (__main__.EngineReviewProbes.test_scheduler_unknown_does_not_starve_at_normal_poll_interval)
----------------------------------------------------------------------
Traceback (most recent call last):
  File "C:\Users\Administrator\Documents\continuity-engine\docs\project_memory\pre_p12_repair_evidence\review-original\review_probes.py", line 80, in test_scheduler_unknown_does_not_starve_at_normal_poll_interval
    self.assertEqual(healthy.state.value, "COMPLETED")
    ~~~~~~~~~~~~~~~~^^^^^^^^^^^^^^^^^^^^^^^^^^^^^^^^^^
AssertionError: 'QUEUED' != 'COMPLETED'
- QUEUED
+ COMPLETED


----------------------------------------------------------------------
Ran 15 tests in 0.979s

FAILED (failures=10)
