test_concurrent_events_are_not_silently_lost (tests.test_pre_p12_repairs.PreP12RegressionTests.test_concurrent_events_are_not_silently_lost) ... ok
test_concurrent_same_event_is_persisted_once (tests.test_pre_p12_repairs.PreP12RegressionTests.test_concurrent_same_event_is_persisted_once) ... ok
test_concurrent_mutations_preserve_revision_conflict (tests.test_pre_p12_repairs.PreP12RegressionTests.test_concurrent_mutations_preserve_revision_conflict) ... FAIL
test_control_sequential_events_preserved (tests.test_pre_p12_repairs.PreP12RegressionTests.test_control_sequential_events_preserved) ... ok
test_restriction_does_not_expand_capabilities (tests.test_pre_p12_repairs.PreP12RegressionTests.test_restriction_does_not_expand_capabilities) ... ok
test_restriction_does_not_reactivate_revoked_permission (tests.test_pre_p12_repairs.PreP12RegressionTests.test_restriction_does_not_reactivate_revoked_permission) ... ok
test_control_real_restriction_removes_capability (tests.test_pre_p12_repairs.PreP12RegressionTests.test_control_real_restriction_removes_capability) ... ok
test_model_zero_budget_still_blocks_execute_after_crash (tests.test_pre_p12_repairs.PreP12RegressionTests.test_model_zero_budget_still_blocks_execute_after_crash) ... ok

======================================================================
FAIL: test_concurrent_mutations_preserve_revision_conflict (tests.test_pre_p12_repairs.PreP12RegressionTests.test_concurrent_mutations_preserve_revision_conflict)
----------------------------------------------------------------------
Traceback (most recent call last):
  File "C:\Users\Administrator\Documents\continuity-engine\tests\test_pre_p12_repairs.py", line 206, in test_concurrent_mutations_preserve_revision_conflict
    service, _ = self._concurrent_events(mutating=True)
                 ~~~~~~~~~~~~~~~~~~~~~~~^^^^^^^^^^^^^^^
  File "C:\Users\Administrator\Documents\continuity-engine\tests\test_pre_p12_repairs.py", line 175, in _concurrent_events
    self.assertTrue(first_at_write.wait(2))
    ~~~~~~~~~~~~~~~^^^^^^^^^^^^^^^^^^^^^^^^
AssertionError: False is not true

----------------------------------------------------------------------
Ran 8 tests in 2.725s

FAILED (failures=1)
