FORGED_HISTORY_RECOVERY REJECTED effect= 0 query_calls= 1
RECEIPTLESS_FAILURE REJECTED append_queries= 0 recovered= COMPLETED effect= 1
REHASHED_EXPIRED REJECTED query_calls= 1 effect= 1
STALE_CONTEXT_RECEIPT_RECOVERY COMPLETED effect= 1 query_calls= 2
RETAINED_CONTROLLED_FAILURE C:\Users\ADMINI~1\AppData\Local\Temp\c1e-8nz8min_ exit_code=91
RETAINED_CONTROLLED_INTERRUPT C:\Users\ADMINI~1\AppData\Local\Temp\c1e-nnuh9c3x exit_code= 1
CONTEXT_REMOVAL_PROBE REJECTED LocalIntegrationInitializationError
GATE_FLIP_PROBE REJECTED LocalIntegrationInitializationError
DISABLED_INPUTS_WITH_E5_HISTORY REJECTED IntegrationExecutionError
EXPIRED_CONTEXT_PROBE IntegrationExecutionError revision 1 thinking_calls 0
REHASHED_JOURNAL REJECTED IntegrationExecutionError
REVOKED_REFERENCE_PROBE IntegrationExecutionError revision 1 thinking_calls 0
P12_LONG_GOLDEN {'logical_days': 30, 'events': 12, 'rounds': 6, 'reopen_after': [2, 4], 'observations': [{'day': 5, 'events': 2, 'effects': 1, 'tokens': 745, 'bytes': 209129}, {'day': 10, 'events': 4, 'effects': 2, 'tokens': 745, 'bytes': 412165}, {'day': 15, 'events': 6, 'effects': 3, 'tokens': 745, 'bytes': 627844}, {'day': 20, 'events': 8, 'effects': 4, 'tokens': 745, 'bytes': 856166}, {'day': 25, 'events': 10, 'effects': 5, 'tokens': 745, 'bytes': 1082207}, {'day': 30, 'events': 12, 'effects': 6, 'tokens': 745, 'bytes': 1312355}], 'formal_access_count': 0}
{"case": "learning_rejected_support", "rejected": true, "source_status": "REJECTED", "traits": 0, "claimed_evidence": null, "evolution_event_produced": false}
{"case": "memory_partial_overlap", "input_roots": ["event:one", "event:two"], "persisted_roots": ["event:one", "event:two"], "added": 1, "replay_roots": ["event:one", "event:two"]}
{"case": "model_zero_budget_recovery", "provider_execute_calls": 0, "limits": [], "provider_facts": 1, "error": null}
{"case": "resource_duplicate", "token_used": 8, "usage_records": 1, "reconciliation_error": null}
{"case": "permission_expand", "rejected": "PermissionValidationError"}
{"case": "permission_revocation", "rejected": "PermissionValidationError"}
{"case": "scheduler_foreign_cycle", "task_subject": "p11-subject", "actual_cycle_subject": "other-subject", "result": "VERIFICATION_PENDING", "task_subject_wakes": 0, "foreign_subject_wakes": 0, "foreign_tokens": 0}
{"case": "scheduler_conflict_starvation", "first": "RECEIPT_BINDING_CONFLICT", "subsequent": ["RECEIPT_DELIVERED", "RECEIPT_BINDING_CONFLICT", "RECEIPT_BINDING_CONFLICT", "RECEIPT_BINDING_CONFLICT", "RECEIPT_BINDING_CONFLICT"], "healthy_state": "COMPLETED", "dispatches": 2, "queries": 5}
{"case": "scheduler_unknown_starvation", "healthy_state": "COMPLETED", "dispatches": 2, "queries": 5}
{"scope": "full", "command": ["E:\\Adobe\\python.exe", "docs/project_memory/p12_repair_evidence/run_suite.py", "full", "full-stable-02"], "status": "FINISHED", "run": 992, "passed": 991, "failedTestCases": [], "failures": [], "errors": [], "skips": [["test_p08_fixture_paths.P08FixturePathTests.test_symlink_component_rejected_without_writes", "OS does not grant symlink creation: 1314"]], "seconds": 523.914}
