test_composer_exact_old_reference_blocked_after_archive (test_p12_memory_integration.ContextAndLineageTests.test_composer_exact_old_reference_blocked_after_archive) ... ok
test_invalid_source_after_real_revocation_cannot_restore (test_p12_memory_integration.ContextAndLineageTests.test_invalid_source_after_real_revocation_cannot_restore) ... ok
test_new_alias_cannot_bypass_inactive_or_archived_state (test_p12_memory_integration.ContextAndLineageTests.test_new_alias_cannot_bypass_inactive_or_archived_state) ... ok
test_normal_timeline_material_honors_weight_without_rewriting_event (test_p12_memory_integration.ContextAndLineageTests.test_normal_timeline_material_honors_weight_without_rewriting_event) ... ok
test_old_reference_stays_stale_after_restore (test_p12_memory_integration.ContextAndLineageTests.test_old_reference_stays_stale_after_restore) ... ok
test_old_summary_reference_rejected_and_rebuild_keeps_downweight (test_p12_memory_integration.ContextAndLineageTests.test_old_summary_reference_rejected_and_rebuild_keeps_downweight) ... ok
test_parent_restore_cannot_reactivate_old_child_version (test_p12_memory_integration.ContextAndLineageTests.test_parent_restore_cannot_reactivate_old_child_version) ... ok
test_partial_root_merge_retains_source_bindings_and_new_evidence (test_p12_memory_integration.ContextAndLineageTests.test_partial_root_merge_retains_source_bindings_and_new_evidence) ... ok
test_reconsolidation_cannot_recreate_deleted_evidence_under_new_identity (test_p12_memory_integration.ContextAndLineageTests.test_reconsolidation_cannot_recreate_deleted_evidence_under_new_identity) ... ok
test_router_excludes_archived_and_revalidates_old_candidate (test_p12_memory_integration.ContextAndLineageTests.test_router_excludes_archived_and_revalidates_old_candidate) ... ok
test_router_weight_changes_actual_candidate_relevance (test_p12_memory_integration.ContextAndLineageTests.test_router_weight_changes_actual_candidate_relevance) ... ok
test_transitive_child_and_summary_disabled_by_parent (test_p12_memory_integration.ContextAndLineageTests.test_transitive_child_and_summary_disabled_by_parent) ... ok
test_disabled_memory_entry_has_zero_component_reads (test_p12_memory_integration.CoreLifecycleTests.test_disabled_memory_entry_has_zero_component_reads) ... ok
test_normal_context_before_after_and_no_memory_resurrection (test_p12_memory_integration.CoreLifecycleTests.test_normal_context_before_after_and_no_memory_resurrection) ... ok
test_thirty_days_bounded_normal_entry_and_restart_invariants (test_p12_memory_integration.CoreLifecycleTests.test_thirty_days_bounded_normal_entry_and_restart_invariants) ... ok
test_deleted_consolidation_replay_cannot_return_active_material (test_p12_memory_integration.ExistingUseRegressions.test_deleted_consolidation_replay_cannot_return_active_material) ... ok
test_pending_learning_rechecks_revoked_memory_support (test_p12_memory_integration.ExistingUseRegressions.test_pending_learning_rechecks_revoked_memory_support) ... ok
test_iterable_roots_retained_without_double_consumption (test_p12_memory_integration.MemoryLearningTests.test_iterable_roots_retained_without_double_consumption) ... ok
test_missing_bound_memory_never_falls_back_to_legacy (test_p12_memory_integration.MemoryLearningTests.test_missing_bound_memory_never_falls_back_to_legacy) ... ok
test_pending_support_rejects_archive_and_old_version_after_restore (test_p12_memory_integration.MemoryLearningTests.test_pending_support_rejects_archive_and_old_version_after_restore) ... ok
test_pending_support_rejects_downweight_and_zero_learning_write (test_p12_memory_integration.MemoryLearningTests.test_pending_support_rejects_downweight_and_zero_learning_write) ... ok
test_valid_memory_learning_preserves_confidence_policy_and_evolution_boundary (test_p12_memory_integration.MemoryLearningTests.test_valid_memory_learning_preserves_confidence_policy_and_evolution_boundary) ... ok
test_valid_memory_learning_restart_can_solidify (test_p12_memory_integration.MemoryLearningTests.test_valid_memory_learning_restart_can_solidify) ... ok
test_link_components_rejected_without_writes (test_p12_memory_lifecycle.FixtureIsolationTests.test_link_components_rejected_without_writes) ... ok
test_protected_names_case_variants_self_and_children_zero_write (test_p12_memory_lifecycle.FixtureIsolationTests.test_protected_names_case_variants_self_and_children_zero_write) ... ok
test_repository_overlap_in_temp_rejected_before_writes (test_p12_memory_lifecycle.FixtureIsolationTests.test_repository_overlap_in_temp_rejected_before_writes) ... ok
test_actual_fresh_process_recovers_deleted_receipt_without_write (test_p12_memory_lifecycle.LifecycleTests.test_actual_fresh_process_recovers_deleted_receipt_without_write) ... ok
test_archive_delete_keep_event_and_subject_state_bytes (test_p12_memory_lifecycle.LifecycleTests.test_archive_delete_keep_event_and_subject_state_bytes) ... ok
test_atomic_replace_failure_preserves_document_and_no_receipt (test_p12_memory_lifecycle.LifecycleTests.test_atomic_replace_failure_preserves_document_and_no_receipt) ... ok
test_authorized_trace_is_read_only_and_no_body (test_p12_memory_lifecycle.LifecycleTests.test_authorized_trace_is_read_only_and_no_body) ... ok
test_command_identity_conflict_no_write (test_p12_memory_lifecycle.LifecycleTests.test_command_identity_conflict_no_write) ... ok
test_concurrent_conflicting_commands_one_winner (test_p12_memory_lifecycle.LifecycleTests.test_concurrent_conflicting_commands_one_winner) ... ok
test_concurrent_duplicate_single_revision (test_p12_memory_lifecycle.LifecycleTests.test_concurrent_duplicate_single_revision) ... ok
test_confirmation_binds_entire_command (test_p12_memory_lifecycle.LifecycleTests.test_confirmation_binds_entire_command) ... ok
test_current_permission_revocation_denied (test_p12_memory_lifecycle.LifecycleTests.test_current_permission_revocation_denied) ... ok
test_decay_clock_rollback_rejected (test_p12_memory_lifecycle.LifecycleTests.test_decay_clock_rollback_rejected) ... ok
test_delete_replay_returns_tombstone_without_writes (test_p12_memory_lifecycle.LifecycleTests.test_delete_replay_returns_tombstone_without_writes) ... ok
test_deleted_cannot_restore_after_restart (test_p12_memory_lifecycle.LifecycleTests.test_deleted_cannot_restore_after_restart) ... ok
test_downweight_affects_actual_retrieval_score (test_p12_memory_lifecycle.LifecycleTests.test_downweight_affects_actual_retrieval_score) ... ok
test_duplicate_command_replays_exactly_without_revision_increment (test_p12_memory_lifecycle.LifecycleTests.test_duplicate_command_replays_exactly_without_revision_increment) ... ok
test_elapsed_decay_repeat_same_time_does_not_compound (test_p12_memory_lifecycle.LifecycleTests.test_elapsed_decay_repeat_same_time_does_not_compound) ... ok
test_expiry_boundary_and_future_time_rejected (test_p12_memory_lifecycle.LifecycleTests.test_expiry_boundary_and_future_time_rejected) ... ok
test_expiry_rechecked_after_confirmation_callback (test_p12_memory_lifecycle.LifecycleTests.test_expiry_rechecked_after_confirmation_callback) ... ok
test_hash_mismatch_rejected (test_p12_memory_lifecycle.LifecycleTests.test_hash_mismatch_rejected) ... ok
test_history_recall_requires_current_permission (test_p12_memory_lifecycle.LifecycleTests.test_history_recall_requires_current_permission) ... ok
test_inactive_and_archived_exit_ordinary_retrieval (test_p12_memory_lifecycle.LifecycleTests.test_inactive_and_archived_exit_ordinary_retrieval) ... ok
test_invalid_decay_policy_not_defaulted (test_p12_memory_lifecycle.LifecycleTests.test_invalid_decay_policy_not_defaulted) ... ok
test_legacy_archive_temperature_maps_without_write (test_p12_memory_lifecycle.LifecycleTests.test_legacy_archive_temperature_maps_without_write) ... ok
test_legacy_roundtrip_hash_and_no_lifecycle_fields (test_p12_memory_lifecycle.LifecycleTests.test_legacy_roundtrip_hash_and_no_lifecycle_fields) ... ok
test_legal_sequence_archive_restore_delete (test_p12_memory_lifecycle.LifecycleTests.test_legal_sequence_archive_restore_delete) ... ok
test_lifecycle_is_distinct_from_temperature_and_fact_validity (test_p12_memory_lifecycle.LifecycleTests.test_lifecycle_is_distinct_from_temperature_and_fact_validity) ... ok
test_missing_confirmation_denied (test_p12_memory_lifecycle.LifecycleTests.test_missing_confirmation_denied) ... ok
test_old_archive_replay_after_delete_never_restores (test_p12_memory_lifecycle.LifecycleTests.test_old_archive_replay_after_delete_never_restores) ... ok
test_permission_rechecked_after_confirmation_callback (test_p12_memory_lifecycle.LifecycleTests.test_permission_rechecked_after_confirmation_callback) ... ok
test_permission_revision_change_denied (test_p12_memory_lifecycle.LifecycleTests.test_permission_revision_change_denied) ... ok
test_permission_scope_denied (test_p12_memory_lifecycle.LifecycleTests.test_permission_scope_denied) ... ok
test_production_delete_not_ready_without_read_or_write (test_p12_memory_lifecycle.LifecycleTests.test_production_delete_not_ready_without_read_or_write) ... ok
test_raw_save_cannot_resurrect_deleted (test_p12_memory_lifecycle.LifecycleTests.test_raw_save_cannot_resurrect_deleted) ... ok
test_repeated_deactivate_new_identity_rejected (test_p12_memory_lifecycle.LifecycleTests.test_repeated_deactivate_new_identity_rejected) ... ok
test_restart_after_saved_result_replays_once (test_p12_memory_lifecycle.LifecycleTests.test_restart_after_saved_result_replays_once) ... ok
test_restore_active_rejected_zero_writes (test_p12_memory_lifecycle.LifecycleTests.test_restore_active_rejected_zero_writes) ... ok
test_restore_invalid_source_denied (test_p12_memory_lifecycle.LifecycleTests.test_restore_invalid_source_denied) ... ok
test_restore_resets_explicit_use_weight_and_preserves_history (test_p12_memory_lifecycle.LifecycleTests.test_restore_resets_explicit_use_weight_and_preserves_history) ... ok
test_restore_source_hash_drift_denied (test_p12_memory_lifecycle.LifecycleTests.test_restore_source_hash_drift_denied) ... ok
test_seven_day_golden_actual_recall_difference_and_delete_replay (test_p12_memory_lifecycle.LifecycleTests.test_seven_day_golden_actual_recall_difference_and_delete_replay) ... ok
test_stale_version_rejected (test_p12_memory_lifecycle.LifecycleTests.test_stale_version_rejected) ... ok
test_strong_history_recall_is_bounded_and_never_restores (test_p12_memory_lifecycle.LifecycleTests.test_strong_history_recall_is_bounded_and_never_restores) ... ok
test_summary_invalidated_atomically_then_rebuilt_only_after_restore (test_p12_memory_lifecycle.LifecycleTests.test_summary_invalidated_atomically_then_rebuilt_only_after_restore) ... ok
test_tampered_lifecycle_binding_fails_closed_even_with_document_hash (test_p12_memory_lifecycle.LifecycleTests.test_tampered_lifecycle_binding_fails_closed_even_with_document_hash) ... ok
test_wrong_subject_and_environment_before_repository_read (test_p12_memory_lifecycle.LifecycleTests.test_wrong_subject_and_environment_before_repository_read) ... ok
test_zero_weight_excluded_without_becoming_deleted (test_p12_memory_lifecycle.LifecycleTests.test_zero_weight_excluded_without_becoming_deleted) ... ok
test_confirmation_reentry_does_not_overwrite_another_successful_command (test_p12_memory_review_regressions.P12IndependentProbes.test_confirmation_reentry_does_not_overwrite_another_successful_command) ... ok
test_consolidation_race_cannot_return_fresh_active_material_after_archive (test_p12_memory_review_regressions.P12IndependentProbes.test_consolidation_race_cannot_return_fresh_active_material_after_archive) ... ok
test_control_approved_restore_and_deleted_recovery_rejection (test_p12_memory_review_regressions.P12IndependentProbes.test_control_approved_restore_and_deleted_recovery_rejection) ... ok
test_control_current_authorized_history_recall_still_works (test_p12_memory_review_regressions.P12IndependentProbes.test_control_current_authorized_history_recall_still_works) ... ok
test_control_new_independent_evidence_still_creates_memory (test_p12_memory_review_regressions.P12IndependentProbes.test_control_new_independent_evidence_still_creates_memory) ... ok
test_history_recall_does_not_return_body_deleted_during_lookup (test_p12_memory_review_regressions.P12IndependentProbes.test_history_recall_does_not_return_body_deleted_during_lookup) ... ok
test_history_recall_rechecks_permission_after_source_port (test_p12_memory_review_regressions.P12IndependentProbes.test_history_recall_rechecks_permission_after_source_port) ... ok
test_new_derived_memory_cannot_restore_downweighted_root_influence (test_p12_memory_review_regressions.P12IndependentProbes.test_new_derived_memory_cannot_restore_downweighted_root_influence) ... ok
test_unbound_successor_cannot_drop_lifecycle_and_restore_archived_memory (test_p12_memory_review_regressions.P12IndependentProbes.test_unbound_successor_cannot_drop_lifecycle_and_restore_archived_memory) ... ok
test_r1_later_candidate_deletes_earlier_match_no_body (test_p12_memory_review_regressions.P12ReviewInterleavingTests.test_r1_later_candidate_deletes_earlier_match_no_body) ... ok
test_r1_legal_history_reopen_zero_write (test_p12_memory_review_regressions.P12ReviewInterleavingTests.test_r1_legal_history_reopen_zero_write) ... ok
test_r1_restore_during_lookup_rejects_old_version (test_p12_memory_review_regressions.P12ReviewInterleavingTests.test_r1_restore_during_lookup_rejects_old_version) ... ok
test_r1_source_binding_changed_between_checks_zero_write (test_p12_memory_review_regressions.P12ReviewInterleavingTests.test_r1_source_binding_changed_between_checks_zero_write) ... ok
test_r2_each_missing_field_rejected_at_save_zero_write (test_p12_memory_review_regressions.P12ReviewInterleavingTests.test_r2_each_missing_field_rejected_at_save_zero_write) ... ok
test_r2_governed_ordinary_successor_preserves_archive (test_p12_memory_review_regressions.P12ReviewInterleavingTests.test_r2_governed_ordinary_successor_preserves_archive) ... ok
test_r2_hash_consistent_downgrade_rejected_on_load_zero_write (test_p12_memory_review_regressions.P12ReviewInterleavingTests.test_r2_hash_consistent_downgrade_rejected_on_load_zero_write) ... ok
test_r2_legacy_successor_retains_missing_fields_and_hash (test_p12_memory_review_regressions.P12ReviewInterleavingTests.test_r2_legacy_successor_retains_missing_fields_and_hash) ... ok
test_r3_same_target_nested_fact_survives_outer_rejection (test_p12_memory_review_regressions.P12ReviewInterleavingTests.test_r3_same_target_nested_fact_survives_outer_rejection) ... ok
test_r3_source_callback_nested_other_commit_survives_and_outer_retry (test_p12_memory_review_regressions.P12ReviewInterleavingTests.test_r3_source_callback_nested_other_commit_survives_and_outer_retry) ... ok
test_r4_after_commit_archive_blocks_body_but_preserves_true_operation (test_p12_memory_review_regressions.P12ReviewInterleavingTests.test_r4_after_commit_archive_blocks_body_but_preserves_true_operation) ... ok
test_r4_first_alias_archive_interleaving_does_not_append_operation (test_p12_memory_review_regressions.P12ReviewInterleavingTests.test_r4_first_alias_archive_interleaving_does_not_append_operation) ... ok
test_r4_legal_new_alias_and_exact_replay_remain_compatible (test_p12_memory_review_regressions.P12ReviewInterleavingTests.test_r4_legal_new_alias_and_exact_replay_remain_compatible) ... ok
test_r5_composer_summary_and_legacy_retriever_use_current_ceiling (test_p12_memory_review_regressions.P12ReviewInterleavingTests.test_r5_composer_summary_and_legacy_retriever_use_current_ceiling) ... ok
test_r5_raw_root_new_scope_and_transitive_chain_retain_ceiling_after_restart (test_p12_memory_review_regressions.P12ReviewInterleavingTests.test_r5_raw_root_new_scope_and_transitive_chain_retain_ceiling_after_restart) ... ok
test_r5_same_root_alias_before_downweight_revalidated_without_hash_rewrite (test_p12_memory_review_regressions.P12ReviewInterleavingTests.test_r5_same_root_alias_before_downweight_revalidated_without_hash_rewrite) ... ok

----------------------------------------------------------------------
Ran 96 tests in 22.129s

OK
