test_all_drives_and_somatic_dimensions_are_retained (test_p14_dynamic_mind.DynamicMindMechanismTests.test_all_drives_and_somatic_dimensions_are_retained) ... ok
test_apology_is_new_evidence_not_automatic_resolution (test_p14_dynamic_mind.DynamicMindMechanismTests.test_apology_is_new_evidence_not_automatic_resolution) ... ok
test_clock_regression_and_cross_environment_are_rejected (test_p14_dynamic_mind.DynamicMindMechanismTests.test_clock_regression_and_cross_environment_are_rejected) ... ok
test_desire_lifecycle_and_regulation_success (test_p14_dynamic_mind.DynamicMindMechanismTests.test_desire_lifecycle_and_regulation_success) ... ok
test_duplicate_appraisal_does_not_reinforce_same_time (test_p14_dynamic_mind.DynamicMindMechanismTests.test_duplicate_appraisal_does_not_reinforce_same_time) ... ok
test_no_observation_forms_endogenous_desire (test_p14_dynamic_mind.DynamicMindMechanismTests.test_no_observation_forms_endogenous_desire) ... ok
test_persisted_state_restores_without_reset (test_p14_dynamic_mind.DynamicMindMechanismTests.test_persisted_state_restores_without_reset) ... ok
test_psychological_opposites_remain_together (test_p14_dynamic_mind.DynamicMindMechanismTests.test_psychological_opposites_remain_together) ... ok
test_resolution_then_new_harm_reopens_same_concern (test_p14_dynamic_mind.DynamicMindMechanismTests.test_resolution_then_new_harm_reopens_same_concern) ... ok
test_same_time_replay_has_no_extra_dynamic_change (test_p14_dynamic_mind.DynamicMindMechanismTests.test_same_time_replay_has_no_extra_dynamic_change) ... ok
test_subjective_time_depends_on_attention_and_somatic_state (test_p14_dynamic_mind.DynamicMindMechanismTests.test_subjective_time_depends_on_attention_and_somatic_state) ... ok
test_subjective_wait_changes_attention_even_with_equal_body (test_p14_dynamic_mind.DynamicMindMechanismTests.test_subjective_wait_changes_attention_even_with_equal_body) ... ok
test_suppression_can_fail_without_erasing_concern (test_p14_dynamic_mind.DynamicMindMechanismTests.test_suppression_can_fail_without_erasing_concern) ... ok
test_transformed_desire_can_continue_without_identity_collision (test_p14_dynamic_mind.DynamicMindMechanismTests.test_transformed_desire_can_continue_without_identity_collision) ... ok
test_unbound_will_and_thought_references_fail_closed (test_p14_dynamic_mind.DynamicMindMechanismTests.test_unbound_will_and_thought_references_fail_closed) ... ok
test_unknown_nested_reasoning_fields_are_rejected (test_p14_dynamic_mind.DynamicMindMechanismTests.test_unknown_nested_reasoning_fields_are_rejected) ... ok
test_weaken_and_transform_change_desire_not_only_phase (test_p14_dynamic_mind.DynamicMindMechanismTests.test_weaken_and_transform_change_desire_not_only_phase) ... ok
test_will_records_deliberation_not_scheduler_priority (test_p14_dynamic_mind.DynamicMindMechanismTests.test_will_records_deliberation_not_scheduler_priority) ... ok
test_attention_changes_actual_authorized_memory_ranking (test_p14_mind_recovery.MindCoreIntegrationTests.test_attention_changes_actual_authorized_memory_ranking) ... ok
test_bounded_golden_survives_real_process_restarts (test_p14_mind_recovery.MindCoreIntegrationTests.test_bounded_golden_survives_real_process_restarts) ... ok
test_capability_wait_resumes_mind_in_original_think_session (test_p14_mind_recovery.MindCoreIntegrationTests.test_capability_wait_resumes_mind_in_original_think_session) ... ok
test_cognitive_resolution_requires_new_consistent_experience (test_p14_mind_recovery.MindCoreIntegrationTests.test_cognitive_resolution_requires_new_consistent_experience) ... ok
test_completed_mind_facts_still_require_real_adapter_receipt (test_p14_mind_recovery.MindCoreIntegrationTests.test_completed_mind_facts_still_require_real_adapter_receipt) ... ok
test_completed_replay_does_not_advance_revision_or_repeat_effect (test_p14_mind_recovery.MindCoreIntegrationTests.test_completed_replay_does_not_advance_revision_or_repeat_effect) ... ok
test_complex_information_need_still_uses_original_optional_planner (test_p14_mind_recovery.MindCoreIntegrationTests.test_complex_information_need_still_uses_original_optional_planner) ... ok
test_current_candidate_tampering_and_cross_subject_are_rejected (test_p14_mind_recovery.MindCoreIntegrationTests.test_current_candidate_tampering_and_cross_subject_are_rejected) ... ok
test_explicit_subject_confrontation_is_retained (test_p14_mind_recovery.MindCoreIntegrationTests.test_explicit_subject_confrontation_is_retained) ... ok
test_explicit_subject_refusal_is_not_erased_by_generic_drive (test_p14_mind_recovery.MindCoreIntegrationTests.test_explicit_subject_refusal_is_not_erased_by_generic_drive) ... ok
test_explicit_subject_silence_is_not_relabelled_pursuit (test_p14_mind_recovery.MindCoreIntegrationTests.test_explicit_subject_silence_is_not_relabelled_pursuit) ... ok
test_feature_off_keeps_legacy_serialization_and_behavior (test_p14_mind_recovery.MindCoreIntegrationTests.test_feature_off_keeps_legacy_serialization_and_behavior) ... ok
test_forgotten_or_revoked_current_source_cannot_finish_new_mind (test_p14_mind_recovery.MindCoreIntegrationTests.test_forgotten_or_revoked_current_source_cannot_finish_new_mind) ... ok
test_internal_body_changes_real_choice_with_same_provider_output (test_p14_mind_recovery.MindCoreIntegrationTests.test_internal_body_changes_real_choice_with_same_provider_output) ... ok
test_native_evolution_saved_before_checkpoint_recovers_after_expiry (test_p14_mind_recovery.MindCoreIntegrationTests.test_native_evolution_saved_before_checkpoint_recovers_after_expiry) ... ok
test_native_feature_off_does_not_read_p14_recovery_or_prepare (test_p14_mind_recovery.MindCoreIntegrationTests.test_native_feature_off_does_not_read_p14_recovery_or_prepare) ... ok
test_native_missing_evolution_fact_is_rejected_without_writes (test_p14_mind_recovery.MindCoreIntegrationTests.test_native_missing_evolution_fact_is_rejected_without_writes) ... ok
test_native_opportunity_without_observation_creates_desire_and_restores (test_p14_mind_recovery.MindCoreIntegrationTests.test_native_opportunity_without_observation_creates_desire_and_restores) ... ok
test_new_commit_expired_or_revoked_after_thinking_is_blocked (test_p14_mind_recovery.MindCoreIntegrationTests.test_new_commit_expired_or_revoked_after_thinking_is_blocked) ... ok
test_normal_c1_appraises_sources_and_apology_does_not_reset_episode (test_p14_mind_recovery.MindCoreIntegrationTests.test_normal_c1_appraises_sources_and_apology_does_not_reset_episode) ... ok
test_normal_c1_commits_mind_through_original_evolution (test_p14_mind_recovery.MindCoreIntegrationTests.test_normal_c1_commits_mind_through_original_evolution) ... ok
test_normal_chain_attempts_regulation_without_erasing_episode (test_p14_mind_recovery.MindCoreIntegrationTests.test_normal_chain_attempts_regulation_without_erasing_episode) ... ok
test_old_concurrent_candidate_cannot_overwrite_new_revision (test_p14_mind_recovery.MindCoreIntegrationTests.test_old_concurrent_candidate_cannot_overwrite_new_revision) ... ok
test_path_protection_before_any_fixture_write (test_p14_mind_recovery.MindCoreIntegrationTests.test_path_protection_before_any_fixture_write) ... ok
test_raw_provider_cannot_supply_dynamic_mind_mutation (test_p14_mind_recovery.MindCoreIntegrationTests.test_raw_provider_cannot_supply_dynamic_mind_mutation) ... ok
test_snapshot_branch_includes_mind_without_polluting_parent (test_p14_mind_recovery.MindCoreIntegrationTests.test_snapshot_branch_includes_mind_without_polluting_parent) ... ok
test_two_sessions_and_reopen_continue_one_mind (test_p14_mind_recovery.MindCoreIntegrationTests.test_two_sessions_and_reopen_continue_one_mind) ... ok
test_unsettled_interpretation_changes_actual_information_need (test_p14_mind_recovery.MindCoreIntegrationTests.test_unsettled_interpretation_changes_actual_information_need) ... ok
test_export_and_current_permission_are_separate (test_p14_mind_visibility.MindVisibilityTests.test_export_and_current_permission_are_separate) ... ok
test_export_requires_current_grant_even_when_policy_allows (test_p14_mind_visibility.MindVisibilityTests.test_export_requires_current_grant_even_when_policy_allows) ... ok
test_identity_change_during_read_denies_result (test_p14_mind_visibility.MindVisibilityTests.test_identity_change_during_read_denies_result) ... ok
test_owner_detailed_projection_is_real_and_zero_write (test_p14_mind_visibility.MindVisibilityTests.test_owner_detailed_projection_is_real_and_zero_write) ... ok
test_privacy_switch_does_not_change_normal_native_cognition (test_p14_mind_visibility.MindVisibilityTests.test_privacy_switch_does_not_change_normal_native_cognition) ... ok
test_private_mode_does_not_delete_or_change_cognition (test_p14_mind_visibility.MindVisibilityTests.test_private_mode_does_not_delete_or_change_cognition) ... ok
test_self_claimed_owner_and_non_owner_are_rejected_without_write (test_p14_mind_visibility.MindVisibilityTests.test_self_claimed_owner_and_non_owner_are_rejected_without_write) ... ok
test_summary_hides_detail_and_denial_has_zero_state_reads (test_p14_mind_visibility.MindVisibilityTests.test_summary_hides_detail_and_denial_has_zero_state_reads) ... ok
test_batched_composer_uses_event_order_not_fragment_or_processing_order (test_p14_review_repair.P14ReviewRepairTests.test_batched_composer_uses_event_order_not_fragment_or_processing_order) ... ok
test_control_without_transform_updates_all_active_desires (test_p14_review_repair.P14ReviewRepairTests.test_control_without_transform_updates_all_active_desires) ... ok
test_equal_time_support_is_not_proof_of_subsequent_repair (test_p14_review_repair.P14ReviewRepairTests.test_equal_time_support_is_not_proof_of_subsequent_repair) ... ok
test_legacy_episode_mapping_and_new_basis_validation (test_p14_review_repair.P14ReviewRepairTests.test_legacy_episode_mapping_and_new_basis_validation) ... ok
test_new_harm_is_not_resolved_by_old_pre_harm_support (test_p14_review_repair.P14ReviewRepairTests.test_new_harm_is_not_resolved_by_old_pre_harm_support) ... ok
test_projection_mutation_does_not_write_through (test_p14_review_repair.P14ReviewRepairTests.test_projection_mutation_does_not_write_through) ... ok
test_reopen_reload_repeat_then_new_support_resolves (test_p14_review_repair.P14ReviewRepairTests.test_reopen_reload_repeat_then_new_support_resolves) ... ok
test_reopened_harm_is_not_resolved_by_previous_repair_evidence (test_p14_review_repair.P14ReviewRepairTests.test_reopened_harm_is_not_resolved_by_previous_repair_evidence) ... ok
test_revocation_during_history_read_prevents_return (test_p14_review_repair.P14ReviewRepairTests.test_revocation_during_history_read_prevents_return) ... ok
test_same_root_memory_raw_is_one_support_and_cannot_raise_confidence (test_p14_review_repair.P14ReviewRepairTests.test_same_root_memory_raw_is_one_support_and_cannot_raise_confidence) ... ok
test_subsequent_independent_support_still_resolves (test_p14_review_repair.P14ReviewRepairTests.test_subsequent_independent_support_still_resolves) ... ok
test_transform_keeps_both_desires_evolving_after_reload (test_p14_review_repair.P14ReviewRepairTests.test_transform_keeps_both_desires_evolving_after_reload) ... ok
test_transform_list_order_continuous_trajectory_will_and_thought_bindings (test_p14_review_repair.P14ReviewRepairTests.test_transform_list_order_continuous_trajectory_will_and_thought_bindings) ... ok

----------------------------------------------------------------------
Ran 67 tests in 113.783s

OK
