======================================================================
FAIL: test_authority_can_restore_access_without_repeat_effects (tests.test_p13_review_regressions.P13AdjacentBoundaries.test_authority_can_restore_access_without_repeat_effects)
----------------------------------------------------------------------
Traceback (most recent call last):
  File "C:\Users\Administrator\Documents\continuity-engine\tests\test_p13_review_regressions.py", line 214, in test_authority_can_restore_access_without_repeat_effects
    with self.assertRaises((ExpressionValidationError,IntegrationExecutionError)):f.submit(r)
         ~~~~~~~~~~~~~~~~~^^^^^^^^^^^^^^^^^^^^^^^^^^^^^^^^^^^^^^^^^^^^^^^^^^^^^^^
AssertionError: (<class 'continuity_engine.domain.expression.ExpressionValidationError'>, <class 'continuity_engine.domain.errors.IntegrationExecutionError'>) not raised

======================================================================
FAIL: test_confirmation_identity_removal_not_recreated_by_replay (tests.test_p13_review_regressions.P13AdjacentBoundaries.test_confirmation_identity_removal_not_recreated_by_replay)
----------------------------------------------------------------------
Traceback (most recent call last):
  File "C:\Users\Administrator\Documents\continuity-engine\tests\test_p13_review_regressions.py", line 200, in test_confirmation_identity_removal_not_recreated_by_replay
    with self.assertRaises((ExpressionValidationError,IntegrationExecutionError)):f.submit(r)
         ~~~~~~~~~~~~~~~~~^^^^^^^^^^^^^^^^^^^^^^^^^^^^^^^^^^^^^^^^^^^^^^^^^^^^^^^
AssertionError: (<class 'continuity_engine.domain.expression.ExpressionValidationError'>, <class 'continuity_engine.domain.errors.IntegrationExecutionError'>) not raised

======================================================================
FAIL: test_confirmation_withdrawn_inside_port (tests.test_p13_review_regressions.P13AdjacentBoundaries.test_confirmation_withdrawn_inside_port)
----------------------------------------------------------------------
Traceback (most recent call last):
  File "C:\Users\Administrator\Documents\continuity-engine\tests\test_p13_review_regressions.py", line 172, in test_confirmation_withdrawn_inside_port
    with self.assertRaises(IntegrationExecutionError):f.submit(r)
         ~~~~~~~~~~~~~~~~~^^^^^^^^^^^^^^^^^^^^^^^^^^^
AssertionError: IntegrationExecutionError not raised

======================================================================
FAIL: test_current_all_consumption_entries_deny_and_keep_facts (tests.test_p13_review_regressions.P13AdjacentBoundaries.test_current_all_consumption_entries_deny_and_keep_facts) (change='revoke')
----------------------------------------------------------------------
Traceback (most recent call last):
  File "C:\Users\Administrator\Documents\continuity-engine\tests\test_p13_review_regressions.py", line 185, in test_current_all_consumption_entries_deny_and_keep_facts
    with self.assertRaises((ExpressionValidationError,IntegrationExecutionError)):f.submit(r)
         ~~~~~~~~~~~~~~~~~^^^^^^^^^^^^^^^^^^^^^^^^^^^^^^^^^^^^^^^^^^^^^^^^^^^^^^^
AssertionError: (<class 'continuity_engine.domain.expression.ExpressionValidationError'>, <class 'continuity_engine.domain.errors.IntegrationExecutionError'>) not raised

======================================================================
FAIL: test_current_all_consumption_entries_deny_and_keep_facts (tests.test_p13_review_regressions.P13AdjacentBoundaries.test_current_all_consumption_entries_deny_and_keep_facts) (change='expire')
----------------------------------------------------------------------
Traceback (most recent call last):
  File "C:\Users\Administrator\Documents\continuity-engine\tests\test_p13_review_regressions.py", line 185, in test_current_all_consumption_entries_deny_and_keep_facts
    with self.assertRaises((ExpressionValidationError,IntegrationExecutionError)):f.submit(r)
         ~~~~~~~~~~~~~~~~~^^^^^^^^^^^^^^^^^^^^^^^^^^^^^^^^^^^^^^^^^^^^^^^^^^^^^^^
AssertionError: (<class 'continuity_engine.domain.expression.ExpressionValidationError'>, <class 'continuity_engine.domain.errors.IntegrationExecutionError'>) not raised

======================================================================
FAIL: test_current_all_consumption_entries_deny_and_keep_facts (tests.test_p13_review_regressions.P13AdjacentBoundaries.test_current_all_consumption_entries_deny_and_keep_facts) (change='confirmation')
----------------------------------------------------------------------
Traceback (most recent call last):
  File "C:\Users\Administrator\Documents\continuity-engine\tests\test_p13_review_regressions.py", line 185, in test_current_all_consumption_entries_deny_and_keep_facts
    with self.assertRaises((ExpressionValidationError,IntegrationExecutionError)):f.submit(r)
         ~~~~~~~~~~~~~~~~~^^^^^^^^^^^^^^^^^^^^^^^^^^^^^^^^^^^^^^^^^^^^^^^^^^^^^^^
AssertionError: (<class 'continuity_engine.domain.expression.ExpressionValidationError'>, <class 'continuity_engine.domain.errors.IntegrationExecutionError'>) not raised

======================================================================
FAIL: test_current_all_consumption_entries_deny_and_keep_facts (tests.test_p13_review_regressions.P13AdjacentBoundaries.test_current_all_consumption_entries_deny_and_keep_facts) (change='scope')
----------------------------------------------------------------------
Traceback (most recent call last):
  File "C:\Users\Administrator\Documents\continuity-engine\tests\test_p13_review_regressions.py", line 185, in test_current_all_consumption_entries_deny_and_keep_facts
    with self.assertRaises((ExpressionValidationError,IntegrationExecutionError)):f.submit(r)
         ~~~~~~~~~~~~~~~~~^^^^^^^^^^^^^^^^^^^^^^^^^^^^^^^^^^^^^^^^^^^^^^^^^^^^^^^
AssertionError: (<class 'continuity_engine.domain.expression.ExpressionValidationError'>, <class 'continuity_engine.domain.errors.IntegrationExecutionError'>) not raised

======================================================================
FAIL: test_current_all_consumption_entries_deny_and_keep_facts (tests.test_p13_review_regressions.P13AdjacentBoundaries.test_current_all_consumption_entries_deny_and_keep_facts) (change='subject')
----------------------------------------------------------------------
Traceback (most recent call last):
  File "C:\Users\Administrator\Documents\continuity-engine\tests\test_p13_review_regressions.py", line 185, in test_current_all_consumption_entries_deny_and_keep_facts
    with self.assertRaises((ExpressionValidationError,IntegrationExecutionError)):f.submit(r)
         ~~~~~~~~~~~~~~~~~^^^^^^^^^^^^^^^^^^^^^^^^^^^^^^^^^^^^^^^^^^^^^^^^^^^^^^^
AssertionError: (<class 'continuity_engine.domain.expression.ExpressionValidationError'>, <class 'continuity_engine.domain.errors.IntegrationExecutionError'>) not raised

======================================================================
FAIL: test_current_confirmation_withdrawal_after_action (tests.test_p13_review_regressions.P13AdjacentBoundaries.test_current_confirmation_withdrawal_after_action)
----------------------------------------------------------------------
Traceback (most recent call last):
  File "C:\Users\Administrator\Documents\continuity-engine\tests\test_p13_review_regressions.py", line 165, in test_current_confirmation_withdrawal_after_action
    with self.assertRaises(IntegrationExecutionError):f.submit(r)
         ~~~~~~~~~~~~~~~~~^^^^^^^^^^^^^^^^^^^^^^^^^^^
AssertionError: IntegrationExecutionError not raised

======================================================================
FAIL: test_expiry_at_boundary_before_presentation (tests.test_p13_review_regressions.P13AdjacentBoundaries.test_expiry_at_boundary_before_presentation)
----------------------------------------------------------------------
Traceback (most recent call last):
  File "C:\Users\Administrator\Documents\continuity-engine\tests\test_p13_review_regressions.py", line 148, in test_expiry_at_boundary_before_presentation
    with self.assertRaises(IntegrationExecutionError):f.submit(r)
         ~~~~~~~~~~~~~~~~~^^^^^^^^^^^^^^^^^^^^^^^^^^^
AssertionError: IntegrationExecutionError not raised

======================================================================
FAIL: test_expiry_during_presentation_blocks_artifact (tests.test_p13_review_regressions.P13AdjacentBoundaries.test_expiry_during_presentation_blocks_artifact)
----------------------------------------------------------------------
Traceback (most recent call last):
  File "C:\Users\Administrator\Documents\continuity-engine\tests\test_p13_review_regressions.py", line 156, in test_expiry_during_presentation_blocks_artifact
    with self.assertRaises(IntegrationExecutionError):f.submit(r)
         ~~~~~~~~~~~~~~~~~^^^^^^^^^^^^^^^^^^^^^^^^^^^
AssertionError: IntegrationExecutionError not raised

======================================================================
FAIL: test_omitted_or_denied_sections_use_only_authorized_defaults (tests.test_p13_review_regressions.P13AdjacentBoundaries.test_omitted_or_denied_sections_use_only_authorized_defaults) (section='identity', omitted=True)
----------------------------------------------------------------------
Traceback (most recent call last):
  File "C:\Users\Administrator\Documents\continuity-engine\tests\test_p13_review_regressions.py", line 241, in test_omitted_or_denied_sections_use_only_authorized_defaults
    if section=='identity':self.assertFalse(d.compact);self.assertFalse(d.emphasis)
                           ~~~~~~~~~~~~~~~~^^^^^^^^^^^
AssertionError: True is not false

======================================================================
FAIL: test_omitted_or_denied_sections_use_only_authorized_defaults (tests.test_p13_review_regressions.P13AdjacentBoundaries.test_omitted_or_denied_sections_use_only_authorized_defaults) (section='relationship', omitted=True)
----------------------------------------------------------------------
Traceback (most recent call last):
  File "C:\Users\Administrator\Documents\continuity-engine\tests\test_p13_review_regressions.py", line 242, in test_omitted_or_denied_sections_use_only_authorized_defaults
    if section=='relationship':self.assertEqual(d.layout,'plain')
                               ~~~~~~~~~~~~~~~~^^^^^^^^^^^^^^^^^^
AssertionError: 'quoted' != 'plain'
- quoted
+ plain


======================================================================
FAIL: test_omitted_or_denied_sections_use_only_authorized_defaults (tests.test_p13_review_regressions.P13AdjacentBoundaries.test_omitted_or_denied_sections_use_only_authorized_defaults) (section='emotion_state', omitted=True)
----------------------------------------------------------------------
Traceback (most recent call last):
  File "C:\Users\Administrator\Documents\continuity-engine\tests\test_p13_review_regressions.py", line 243, in test_omitted_or_denied_sections_use_only_authorized_defaults
    if section=='emotion_state':self.assertFalse(d.emphasis)
                                ~~~~~~~~~~~~~~~~^^^^^^^^^^^^
AssertionError: True is not false

======================================================================
FAIL: test_resources_can_deny_current_consumption_without_new_charge (tests.test_p13_review_regressions.P13AdjacentBoundaries.test_resources_can_deny_current_consumption_without_new_charge)
----------------------------------------------------------------------
Traceback (most recent call last):
  File "C:\Users\Administrator\Documents\continuity-engine\tests\test_p13_review_regressions.py", line 208, in test_resources_can_deny_current_consumption_without_new_charge
    with self.assertRaises((ExpressionValidationError,IntegrationExecutionError)):f.submit(r)
         ~~~~~~~~~~~~~~~~~^^^^^^^^^^^^^^^^^^^^^^^^^^^^^^^^^^^^^^^^^^^^^^^^^^^^^^^
AssertionError: (<class 'continuity_engine.domain.expression.ExpressionValidationError'>, <class 'continuity_engine.domain.errors.IntegrationExecutionError'>) not raised

======================================================================
FAIL: test_historical_receipts_do_not_authorize_new_consumption_after_grant_revocation (tests.test_p13_review_regressions.P13ReviewProbes.test_historical_receipts_do_not_authorize_new_consumption_after_grant_revocation)
----------------------------------------------------------------------
Traceback (most recent call last):
  File "C:\Users\Administrator\Documents\continuity-engine\tests\test_p13_review_regressions.py", line 55, in test_historical_receipts_do_not_authorize_new_consumption_after_grant_revocation
    with self.assertRaises((ExpressionValidationError, IntegrationExecutionError)):
         ~~~~~~~~~~~~~~~~~^^^^^^^^^^^^^^^^^^^^^^^^^^^^^^^^^^^^^^^^^^^^^^^^^^^^^^^^
AssertionError: (<class 'continuity_engine.domain.expression.ExpressionValidationError'>, <class 'continuity_engine.domain.errors.IntegrationExecutionError'>) not raised

======================================================================
FAIL: test_omitted_relationship_source_does_not_influence_expression (tests.test_p13_review_regressions.P13ReviewProbes.test_omitted_relationship_source_does_not_influence_expression)
----------------------------------------------------------------------
Traceback (most recent call last):
  File "C:\Users\Administrator\Documents\continuity-engine\tests\test_p13_review_regressions.py", line 84, in test_omitted_relationship_source_does_not_influence_expression
    self.assertEqual(f.artifact(request).decision.layout, 'plain',
    ~~~~~~~~~~~~~~~~^^^^^^^^^^^^^^^^^^^^^^^^^^^^^^^^^^^^^^^^^^^^^^
                     'Expression used a relationship source absent from and unauthorized for this Context')
                     ^^^^^^^^^^^^^^^^^^^^^^^^^^^^^^^^^^^^^^^^^^^^^^^^^^^^^^^^^^^^^^^^^^^^^^^^^^^^^^^^^^^^^^
AssertionError: 'quoted' != 'plain'
- quoted
+ plain
 : Expression used a relationship source absent from and unauthorized for this Context

======================================================================
FAIL: test_revoked_expression_grant_after_action_blocks_first_presentation (tests.test_p13_review_regressions.P13ReviewProbes.test_revoked_expression_grant_after_action_blocks_first_presentation)
----------------------------------------------------------------------
Traceback (most recent call last):
  File "C:\Users\Administrator\Documents\continuity-engine\tests\test_p13_review_regressions.py", line 44, in test_revoked_expression_grant_after_action_blocks_first_presentation
    with self.assertRaises(IntegrationExecutionError):
         ~~~~~~~~~~~~~~~~~^^^^^^^^^^^^^^^^^^^^^^^^^^^
AssertionError: IntegrationExecutionError not raised

======================================================================
FAIL: test_revoked_expression_grant_during_presentation_blocks_new_artifact (tests.test_p13_review_regressions.P13ReviewProbes.test_revoked_expression_grant_during_presentation_blocks_new_artifact)
----------------------------------------------------------------------
Traceback (most recent call last):
  File "C:\Users\Administrator\Documents\continuity-engine\tests\test_p13_review_regressions.py", line 33, in test_revoked_expression_grant_during_presentation_blocks_new_artifact
    with self.assertRaises(IntegrationExecutionError):
         ~~~~~~~~~~~~~~~~~^^^^^^^^^^^^^^^^^^^^^^^^^^^
AssertionError: IntegrationExecutionError not raised

----------------------------------------------------------------------
Ran 19 tests in 20.303s

FAILED (failures=19)
