test_action_session_is_deterministic_serializable_and_traceable (test_action.ActionEngineTests.test_action_session_is_deterministic_serializable_and_traceable) ... ok
test_confirmation_required_action_is_never_automatic (test_action.ActionEngineTests.test_confirmation_required_action_is_never_automatic) ... ok
test_contact_user_without_permission_is_blocked (test_action.ActionEngineTests.test_contact_user_without_permission_is_blocked) ... ok
test_defer_and_more_thinking_remain_non_executed_plans (test_action.ActionEngineTests.test_defer_and_more_thinking_remain_non_executed_plans) ... ok
test_expired_and_out_of_scope_permissions_are_rejected (test_action.ActionEngineTests.test_expired_and_out_of_scope_permissions_are_rejected) ... ok
test_full_wake_perception_thinking_action_evolution_flow (test_action.ActionEngineTests.test_full_wake_perception_thinking_action_evolution_flow) ... ok
test_high_and_critical_risk_actions_are_not_automatically_approved (test_action.ActionEngineTests.test_high_and_critical_risk_actions_are_not_automatically_approved) ... ok
test_no_action_tendency_returns_explicit_no_action (test_action.ActionEngineTests.test_no_action_tendency_returns_explicit_no_action) ... ok
test_request_memory_only_creates_a_plan (test_action.ActionEngineTests.test_request_memory_only_creates_a_plan) ... ok
test_resource_limit_failure_is_audited_and_blocked (test_action.ActionEngineTests.test_resource_limit_failure_is_audited_and_blocked) ... ok
test_revision_mismatch_rejects_action (test_action.ActionEngineTests.test_revision_mismatch_rejects_action) ... ok
test_revoked_permission_cannot_pass (test_action.ActionEngineTests.test_revoked_permission_cannot_pass) ... ok
test_update_state_is_only_planned_inside_action_service (test_action.ActionEngineTests.test_update_state_is_only_planned_inside_action_service) ... ok
test_use_tool_only_creates_a_non_executed_plan (test_action.ActionEngineTests.test_use_tool_only_creates_a_non_executed_plan) ... ok
test_blank_success_is_rejected_before_persistence_and_valid_retry_completes (test_e5_capability_flow.E5CapabilityFlowTests.test_blank_success_is_rejected_before_persistence_and_valid_retry_completes) ... ok
test_capability_mode_returns_durable_capability_required (test_e5_capability_flow.E5CapabilityFlowTests.test_capability_mode_returns_durable_capability_required) ... ok
test_capability_request_survives_rebuild_exactly (test_e5_capability_flow.E5CapabilityFlowTests.test_capability_request_survives_rebuild_exactly) ... ok
test_default_deterministic_mode_retains_e4_behavior (test_e5_capability_flow.E5CapabilityFlowTests.test_default_deterministic_mode_retains_e4_behavior) ... ok
test_exact_result_replay_returns_first_completed_result (test_e5_capability_flow.E5CapabilityFlowTests.test_exact_result_replay_returns_first_completed_result) ... ok
test_repeated_init_is_idempotent_for_retryable_and_unknown_attempts (test_e5_capability_flow.E5CapabilityFlowTests.test_repeated_init_is_idempotent_for_retryable_and_unknown_attempts) ... ok
test_repeated_init_is_idempotent_for_unused_and_waiting_capability_data (test_e5_capability_flow.E5CapabilityFlowTests.test_repeated_init_is_idempotent_for_unused_and_waiting_capability_data) ... ok
test_repeated_init_preserves_completed_capability_history_and_mode_guard (test_e5_capability_flow.E5CapabilityFlowTests.test_repeated_init_preserves_completed_capability_history_and_mode_guard) ... ok
test_repeated_query_returns_identical_capability_request (test_e5_capability_flow.E5CapabilityFlowTests.test_repeated_query_returns_identical_capability_request) ... ok
test_request_and_result_schema_reject_unknown_fields (test_e5_capability_flow.E5CapabilityFlowTests.test_request_and_result_schema_reject_unknown_fields) ... ok
test_result_cannot_exceed_request_output_limit (test_e5_capability_flow.E5CapabilityFlowTests.test_result_cannot_exceed_request_output_limit) ... ok
test_result_completion_cannot_precede_request_creation (test_e5_capability_flow.E5CapabilityFlowTests.test_result_completion_cannot_precede_request_creation) ... ok
test_result_completion_cannot_precede_start (test_e5_capability_flow.E5CapabilityFlowTests.test_result_completion_cannot_precede_start) ... ok
test_result_id_reuse_with_different_content_is_rejected (test_e5_capability_flow.E5CapabilityFlowTests.test_result_id_reuse_with_different_content_is_rejected) ... ok
test_result_start_cannot_precede_request_creation (test_e5_capability_flow.E5CapabilityFlowTests.test_result_start_cannot_precede_request_creation) ... ok
test_retryable_and_unknown_remain_capability_required (test_e5_capability_flow.E5CapabilityFlowTests.test_retryable_and_unknown_remain_capability_required) ... ok
test_retryable_attempt_can_be_followed_by_success (test_e5_capability_flow.E5CapabilityFlowTests.test_retryable_attempt_can_be_followed_by_success) ... ok
test_schema_registry_is_closed_and_complete (test_e5_capability_flow.E5CapabilityFlowTests.test_schema_registry_is_closed_and_complete) ... ok
test_second_success_for_same_request_is_rejected (test_e5_capability_flow.E5CapabilityFlowTests.test_second_success_for_same_request_is_rejected) ... ok
test_success_resumes_thinking_action_and_reply_without_state_change (test_e5_capability_flow.E5CapabilityFlowTests.test_success_resumes_thinking_action_and_reply_without_state_change) ... ok
test_terminal_statuses_return_capability_failed_without_state_change (test_e5_capability_flow.E5CapabilityFlowTests.test_terminal_statuses_return_capability_failed_without_state_change) ... ok
test_think_session_waits_with_stable_binding (test_e5_capability_flow.E5CapabilityFlowTests.test_think_session_waits_with_stable_binding) ... ok
test_unknown_fields_and_mutation_fields_are_rejected (test_e5_capability_flow.E5CapabilityFlowTests.test_unknown_fields_and_mutation_fields_are_rejected) ... ok
test_wrong_content_hash_is_rejected (test_e5_capability_flow.E5CapabilityFlowTests.test_wrong_content_hash_is_rejected) ... ok
test_wrong_identity_fields_are_rejected (test_e5_capability_flow.E5CapabilityFlowTests.test_wrong_identity_fields_are_rejected) ... ok
test_blank_success_is_controlled_400_without_durable_side_effects (test_e5_capability_http.E5CapabilityHTTPTests.test_blank_success_is_controlled_400_without_durable_side_effects) ... ok
test_capability_result_requires_bearer_token (test_e5_capability_http.E5CapabilityHTTPTests.test_capability_result_requires_bearer_token) ... ok
test_configuration_rejects_untyped_thinking_mode (test_e5_capability_http.E5CapabilityHTTPTests.test_configuration_rejects_untyped_thinking_mode) ... ok
test_content_type_boundary_is_shared_with_e4 (test_e5_capability_http.E5CapabilityHTTPTests.test_content_type_boundary_is_shared_with_e4) ... ok
test_http_capability_result_completes_original_interaction (test_e5_capability_http.E5CapabilityHTTPTests.test_http_capability_result_completes_original_interaction) ... ok
test_http_interaction_returns_capability_required (test_e5_capability_http.E5CapabilityHTTPTests.test_http_interaction_returns_capability_required) ... ok
test_http_server_rejects_app_mode_mismatch (test_e5_capability_http.E5CapabilityHTTPTests.test_http_server_rejects_app_mode_mismatch) ... ok
test_invalid_json_is_a_controlled_400 (test_e5_capability_http.E5CapabilityHTTPTests.test_invalid_json_is_a_controlled_400) ... ok
test_invalid_result_json_shape_is_400 (test_e5_capability_http.E5CapabilityHTTPTests.test_invalid_result_json_shape_is_400) ... ok
test_oversized_capability_result_is_rejected_before_parsing (test_e5_capability_http.E5CapabilityHTTPTests.test_oversized_capability_result_is_rejected_before_parsing) ... ok
test_query_transitions_from_required_to_completed (test_e5_capability_http.E5CapabilityHTTPTests.test_query_transitions_from_required_to_completed) ... ok
test_result_id_conflict_is_409 (test_e5_capability_http.E5CapabilityHTTPTests.test_result_id_conflict_is_409) ... ok
test_unknown_capability_request_is_404 (test_e5_capability_http.E5CapabilityHTTPTests.test_unknown_capability_request_is_404) ... ok
test_wrong_method_and_path_use_json_transport_errors (test_e5_capability_http.E5CapabilityHTTPTests.test_wrong_method_and_path_use_json_transport_errors) ... ok
test_action_completed_before_domain_checkpoint_recovery (test_e5_capability_recovery.E5CapabilityRecoveryTests.test_action_completed_before_domain_checkpoint_recovery) ... ok
test_before_capability_request_creation_recovery (test_e5_capability_recovery.E5CapabilityRecoveryTests.test_before_capability_request_creation_recovery) ... ok
test_capability_waiting_checkpoint_recovery (test_e5_capability_recovery.E5CapabilityRecoveryTests.test_capability_waiting_checkpoint_recovery) ... ok
test_completed_result_before_operation_completion_recovery (test_e5_capability_recovery.E5CapabilityRecoveryTests.test_completed_result_before_operation_completion_recovery) ... ok
test_conflicting_result_replay_fails_closed_after_rebuild (test_e5_capability_recovery.E5CapabilityRecoveryTests.test_conflicting_result_replay_fails_closed_after_rebuild) ... ok
test_corrupt_capability_checkpoint_fails_closed (test_e5_capability_recovery.E5CapabilityRecoveryTests.test_corrupt_capability_checkpoint_fails_closed) ... ok
test_domain_checkpoint_recovery (test_e5_capability_recovery.E5CapabilityRecoveryTests.test_domain_checkpoint_recovery) ... ok
test_operation_reserved_recovery (test_e5_capability_recovery.E5CapabilityRecoveryTests.test_operation_reserved_recovery) ... ok
test_perception_checkpoint_recovery (test_e5_capability_recovery.E5CapabilityRecoveryTests.test_perception_checkpoint_recovery) ... ok
test_request_saved_before_waiting_checkpoint_recovery (test_e5_capability_recovery.E5CapabilityRecoveryTests.test_request_saved_before_waiting_checkpoint_recovery) ... ok
test_result_checkpoint_recovery (test_e5_capability_recovery.E5CapabilityRecoveryTests.test_result_checkpoint_recovery) ... ok
test_result_persisted_before_operation_checkpoint_recovery (test_e5_capability_recovery.E5CapabilityRecoveryTests.test_result_persisted_before_operation_checkpoint_recovery) ... ok
test_result_received_before_persistence_recovery (test_e5_capability_recovery.E5CapabilityRecoveryTests.test_result_received_before_persistence_recovery) ... ok
test_thinking_checkpoint_recovery (test_e5_capability_recovery.E5CapabilityRecoveryTests.test_thinking_checkpoint_recovery) ... ok
test_thinking_completed_before_operation_checkpoint_recovery (test_e5_capability_recovery.E5CapabilityRecoveryTests.test_thinking_completed_before_operation_checkpoint_recovery) ... ok
test_blank_output_is_rejected_before_engine_and_p02_acceptance (test_p02_model_capability.P02ModelCapabilityTests.test_blank_output_is_rejected_before_engine_and_p02_acceptance) ... ok
test_cancelled_expired_and_terminal_failures_are_terminal (test_p02_model_capability.P02ModelCapabilityTests.test_cancelled_expired_and_terminal_failures_are_terminal) ... ok
test_confirmed_profile_is_configurable_metadata_not_permanent_vendor_binding (test_p02_model_capability.P02ModelCapabilityTests.test_confirmed_profile_is_configurable_metadata_not_permanent_vendor_binding) ... ok
test_daily_budget_exhaustion_is_resource_error_without_provider_execution (test_p02_model_capability.P02ModelCapabilityTests.test_daily_budget_exhaustion_is_resource_error_without_provider_execution) ... ok
test_duplicate_request_replays_without_execution_credit_action_or_result_duplication (test_p02_model_capability.P02ModelCapabilityTests.test_duplicate_request_replays_without_execution_credit_action_or_result_duplication) ... ok
test_execution_ledger_has_no_hidden_chain_of_thought_field (test_p02_model_capability.P02ModelCapabilityTests.test_execution_ledger_has_no_hidden_chain_of_thought_field) ... ok
test_failed_round_does_not_pollute_the_next_successful_round (test_p02_model_capability.P02ModelCapabilityTests.test_failed_round_does_not_pollute_the_next_successful_round) ... ok
test_fake_provider_uses_no_socket_http_or_environment_credentials (test_p02_model_capability.P02ModelCapabilityTests.test_fake_provider_uses_no_socket_http_or_environment_credentials) ... ok
test_frozen_compatibility_ledger_field_does_not_create_vio_dependency (test_p02_model_capability.P02ModelCapabilityTests.test_frozen_compatibility_ledger_field_does_not_create_vio_dependency) ... ok
test_generation_failure_is_terminal_and_has_no_credit (test_p02_model_capability.P02ModelCapabilityTests.test_generation_failure_is_terminal_and_has_no_credit) ... ok
test_legal_usage_ledger_reloads_and_replays_after_restart (test_p02_model_capability.P02ModelCapabilityTests.test_legal_usage_ledger_reloads_and_replays_after_restart) ... ok
test_model_candidate_cannot_change_subject_state_or_revision (test_p02_model_capability.P02ModelCapabilityTests.test_model_candidate_cannot_change_subject_state_or_revision) ... ok
test_multiple_local_rounds_have_independent_identity_and_one_usage_each (test_p02_model_capability.P02ModelCapabilityTests.test_multiple_local_rounds_have_independent_identity_and_one_usage_each) ... ok
test_network_failure_is_retryable_and_explicit_retry_executes_once (test_p02_model_capability.P02ModelCapabilityTests.test_network_failure_is_retryable_and_explicit_retry_executes_once) ... ok
test_not_executed_query_is_required_before_controlled_retry (test_p02_model_capability.P02ModelCapabilityTests.test_not_executed_query_is_required_before_controlled_retry) ... ok
test_partial_daily_budget_is_applied_to_provider_request_before_call (test_p02_model_capability.P02ModelCapabilityTests.test_partial_daily_budget_is_applied_to_provider_request_before_call) ... ok
test_profile_change_conflicts_with_existing_incomplete_execution (test_p02_model_capability.P02ModelCapabilityTests.test_profile_change_conflicts_with_existing_incomplete_execution) ... ok
test_provider_daily_overrun_is_audited_and_never_reaches_subject_chain (test_p02_model_capability.P02ModelCapabilityTests.test_provider_daily_overrun_is_audited_and_never_reaches_subject_chain) ... ok
test_provider_usage_above_requested_limit_is_audited_but_not_delivered (test_p02_model_capability.P02ModelCapabilityTests.test_provider_usage_above_requested_limit_is_audited_but_not_delivered) ... ok
test_same_request_identity_with_different_content_fails_closed (test_p02_model_capability.P02ModelCapabilityTests.test_same_request_identity_with_different_content_fails_closed) ... ok
test_success_persists_one_execution_usage_and_synthetic_credit (test_p02_model_capability.P02ModelCapabilityTests.test_success_persists_one_execution_usage_and_synthetic_credit) ... ok
test_success_uses_original_think_session_action_and_reply_composer (test_p02_model_capability.P02ModelCapabilityTests.test_success_uses_original_think_session_action_and_reply_composer) ... ok
test_timeout_and_unknown_query_first_never_blindly_retry (test_p02_model_capability.P02ModelCapabilityTests.test_timeout_and_unknown_query_first_never_blindly_retry) ... ok
test_timeout_with_inconclusive_query_cannot_blindly_retry (test_p02_model_capability.P02ModelCapabilityTests.test_timeout_with_inconclusive_query_cannot_blindly_retry) ... ok
test_unknown_disabled_and_fallback_profiles_fail_closed (test_p02_model_capability.P02ModelCapabilityTests.test_unknown_disabled_and_fallback_profiles_fail_closed) ... ok
test_unknown_query_still_unknown_remains_waiting (test_p02_model_capability.P02ModelCapabilityTests.test_unknown_query_still_unknown_remains_waiting) ... ok
test_unknown_recover_queries_and_resolves_original_attempt_once (test_p02_model_capability.P02ModelCapabilityTests.test_unknown_recover_queries_and_resolves_original_attempt_once) ... ok
test_usage_attempt_and_execution_reference_tampering_fails_closed (test_p02_model_capability.P02ModelCapabilityTests.test_usage_attempt_and_execution_reference_tampering_fails_closed) ... ok
test_usage_day_and_recorded_time_tampering_fails_closed (test_p02_model_capability.P02ModelCapabilityTests.test_usage_day_and_recorded_time_tampering_fails_closed) ... ok
test_usage_model_tampering_fails_closed (test_p02_model_capability.P02ModelCapabilityTests.test_usage_model_tampering_fails_closed) ... ok
test_usage_provider_tampering_fails_closed (test_p02_model_capability.P02ModelCapabilityTests.test_usage_provider_tampering_fails_closed) ... ok
test_usage_test_credit_tampering_fails_closed (test_p02_model_capability.P02ModelCapabilityTests.test_usage_test_credit_tampering_fails_closed) ... ok
test_usage_token_tampering_fails_closed (test_p02_model_capability.P02ModelCapabilityTests.test_usage_token_tampering_fails_closed) ... ok
test_e5_action_recovery_does_not_create_second_action (test_p02_model_recovery.P02ModelRecoveryTests.test_e5_action_recovery_does_not_create_second_action) ... ok
test_e5_completed_result_response_loss_recovery (test_p02_model_recovery.P02ModelRecoveryTests.test_e5_completed_result_response_loss_recovery) ... ok
test_e5_original_thinking_resume_recovery (test_p02_model_recovery.P02ModelRecoveryTests.test_e5_original_thinking_resume_recovery) ... ok
test_e5_result_persisted_checkpoint_recovery (test_p02_model_recovery.P02ModelRecoveryTests.test_e5_result_persisted_checkpoint_recovery) ... ok
test_recovery_after_ambiguous_query_resolution_checkpoint (test_p02_model_recovery.P02ModelRecoveryTests.test_recovery_after_ambiguous_query_resolution_checkpoint) ... ok
test_recovery_after_capability_result_before_e5_acceptance (test_p02_model_recovery.P02ModelRecoveryTests.test_recovery_after_capability_result_before_e5_acceptance) ... ok
test_recovery_after_delivery_checkpoint (test_p02_model_recovery.P02ModelRecoveryTests.test_recovery_after_delivery_checkpoint) ... ok
test_recovery_after_model_execution_reserved (test_p02_model_recovery.P02ModelRecoveryTests.test_recovery_after_model_execution_reserved) ... ok
test_recovery_after_provider_dispatch_reserved (test_p02_model_recovery.P02ModelRecoveryTests.test_recovery_after_provider_dispatch_reserved) ... ok
test_recovery_after_provider_fact_before_usage (test_p02_model_recovery.P02ModelRecoveryTests.test_recovery_after_provider_fact_before_usage) ... ok
test_recovery_after_usage_before_capability_result (test_p02_model_recovery.P02ModelRecoveryTests.test_recovery_after_usage_before_capability_result) ... ok
test_recovery_queries_provider_after_response_was_generated_but_not_recorded (test_p02_model_recovery.P02ModelRecoveryTests.test_recovery_queries_provider_after_response_was_generated_but_not_recorded) ... ok
test_response_loss_after_engine_completion_replays_original_result (test_p02_model_recovery.P02ModelRecoveryTests.test_response_loss_after_engine_completion_replays_original_result) ... ok
test_restart_can_continue_with_a_new_round (test_p02_model_recovery.P02ModelRecoveryTests.test_restart_can_continue_with_a_new_round) ... ok
test_complex_actions_require_planner_even_if_choice_claims_simple (test_p08_action_planning.P08ActionPlanningTests.test_complex_actions_require_planner_even_if_choice_claims_simple) ... ok
test_confirmation_requires_exact_request_binding (test_p08_action_planning.P08ActionPlanningTests.test_confirmation_requires_exact_request_binding) ... ok
test_cross_subject_environment_snapshot_revision_source_rejected (test_p08_action_planning.P08ActionPlanningTests.test_cross_subject_environment_snapshot_revision_source_rejected) ... ok
test_dependency_cycle_forward_duplicate_and_model_generate_rejected (test_p08_action_planning.P08ActionPlanningTests.test_dependency_cycle_forward_duplicate_and_model_generate_rejected) ... ok
test_different_step_result_misdelivery_rejected (test_p08_action_planning.P08ActionPlanningTests.test_different_step_result_misdelivery_rejected) ... ok
test_direct_actions_work_with_planner_disabled_without_plan (test_p08_action_planning.P08ActionPlanningTests.test_direct_actions_work_with_planner_disabled_without_plan) ... ok
test_domain_roundtrip_canonical_and_tampering (test_p08_action_planning.P08ActionPlanningTests.test_domain_roundtrip_canonical_and_tampering) ... ok
test_expired_choice_has_durable_terminal_and_no_effect (test_p08_action_planning.P08ActionPlanningTests.test_expired_choice_has_durable_terminal_and_no_effect) ... ok
test_failure_blocks_dependent_steps (test_p08_action_planning.P08ActionPlanningTests.test_failure_blocks_dependent_steps) ... ok
test_fake_adapter_rejects_repository_and_formal_roots (test_p08_action_planning.P08ActionPlanningTests.test_fake_adapter_rejects_repository_and_formal_roots) ... ok
test_forged_receipt_rejected_by_trusted_query (test_p08_action_planning.P08ActionPlanningTests.test_forged_receipt_rejected_by_trusted_query) ... ok
test_frozen_external_validator_rejects_internal_request_and_result (test_p08_action_planning.P08ActionPlanningTests.test_frozen_external_validator_rejects_internal_request_and_result) ... ok
test_golden_deterministic_replay_and_zero_underlying_writes (test_p08_action_planning.P08ActionPlanningTests.test_golden_deterministic_replay_and_zero_underlying_writes) ... ok
test_information_need_and_action_intent_use_same_planner_and_gates (test_p08_action_planning.P08ActionPlanningTests.test_information_need_and_action_intent_use_same_planner_and_gates) ... ok
test_internal_status_and_receipt_semantics_rejected (test_p08_action_planning.P08ActionPlanningTests.test_internal_status_and_receipt_semantics_rejected) ... ok
test_local_execution_never_uses_network_or_credentials (test_p08_action_planning.P08ActionPlanningTests.test_local_execution_never_uses_network_or_credentials) ... ok
test_observation_or_untrusted_decision_never_authorizes_action (test_p08_action_planning.P08ActionPlanningTests.test_observation_or_untrusted_decision_never_authorizes_action) ... ok
test_p06_failed_or_tampered_or_stale_context_rejected (test_p08_action_planning.P08ActionPlanningTests.test_p06_failed_or_tampered_or_stale_context_rejected) ... ok
test_permission_confirmation_resource_recovery_reality_gates_zero_effect (test_p08_action_planning.P08ActionPlanningTests.test_permission_confirmation_resource_recovery_reality_gates_zero_effect) ... ok
test_persistent_attempt_tampering_fails_closed (test_p08_action_planning.P08ActionPlanningTests.test_persistent_attempt_tampering_fails_closed) ... ok
test_planner_step_and_total_resource_limits (test_p08_action_planning.P08ActionPlanningTests.test_planner_step_and_total_resource_limits) ... ok
test_same_identity_different_input_conflicts_in_single_ledger (test_p08_action_planning.P08ActionPlanningTests.test_same_identity_different_input_conflicts_in_single_ledger) ... ok
test_unknown_capability_and_state_update_binding_are_not_fallbacks (test_p08_action_planning.P08ActionPlanningTests.test_unknown_capability_and_state_update_binding_are_not_fallbacks) ... ok
test_bypassed_domain_terminal_is_rechecked_at_coordinator_and_storage_append (test_p08_action_recovery.P08ActionRecoveryTests.test_bypassed_domain_terminal_is_rechecked_at_coordinator_and_storage_append) ... ok
test_context_change_between_steps_blocks_later_effect (test_p08_action_recovery.P08ActionRecoveryTests.test_context_change_between_steps_blocks_later_effect) ... ok
test_crash_matrix_keeps_single_effect_and_step_identity (test_p08_action_recovery.P08ActionRecoveryTests.test_crash_matrix_keeps_single_effect_and_step_identity) ... ok
test_effect_before_engine_receipt_crash_recovers_by_query_only (test_p08_action_recovery.P08ActionRecoveryTests.test_effect_before_engine_receipt_crash_recovers_by_query_only) ... ok
test_expired_choice_and_stale_context_still_recover_actual_success (test_p08_action_recovery.P08ActionRecoveryTests.test_expired_choice_and_stale_context_still_recover_actual_success) ... ok
test_expired_dependency_with_real_lookup_success_is_rejected_before_contact (test_p08_action_recovery.P08ActionRecoveryTests.test_expired_dependency_with_real_lookup_success_is_rejected_before_contact) ... ok
test_expired_unknown_invalid_query_and_query_exception_do_not_prove_nonexecution (test_p08_action_recovery.P08ActionRecoveryTests.test_expired_unknown_invalid_query_and_query_exception_do_not_prove_nonexecution) ... ok
test_expiry_append_checks_typed_nonexecution_not_caller_assertion (test_p08_action_recovery.P08ActionRecoveryTests.test_expiry_append_checks_typed_nonexecution_not_caller_assertion) ... ok
test_forged_persisted_success_cannot_release_dependent_action (test_p08_action_recovery.P08ActionRecoveryTests.test_forged_persisted_success_cannot_release_dependent_action) ... ok
test_historical_receipt_requires_independent_query_on_load_replay_and_append (test_p08_action_recovery.P08ActionRecoveryTests.test_historical_receipt_requires_independent_query_on_load_replay_and_append) ... ok
test_internal_result_status_evidence_matrix_and_roundtrip (test_p08_action_recovery.P08ActionRecoveryTests.test_internal_result_status_evidence_matrix_and_roundtrip) ... ok
test_invalid_terminal_shapes_rehashed_reload_fails_closed (test_p08_action_recovery.P08ActionRecoveryTests.test_invalid_terminal_shapes_rehashed_reload_fails_closed) ... ok
test_legal_expiry_requires_not_executed_and_replays_without_clock (test_p08_action_recovery.P08ActionRecoveryTests.test_legal_expiry_requires_not_executed_and_replays_without_clock) ... ok
test_legal_success_and_failure_receipts_restart_and_duplicate_exactly (test_p08_action_recovery.P08ActionRecoveryTests.test_legal_success_and_failure_receipts_restart_and_duplicate_exactly) ... ok
test_lost_response_preserves_unknown_history_then_resolves_once (test_p08_action_recovery.P08ActionRecoveryTests.test_lost_response_preserves_unknown_history_then_resolves_once) ... ok
test_model_wait_and_action_share_ledger_without_cross_resume (test_p08_action_recovery.P08ActionRecoveryTests.test_model_wait_and_action_share_ledger_without_cross_resume) ... ok
test_not_executed_requires_explicit_controlled_retry (test_p08_action_recovery.P08ActionRecoveryTests.test_not_executed_requires_explicit_controlled_retry) ... ok
test_old_completed_records_remain_exact_and_no_second_result (test_p08_action_recovery.P08ActionRecoveryTests.test_old_completed_records_remain_exact_and_no_second_result) ... ok
test_pending_action_cannot_switch_adapter_after_unconfirmed_effect (test_p08_action_recovery.P08ActionRecoveryTests.test_pending_action_cannot_switch_adapter_after_unconfirmed_effect) ... ok
test_persisted_expiry_cannot_replay_when_nonexecution_becomes_unverifiable_or_conflicted (test_p08_action_recovery.P08ActionRecoveryTests.test_persisted_expiry_cannot_replay_when_nonexecution_becomes_unverifiable_or_conflicted) ... ok
test_policy_drift_on_pending_request_fails_closed (test_p08_action_recovery.P08ActionRecoveryTests.test_policy_drift_on_pending_request_fails_closed) ... ok
test_receipt_recovery_does_not_authorize_next_step_through_other_gates (test_p08_action_recovery.P08ActionRecoveryTests.test_receipt_recovery_does_not_authorize_next_step_through_other_gates) ... ok
test_receiptless_terminal_failure_cannot_mask_lost_success_on_append (test_p08_action_recovery.P08ActionRecoveryTests.test_receiptless_terminal_failure_cannot_mask_lost_success_on_append) ... ok
test_rehashed_expired_terminal_cannot_hide_independent_success (test_p08_action_recovery.P08ActionRecoveryTests.test_rehashed_expired_terminal_cannot_hide_independent_success) ... ok
test_rehashed_persisted_receipt_field_drift_is_not_execution_proof (test_p08_action_recovery.P08ActionRecoveryTests.test_rehashed_persisted_receipt_field_drift_is_not_execution_proof) ... ok
test_repeat_result_does_not_append_attempt_or_credit (test_p08_action_recovery.P08ActionRecoveryTests.test_repeat_result_does_not_append_attempt_or_credit) ... ok
test_restart_completed_returns_exact_result_and_no_execution (test_p08_action_recovery.P08ActionRecoveryTests.test_restart_completed_returns_exact_result_and_no_execution) ... ok
test_stale_context_archives_first_effect_but_blocks_unexecuted_plan_step (test_p08_action_recovery.P08ActionRecoveryTests.test_stale_context_archives_first_effect_but_blocks_unexecuted_plan_step) ... ok
test_stale_context_not_executed_retry_and_new_request_are_blocked (test_p08_action_recovery.P08ActionRecoveryTests.test_stale_context_not_executed_retry_and_new_request_are_blocked) ... ok
test_stale_context_recovers_already_executed_receipt_without_new_authorization (test_p08_action_recovery.P08ActionRecoveryTests.test_stale_context_recovers_already_executed_receipt_without_new_authorization) ... ok
test_stale_context_terminal_replay_preserves_exact_history_without_clock_or_new_gates (test_p08_action_recovery.P08ActionRecoveryTests.test_stale_context_terminal_replay_preserves_exact_history_without_clock_or_new_gates) ... ok
test_stale_context_unknown_remains_query_only_even_with_retry (test_p08_action_recovery.P08ActionRecoveryTests.test_stale_context_unknown_remains_query_only_even_with_retry) ... ok
test_stale_recovery_keeps_choice_snapshot_producer_adapter_and_policy_binding (test_p08_action_recovery.P08ActionRecoveryTests.test_stale_recovery_keeps_choice_snapshot_producer_adapter_and_policy_binding) ... ok
test_terminal_replay_does_not_read_clock_or_reexecute (test_p08_action_recovery.P08ActionRecoveryTests.test_terminal_replay_does_not_read_clock_or_reexecute) ... ok
test_unknown_never_blindly_retries (test_p08_action_recovery.P08ActionRecoveryTests.test_unknown_never_blindly_retries) ... ok
test_cwd_repository_with_installed_fixture_rejected_without_writes (test_p08_fixture_paths.P08FixturePathTests.test_cwd_repository_with_installed_fixture_rejected_without_writes) ... ok
test_explicit_formal_and_protected_overlaps_rejected_without_writes (test_p08_fixture_paths.P08FixturePathTests.test_explicit_formal_and_protected_overlaps_rejected_without_writes) ... ok
test_formal_root_under_temp_repository_rejected_without_writes (test_p08_fixture_paths.P08FixturePathTests.test_formal_root_under_temp_repository_rejected_without_writes) ... ok
test_full_p08_fixture_checks_before_upstream_initialization (test_p08_fixture_paths.P08FixturePathTests.test_full_p08_fixture_checks_before_upstream_initialization) ... ok
test_legal_fixture_with_repository_outside_temp (test_p08_fixture_paths.P08FixturePathTests.test_legal_fixture_with_repository_outside_temp) ... ok
test_legal_sibling_temp_fixture_and_reopen_preserve_receipts (test_p08_fixture_paths.P08FixturePathTests.test_legal_sibling_temp_fixture_and_reopen_preserve_receipts) ... ok
test_other_repository_with_git_file_rejected_without_writes (test_p08_fixture_paths.P08FixturePathTests.test_other_repository_with_git_file_rejected_without_writes) ... ok
test_parent_of_existing_formal_root_rejected_without_writes (test_p08_fixture_paths.P08FixturePathTests.test_parent_of_existing_formal_root_rejected_without_writes) ... ok
test_real_windows_junction_rejected_without_writes (test_p08_fixture_paths.P08FixturePathTests.test_real_windows_junction_rejected_without_writes) ... ok
test_receipt_reparse_point_rejected_without_writes (test_p08_fixture_paths.P08FixturePathTests.test_receipt_reparse_point_rejected_without_writes) ... ok
test_reparse_component_rejected_without_writes (test_p08_fixture_paths.P08FixturePathTests.test_reparse_component_rejected_without_writes) ... ok
test_repository_ancestor_overlap_rejected_without_writes (test_p08_fixture_paths.P08FixturePathTests.test_repository_ancestor_overlap_rejected_without_writes) ... ok
test_repository_descendant_rejected_without_writes (test_p08_fixture_paths.P08FixturePathTests.test_repository_descendant_rejected_without_writes) ... ok
test_repository_outside_temp_rejected_without_writes (test_p08_fixture_paths.P08FixturePathTests.test_repository_outside_temp_rejected_without_writes) ... ok
test_repository_under_actual_temp_rejected_without_writes (test_p08_fixture_paths.P08FixturePathTests.test_repository_under_actual_temp_rejected_without_writes) ... ok
test_reserved_formal_data_roots_outside_repository_rejected_without_writes (test_p08_fixture_paths.P08FixturePathTests.test_reserved_formal_data_roots_outside_repository_rejected_without_writes) ... ok
test_symlink_component_rejected_without_writes (test_p08_fixture_paths.P08FixturePathTests.test_symlink_component_rejected_without_writes) ... skipped 'OS does not grant symlink creation: 1314'
test_temp_root_itself_rejected_without_writes (test_p08_fixture_paths.P08FixturePathTests.test_temp_root_itself_rejected_without_writes) ... ok
test_lowercase_alias_of_uppercase_directory_is_zero_write (test_p08_fixture_paths.P08ReservedDirectoryCaseTests.test_lowercase_alias_of_uppercase_directory_is_zero_write) ... ok
test_lowercase_directory_and_child_controls_are_zero_write (test_p08_fixture_paths.P08ReservedDirectoryCaseTests.test_lowercase_directory_and_child_controls_are_zero_write) ... ok
test_mixedcase_directory_child_follows_platform_semantics (test_p08_fixture_paths.P08ReservedDirectoryCaseTests.test_mixedcase_directory_child_follows_platform_semantics) ... ok
test_mixedcase_directory_itself_follows_platform_semantics (test_p08_fixture_paths.P08ReservedDirectoryCaseTests.test_mixedcase_directory_itself_follows_platform_semantics) ... ok
test_uppercase_directory_child_follows_platform_semantics (test_p08_fixture_paths.P08ReservedDirectoryCaseTests.test_uppercase_directory_child_follows_platform_semantics) ... ok
test_uppercase_directory_itself_follows_platform_semantics (test_p08_fixture_paths.P08ReservedDirectoryCaseTests.test_uppercase_directory_itself_follows_platform_semantics) ... ok
test_confirmation_recoverability_reality_and_resource_fail_closed (test_p09_boundaries.P09BoundaryTests.test_confirmation_recoverability_reality_and_resource_fail_closed) ... ok
test_cross_subject_and_environment_contexts_fail_closed (test_p09_boundaries.P09BoundaryTests.test_cross_subject_and_environment_contexts_fail_closed) ... ok
test_disabled_master_gate_never_calls_core_components (test_p09_boundaries.P09BoundaryTests.test_disabled_master_gate_never_calls_core_components) ... ok
test_emotion_persists_only_through_fixture_evolution_and_reads_do_not_write (test_p09_boundaries.P09BoundaryTests.test_emotion_persists_only_through_fixture_evolution_and_reads_do_not_write) ... ok
test_independent_router_and_composer_budgets_preserve_missing_notices (test_p09_boundaries.P09BoundaryTests.test_independent_router_and_composer_budgets_preserve_missing_notices) ... ok
test_insufficient_protected_context_budget_never_starts_thinking (test_p09_boundaries.P09BoundaryTests.test_insufficient_protected_context_budget_never_starts_thinking) ... ok
test_invalid_emotion_does_not_partially_commit_evolution (test_p09_boundaries.P09BoundaryTests.test_invalid_emotion_does_not_partially_commit_evolution) ... ok
test_memory_contradiction_action_and_emotion_subgates_do_no_component_work (test_p09_boundaries.P09BoundaryTests.test_memory_contradiction_action_and_emotion_subgates_do_no_component_work) ... ok
test_reference_permission_loss_blocks_thinking_and_new_execution (test_p09_boundaries.P09BoundaryTests.test_reference_permission_loss_blocks_thinking_and_new_execution) ... ok
test_snapshot_fails_closed_when_c1_component_is_missing_or_unmapped (test_p09_boundaries.P09BoundaryTests.test_snapshot_fails_closed_when_c1_component_is_missing_or_unmapped) ... ok
test_source_revision_and_hash_changes_invalidate_summary_and_context (test_p09_boundaries.P09BoundaryTests.test_source_revision_and_hash_changes_invalidate_summary_and_context) ... ok
test_source_revocation_invalidates_memory_even_without_raw_timeline_candidate (test_p09_boundaries.P09BoundaryTests.test_source_revocation_invalidates_memory_even_without_raw_timeline_candidate) ... ok
test_capability_model_input_contains_the_composed_context (test_p09_continuity_core.P09CoreTests.test_capability_model_input_contains_the_composed_context) ... ok
test_completed_c1_cannot_skip_receipt_verification_by_disabling_feature (test_p09_continuity_core.P09CoreTests.test_completed_c1_cannot_skip_receipt_verification_by_disabling_feature) ... ok
test_completed_request_restart_preserves_results_and_effect (test_p09_continuity_core.P09CoreTests.test_completed_request_restart_preserves_results_and_effect) ... ok
test_disabled_core_keeps_legacy_path_and_zero_component_reads (test_p09_continuity_core.P09CoreTests.test_disabled_core_keeps_legacy_path_and_zero_component_reads) ... ok
test_elapsed_emotion_is_deterministic_read_only_and_clock_rollback_safe (test_p09_continuity_core.P09CoreTests.test_elapsed_emotion_is_deterministic_read_only_and_clock_rollback_safe) ... ok
test_event_backlog_is_bounded_visible_and_drained_without_silent_loss (test_p09_continuity_core.P09CoreTests.test_event_backlog_is_bounded_visible_and_drained_without_silent_loss) ... ok
test_expired_context_stops_new_thinking_from_checkpoint (test_p09_continuity_core.P09CoreTests.test_expired_context_stops_new_thinking_from_checkpoint) ... ok
test_information_need_is_direct_and_complex_intent_uses_planner (test_p09_continuity_core.P09CoreTests.test_information_need_is_direct_and_complex_intent_uses_planner) ... ok
test_late_duplicate_out_of_order_events_reach_memory_and_context (test_p09_continuity_core.P09CoreTests.test_late_duplicate_out_of_order_events_reach_memory_and_context) ... ok
test_model_context_remains_usable_after_events_and_consolidation (test_p09_continuity_core.P09CoreTests.test_model_context_remains_usable_after_events_and_consolidation) ... ok
test_normal_engine_entry_passes_composition_to_thinking_and_direct (test_p09_continuity_core.P09CoreTests.test_normal_engine_entry_passes_composition_to_thinking_and_direct) ... ok
test_revocation_propagates_to_summary_and_old_context (test_p09_continuity_core.P09CoreTests.test_revocation_propagates_to_summary_and_old_context) ... ok
test_snapshot_covers_c1_persistence_and_branch_replays_without_effect (test_p09_continuity_core.P09CoreTests.test_snapshot_covers_c1_persistence_and_branch_replays_without_effect) ... ok
test_turning_action_gate_on_does_not_add_effect_to_completed_disabled_round (test_p09_continuity_core.P09CoreTests.test_turning_action_gate_on_does_not_add_effect_to_completed_disabled_round) ... ok
test_normal_chain_isolates_claims_trusted_resolution_never_advances_authority (test_p09_contradictions.P09ContradictionTests.test_normal_chain_isolates_claims_trusted_resolution_never_advances_authority) ... ok
test_repeated_summary_recall_never_promotes_authority (test_p09_contradictions.P09ContradictionTests.test_repeated_summary_recall_never_promotes_authority) ... ok
test_child_failure_evidence_survives_fixture_cleanup (test_p09_evidence_retention.P09EvidenceRetentionTests.test_child_failure_evidence_survives_fixture_cleanup) ... ok
test_distinct_failures_do_not_overwrite_first_evidence (test_p09_evidence_retention.P09EvidenceRetentionTests.test_distinct_failures_do_not_overwrite_first_evidence) ... ok
test_invalid_success_output_is_retained_as_parent_validation_failure (test_p09_evidence_retention.P09EvidenceRetentionTests.test_invalid_success_output_is_retained_as_parent_validation_failure) ... ok
test_later_failure_retains_prior_segment_and_never_starts_next (test_p09_evidence_retention.P09EvidenceRetentionTests.test_later_failure_retains_prior_segment_and_never_starts_next) ... ok
test_parent_interrupt_preserves_partial_streams_and_actual_exit_code (test_p09_evidence_retention.P09EvidenceRetentionTests.test_parent_interrupt_preserves_partial_streams_and_actual_exit_code) ... ok
test_saved_diagnostics_redact_secrets_without_copying_fixture_state (test_p09_evidence_retention.P09EvidenceRetentionTests.test_saved_diagnostics_redact_secrets_without_copying_fixture_state) ... ok
test_committed_fact_before_checkpoint_or_result_survives_expired_context (test_p09_evolution_review.P09RepairIndependentTests.test_committed_fact_before_checkpoint_or_result_survives_expired_context) ... ok
test_completed_result_and_thinking_evidence_cannot_disagree_with_fact (test_p09_evolution_review.P09RepairIndependentTests.test_completed_result_and_thinking_evidence_cannot_disagree_with_fact) ... ok
test_missing_checkpoint_cross_checks_every_original_fact_binding_on_all_routes (test_p09_evolution_review.P09RepairIndependentTests.test_missing_checkpoint_cross_checks_every_original_fact_binding_on_all_routes) ... ok
test_missing_evolution_checkpoint_cannot_skip_missing_original_fact_on_query (test_p09_evolution_review.P09RepairIndependentTests.test_missing_evolution_checkpoint_cannot_skip_missing_original_fact_on_query) ... ok
test_missing_evolution_checkpoint_cannot_skip_original_fact_validation (test_p09_evolution_review.P09RepairIndependentTests.test_missing_evolution_checkpoint_cannot_skip_original_fact_validation) ... ok
test_no_state_update_and_genuine_legacy_completion_keep_original_behavior (test_p09_evolution_review.P09RepairIndependentTests.test_no_state_update_and_genuine_legacy_completion_keep_original_behavior) ... ok
test_pre_binding_c1_records_still_require_original_state_fact (test_p09_evolution_review.P09RepairIndependentTests.test_pre_binding_c1_records_still_require_original_state_fact) ... ok
test_verified_fact_replays_read_only_without_checkpoint_after_expiry (test_p09_evolution_review.P09RepairIndependentTests.test_verified_fact_replays_read_only_without_checkpoint_after_expiry) ... ok
test_golden_is_repeatable_through_normal_app_without_transport (test_p09_long_run.P09LongRunTests.test_golden_is_repeatable_through_normal_app_without_transport) ... ok
test_thirty_logical_days_with_real_process_restarts_and_resource_invariants (test_p09_long_run.P09LongRunTests.test_thirty_logical_days_with_real_process_restarts_and_resource_invariants) ... ok
test_conflicting_adapter_receipt_blocks_completed_result_replay (test_p09_recovery.P09RecoveryTests.test_conflicting_adapter_receipt_blocks_completed_result_replay) ... ok
test_crashes_at_thinking_action_and_completion_checkpoints_do_not_duplicate (test_p09_recovery.P09RecoveryTests.test_crashes_at_thinking_action_and_completion_checkpoints_do_not_duplicate) ... ok
test_expired_context_never_retries_unexecuted_request (test_p09_recovery.P09RecoveryTests.test_expired_context_never_retries_unexecuted_request) ... ok
test_local_expiry_requires_nonexecution_and_cannot_hide_receipt_conflict (test_p09_recovery.P09RecoveryTests.test_local_expiry_requires_nonexecution_and_cannot_hide_receipt_conflict) ... ok
test_lost_action_response_recovers_after_expiry_and_permission_loss (test_p09_recovery.P09RecoveryTests.test_lost_action_response_recovers_after_expiry_and_permission_loss) ... ok
test_model_and_action_share_ledger_across_waiting_restart_and_result_loss (test_p09_recovery.P09RecoveryTests.test_model_and_action_share_ledger_across_waiting_restart_and_result_loss) ... ok
test_step_invalidation_retains_first_fact_and_blocks_next_step (test_p09_recovery.P09RecoveryTests.test_step_invalidation_retains_first_fact_and_blocks_next_step) ... ok
test_success_and_failure_replay_require_independent_receipts (test_p09_recovery.P09RecoveryTests.test_success_and_failure_replay_require_independent_receipts) ... ok
test_unknown_needs_explicit_retry_and_independent_nonexecution (test_p09_recovery.P09RecoveryTests.test_unknown_needs_explicit_retry_and_independent_nonexecution) ... ok
test_unknown_query_exception_and_string_cannot_authorize_execution (test_p09_recovery.P09RecoveryTests.test_unknown_query_exception_and_string_cannot_authorize_execution) ... ok
test_already_committed_state_recovers_after_expiry_control (test_p09_review_regressions.P09ReviewRegressionTests.test_already_committed_state_recovers_after_expiry_control) ... ok
test_checkpoint_context_removal_cannot_downgrade_c1_to_legacy_replay (test_p09_review_regressions.P09ReviewRegressionTests.test_checkpoint_context_removal_cannot_downgrade_c1_to_legacy_replay) ... ok
test_checkpoint_gate_flip_cannot_bypass_completed_receipt_verification (test_p09_review_regressions.P09ReviewRegressionTests.test_checkpoint_gate_flip_cannot_bypass_completed_receipt_verification) ... ok
test_committed_evolution_checkpoint_recovers_without_reauthorization_or_writes (test_p09_review_regressions.P09ReviewRegressionTests.test_committed_evolution_checkpoint_recovers_without_reauthorization_or_writes) ... ok
test_completed_state_replay_rejects_conflicting_evolution_binding (test_p09_review_regressions.P09ReviewRegressionTests.test_completed_state_replay_rejects_conflicting_evolution_binding) ... ok
test_consistently_disabled_inputs_cannot_hide_existing_e5_action (test_p09_review_regressions.P09ReviewRegressionTests.test_consistently_disabled_inputs_cannot_hide_existing_e5_action) ... ok
test_current_context_allows_legal_state_update_control (test_p09_review_regressions.P09ReviewRegressionTests.test_current_context_allows_legal_state_update_control) ... ok
test_expired_context_must_block_first_state_commit_after_thinking_crash (test_p09_review_regressions.P09ReviewRegressionTests.test_expired_context_must_block_first_state_commit_after_thinking_crash) ... ok
test_first_commit_rechecks_action_and_domain_recovery_checkpoints (test_p09_review_regressions.P09ReviewRegressionTests.test_first_commit_rechecks_action_and_domain_recovery_checkpoints) ... ok
test_first_commit_uses_current_action_permission_time_and_resources (test_p09_review_regressions.P09ReviewRegressionTests.test_first_commit_uses_current_action_permission_time_and_resources) ... ok
test_journal_binding_checks_deserialization_loading_submit_and_query (test_p09_review_regressions.P09ReviewRegressionTests.test_journal_binding_checks_deserialization_loading_submit_and_query) ... ok
test_missing_context_before_thinking_cannot_downgrade_to_legacy (test_p09_review_regressions.P09ReviewRegressionTests.test_missing_context_before_thinking_cannot_downgrade_to_legacy) ... ok
test_pre_binding_c1_and_real_legacy_disabled_records_remain_compatible (test_p09_review_regressions.P09ReviewRegressionTests.test_pre_binding_c1_and_real_legacy_disabled_records_remain_compatible) ... ok
test_rehashed_journal_cannot_override_original_thinking_input (test_p09_review_regressions.P09ReviewRegressionTests.test_rehashed_journal_cannot_override_original_thinking_input) ... ok
test_revoked_reference_must_block_first_state_commit_after_thinking_crash (test_p09_review_regressions.P09ReviewRegressionTests.test_revoked_reference_must_block_first_state_commit_after_thinking_crash) ... ok
test_thinking_binding_rejects_removed_context_or_snapshot (test_p09_review_regressions.P09ReviewRegressionTests.test_thinking_binding_rejects_removed_context_or_snapshot) ... ok
test_composer_exact_old_reference_blocked_after_archive (test_p12_memory_integration.ContextAndLineageTests.test_composer_exact_old_reference_blocked_after_archive) ... ok
test_invalid_source_after_real_revocation_cannot_restore (test_p12_memory_integration.ContextAndLineageTests.test_invalid_source_after_real_revocation_cannot_restore) ... ok
test_new_alias_cannot_bypass_inactive_or_archived_state (test_p12_memory_integration.ContextAndLineageTests.test_new_alias_cannot_bypass_inactive_or_archived_state) ... ok
test_normal_timeline_material_honors_weight_without_rewriting_event (test_p12_memory_integration.ContextAndLineageTests.test_normal_timeline_material_honors_weight_without_rewriting_event) ... ok
test_old_reference_stays_stale_after_restore (test_p12_memory_integration.ContextAndLineageTests.test_old_reference_stays_stale_after_restore) ... ok
test_old_summary_reference_rejected_and_rebuild_keeps_downweight (test_p12_memory_integration.ContextAndLineageTests.test_old_summary_reference_rejected_and_rebuild_keeps_downweight) ... ok
test_parent_restore_cannot_reactivate_old_child_version (test_p12_memory_integration.ContextAndLineageTests.test_parent_restore_cannot_reactivate_old_child_version) ... ok
test_partial_root_merge_retains_source_bindings_and_new_evidence (test_p12_memory_integration.ContextAndLineageTests.test_partial_root_merge_retains_source_bindings_and_new_evidence) ... ok
test_reconsolidation_cannot_recreate_deleted_evidence_under_new_identity (test_p12_memory_integration.ContextAndLineageTests.test_reconsolidation_cannot_recreate_deleted_evidence_under_new_identity) ... ok
test_router_excludes_archived_and_revalidates_old_candidate (test_p12_memory_integration.ContextAndLineageTests.test_router_excludes_archived_and_revalidates_old_candidate) ... ok
test_router_weight_changes_actual_candidate_relevance (test_p12_memory_integration.ContextAndLineageTests.test_router_weight_changes_actual_candidate_relevance) ... ok
test_transitive_child_and_summary_disabled_by_parent (test_p12_memory_integration.ContextAndLineageTests.test_transitive_child_and_summary_disabled_by_parent) ... ok
test_disabled_memory_entry_has_zero_component_reads (test_p12_memory_integration.CoreLifecycleTests.test_disabled_memory_entry_has_zero_component_reads) ... ok
test_normal_context_before_after_and_no_memory_resurrection (test_p12_memory_integration.CoreLifecycleTests.test_normal_context_before_after_and_no_memory_resurrection) ... ok
test_thirty_days_bounded_normal_entry_and_restart_invariants (test_p12_memory_integration.CoreLifecycleTests.test_thirty_days_bounded_normal_entry_and_restart_invariants) ... ok
test_deleted_consolidation_replay_cannot_return_active_material (test_p12_memory_integration.ExistingUseRegressions.test_deleted_consolidation_replay_cannot_return_active_material) ... ok
test_pending_learning_rechecks_revoked_memory_support (test_p12_memory_integration.ExistingUseRegressions.test_pending_learning_rechecks_revoked_memory_support) ... ok
test_iterable_roots_retained_without_double_consumption (test_p12_memory_integration.MemoryLearningTests.test_iterable_roots_retained_without_double_consumption) ... ok
test_missing_bound_memory_never_falls_back_to_legacy (test_p12_memory_integration.MemoryLearningTests.test_missing_bound_memory_never_falls_back_to_legacy) ... ok
test_pending_support_rejects_archive_and_old_version_after_restore (test_p12_memory_integration.MemoryLearningTests.test_pending_support_rejects_archive_and_old_version_after_restore) ... ok
test_pending_support_rejects_downweight_and_zero_learning_write (test_p12_memory_integration.MemoryLearningTests.test_pending_support_rejects_downweight_and_zero_learning_write) ... ok
test_valid_memory_learning_preserves_confidence_policy_and_evolution_boundary (test_p12_memory_integration.MemoryLearningTests.test_valid_memory_learning_preserves_confidence_policy_and_evolution_boundary) ... ok
test_valid_memory_learning_restart_can_solidify (test_p12_memory_integration.MemoryLearningTests.test_valid_memory_learning_restart_can_solidify) ... ok
test_link_components_rejected_without_writes (test_p12_memory_lifecycle.FixtureIsolationTests.test_link_components_rejected_without_writes) ... ok
test_protected_names_case_variants_self_and_children_zero_write (test_p12_memory_lifecycle.FixtureIsolationTests.test_protected_names_case_variants_self_and_children_zero_write) ... ok
test_repository_overlap_in_temp_rejected_before_writes (test_p12_memory_lifecycle.FixtureIsolationTests.test_repository_overlap_in_temp_rejected_before_writes) ... ok
test_actual_fresh_process_recovers_deleted_receipt_without_write (test_p12_memory_lifecycle.LifecycleTests.test_actual_fresh_process_recovers_deleted_receipt_without_write) ... ok
test_archive_delete_keep_event_and_subject_state_bytes (test_p12_memory_lifecycle.LifecycleTests.test_archive_delete_keep_event_and_subject_state_bytes) ... ok
test_atomic_replace_failure_preserves_document_and_no_receipt (test_p12_memory_lifecycle.LifecycleTests.test_atomic_replace_failure_preserves_document_and_no_receipt) ... ok
test_authorized_trace_is_read_only_and_no_body (test_p12_memory_lifecycle.LifecycleTests.test_authorized_trace_is_read_only_and_no_body) ... ok
test_command_identity_conflict_no_write (test_p12_memory_lifecycle.LifecycleTests.test_command_identity_conflict_no_write) ... ok
test_concurrent_conflicting_commands_one_winner (test_p12_memory_lifecycle.LifecycleTests.test_concurrent_conflicting_commands_one_winner) ... ok
test_concurrent_duplicate_single_revision (test_p12_memory_lifecycle.LifecycleTests.test_concurrent_duplicate_single_revision) ... ok
test_confirmation_binds_entire_command (test_p12_memory_lifecycle.LifecycleTests.test_confirmation_binds_entire_command) ... ok
test_current_permission_revocation_denied (test_p12_memory_lifecycle.LifecycleTests.test_current_permission_revocation_denied) ... ok
test_decay_clock_rollback_rejected (test_p12_memory_lifecycle.LifecycleTests.test_decay_clock_rollback_rejected) ... ok
test_delete_replay_returns_tombstone_without_writes (test_p12_memory_lifecycle.LifecycleTests.test_delete_replay_returns_tombstone_without_writes) ... ok
test_deleted_cannot_restore_after_restart (test_p12_memory_lifecycle.LifecycleTests.test_deleted_cannot_restore_after_restart) ... ok
test_downweight_affects_actual_retrieval_score (test_p12_memory_lifecycle.LifecycleTests.test_downweight_affects_actual_retrieval_score) ... ok
test_duplicate_command_replays_exactly_without_revision_increment (test_p12_memory_lifecycle.LifecycleTests.test_duplicate_command_replays_exactly_without_revision_increment) ... ok
test_elapsed_decay_repeat_same_time_does_not_compound (test_p12_memory_lifecycle.LifecycleTests.test_elapsed_decay_repeat_same_time_does_not_compound) ... ok
test_expiry_boundary_and_future_time_rejected (test_p12_memory_lifecycle.LifecycleTests.test_expiry_boundary_and_future_time_rejected) ... ok
test_expiry_rechecked_after_confirmation_callback (test_p12_memory_lifecycle.LifecycleTests.test_expiry_rechecked_after_confirmation_callback) ... ok
test_hash_mismatch_rejected (test_p12_memory_lifecycle.LifecycleTests.test_hash_mismatch_rejected) ... ok
test_history_recall_requires_current_permission (test_p12_memory_lifecycle.LifecycleTests.test_history_recall_requires_current_permission) ... ok
test_inactive_and_archived_exit_ordinary_retrieval (test_p12_memory_lifecycle.LifecycleTests.test_inactive_and_archived_exit_ordinary_retrieval) ... ok
test_invalid_decay_policy_not_defaulted (test_p12_memory_lifecycle.LifecycleTests.test_invalid_decay_policy_not_defaulted) ... ok
test_legacy_archive_temperature_maps_without_write (test_p12_memory_lifecycle.LifecycleTests.test_legacy_archive_temperature_maps_without_write) ... ok
test_legacy_roundtrip_hash_and_no_lifecycle_fields (test_p12_memory_lifecycle.LifecycleTests.test_legacy_roundtrip_hash_and_no_lifecycle_fields) ... ok
test_legal_sequence_archive_restore_delete (test_p12_memory_lifecycle.LifecycleTests.test_legal_sequence_archive_restore_delete) ... ok
test_lifecycle_is_distinct_from_temperature_and_fact_validity (test_p12_memory_lifecycle.LifecycleTests.test_lifecycle_is_distinct_from_temperature_and_fact_validity) ... ok
test_missing_confirmation_denied (test_p12_memory_lifecycle.LifecycleTests.test_missing_confirmation_denied) ... ok
test_old_archive_replay_after_delete_never_restores (test_p12_memory_lifecycle.LifecycleTests.test_old_archive_replay_after_delete_never_restores) ... ok
test_permission_rechecked_after_confirmation_callback (test_p12_memory_lifecycle.LifecycleTests.test_permission_rechecked_after_confirmation_callback) ... ok
test_permission_revision_change_denied (test_p12_memory_lifecycle.LifecycleTests.test_permission_revision_change_denied) ... ok
test_permission_scope_denied (test_p12_memory_lifecycle.LifecycleTests.test_permission_scope_denied) ... ok
test_production_delete_not_ready_without_read_or_write (test_p12_memory_lifecycle.LifecycleTests.test_production_delete_not_ready_without_read_or_write) ... ok
test_raw_save_cannot_resurrect_deleted (test_p12_memory_lifecycle.LifecycleTests.test_raw_save_cannot_resurrect_deleted) ... ok
test_repeated_deactivate_new_identity_rejected (test_p12_memory_lifecycle.LifecycleTests.test_repeated_deactivate_new_identity_rejected) ... ok
test_restart_after_saved_result_replays_once (test_p12_memory_lifecycle.LifecycleTests.test_restart_after_saved_result_replays_once) ... ok
test_restore_active_rejected_zero_writes (test_p12_memory_lifecycle.LifecycleTests.test_restore_active_rejected_zero_writes) ... ok
test_restore_invalid_source_denied (test_p12_memory_lifecycle.LifecycleTests.test_restore_invalid_source_denied) ... ok
test_restore_resets_explicit_use_weight_and_preserves_history (test_p12_memory_lifecycle.LifecycleTests.test_restore_resets_explicit_use_weight_and_preserves_history) ... ok
test_restore_source_hash_drift_denied (test_p12_memory_lifecycle.LifecycleTests.test_restore_source_hash_drift_denied) ... ok
test_seven_day_golden_actual_recall_difference_and_delete_replay (test_p12_memory_lifecycle.LifecycleTests.test_seven_day_golden_actual_recall_difference_and_delete_replay) ... ok
test_stale_version_rejected (test_p12_memory_lifecycle.LifecycleTests.test_stale_version_rejected) ... ok
test_strong_history_recall_is_bounded_and_never_restores (test_p12_memory_lifecycle.LifecycleTests.test_strong_history_recall_is_bounded_and_never_restores) ... ok
test_summary_invalidated_atomically_then_rebuilt_only_after_restore (test_p12_memory_lifecycle.LifecycleTests.test_summary_invalidated_atomically_then_rebuilt_only_after_restore) ... ok
test_tampered_lifecycle_binding_fails_closed_even_with_document_hash (test_p12_memory_lifecycle.LifecycleTests.test_tampered_lifecycle_binding_fails_closed_even_with_document_hash) ... ok
test_wrong_subject_and_environment_before_repository_read (test_p12_memory_lifecycle.LifecycleTests.test_wrong_subject_and_environment_before_repository_read) ... ok
test_zero_weight_excluded_without_becoming_deleted (test_p12_memory_lifecycle.LifecycleTests.test_zero_weight_excluded_without_becoming_deleted) ... ok
test_confirmation_reentry_does_not_overwrite_another_successful_command (test_p12_memory_review_regressions.P12IndependentProbes.test_confirmation_reentry_does_not_overwrite_another_successful_command) ... ok
test_consolidation_race_cannot_return_fresh_active_material_after_archive (test_p12_memory_review_regressions.P12IndependentProbes.test_consolidation_race_cannot_return_fresh_active_material_after_archive) ... ok
test_control_approved_restore_and_deleted_recovery_rejection (test_p12_memory_review_regressions.P12IndependentProbes.test_control_approved_restore_and_deleted_recovery_rejection) ... ok
test_control_current_authorized_history_recall_still_works (test_p12_memory_review_regressions.P12IndependentProbes.test_control_current_authorized_history_recall_still_works) ... ok
test_control_new_independent_evidence_still_creates_memory (test_p12_memory_review_regressions.P12IndependentProbes.test_control_new_independent_evidence_still_creates_memory) ... ok
test_history_recall_does_not_return_body_deleted_during_lookup (test_p12_memory_review_regressions.P12IndependentProbes.test_history_recall_does_not_return_body_deleted_during_lookup) ... ok
test_history_recall_rechecks_permission_after_source_port (test_p12_memory_review_regressions.P12IndependentProbes.test_history_recall_rechecks_permission_after_source_port) ... ok
test_new_derived_memory_cannot_restore_downweighted_root_influence (test_p12_memory_review_regressions.P12IndependentProbes.test_new_derived_memory_cannot_restore_downweighted_root_influence) ... ok
test_unbound_successor_cannot_drop_lifecycle_and_restore_archived_memory (test_p12_memory_review_regressions.P12IndependentProbes.test_unbound_successor_cannot_drop_lifecycle_and_restore_archived_memory) ... ok
test_r1_later_candidate_deletes_earlier_match_no_body (test_p12_memory_review_regressions.P12ReviewInterleavingTests.test_r1_later_candidate_deletes_earlier_match_no_body) ... ok
test_r1_legal_history_reopen_zero_write (test_p12_memory_review_regressions.P12ReviewInterleavingTests.test_r1_legal_history_reopen_zero_write) ... ok
test_r1_restore_during_lookup_rejects_old_version (test_p12_memory_review_regressions.P12ReviewInterleavingTests.test_r1_restore_during_lookup_rejects_old_version) ... ok
test_r1_source_binding_changed_between_checks_zero_write (test_p12_memory_review_regressions.P12ReviewInterleavingTests.test_r1_source_binding_changed_between_checks_zero_write) ... ok
test_r2_each_missing_field_rejected_at_save_zero_write (test_p12_memory_review_regressions.P12ReviewInterleavingTests.test_r2_each_missing_field_rejected_at_save_zero_write) ... ok
test_r2_governed_ordinary_successor_preserves_archive (test_p12_memory_review_regressions.P12ReviewInterleavingTests.test_r2_governed_ordinary_successor_preserves_archive) ... ok
test_r2_hash_consistent_downgrade_rejected_on_load_zero_write (test_p12_memory_review_regressions.P12ReviewInterleavingTests.test_r2_hash_consistent_downgrade_rejected_on_load_zero_write) ... ok
test_r2_legacy_successor_retains_missing_fields_and_hash (test_p12_memory_review_regressions.P12ReviewInterleavingTests.test_r2_legacy_successor_retains_missing_fields_and_hash) ... ok
test_r3_same_target_nested_fact_survives_outer_rejection (test_p12_memory_review_regressions.P12ReviewInterleavingTests.test_r3_same_target_nested_fact_survives_outer_rejection) ... ok
test_r3_source_callback_nested_other_commit_survives_and_outer_retry (test_p12_memory_review_regressions.P12ReviewInterleavingTests.test_r3_source_callback_nested_other_commit_survives_and_outer_retry) ... ok
test_r4_after_commit_archive_blocks_body_but_preserves_true_operation (test_p12_memory_review_regressions.P12ReviewInterleavingTests.test_r4_after_commit_archive_blocks_body_but_preserves_true_operation) ... ok
test_r4_first_alias_archive_interleaving_does_not_append_operation (test_p12_memory_review_regressions.P12ReviewInterleavingTests.test_r4_first_alias_archive_interleaving_does_not_append_operation) ... ok
test_r4_legal_new_alias_and_exact_replay_remain_compatible (test_p12_memory_review_regressions.P12ReviewInterleavingTests.test_r4_legal_new_alias_and_exact_replay_remain_compatible) ... ok
test_r5_composer_summary_and_legacy_retriever_use_current_ceiling (test_p12_memory_review_regressions.P12ReviewInterleavingTests.test_r5_composer_summary_and_legacy_retriever_use_current_ceiling) ... ok
test_r5_raw_root_new_scope_and_transitive_chain_retain_ceiling_after_restart (test_p12_memory_review_regressions.P12ReviewInterleavingTests.test_r5_raw_root_new_scope_and_transitive_chain_retain_ceiling_after_restart) ... ok
test_r5_same_root_alias_before_downweight_revalidated_without_hash_rewrite (test_p12_memory_review_regressions.P12ReviewInterleavingTests.test_r5_same_root_alias_before_downweight_revalidated_without_hash_rewrite) ... ok
test_existing_alias_cannot_bypass_archive (test_p12_memory_second_review.P12ExistingAliasProbes.test_existing_alias_cannot_bypass_archive) ... ok
test_existing_alias_cannot_bypass_deactivation (test_p12_memory_second_review.P12ExistingAliasProbes.test_existing_alias_cannot_bypass_deactivation) ... ok
test_existing_alias_cannot_bypass_logical_delete (test_p12_memory_second_review.P12ExistingAliasProbes.test_existing_alias_cannot_bypass_logical_delete) ... ok
test_positive_explicit_restore_reopens_existing_alias (test_p12_memory_second_review.P12ExistingAliasProbes.test_positive_explicit_restore_reopens_existing_alias) ... ok
test_positive_nonzero_downweight_is_inherited (test_p12_memory_second_review.P12ExistingAliasProbes.test_positive_nonzero_downweight_is_inherited) ... ok
test_positive_untouched_alias_is_legitimately_selected (test_p12_memory_second_review.P12ExistingAliasProbes.test_positive_untouched_alias_is_legitimately_selected) ... ok
test_zero_weight_alias_cannot_be_selected_by_legacy_service (test_p12_memory_second_review.P12ExistingAliasProbes.test_zero_weight_alias_cannot_be_selected_by_legacy_service) ... ok
test_archive_blocks_alias_summary_exact_and_old_windows (test_p12_memory_second_review.SameRootConsumptionTests.test_archive_blocks_alias_summary_exact_and_old_windows) ... ok
test_authorized_archived_history_and_event_audit_remain_read_only (test_p12_memory_second_review.SameRootConsumptionTests.test_authorized_archived_history_and_event_audit_remain_read_only) ... ok
test_deactivate_blocks_alias_summary_exact_and_old_windows (test_p12_memory_second_review.SameRootConsumptionTests.test_deactivate_blocks_alias_summary_exact_and_old_windows) ... ok
test_delete_blocks_alias_summary_exact_and_old_windows (test_p12_memory_second_review.SameRootConsumptionTests.test_delete_blocks_alias_summary_exact_and_old_windows) ... ok
test_deleted_root_cannot_leak_through_archived_alias_history_or_restore (test_p12_memory_second_review.SameRootConsumptionTests.test_deleted_root_cannot_leak_through_archived_alias_history_or_restore) ... ok
test_lifecycle_restriction_does_not_block_new_independent_root (test_p12_memory_second_review.SameRootConsumptionTests.test_lifecycle_restriction_does_not_block_new_independent_root) ... ok
test_new_alias_after_governance_is_rejected_without_writes (test_p12_memory_second_review.SameRootConsumptionTests.test_new_alias_after_governance_is_rejected_without_writes) ... ok
test_normal_c1_rejects_old_context_and_excludes_existing_alias_after_restart (test_p12_memory_second_review.SameRootConsumptionTests.test_normal_c1_rejects_old_context_and_excludes_existing_alias_after_restart) ... ok
test_restoring_original_does_not_rebind_old_explicit_child (test_p12_memory_second_review.SameRootConsumptionTests.test_restoring_original_does_not_rebind_old_explicit_child) ... ok
test_summary_stays_invalid_after_restore_until_explicit_rebuild (test_p12_memory_second_review.SameRootConsumptionTests.test_summary_stays_invalid_after_restore_until_explicit_rebuild) ... ok
test_true_legacy_archive_temperature_enumeration_remains_compatible (test_p12_memory_second_review.SameRootConsumptionTests.test_true_legacy_archive_temperature_enumeration_remains_compatible) ... ok
test_zero_weight_is_filtered_at_retriever_not_by_changing_zero_threshold (test_p12_memory_second_review.SameRootConsumptionTests.test_zero_weight_is_filtered_at_retriever_not_by_changing_zero_threshold) ... ok
test_memory_window_weight_drift_without_identity_or_order_change (test_p12_memory_weight_windows.WeightWindowProbes.test_memory_window_weight_drift_without_identity_or_order_change) ... ok
test_summary_window_weight_drift_without_identity_or_order_change (test_p12_memory_weight_windows.WeightWindowProbes.test_summary_window_weight_drift_without_identity_or_order_change) ... ok
test_aggregate_does_not_corroborate_itself_again (test_pre_p12_r05_r06_followup.LearningConfidenceTests.test_aggregate_does_not_corroborate_itself_again) ... ok
test_current_target_confidence_reduction_is_respected (test_pre_p12_r05_r06_followup.LearningConfidenceTests.test_current_target_confidence_reduction_is_respected) ... ok
test_explicit_confirmation_still_required (test_pre_p12_r05_r06_followup.LearningConfidenceTests.test_explicit_confirmation_still_required) ... ok
test_high_own_confidence_cannot_replace_rejected_support (test_pre_p12_r05_r06_followup.LearningConfidenceTests.test_high_own_confidence_cannot_replace_rejected_support) ... ok
test_high_own_confidence_retains_existing_policy_with_weaker_support (test_pre_p12_r05_r06_followup.LearningConfidenceTests.test_high_own_confidence_retains_existing_policy_with_weaker_support) ... ok
test_high_own_confidence_still_rechecks_support_and_roots (test_pre_p12_r05_r06_followup.LearningConfidenceTests.test_high_own_confidence_still_rechecks_support_and_roots) ... ok
test_insufficient_current_confidence_rejects_without_writes (test_pre_p12_r05_r06_followup.LearningConfidenceTests.test_insufficient_current_confidence_rejects_without_writes) ... ok
test_unchanged_high_target_validation_can_immediately_solidify (test_pre_p12_r05_r06_followup.LearningConfidenceTests.test_unchanged_high_target_validation_can_immediately_solidify) ... ok
test_unchanged_high_target_validation_survives_restart (test_pre_p12_r05_r06_followup.LearningConfidenceTests.test_unchanged_high_target_validation_survives_restart) ... ok
test_weaker_but_sufficient_current_support_is_saved (test_pre_p12_r05_r06_followup.LearningConfidenceTests.test_weaker_but_sufficient_current_support_is_saved) ... ok
test_concurrent_allowed_duplicate_charges_once_then_settles (test_pre_p12_r05_r06_followup.ResourceTransactionTests.test_concurrent_allowed_duplicate_charges_once_then_settles) ... ok
test_concurrent_allowed_then_conflicting_denial_preserves_first_result (test_pre_p12_r05_r06_followup.ResourceTransactionTests.test_concurrent_allowed_then_conflicting_denial_preserves_first_result) ... ok
test_concurrent_denied_duplicate_preserves_first_result (test_pre_p12_r05_r06_followup.ResourceTransactionTests.test_concurrent_denied_duplicate_preserves_first_result) ... ok
test_concurrent_denied_then_conflicting_allowance_preserves_first_result (test_pre_p12_r05_r06_followup.ResourceTransactionTests.test_concurrent_denied_then_conflicting_allowance_preserves_first_result) ... ok
test_concurrent_new_request_cannot_deny_an_allocated_session (test_pre_p12_r05_r06_followup.ResourceTransactionTests.test_concurrent_new_request_cannot_deny_an_allocated_session) ... ok
test_denials_allow_new_identity_then_allocation_and_settlement (test_pre_p12_r05_r06_followup.ResourceTransactionTests.test_denials_allow_new_identity_then_allocation_and_settlement) ... ok
test_concurrent_events_are_not_silently_lost (test_pre_p12_repairs.PreP12RegressionTests.test_concurrent_events_are_not_silently_lost) ... ok
test_concurrent_mutations_preserve_revision_conflict (test_pre_p12_repairs.PreP12RegressionTests.test_concurrent_mutations_preserve_revision_conflict) ... ok
test_concurrent_same_event_is_persisted_once (test_pre_p12_repairs.PreP12RegressionTests.test_concurrent_same_event_is_persisted_once) ... ok
test_control_memory_disjoint_roots_merge (test_pre_p12_repairs.PreP12RegressionTests.test_control_memory_disjoint_roots_merge) ... ok
test_control_real_restriction_removes_capability (test_pre_p12_repairs.PreP12RegressionTests.test_control_real_restriction_removes_capability) ... ok
test_control_resource_once_reconciles (test_pre_p12_repairs.PreP12RegressionTests.test_control_resource_once_reconciles) ... ok
test_control_scheduler_unknown_allows_immediate_next_tick (test_pre_p12_repairs.PreP12RegressionTests.test_control_scheduler_unknown_allows_immediate_next_tick) ... ok
test_control_sequential_events_preserved (test_pre_p12_repairs.PreP12RegressionTests.test_control_sequential_events_preserved) ... ok
test_learning_confirmation_gate_remains_before_writes (test_pre_p12_repairs.PreP12RegressionTests.test_learning_confirmation_gate_remains_before_writes) ... ok
test_learning_current_sufficient_confidence_is_not_overstated (test_pre_p12_repairs.PreP12RegressionTests.test_learning_current_sufficient_confidence_is_not_overstated) ... ok
test_learning_rechecks_rejected_support_before_solidifying (test_pre_p12_repairs.PreP12RegressionTests.test_learning_rechecks_rejected_support_before_solidifying) ... ok
test_learning_reduced_support_confidence_cannot_reuse_old_validation (test_pre_p12_repairs.PreP12RegressionTests.test_learning_reduced_support_confidence_cannot_reuse_old_validation) ... ok
test_learning_support_root_overlap_and_count_are_rechecked (test_pre_p12_repairs.PreP12RegressionTests.test_learning_support_root_overlap_and_count_are_rechecked) ... ok
test_learning_valid_support_survives_restart_and_requires_explicit_evolution (test_pre_p12_repairs.PreP12RegressionTests.test_learning_valid_support_survives_restart_and_requires_explicit_evolution) ... ok
test_memory_full_duplicate_does_not_increase_roots_or_confidence (test_pre_p12_repairs.PreP12RegressionTests.test_memory_full_duplicate_does_not_increase_roots_or_confidence) ... ok
test_memory_partial_alias_uses_previous_revision_and_new_direct_evidence (test_pre_p12_repairs.PreP12RegressionTests.test_memory_partial_alias_uses_previous_revision_and_new_direct_evidence) ... ok
test_memory_partial_overlap_preserves_history_provenance_and_conflict_rejection (test_pre_p12_repairs.PreP12RegressionTests.test_memory_partial_overlap_preserves_history_provenance_and_conflict_rejection) ... ok
test_memory_partial_overlap_preserves_new_evidence (test_pre_p12_repairs.PreP12RegressionTests.test_memory_partial_overlap_preserves_new_evidence) ... ok
test_model_executed_fact_recovers_at_zero_current_budget_without_execute (test_pre_p12_repairs.PreP12RegressionTests.test_model_executed_fact_recovers_at_zero_current_budget_without_execute) ... ok
test_model_positive_reserved_budget_is_rechecked_after_another_request_consumes_it (test_pre_p12_repairs.PreP12RegressionTests.test_model_positive_reserved_budget_is_rechecked_after_another_request_consumes_it) ... ok
test_model_unknown_at_budget_gate_never_authorizes_execute (test_pre_p12_repairs.PreP12RegressionTests.test_model_unknown_at_budget_gate_never_authorizes_execute) ... ok
test_model_zero_budget_still_blocks_execute_after_crash (test_pre_p12_repairs.PreP12RegressionTests.test_model_zero_budget_still_blocks_execute_after_crash) ... ok
test_permission_capability_only_escalation_is_rejected_without_write (test_pre_p12_repairs.PreP12RegressionTests.test_permission_capability_only_escalation_is_rejected_without_write) ... ok
test_permission_expiry_cannot_be_reactivated_by_restrict_but_explicit_grant_works (test_pre_p12_repairs.PreP12RegressionTests.test_permission_expiry_cannot_be_reactivated_by_restrict_but_explicit_grant_works) ... ok
test_permission_wildcard_scope_containment_and_zero_write_rejection (test_pre_p12_repairs.PreP12RegressionTests.test_permission_wildcard_scope_containment_and_zero_write_rejection) ... ok
test_repeated_resource_request_remains_reconcilable (test_pre_p12_repairs.PreP12RegressionTests.test_repeated_resource_request_remains_reconcilable) ... ok
test_resource_denied_request_may_use_new_identity_when_resources_become_available (test_pre_p12_repairs.PreP12RegressionTests.test_resource_denied_request_may_use_new_identity_when_resources_become_available) ... ok
test_resource_duplicate_and_conflict_reject_after_restart_then_settle (test_pre_p12_repairs.PreP12RegressionTests.test_resource_duplicate_and_conflict_reject_after_restart_then_settle) ... ok
test_restriction_does_not_expand_capabilities (test_pre_p12_repairs.PreP12RegressionTests.test_restriction_does_not_expand_capabilities) ... ok
test_restriction_does_not_reactivate_revoked_permission (test_pre_p12_repairs.PreP12RegressionTests.test_restriction_does_not_reactivate_revoked_permission) ... ok
test_scheduler_conflicting_query_has_backoff_without_new_attempt (test_pre_p12_repairs.PreP12RegressionTests.test_scheduler_conflicting_query_has_backoff_without_new_attempt) ... ok
test_scheduler_existing_session_cycle_mismatch_rejects_before_resources (test_pre_p12_repairs.PreP12RegressionTests.test_scheduler_existing_session_cycle_mismatch_rejects_before_resources) ... ok
test_scheduler_foreign_cycle_does_not_wake_another_subject (test_pre_p12_repairs.PreP12RegressionTests.test_scheduler_foreign_cycle_does_not_wake_another_subject) ... ok
test_scheduler_foreign_cycle_rejected_without_resource_wake_or_receipt_write (test_pre_p12_repairs.PreP12RegressionTests.test_scheduler_foreign_cycle_rejected_without_resource_wake_or_receipt_write) ... ok
test_scheduler_pending_queries_and_healthy_stream_progress_after_restart (test_pre_p12_repairs.PreP12RegressionTests.test_scheduler_pending_queries_and_healthy_stream_progress_after_restart) ... ok
test_scheduler_receipt_conflict_does_not_starve_other_task (test_pre_p12_repairs.PreP12RegressionTests.test_scheduler_receipt_conflict_does_not_starve_other_task) ... ok
test_scheduler_test_delivery_rejects_request_binding_changes_before_effects (test_pre_p12_repairs.PreP12RegressionTests.test_scheduler_test_delivery_rejects_request_binding_changes_before_effects) ... ok
test_scheduler_unknown_does_not_starve_at_normal_poll_interval (test_pre_p12_repairs.PreP12RegressionTests.test_scheduler_unknown_does_not_starve_at_normal_poll_interval) ... ok
test_scheduler_verification_is_fair_among_multiple_unknown_tasks (test_pre_p12_repairs.PreP12RegressionTests.test_scheduler_verification_is_fair_among_multiple_unknown_tasks) ... ok
test_budget_failure_still_creates_failed_think_session (test_thinking.ThinkingServiceTests.test_budget_failure_still_creates_failed_think_session) ... ok
test_non_think_wake_does_not_create_think_session (test_thinking.ThinkingServiceTests.test_non_think_wake_does_not_create_think_session) ... ok
test_provider_failure_is_summarized_and_persisted (test_thinking.ThinkingServiceTests.test_provider_failure_is_summarized_and_persisted) ... ok
test_standard_result_can_request_memory_wait_and_future_contact_without_actions (test_thinking.ThinkingServiceTests.test_standard_result_can_request_memory_wait_and_future_contact_without_actions) ... ok
test_thinking_result_cannot_write_identity_or_emotion_state (test_thinking.ThinkingServiceTests.test_thinking_result_cannot_write_identity_or_emotion_state) ... ok
test_wake_think_result_and_state_writeback_complete_full_chain (test_thinking.ThinkingServiceTests.test_wake_think_result_and_state_writeback_complete_full_chain) ... ok

----------------------------------------------------------------------
Ran 445 tests in 492.606s

OK (skipped=1)
