test_historical_receipts_do_not_authorize_new_consumption_after_grant_revocation (__main__.P13ReviewProbes.test_historical_receipts_do_not_authorize_new_consumption_after_grant_revocation) ... FAIL
test_old_context_revocation_control_still_blocks (__main__.P13ReviewProbes.test_old_context_revocation_control_still_blocks) ... ok
test_omitted_relationship_source_does_not_influence_expression (__main__.P13ReviewProbes.test_omitted_relationship_source_does_not_influence_expression) ... FAIL
test_revoked_expression_grant_after_action_blocks_first_presentation (__main__.P13ReviewProbes.test_revoked_expression_grant_after_action_blocks_first_presentation) ... FAIL
test_revoked_expression_grant_before_action_control_blocks (__main__.P13ReviewProbes.test_revoked_expression_grant_before_action_control_blocks) ... ok
test_revoked_expression_grant_during_presentation_blocks_new_artifact (__main__.P13ReviewProbes.test_revoked_expression_grant_during_presentation_blocks_new_artifact) ... FAIL
test_unchanged_restart_control_preserves_body_and_zero_new_effect (__main__.P13ReviewProbes.test_unchanged_restart_control_preserves_body_and_zero_new_effect) ... ok

======================================================================
FAIL: test_historical_receipts_do_not_authorize_new_consumption_after_grant_revocation (__main__.P13ReviewProbes.test_historical_receipts_do_not_authorize_new_consumption_after_grant_revocation)
----------------------------------------------------------------------
Traceback (most recent call last):
  File "C:\Users\Administrator\Documents\continuity-engine\docs\project_memory\p13_repair_evidence\independent\review_probes.py", line 55, in test_historical_receipts_do_not_authorize_new_consumption_after_grant_revocation
    with self.assertRaises((ExpressionValidationError, IntegrationExecutionError)):
         ~~~~~~~~~~~~~~~~~^^^^^^^^^^^^^^^^^^^^^^^^^^^^^^^^^^^^^^^^^^^^^^^^^^^^^^^^
AssertionError: (<class 'continuity_engine.domain.expression.ExpressionValidationError'>, <class 'continuity_engine.domain.errors.IntegrationExecutionError'>) not raised

======================================================================
FAIL: test_omitted_relationship_source_does_not_influence_expression (__main__.P13ReviewProbes.test_omitted_relationship_source_does_not_influence_expression)
----------------------------------------------------------------------
Traceback (most recent call last):
  File "C:\Users\Administrator\Documents\continuity-engine\docs\project_memory\p13_repair_evidence\independent\review_probes.py", line 84, in test_omitted_relationship_source_does_not_influence_expression
    self.assertEqual(f.artifact(request).decision.layout, 'plain',
    ~~~~~~~~~~~~~~~~^^^^^^^^^^^^^^^^^^^^^^^^^^^^^^^^^^^^^^^^^^^^^^
                     'Expression used a relationship source absent from and unauthorized for this Context')
                     ^^^^^^^^^^^^^^^^^^^^^^^^^^^^^^^^^^^^^^^^^^^^^^^^^^^^^^^^^^^^^^^^^^^^^^^^^^^^^^^^^^^^^^
AssertionError: 'quoted' != 'plain'
- quoted
+ plain
 : Expression used a relationship source absent from and unauthorized for this Context

======================================================================
FAIL: test_revoked_expression_grant_after_action_blocks_first_presentation (__main__.P13ReviewProbes.test_revoked_expression_grant_after_action_blocks_first_presentation)
----------------------------------------------------------------------
Traceback (most recent call last):
  File "C:\Users\Administrator\Documents\continuity-engine\docs\project_memory\p13_repair_evidence\independent\review_probes.py", line 44, in test_revoked_expression_grant_after_action_blocks_first_presentation
    with self.assertRaises(IntegrationExecutionError):
         ~~~~~~~~~~~~~~~~~^^^^^^^^^^^^^^^^^^^^^^^^^^^
AssertionError: IntegrationExecutionError not raised

======================================================================
FAIL: test_revoked_expression_grant_during_presentation_blocks_new_artifact (__main__.P13ReviewProbes.test_revoked_expression_grant_during_presentation_blocks_new_artifact)
----------------------------------------------------------------------
Traceback (most recent call last):
  File "C:\Users\Administrator\Documents\continuity-engine\docs\project_memory\p13_repair_evidence\independent\review_probes.py", line 33, in test_revoked_expression_grant_during_presentation_blocks_new_artifact
    with self.assertRaises(IntegrationExecutionError):
         ~~~~~~~~~~~~~~~~~^^^^^^^^^^^^^^^^^^^^^^^^^^^
AssertionError: IntegrationExecutionError not raised

----------------------------------------------------------------------
Ran 7 tests in 4.645s

FAILED (failures=4)
