FE
======================================================================
ERROR: test_withdrawn_external_rendering_stops_item_after_reopen (tests.test_w03_n06_repair.W03N06RepairTests.test_withdrawn_external_rendering_stops_item_after_reopen)
----------------------------------------------------------------------
Traceback (most recent call last):
  File "C:\Users\Administrator\Documents\continuity-engine\tests\test_w03_n06_repair.py", line 155, in test_withdrawn_external_rendering_stops_item_after_reopen
    f.roots.change(roots[0],material_hashes=(digest(original),))
    ~~~~~~~~~~~~~~^^^^^^^^^^^^^^^^^^^^^^^^^^^^^^^^^^^^^^^^^^^^^^
  File "C:\Users\Administrator\Documents\continuity-engine\src\continuity_engine\testing\w02_c_fixture.py", line 62, in change
    entries[index] = replace(entries[index], **changes)
                     ~~~~~~~^^^^^^^^^^^^^^^^^^^^^^^^^^^
  File "E:\Adobe\Lib\dataclasses.py", line 1770, in replace
    return _replace(obj, **changes)
  File "E:\Adobe\Lib\dataclasses.py", line 1804, in _replace
    return self.__class__(**changes)
           ~~~~~~~~~~~~~~^^^^^^^^^^^
  File "<string>", line 16, in __init__
  File "C:\Users\Administrator\Documents\continuity-engine\src\continuity_engine\domain\external_absorption.py", line 39, in __post_init__
    raise ExternalCapabilityError('EXTERNAL_ROOT_PROOF_INVALID')
continuity_engine.domain.external_capabilities.ExternalCapabilityError: EXTERNAL_ROOT_PROOF_INVALID

======================================================================
FAIL: test_unavailable_local_memory_is_not_ready_and_read_is_read_only (tests.test_w03_n06_repair.W03N06RepairTests.test_unavailable_local_memory_is_not_ready_and_read_is_read_only)
----------------------------------------------------------------------
Traceback (most recent call last):
  File "C:\Users\Administrator\Documents\continuity-engine\tests\test_w03_n06_repair.py", line 122, in test_unavailable_local_memory_is_not_ready_and_read_is_read_only
    self.assertEqual(service.ready(context),())
    ~~~~~~~~~~~~~~~~^^^^^^^^^^^^^^^^^^^^^^^^^^^
AssertionError: Tuples differ: (UnfinishedItem(item_id='memory-matter', s[412 chars]ne),) != ()

First tuple contains 1 additional elements.
First extra element 0:
UnfinishedItem(item_id='memory-matter', subject_id='sub-b14fec563b3147bf', environment='TEST', title='Synthetic memory-matter', source_roots=('memory:n06-local-memory',), willing=True, importance_reason='Subject chose a TEST matter.', urgency='NORMAL', due_at=None, wait_condition=None, next_step='Review original source', status='OPEN', created_at='2026-09-04T08:00:00Z', updated_at='2026-09-04T08:00:00Z', revision=0, completion=None, last_progress=None)

Diff is 755 characters long. Set self.maxDiff to None to see it.

----------------------------------------------------------------------
Ran 2 tests in 23.947s

FAILED (failures=1, errors=1)
