EE
======================================================================
ERROR: test_unavailable_local_memory_is_not_ready_and_read_is_read_only (tests.test_w03_n06_repair.W03N06RepairTests.test_unavailable_local_memory_is_not_ready_and_read_is_read_only)
----------------------------------------------------------------------
Traceback (most recent call last):
  File "C:\Users\Administrator\Documents\continuity-engine\tests\test_w03_n06_repair.py", line 114, in test_unavailable_local_memory_is_not_ready_and_read_is_read_only
    self.assertEqual(self.service.ready(context),())
                     ~~~~~~~~~~~~~~~~~~^^^^^^^^^
  File "C:\Users\Administrator\Documents\continuity-engine\src\continuity_engine\services\unfinished_item_service.py", line 164, in ready
    view=self.read(context)
  File "C:\Users\Administrator\Documents\continuity-engine\src\continuity_engine\services\unfinished_item_service.py", line 127, in read
    raise StateEvolutionError('W03_ITEM_READ_CONTEXT_STALE_OR_UNAUTHORIZED')
continuity_engine.domain.errors.StateEvolutionError: W03_ITEM_READ_CONTEXT_STALE_OR_UNAUTHORIZED

======================================================================
ERROR: test_withdrawn_external_rendering_stops_item_after_reopen (tests.test_w03_n06_repair.W03N06RepairTests.test_withdrawn_external_rendering_stops_item_after_reopen)
----------------------------------------------------------------------
Traceback (most recent call last):
  File "C:\Users\Administrator\Documents\continuity-engine\tests\test_w03_n06_repair.py", line 141, in test_withdrawn_external_rendering_stops_item_after_reopen
    f.roots.change(roots[0],material_hashes=(digest('still-current-original'),))
    ~~~~~~~~~~~~~~^^^^^^^^^^^^^^^^^^^^^^^^^^^^^^^^^^^^^^^^^^^^^^^^^^^^^^^^^^^^^^
  File "C:\Users\Administrator\Documents\continuity-engine\src\continuity_engine\testing\w02_c_fixture.py", line 62, in change
    entries[index] = replace(entries[index], **changes)
                     ~~~~~~~^^^^^^^^^^^^^^^^^^^^^^^^^^^
  File "E:\Adobe\Lib\dataclasses.py", line 1770, in replace
    return _replace(obj, **changes)
  File "E:\Adobe\Lib\dataclasses.py", line 1804, in _replace
    return self.__class__(**changes)
           ~~~~~~~~~~~~~~^^^^^^^^^^^
  File "<string>", line 16, in __init__
  File "C:\Users\Administrator\Documents\continuity-engine\src\continuity_engine\domain\external_absorption.py", line 39, in __post_init__
    raise ExternalCapabilityError('EXTERNAL_ROOT_PROOF_INVALID')
continuity_engine.domain.external_capabilities.ExternalCapabilityError: EXTERNAL_ROOT_PROOF_INVALID

----------------------------------------------------------------------
Ran 2 tests in 7.864s

FAILED (errors=2)
