2026-09-04T12:35:47.3553515Z Current runner version: '2.337.0'
2026-09-04T12:35:47.3588279Z ##[group]Runner Image Provisioner
2026-09-04T12:35:47.3589433Z Hosted Compute Agent
2026-09-04T12:35:47.3590348Z Version: 20260819.586
2026-09-04T12:35:47.3591302Z Commit: 3cc4a88dfa507ef76119ad1bb3eccc6378bb2b76
2026-09-04T12:35:47.3592409Z Build Date: 2026-08-18T23:20:18Z
2026-09-04T12:35:47.3595267Z Worker ID: {27f0edf6-c65e-4ff9-93ee-be5c9b91f150}
2026-09-04T12:35:47.3596371Z Azure Region: eastus2
2026-09-04T12:35:47.3597270Z ##[endgroup]
2026-09-04T12:35:47.3599325Z ##[group]Operating System
2026-09-04T12:35:47.3600320Z Microsoft Windows Server 2025
2026-09-04T12:35:47.3601281Z 10.0.26100
2026-09-04T12:35:47.3602070Z Datacenter
2026-09-04T12:35:47.3603254Z ##[endgroup]
2026-09-04T12:35:47.3604133Z ##[group]Runner Image
2026-09-04T12:35:47.3605126Z Image: windows-2025-vs2026
2026-09-04T12:35:47.3606376Z Version: 20260824.214.3
2026-09-04T12:35:47.3609317Z Included Software: https://github.com/actions/runner-images/blob/win25-vs2026/20260824.214/images/windows/Windows2025-VS2026-Readme.md
2026-09-04T12:35:47.3612092Z Image Release: https://github.com/actions/runner-images/releases/tag/win25-vs2026%2F20260824.214
2026-09-04T12:35:47.3613764Z ##[endgroup]
2026-09-04T12:35:47.3615451Z ##[group]GITHUB_TOKEN Permissions
2026-09-04T12:35:47.3618013Z Contents: read
2026-09-04T12:35:47.3618915Z Metadata: read
2026-09-04T12:35:47.3619731Z ##[endgroup]
2026-09-04T12:35:47.3622758Z Secret source: Actions
2026-09-04T12:35:47.3624404Z Prepare workflow directory
2026-09-04T12:35:47.4222023Z Prepare all required actions
2026-09-04T12:35:47.4290417Z Getting action download info
2026-09-04T12:35:47.6243363Z Download action repository 'actions/checkout@11d5960a326750d5838078e36cf38b85af677262' (SHA:11d5960a326750d5838078e36cf38b85af677262)
2026-09-04T12:35:47.8016537Z Download action repository 'actions/setup-python@a26af69be951a213d495a4c3e4e4022e16d87065' (SHA:a26af69be951a213d495a4c3e4e4022e16d87065)
2026-09-04T12:35:47.9981585Z Download action repository 'actions/upload-artifact@ea165f8d65b6e75b540449e92b4886f43607fa02' (SHA:ea165f8d65b6e75b540449e92b4886f43607fa02)
2026-09-04T12:35:48.3375800Z Complete job name: core
2026-09-04T12:35:48.5026862Z Node 20 is being deprecated. This workflow is running with Node 24 by default. If you need to temporarily use Node 20, you can set the ACTIONS_ALLOW_USE_UNSECURE_NODE_VERSION=true environment variable. For more information see: https://github.blog/changelog/2025-09-19-deprecation-of-node-20-on-github-actions-runners/
2026-09-04T12:35:48.5045260Z ##[group]Run actions/checkout@11d5960a326750d5838078e36cf38b85af677262
2026-09-04T12:35:48.5046851Z with:
2026-09-04T12:35:48.5047448Z   fetch-depth: 0
2026-09-04T12:35:48.5048131Z   persist-credentials: false
2026-09-04T12:35:48.5048897Z   set-safe-directory: false
2026-09-04T12:35:48.5049725Z   repository: yuan69082-code/continuity-assistant
2026-09-04T12:35:48.5057937Z   token: ***
2026-09-04T12:35:48.5058613Z   ssh-strict: true
2026-09-04T12:35:48.5059275Z   ssh-user: git
2026-09-04T12:35:48.5059859Z   clean: true
2026-09-04T12:35:48.5060468Z   sparse-checkout-cone-mode: true
2026-09-04T12:35:48.5061296Z   fetch-tags: false
2026-09-04T12:35:48.5061944Z   show-progress: true
2026-09-04T12:35:48.5062577Z   lfs: false
2026-09-04T12:35:48.5063142Z   submodules: false
2026-09-04T12:35:48.5063816Z   allow-unsafe-pr-checkout: false
2026-09-04T12:35:48.5064965Z env:
2026-09-04T12:35:48.5065556Z   PYTHONDONTWRITEBYTECODE: 1
2026-09-04T12:35:48.5066288Z   PYTHONUTF8: 1
2026-09-04T12:35:48.5066906Z   GIT_CONFIG_COUNT: 1
2026-09-04T12:35:48.5067575Z   GIT_CONFIG_KEY_0: core.autocrlf
2026-09-04T12:35:48.5068317Z   GIT_CONFIG_VALUE_0: false
2026-09-04T12:35:48.5069000Z ##[endgroup]
2026-09-04T12:35:48.6957008Z Syncing repository: yuan69082-code/continuity-assistant
2026-09-04T12:35:48.6961342Z ##[group]Getting Git version info
2026-09-04T12:35:48.6963295Z Working directory is 'D:\a\continuity-assistant\continuity-assistant'
2026-09-04T12:35:48.8124746Z [command]"C:\Program Files\Git\bin\git.exe" version
2026-09-04T12:35:49.1541455Z git version 2.55.0.windows.5
2026-09-04T12:35:51.1059389Z ##[endgroup]
2026-09-04T12:35:51.1066783Z Deleting the contents of 'D:\a\continuity-assistant\continuity-assistant'
2026-09-04T12:35:51.1068297Z ##[group]Initializing the repository
2026-09-04T12:35:51.1069885Z [command]"C:\Program Files\Git\bin\git.exe" init D:\a\continuity-assistant\continuity-assistant
2026-09-04T12:35:51.1071298Z Initialized empty Git repository in D:/a/continuity-assistant/continuity-assistant/.git/
2026-09-04T12:35:51.1073629Z [command]"C:\Program Files\Git\bin\git.exe" remote add origin https://github.com/yuan69082-code/continuity-assistant
2026-09-04T12:35:51.1075799Z ##[endgroup]
2026-09-04T12:35:51.1076630Z ##[group]Disabling automatic garbage collection
2026-09-04T12:35:51.1077527Z [command]"C:\Program Files\Git\bin\git.exe" config --local gc.auto 0
2026-09-04T12:35:51.1079288Z ##[endgroup]
2026-09-04T12:35:51.1080167Z ##[group]Setting up auth
2026-09-04T12:35:51.1081111Z [command]"C:\Program Files\Git\bin\git.exe" config --local --name-only --get-regexp core\.sshCommand
2026-09-04T12:35:51.1083889Z [command]"C:\Program Files\Git\bin\git.exe" submodule foreach --recursive "sh -c \"git config --local --name-only --get-regexp 'core\.sshCommand' && git config --local --unset-all 'core.sshCommand' || :\""
2026-09-04T12:35:51.1086718Z [command]"C:\Program Files\Git\bin\git.exe" config --local --name-only --get-regexp http\.https\:\/\/github\.com\/\.extraheader
2026-09-04T12:35:51.1091557Z [command]"C:\Program Files\Git\bin\git.exe" submodule foreach --recursive "sh -c \"git config --local --name-only --get-regexp 'http\.https\:\/\/github\.com\/\.extraheader' && git config --local --unset-all 'http.https://github.com/.extraheader' || :\""
2026-09-04T12:35:51.3402431Z [command]"C:\Program Files\Git\bin\git.exe" config --local --name-only --get-regexp ^includeIf\.gitdir:
2026-09-04T12:35:51.3815621Z [command]"C:\Program Files\Git\bin\git.exe" submodule foreach --recursive "git config --local --show-origin --name-only --get-regexp remote.origin.url"
2026-09-04T12:35:51.9691355Z [command]"C:\Program Files\Git\bin\git.exe" config --local http.https://github.com/.extraheader "AUTHORIZATION: basic ***"
2026-09-04T12:35:52.0036230Z ##[endgroup]
2026-09-04T12:35:52.0059224Z ##[group]Fetching the repository
2026-09-04T12:35:52.0063951Z [command]"C:\Program Files\Git\bin\git.exe" -c protocol.version=2 fetch --prune --no-recurse-submodules origin +refs/heads/*:refs/remotes/origin/* +refs/tags/*:refs/tags/*
2026-09-04T12:35:53.0905818Z From https://github.com/yuan69082-code/continuity-assistant
2026-09-04T12:35:53.0907789Z  * [new branch]      continuity-assistant-fenzhi -> origin/continuity-assistant-fenzhi
2026-09-04T12:35:53.0994664Z [command]"C:\Program Files\Git\bin\git.exe" branch --list --remote origin/continuity-assistant-fenzhi
2026-09-04T12:35:53.1346349Z   origin/continuity-assistant-fenzhi
2026-09-04T12:35:53.1410274Z [command]"C:\Program Files\Git\bin\git.exe" rev-parse refs/remotes/origin/continuity-assistant-fenzhi
2026-09-04T12:35:53.1830806Z c6dd2c0cab17337a445b64fb8611d317190242c6
2026-09-04T12:35:53.1873750Z ##[endgroup]
2026-09-04T12:35:53.1899884Z ##[group]Determining the checkout info
2026-09-04T12:35:53.1909712Z ##[endgroup]
2026-09-04T12:35:53.1929079Z [command]"C:\Program Files\Git\bin\git.exe" sparse-checkout disable
2026-09-04T12:35:53.2571220Z [command]"C:\Program Files\Git\bin\git.exe" config --local --unset-all extensions.worktreeConfig
2026-09-04T12:35:53.2844005Z ##[group]Checking out the ref
2026-09-04T12:35:53.2853404Z [command]"C:\Program Files\Git\bin\git.exe" checkout --progress --force -B continuity-assistant-fenzhi refs/remotes/origin/continuity-assistant-fenzhi
2026-09-04T12:35:53.4387147Z Switched to a new branch 'continuity-assistant-fenzhi'
2026-09-04T12:35:53.4441927Z branch 'continuity-assistant-fenzhi' set up to track 'origin/continuity-assistant-fenzhi'.
2026-09-04T12:35:53.4491327Z ##[endgroup]
2026-09-04T12:35:53.4883561Z [command]"C:\Program Files\Git\bin\git.exe" log -1 --format=%H
2026-09-04T12:35:53.5157487Z c6dd2c0cab17337a445b64fb8611d317190242c6
2026-09-04T12:35:53.5195864Z ##[group]Removing auth
2026-09-04T12:35:53.5204694Z [command]"C:\Program Files\Git\bin\git.exe" config --local --name-only --get-regexp core\.sshCommand
2026-09-04T12:35:53.5510025Z [command]"C:\Program Files\Git\bin\git.exe" submodule foreach --recursive "sh -c \"git config --local --name-only --get-regexp 'core\.sshCommand' && git config --local --unset-all 'core.sshCommand' || :\""
2026-09-04T12:35:54.1436186Z [command]"C:\Program Files\Git\bin\git.exe" config --local --name-only --get-regexp http\.https\:\/\/github\.com\/\.extraheader
2026-09-04T12:35:54.1709383Z http.https://github.com/.extraheader
2026-09-04T12:35:54.1788334Z [command]"C:\Program Files\Git\bin\git.exe" config --local --unset-all http.https://github.com/.extraheader
2026-09-04T12:35:54.2120624Z [command]"C:\Program Files\Git\bin\git.exe" submodule foreach --recursive "sh -c \"git config --local --name-only --get-regexp 'http\.https\:\/\/github\.com\/\.extraheader' && git config --local --unset-all 'http.https://github.com/.extraheader' || :\""
2026-09-04T12:35:54.7786908Z [command]"C:\Program Files\Git\bin\git.exe" config --local --name-only --get-regexp ^includeIf\.gitdir:
2026-09-04T12:35:54.8130279Z [command]"C:\Program Files\Git\bin\git.exe" submodule foreach --recursive "git config --local --show-origin --name-only --get-regexp remote.origin.url"
2026-09-04T12:35:55.3710179Z ##[endgroup]
2026-09-04T12:35:55.4292882Z Node 20 is being deprecated. This workflow is running with Node 24 by default. If you need to temporarily use Node 20, you can set the ACTIONS_ALLOW_USE_UNSECURE_NODE_VERSION=true environment variable. For more information see: https://github.blog/changelog/2025-09-19-deprecation-of-node-20-on-github-actions-runners/
2026-09-04T12:35:55.4296209Z ##[group]Run actions/setup-python@a26af69be951a213d495a4c3e4e4022e16d87065
2026-09-04T12:35:55.4296852Z with:
2026-09-04T12:35:55.4297152Z   python-version: 3.14
2026-09-04T12:35:55.4297495Z   check-latest: false
2026-09-04T12:35:55.4301999Z   token: ***
2026-09-04T12:35:55.4302314Z   update-environment: true
2026-09-04T12:35:55.4302702Z   allow-prereleases: false
2026-09-04T12:35:55.4303053Z   freethreaded: false
2026-09-04T12:35:55.4303365Z env:
2026-09-04T12:35:55.4303666Z   PYTHONDONTWRITEBYTECODE: 1
2026-09-04T12:35:55.4304032Z   PYTHONUTF8: 1
2026-09-04T12:35:55.4304378Z   GIT_CONFIG_COUNT: 1
2026-09-04T12:35:55.4304748Z   GIT_CONFIG_KEY_0: core.autocrlf
2026-09-04T12:35:55.4305140Z   GIT_CONFIG_VALUE_0: false
2026-09-04T12:35:55.4305477Z ##[endgroup]
2026-09-04T12:35:55.6190920Z ##[group]Installed versions
2026-09-04T12:35:55.6408734Z (node:5672) [DEP0040] DeprecationWarning: The `punycode` module is deprecated. Please use a userland alternative instead.
2026-09-04T12:35:55.6409700Z Successfully set up CPython (3.14.7)
2026-09-04T12:35:55.6491321Z (Use `node --trace-deprecation ...` to show where the warning was created)
2026-09-04T12:35:55.6492204Z ##[endgroup]
2026-09-04T12:35:55.6744678Z ##[group]Run python tools/p10_verify.py
2026-09-04T12:35:55.6745186Z [36;1mpython tools/p10_verify.py[0m
2026-09-04T12:35:55.8299799Z shell: C:\Program Files\PowerShell\7\pwsh.EXE -command ". '{0}'"
2026-09-04T12:35:55.8300207Z env:
2026-09-04T12:35:55.8300438Z   PYTHONDONTWRITEBYTECODE: 1
2026-09-04T12:35:55.8300673Z   PYTHONUTF8: 1
2026-09-04T12:35:55.8300866Z   GIT_CONFIG_COUNT: 1
2026-09-04T12:35:55.8301082Z   GIT_CONFIG_KEY_0: core.autocrlf
2026-09-04T12:35:55.8301327Z   GIT_CONFIG_VALUE_0: false
2026-09-04T12:35:55.8301628Z   pythonLocation: C:\hostedtoolcache\windows\Python\3.14.7\x64
2026-09-04T12:35:55.8302095Z   PKG_CONFIG_PATH: C:\hostedtoolcache\windows\Python\3.14.7\x64/lib/pkgconfig
2026-09-04T12:35:55.8302531Z   Python_ROOT_DIR: C:\hostedtoolcache\windows\Python\3.14.7\x64
2026-09-04T12:35:55.8302925Z   Python2_ROOT_DIR: C:\hostedtoolcache\windows\Python\3.14.7\x64
2026-09-04T12:35:55.8303646Z   Python3_ROOT_DIR: C:\hostedtoolcache\windows\Python\3.14.7\x64
2026-09-04T12:35:55.8303952Z ##[endgroup]
2026-09-04T12:35:57.5270506Z 01-venv: starting; evidence=D:\a\continuity-assistant\continuity-assistant\.p10-evidence\20260904T123557Z-532bb0e6
2026-09-04T12:36:03.3207038Z 01-venv: exit=0 elapsed=5.793s
2026-09-04T12:36:03.3213166Z 02-build: starting; evidence=D:\a\continuity-assistant\continuity-assistant\.p10-evidence\20260904T123557Z-532bb0e6
2026-09-04T12:36:08.6846054Z 02-build: exit=0 elapsed=5.362s
2026-09-04T12:36:08.6855749Z 03-install: starting; evidence=D:\a\continuity-assistant\continuity-assistant\.p10-evidence\20260904T123557Z-532bb0e6
2026-09-04T12:36:11.4232765Z 03-install: exit=0 elapsed=2.348s
2026-09-04T12:36:11.4233811Z 04-installed-smoke: starting; evidence=D:\a\continuity-assistant\continuity-assistant\.p10-evidence\20260904T123557Z-532bb0e6
2026-09-04T12:36:12.0373441Z 04-installed-smoke: exit=0 elapsed=1.001s
2026-09-04T12:36:12.0382723Z 05-p10: starting; evidence=D:\a\continuity-assistant\continuity-assistant\.p10-evidence\20260904T123557Z-532bb0e6
2026-09-04T12:36:19.7171050Z 05-p10: exit=0 elapsed=7.678s
2026-09-04T12:36:19.7176308Z 05b-installed-golden: starting; evidence=D:\a\continuity-assistant\continuity-assistant\.p10-evidence\20260904T123557Z-532bb0e6
2026-09-04T12:36:25.4369282Z 05b-installed-golden: exit=0 elapsed=5.718s
2026-09-04T12:36:25.4374721Z 06-core: starting; evidence=D:\a\continuity-assistant\continuity-assistant\.p10-evidence\20260904T123557Z-532bb0e6
2026-09-04T12:47:44.0965942Z 06-core: exit=0 elapsed=678.642s
2026-09-04T12:47:44.0970565Z Preserved evidence: D:\a\continuity-assistant\continuity-assistant\.p10-evidence\20260904T123557Z-532bb0e6\report.json
2026-09-04T12:47:44.3713113Z Node 20 is being deprecated. This workflow is running with Node 24 by default. If you need to temporarily use Node 20, you can set the ACTIONS_ALLOW_USE_UNSECURE_NODE_VERSION=true environment variable. For more information see: https://github.blog/changelog/2025-09-19-deprecation-of-node-20-on-github-actions-runners/
2026-09-04T12:47:44.3714896Z ##[group]Run actions/upload-artifact@ea165f8d65b6e75b540449e92b4886f43607fa02
2026-09-04T12:47:44.3715360Z with:
2026-09-04T12:47:44.3715643Z   name: p10-evidence-33873568552-1
2026-09-04T12:47:44.3716006Z   path: .p10-evidence/**
2026-09-04T12:47:44.3716314Z   include-hidden-files: true
2026-09-04T12:47:44.3716624Z   if-no-files-found: error
2026-09-04T12:47:44.3716909Z   retention-days: 14
2026-09-04T12:47:44.3717188Z   compression-level: 6
2026-09-04T12:47:44.3717466Z   overwrite: false
2026-09-04T12:47:44.3717946Z env:
2026-09-04T12:47:44.3718334Z   PYTHONDONTWRITEBYTECODE: 1
2026-09-04T12:47:44.3718692Z   PYTHONUTF8: 1
2026-09-04T12:47:44.3719062Z   GIT_CONFIG_COUNT: 1
2026-09-04T12:47:44.3719376Z   GIT_CONFIG_KEY_0: core.autocrlf
2026-09-04T12:47:44.3719689Z   GIT_CONFIG_VALUE_0: false
2026-09-04T12:47:44.3720063Z   pythonLocation: C:\hostedtoolcache\windows\Python\3.14.7\x64
2026-09-04T12:47:44.3720583Z   PKG_CONFIG_PATH: C:\hostedtoolcache\windows\Python\3.14.7\x64/lib/pkgconfig
2026-09-04T12:47:44.3721081Z   Python_ROOT_DIR: C:\hostedtoolcache\windows\Python\3.14.7\x64
2026-09-04T12:47:44.3721538Z   Python2_ROOT_DIR: C:\hostedtoolcache\windows\Python\3.14.7\x64
2026-09-04T12:47:44.3722031Z   Python3_ROOT_DIR: C:\hostedtoolcache\windows\Python\3.14.7\x64
2026-09-04T12:47:44.3722407Z ##[endgroup]
2026-09-04T12:47:44.6567019Z (node:9004) [DEP0040] DeprecationWarning: The `punycode` module is deprecated. Please use a userland alternative instead.
2026-09-04T12:47:44.6568593Z (Use `node --trace-deprecation ...` to show where the warning was created)
2026-09-04T12:47:44.6701306Z With the provided path, there will be 16 files uploaded
2026-09-04T12:47:44.6707407Z Artifact name is valid!
2026-09-04T12:47:44.6708795Z Root directory input is valid!
2026-09-04T12:47:44.9599105Z Beginning upload of artifact content to blob storage
2026-09-04T12:47:45.0494811Z (node:9004) [DEP0169] DeprecationWarning: `url.parse()` behavior is not standardized and prone to errors that have security implications. Use the WHATWG URL API instead. CVEs are not issued for `url.parse()` vulnerabilities.
2026-09-04T12:47:45.1261762Z Uploaded bytes 368061
2026-09-04T12:47:45.1468302Z Finished uploading artifact content to blob storage!
2026-09-04T12:47:45.1469990Z SHA256 digest of uploaded artifact zip is 01b1b167d0ac2ff2c47c63c9881f00aba8d40d6265bad084183b517d89ebde8e
2026-09-04T12:47:45.1473472Z Finalizing artifact upload
2026-09-04T12:47:45.4068729Z Artifact p10-evidence-33873568552-1.zip successfully finalized. Artifact ID 9937306248
2026-09-04T12:47:45.4070540Z Artifact p10-evidence-33873568552-1 has been successfully uploaded! Final size is 368061 bytes. Artifact ID is 9937306248
2026-09-04T12:47:45.4085353Z Artifact download URL: https://github.com/yuan69082-code/continuity-assistant/actions/runs/33873568552/artifacts/9937306248
2026-09-04T12:47:45.4523845Z Node 20 is being deprecated. This workflow is running with Node 24 by default. If you need to temporarily use Node 20, you can set the ACTIONS_ALLOW_USE_UNSECURE_NODE_VERSION=true environment variable. For more information see: https://github.blog/changelog/2025-09-19-deprecation-of-node-20-on-github-actions-runners/
2026-09-04T12:47:45.4525169Z Post job cleanup.
2026-09-04T12:47:45.6356003Z (node:8800) [DEP0040] DeprecationWarning: The `punycode` module is deprecated. Please use a userland alternative instead.
2026-09-04T12:47:45.6357750Z (Use `node --trace-deprecation ...` to show where the warning was created)
2026-09-04T12:47:45.6750301Z Node 20 is being deprecated. This workflow is running with Node 24 by default. If you need to temporarily use Node 20, you can set the ACTIONS_ALLOW_USE_UNSECURE_NODE_VERSION=true environment variable. For more information see: https://github.blog/changelog/2025-09-19-deprecation-of-node-20-on-github-actions-runners/
2026-09-04T12:47:45.6751798Z Post job cleanup.
2026-09-04T12:47:45.9171641Z [command]"C:\Program Files\Git\bin\git.exe" version
2026-09-04T12:47:45.9598795Z git version 2.55.0.windows.5
2026-09-04T12:47:45.9889671Z [command]"C:\Program Files\Git\bin\git.exe" config --local --name-only --get-regexp core\.sshCommand
2026-09-04T12:47:46.0248638Z [command]"C:\Program Files\Git\bin\git.exe" submodule foreach --recursive "sh -c \"git config --local --name-only --get-regexp 'core\.sshCommand' && git config --local --unset-all 'core.sshCommand' || :\""
2026-09-04T12:47:46.8237523Z [command]"C:\Program Files\Git\bin\git.exe" config --local --name-only --get-regexp http\.https\:\/\/github\.com\/\.extraheader
2026-09-04T12:47:46.8660004Z [command]"C:\Program Files\Git\bin\git.exe" submodule foreach --recursive "sh -c \"git config --local --name-only --get-regexp 'http\.https\:\/\/github\.com\/\.extraheader' && git config --local --unset-all 'http.https://github.com/.extraheader' || :\""
2026-09-04T12:47:47.6904649Z [command]"C:\Program Files\Git\bin\git.exe" config --local --name-only --get-regexp ^includeIf\.gitdir:
2026-09-04T12:47:47.7453719Z [command]"C:\Program Files\Git\bin\git.exe" submodule foreach --recursive "git config --local --show-origin --name-only --get-regexp remote.origin.url"
2026-09-04T12:47:48.6094432Z Cleaning up orphan processes
2026-09-04T12:47:48.6856377Z ##[warning]Node.js 20 is deprecated. The following actions target Node.js 20 but are being forced to run on Node.js 24: actions/checkout@11d5960a326750d5838078e36cf38b85af677262, actions/setup-python@a26af69be951a213d495a4c3e4e4022e16d87065, actions/upload-artifact@ea165f8d65b6e75b540449e92b4886f43607fa02. For more information see: https://github.blog/changelog/2025-09-19-deprecation-of-node-20-on-github-actions-runners/
