MISSING_OPERATION_direct REJECTED LocalIntegrationInitializationError
MISSING_OPERATION_state REJECTED LocalIntegrationInitializationError
test_missing_operation_cannot_downgrade_c1_but_keeps_real_legacy (tests.test_p09_review_regressions.P09ReviewRegressionTests.test_missing_operation_cannot_downgrade_c1_but_keeps_real_legacy) ... 
  test_missing_operation_cannot_downgrade_c1_but_keeps_real_legacy (tests.test_p09_review_regressions.P09ReviewRegressionTests.test_missing_operation_cannot_downgrade_c1_but_keeps_real_legacy) (mode='legacy') ... ERROR

======================================================================
ERROR: test_missing_operation_cannot_downgrade_c1_but_keeps_real_legacy (tests.test_p09_review_regressions.P09ReviewRegressionTests.test_missing_operation_cannot_downgrade_c1_but_keeps_real_legacy) (mode='legacy')
----------------------------------------------------------------------
Traceback (most recent call last):
  File "C:\Users\Administrator\Documents\continuity-engine\tests\test_p09_review_regressions.py", line 378, in test_missing_operation_cannot_downgrade_c1_but_keeps_real_legacy
    f.reopen()
    ~~~~~~~~^^
  File "C:\Users\Administrator\Documents\continuity-engine\src\continuity_engine\testing\p09_core_fixture.py", line 153, in reopen
    self.app = build_local_integration_app(self.runtime.data_root, clock=self.runtime.clock.now,
               ~~~~~~~~~~~~~~~~~~~~~~~~~~~^^^^^^^^^^^^^^^^^^^^^^^^^^^^^^^^^^^^^^^^^^^^^^^^^^^^^^
        thinking_mode=self.thinking_mode, capability_thinking_provider_id="p09-model-capability-fixture-v1",
        ^^^^^^^^^^^^^^^^^^^^^^^^^^^^^^^^^^^^^^^^^^^^^^^^^^^^^^^^^^^^^^^^^^^^^^^^^^^^^^^^^^^^^^^^^^^^^^^^^^^^
    ...<2 lines>...
        result_factory=SandboxFirstRoundResultFactory(), available_permissions=(
        ^^^^^^^^^^^^^^^^^^^^^^^^^^^^^^^^^^^^^^^^^^^^^^^^^^^^^^^^^^^^^^^^^^^^^^^^
            "subject_state:update", "memory:request", "user:contact", "expression:emit", "action:silence", "test:lookup"))
            ^^^^^^^^^^^^^^^^^^^^^^^^^^^^^^^^^^^^^^^^^^^^^^^^^^^^^^^^^^^^^^^^^^^^^^^^^^^^^^^^^^^^^^^^^^^^^^^^^^^^^^^^^^^^^^
  File "C:\Users\Administrator\Documents\continuity-engine\src\continuity_engine\interfaces\local_integration_app.py", line 398, in build_local_integration_app
    app.assert_ready()
    ~~~~~~~~~~~~~~~~^^
  File "C:\Users\Administrator\Documents\continuity-engine\src\continuity_engine\interfaces\local_integration_app.py", line 144, in assert_ready
    raise LocalIntegrationInitializationError(
        "completed result conflicts with its operation journal record"
    )
continuity_engine.interfaces.local_integration_app.LocalIntegrationInitializationError: completed result conflicts with its operation journal record

----------------------------------------------------------------------
Ran 1 test in 1.621s

FAILED (errors=1)
