test_export_requires_both_explicit_policy_and_current_permission (test_p15_repair_edges.GrowthProjectionRepairTests.test_export_requires_both_explicit_policy_and_current_permission) ... ok
test_permission_expiration_during_read_denies_without_observer_writes (test_p15_repair_edges.GrowthProjectionRepairTests.test_permission_expiration_during_read_denies_without_observer_writes) ... ok
test_state_revision_change_during_read_denies_without_writes (test_p15_repair_edges.GrowthProjectionRepairTests.test_state_revision_change_during_read_denies_without_writes) ... ok
test_wrong_subject_from_state_port_denied_without_writes (test_p15_repair_edges.GrowthProjectionRepairTests.test_wrong_subject_from_state_port_denied_without_writes) ... ok
test_current_owner_environment_and_subject_tampering_rejected_without_writes (test_p15_repair_edges.LifecycleArchiveRepairTests.test_current_owner_environment_and_subject_tampering_rejected_without_writes) ... ok
test_direct_save_rejects_current_snapshot_with_missing_lifecycle (test_p15_repair_edges.LifecycleArchiveRepairTests.test_direct_save_rejects_current_snapshot_with_missing_lifecycle) ... ok
test_event_and_change_lifecycle_disagreement_rejected (test_p15_repair_edges.LifecycleArchiveRepairTests.test_event_and_change_lifecycle_disagreement_rejected) ... ok
test_history_command_identity_cannot_rebind_owner (test_p15_repair_edges.LifecycleArchiveRepairTests.test_history_command_identity_cannot_rebind_owner) ... ok
test_lifecycle_change_before_value_must_follow_original_history (test_p15_repair_edges.LifecycleArchiveRepairTests.test_lifecycle_change_before_value_must_follow_original_history) ... ok
test_true_legacy_can_introduce_lifecycle_and_replay_after_resume (test_p15_repair_edges.LifecycleArchiveRepairTests.test_true_legacy_can_introduce_lifecycle_and_replay_after_resume) ... ok
test_committed_evolution_finalizes_after_crash_without_current_confirmation (test_p15_repair_edges.PendingGrowthRepairTests.test_committed_evolution_finalizes_after_crash_without_current_confirmation) ... ok
test_new_confirmation_does_not_bypass_current_source_revocation (test_p15_repair_edges.PendingGrowthRepairTests.test_new_confirmation_does_not_bypass_current_source_revocation) ... ok
test_new_confirmation_does_not_bypass_revoked_owner (test_p15_repair_edges.PendingGrowthRepairTests.test_new_confirmation_does_not_bypass_revoked_owner) ... ok
test_prepare_rollback_retains_actual_trait_until_evolution (test_p15_repair_edges.PendingGrowthRepairTests.test_prepare_rollback_retains_actual_trait_until_evolution) ... ok
test_prepare_solidify_is_not_active_or_completed_before_evolution (test_p15_repair_edges.PendingGrowthRepairTests.test_prepare_solidify_is_not_active_or_completed_before_evolution) ... ok
test_rollback_can_be_reconfirmed_after_unrelated_revision (test_p15_repair_edges.PendingGrowthRepairTests.test_rollback_can_be_reconfirmed_after_unrelated_revision) ... ok
test_superseded_original_command_stays_terminal_and_auditable (test_p15_repair_edges.PendingGrowthRepairTests.test_superseded_original_command_stays_terminal_and_auditable) ... ok
test_supersession_interruption_can_continue_with_original_fresh_identity (test_p15_repair_edges.PendingGrowthRepairTests.test_supersession_interruption_can_continue_with_original_fresh_identity) ... ok
test_pending_growth_can_be_reauthorized_after_unrelated_revision (test_p15_review_regressions.GrowthRecoveryReview.test_pending_growth_can_be_reauthorized_after_unrelated_revision) ... ok
test_existing_mind_projection_rechecks_same_revocation (test_p15_review_regressions.GrowthVisibilityReview.test_existing_mind_projection_rechecks_same_revocation) ... ok
test_growth_projection_rechecks_revocation_before_returning_details (test_p15_review_regressions.GrowthVisibilityReview.test_growth_projection_rechecks_revocation_before_returning_details) ... ok
test_unchanged_permission_allows_growth_without_state_writes (test_p15_review_regressions.GrowthVisibilityReview.test_unchanged_permission_allows_growth_without_state_writes) ... ok
test_deleted_history_cannot_be_reopened_by_stale_active_projection (test_p15_review_regressions.LifecyclePersistenceReview.test_deleted_history_cannot_be_reopened_by_stale_active_projection) ... ok
test_genuine_legacy_without_lifecycle_history_stays_compatible (test_p15_review_regressions.LifecyclePersistenceReview.test_genuine_legacy_without_lifecycle_history_stays_compatible) ... ok
test_suspended_history_cannot_downgrade_to_legacy_by_missing_field (test_p15_review_regressions.LifecyclePersistenceReview.test_suspended_history_cannot_downgrade_to_legacy_by_missing_field) ... ok
test_unmodified_suspended_state_stays_blocked (test_p15_review_regressions.LifecyclePersistenceReview.test_unmodified_suspended_state_stays_blocked) ... ok

----------------------------------------------------------------------
Ran 26 tests in 58.999s

OK
