test_export_requires_both_explicit_policy_and_current_permission (test_p15_repair_edges.GrowthProjectionRepairTests.test_export_requires_both_explicit_policy_and_current_permission) ... ok
test_permission_expiration_during_read_denies_without_observer_writes (test_p15_repair_edges.GrowthProjectionRepairTests.test_permission_expiration_during_read_denies_without_observer_writes) ... ok
test_state_revision_change_during_read_denies_without_writes (test_p15_repair_edges.GrowthProjectionRepairTests.test_state_revision_change_during_read_denies_without_writes) ... ok
test_wrong_subject_from_state_port_denied_without_writes (test_p15_repair_edges.GrowthProjectionRepairTests.test_wrong_subject_from_state_port_denied_without_writes) ... ok
test_current_owner_environment_and_subject_tampering_rejected_without_writes (test_p15_repair_edges.LifecycleArchiveRepairTests.test_current_owner_environment_and_subject_tampering_rejected_without_writes) ... ok
test_direct_save_rejects_current_snapshot_with_missing_lifecycle (test_p15_repair_edges.LifecycleArchiveRepairTests.test_direct_save_rejects_current_snapshot_with_missing_lifecycle) ... ok
test_event_and_change_lifecycle_disagreement_rejected (test_p15_repair_edges.LifecycleArchiveRepairTests.test_event_and_change_lifecycle_disagreement_rejected) ... ok
test_history_command_identity_cannot_rebind_owner (test_p15_repair_edges.LifecycleArchiveRepairTests.test_history_command_identity_cannot_rebind_owner) ... ok
test_lifecycle_change_before_value_must_follow_original_history (test_p15_repair_edges.LifecycleArchiveRepairTests.test_lifecycle_change_before_value_must_follow_original_history) ... ok
test_true_legacy_can_introduce_lifecycle_and_replay_after_resume (test_p15_repair_edges.LifecycleArchiveRepairTests.test_true_legacy_can_introduce_lifecycle_and_replay_after_resume) ... ok
test_existing_mind_projection_rechecks_same_revocation (test_p15_review_regressions.GrowthVisibilityReview.test_existing_mind_projection_rechecks_same_revocation) ... ok
test_growth_projection_rechecks_revocation_before_returning_details (test_p15_review_regressions.GrowthVisibilityReview.test_growth_projection_rechecks_revocation_before_returning_details) ... ok
test_unchanged_permission_allows_growth_without_state_writes (test_p15_review_regressions.GrowthVisibilityReview.test_unchanged_permission_allows_growth_without_state_writes) ... ok
test_deleted_history_cannot_be_reopened_by_stale_active_projection (test_p15_review_regressions.LifecyclePersistenceReview.test_deleted_history_cannot_be_reopened_by_stale_active_projection) ... ok
test_genuine_legacy_without_lifecycle_history_stays_compatible (test_p15_review_regressions.LifecyclePersistenceReview.test_genuine_legacy_without_lifecycle_history_stays_compatible) ... ok
test_suspended_history_cannot_downgrade_to_legacy_by_missing_field (test_p15_review_regressions.LifecyclePersistenceReview.test_suspended_history_cannot_downgrade_to_legacy_by_missing_field) ... ok
test_unmodified_suspended_state_stays_blocked (test_p15_review_regressions.LifecyclePersistenceReview.test_unmodified_suspended_state_stays_blocked) ... ok
test_legacy_state_is_active_without_rewriting_serialization (test_p15_subject_lifecycle.SubjectLifecycleModelTests.test_legacy_state_is_active_without_rewriting_serialization) ... ok
test_policy_is_unconfigured_until_explicit_test_decision (test_p15_subject_lifecycle.SubjectLifecycleModelTests.test_policy_is_unconfigured_until_explicit_test_decision) ... ok
test_subject_intent_is_not_owner_command_or_deletion (test_p15_subject_lifecycle.SubjectLifecycleModelTests.test_subject_intent_is_not_owner_command_or_deletion) ... ok
test_transition_table_preserves_terminal_deleted (test_p15_subject_lifecycle.SubjectLifecycleModelTests.test_transition_table_preserves_terminal_deleted) ... ok
test_action_gate_denial_is_zero_write (test_p15_subject_lifecycle.SubjectLifecycleServiceTests.test_action_gate_denial_is_zero_write) ... ok
test_archive_unconfigured_and_deleted_terminal (test_p15_subject_lifecycle.SubjectLifecycleServiceTests.test_archive_unconfigured_and_deleted_terminal) ... ok
test_c1_new_request_paused_zero_journal_provider_or_receipt (test_p15_subject_lifecycle.SubjectLifecycleServiceTests.test_c1_new_request_paused_zero_journal_provider_or_receipt) ... ok
test_create_suspend_restart_resume_and_replay (test_p15_subject_lifecycle.SubjectLifecycleServiceTests.test_create_suspend_restart_resume_and_replay) ... ok
test_paused_state_cannot_be_changed_by_ordinary_event (test_p15_subject_lifecycle.SubjectLifecycleServiceTests.test_paused_state_cannot_be_changed_by_ordinary_event) ... ok
test_revoked_confirmation_and_stale_command_zero_writes (test_p15_subject_lifecycle.SubjectLifecycleServiceTests.test_revoked_confirmation_and_stale_command_zero_writes) ... ok
test_same_command_identity_different_contents_is_conflict (test_p15_subject_lifecycle.SubjectLifecycleServiceTests.test_same_command_identity_different_contents_is_conflict) ... ok
test_scheduler_paused_zero_attempt_resource_notification_then_resume (test_p15_subject_lifecycle.SubjectLifecycleServiceTests.test_scheduler_paused_zero_attempt_resource_notification_then_resume) ... ok
test_subject_intent_preserves_state_and_owner_identity (test_p15_subject_lifecycle.SubjectLifecycleServiceTests.test_subject_intent_preserves_state_and_owner_identity) ... ok

----------------------------------------------------------------------
Ran 30 tests in 9.158s

OK
