{"test": "tests.test_w02_integration.W02IntegratedChainTests.test_partial_failure_reopen_read_original_progress_and_resume_once", "stage": "before-TEST-cleanup", "files": {"s/.p01-sandbox-root.v1.json": {"bytes": 98, "sha256": "3ced39d6b395df89d9b1f34e1b3faf46c14ccc6edab679a616f588a978e002f7"}, "s/s/sa89e2d8a/b/b725012d8/branch-manifest.v1.json": {"bytes": 243, "sha256": "7d2242273a6c2b0e1bc9a80c34b293fc7c5f3bdfa702d4bd5d03e8c7c48660cd"}, "s/s/sa89e2d8a/b/b725012d8/data/awakening/cycles/71af7b341d320efe5b2af0a5ce71479a8ac8ef571a86c1a4b222e8ebb08a1648.json": {"bytes": 253, "sha256": "8ba70b20ea88f8f2f7fd29e3616118729868ab144563d325b157078df442d5c1"}, "s/s/sa89e2d8a/b/b725012d8/data/awakening/sessions/6a3dc78fa45c040666d6f3a914b6e14b80b72f312a4442285e96c2f4db6d70b6/60d2ceb61a1c721565bf8e406a97c5ed1e3ea0aa4e9f335fb70bafbc0eac98f9.json": {"bytes": 10657, "sha256": "c235bc6e13a8520c2df0c67e033f335d73633fd57a1a289eb4462a6c337e2f3a"}, "s/s/sa89e2d8a/b/b725012d8/data/c1-receipts/p08-fake-receipts.json": {"bytes": 148, "sha256": "a411df96a3b6eea514baf41f59d45ab70c55b96ee9f28e118d79525ea3bfe8c8"}, "s/s/sa89e2d8a/b/b725012d8/data/clock/subject-clock.v1.json": {"bytes": 109, "sha256": "9215b6977c7811370330d01c8bfe7e63b8e43ba8b12a8f09d85b24e7efac24ad"}, "s/s/sa89e2d8a/b/b725012d8/data/contradiction/test/6a3dc78fa45c040666d6f3a914b6e14b80b72f312a4442285e96c2f4db6d70b6.json": {"bytes": 228, "sha256": "0f36f9eeea222d9b4dff0058cf735ef102c2b61c5994d7ae4aa683023c5383f3"}, "s/s/sa89e2d8a/b/b725012d8/data/external-providers/test/fa54ac5688fc2d65058dc6fe54df9c33deb55c1a44d1c61b2189d815e3243597/cache.json": {"bytes": 214, "sha256": "63b03235a0fb79cfe3b2d6a010e06d622106daccff5ce59c37e95dfd91ceac31"}, "s/s/sa89e2d8a/b/b725012d8/data/external-providers/test/fa54ac5688fc2d65058dc6fe54df9c33deb55c1a44d1c61b2189d815e3243597/registry.json": {"bytes": 1850, "sha256": "bef88e99e90ab13051807012c11a625dd2a503b7b3315abd36053a4d4b25c7de"}, "s/s/sa89e2d8a/b/b725012d8/data/fixture/c1-profile.v1.json": {"bytes": 102, "sha256": "3d83f3d8e4ce7515c243bf994f651dfc43b280f52a2cf3fd08e788ffde04fa21"}, "s/s/sa89e2d8a/b/b725012d8/data/fixture/p16-control.json": {"bytes": 504, "sha256": "bc56062da939789cbc6bba7a4fd3ef61837446dcdc445bcc3ce5f38fe56965a6"}, "s/s/sa89e2d8a/b/b725012d8/data/fixture/p16-profile.json": {"bytes": 96, "sha256": "6d0d56511ad7b0c6770974ccf312ef1c447aabc945e0d3dab4dea1d9c0244aa8"}, "s/s/sa89e2d8a/b/b725012d8/data/fixture/state-fixture.v1.json": {"bytes": 635, "sha256": "35a60529a76cb111e8395486e9e809d4c5fcb42f22a5b2dc8b272c5c8aeef0d6"}, "s/s/sa89e2d8a/b/b725012d8/data/integration/capability-ledger.v1.json": {"bytes": 82, "sha256": "95f292f0db842e43cccb490ce10bbeefd3bab92d43fa69f4bb1b6188d4ed43de"}, "s/s/sa89e2d8a/b/b725012d8/data/integration/operation-journal.first-round-v1.json": {"bytes": 172087, "sha256": "329e77f77c105c8ee1c6c1871425d890d610a114bcf7032d912b555fc191b03d"}, "s/s/sa89e2d8a/b/b725012d8/data/integration/result-ledger.first-round-v1.json": {"bytes": 63, "sha256": "5407f91ac04019966f84bfbad51ebc1fb904bd085a6579febfa75a9ea068592a"}, "s/s/sa89e2d8a/b/b725012d8/data/integration/subject-binding.runtime-v1.json": {"bytes": 613, "sha256": "eb6aa1701de627b82448e54a40c0f4ba12ff9d95a224c2df6205af7e71b31b32"}, "s/s/sa89e2d8a/b/b725012d8/data/learning/6a3dc78fa45c040666d6f3a914b6e14b80b72f312a4442285e96c2f4db6d70b6.json": {"bytes": 2154, "sha256": "985404bd35865c15e01c088643c29565d87391fce51ab417b5ca4eef3d9a2475"}, "s/s/sa89e2d8a/b/b725012d8/data/memory/test/6a3dc78fa45c040666d6f3a914b6e14b80b72f312a4442285e96c2f4db6d70b6.json": {"bytes": 302, "sha256": "ffc4ec1e75784ba8a4799ad34cdf77e4b05864022d4a43e61a73f748b47782a0"}, "s/s/sa89e2d8a/b/b725012d8/data/p16-fake/facts.json": {"bytes": 140, "sha256": "473f70b9d919c98afebcde4924af3ba7613e447289fe91f78da10be956a9731e"}, "s/s/sa89e2d8a/b/b725012d8/data/resources/6a3dc78fa45c040666d6f3a914b6e14b80b72f312a4442285e96c2f4db6d70b6.json": {"bytes": 437, "sha256": "abd9cb42c92c34849902b127a6225ec22c7a81a3ec0897f535e214d2eb7f8669"}, "s/s/sa89e2d8a/b/b725012d8/data/subject-state/6a3dc78fa45c040666d6f3a914b6e14b80b72f312a4442285e96c2f4db6d70b6.json": {"bytes": 4912, "sha256": "a97ef258db0be1a00983f2afb1c464ecf507b6a7851adb42f6f812a3d43e2deb"}, "s/s/sa89e2d8a/b/b725012d8/data/test-actions/action-sessions.v1.json": {"bytes": 128, "sha256": "1ec30b3187eb9124161f9ae8604611d43cc087cdaf9d74e2bfba1fba98c9d774"}, "s/s/sa89e2d8a/b/b725012d8/data/test-indexes/events.v1.json": {"bytes": 138, "sha256": "d64ed8a2eb678b65e635a7c500e547ac131f33f33beb361a224b76b807ccaf10"}, "s/s/sa89e2d8a/b/b725012d8/data/test-indexes/evolution.v1.json": {"bytes": 141, "sha256": "903abefa05624939cb78040c3da44e961a113e86c921a1adcdab2aced0d2f022"}, "s/s/sa89e2d8a/b/b725012d8/data/test-indexes/relationship-state.v1.json": {"bytes": 150, "sha256": "27ca6ce1d57e6e5a13422599d20c53583f3aa2348147d44c6798e7badd3ad647"}, "s/s/sa89e2d8a/b/b725012d8/data/test-indexes/state-mutations.v1.json": {"bytes": 147, "sha256": "a5ee290fb416de842f146c95a4d7c55a70bff944afc83b4e2239e6d2d2a1e6e1"}, "s/s/sa89e2d8a/b/b725012d8/data/test-indexes/thinking-sessions.v1.json": {"bytes": 149, "sha256": "d55144d38525dd3bab1a202a401168f56bab08f63210f5dcea3f17852146e980"}, "s/s/sa89e2d8a/b/b725012d8/data/test-indexes/wake-sessions.v1.json": {"bytes": 145, "sha256": "bfb686e677dfc956ba5bba2b7212faaa3e3d0e6c19d43b9b95a2bedc7b502f1e"}, "s/s/sa89e2d8a/b/b725012d8/data/test-memory/memory-ledger.v1.json": {"bytes": 631, "sha256": "b7e27e3509039f57cc4953a46c06238aa97d82f0a4f855525652d8547e859962"}, "s/s/sa89e2d8a/b/b725012d8/data/test-trace/subject-clock-trace.v1.json": {"bytes": 1558, "sha256": "144896605fb00fce53af08145b8d938f6600ea6a53f50eab449cc67be1f4617c"}, "s/s/sa89e2d8a/b/b725012d8/data/w02c-fake/roots.json": {"bytes": 134, "sha256": "91639391aec5d25bb34791b0d763bbba00306a22c23233b3b715d29cc5829a3a"}, "s/s/sa89e2d8a/sandbox-manifest.v1.json": {"bytes": 934, "sha256": "f50bc51f3f6c1ad5f699437ccb108741063a6358bca1216f2dd3cbe6ab23776d"}, "s/sandbox-registry.v1.json": {"bytes": 488, "sha256": "f6efc6752aac8cebf540ae2ea228aab14af4e7ad570879db44203c634e9916d3"}}}
======================================================================
ERROR: test_partial_failure_reopen_read_original_progress_and_resume_once (tests.test_w02_integration.W02IntegratedChainTests.test_partial_failure_reopen_read_original_progress_and_resume_once)
----------------------------------------------------------------------
Traceback (most recent call last):
  File "C:\Users\Administrator\Documents\continuity-engine\src\continuity_engine\services\continuity_interaction_service.py", line 291, in _submit
    operation, thinking_execution = self._run_domain(request, operation, binding)
                                    ~~~~~~~~~~~~~~~~^^^^^^^^^^^^^^^^^^^^^^^^^^^^^
  File "C:\Users\Administrator\Documents\continuity-engine\src\continuity_engine\services\continuity_interaction_service.py", line 891, in _run_domain
    self._validate_core_before_thinking(perception)
    ~~~~~~~~~~~~~~~~~~~~~~~~~~~~~~~~~~~^^^^^^^^^^^^
  File "C:\Users\Administrator\Documents\continuity-engine\src\continuity_engine\services\continuity_interaction_service.py", line 1214, in _validate_core_before_thinking
    self._continuity_core.before_thinking(perception)
    ~~~~~~~~~~~~~~~~~~~~~~~~~~~~~~~~~~~~~^^^^^^^^^^^^
  File "C:\Users\Administrator\Documents\continuity-engine\src\continuity_engine\services\continuity_core_service.py", line 446, in before_thinking
    self.input_processing.verify_receipts(self.input_processing.source.ledger.load_operation(context.route.plan.request.request_id))
    ~~~~~~~~~~~~~~~~~~~~~~~~~~~~~~~~~~~~~^^^^^^^^^^^^^^^^^^^^^^^^^^^^^^^^^^^^^^^^^^^^^^^^^^^^^^^^^^^^^^^^^^^^^^^^^^^^^^^^^^^^^^^^^^^
  File "C:\Users\Administrator\Documents\continuity-engine\src\continuity_engine\services\input_processing_service.py", line 248, in verify_receipts
    raise CapabilityValidationError('INPUT_UNFINISHED_STATION_WITH_CONTEXT')
continuity_engine.domain.errors.CapabilityValidationError: INPUT_UNFINISHED_STATION_WITH_CONTEXT

The above exception was the direct cause of the following exception:

Traceback (most recent call last):
  File "C:\Users\Administrator\Documents\continuity-engine\tests\test_w02_integration.py", line 183, in test_partial_failure_reopen_read_original_progress_and_resume_once
    completed = f.submit(request)
  File "C:\Users\Administrator\Documents\continuity-engine\src\continuity_engine\testing\w02_c_fixture.py", line 85, in submit
    return self.base.submit(request)
           ~~~~~~~~~~~~~~~~^^^^^^^^^
  File "C:\Users\Administrator\Documents\continuity-engine\src\continuity_engine\testing\p16_provider_fixture.py", line 166, in submit
    request=request or self.request();value=self.app.adapter.submit(request)
                                            ~~~~~~~~~~~~~~~~~~~~~~~^^^^^^^^^
  File "C:\Users\Administrator\Documents\continuity-engine\src\continuity_engine\interfaces\integration_adapter.py", line 38, in submit
    return self._service.submit(payload)
           ~~~~~~~~~~~~~~~~~~~~^^^^^^^^^
  File "C:\Users\Administrator\Documents\continuity-engine\src\continuity_engine\services\continuity_interaction_service.py", line 187, in submit
    return self._submit(payload)
           ~~~~~~~~~~~~^^^^^^^^^
  File "C:\Users\Administrator\Documents\continuity-engine\src\continuity_engine\services\continuity_interaction_service.py", line 303, in _submit
    raise IntegrationExecutionError(
    ...<4 lines>...
    ) from exc
continuity_engine.domain.errors.IntegrationExecutionError: Local integration encountered an unexpected execution fault during domain.

----------------------------------------------------------------------
Ran 1 test in 0.871s

FAILED (errors=1)
