{"test": "tests.test_w02_integration.W02IntegratedChainTests.test_partial_derived_withdrawal_invalidates_integrated_reply_and_support", "stage": "before-TEST-cleanup", "files": {"s/.p01-sandbox-root.v1.json": {"bytes": 98, "sha256": "3ced39d6b395df89d9b1f34e1b3faf46c14ccc6edab679a616f588a978e002f7"}, "s/s/sa777e22d/b/b0fcbd94f/branch-manifest.v1.json": {"bytes": 243, "sha256": "7eb1c30c0f97aba18579825562d754c593de2ea33f5e6de39284d3a0f09c0443"}, "s/s/sa777e22d/b/b0fcbd94f/data/awakening/cycles/e47b17d587d0476b6ecf1a973a124d908fa2425c8b9351428171c80de365f5b4.json": {"bytes": 253, "sha256": "cfa1ad1892e24e7fbf3a95b7c19a14f0aaed1df9d19a7c17c817df6e5754fe2a"}, "s/s/sa777e22d/b/b0fcbd94f/data/awakening/sessions/f4fb7e6520d8dd140870bcc4e8f831656eacbbbb68400db11d6aa37cbe90891a/4d19057e2a2ba84e89086f15a15efa987f62743f362e1c7df5e38a4c76351d45.json": {"bytes": 10657, "sha256": "7dae9e12c7edc079bd67431bfdbc84218b2bfa63bb620f3cf171d75d0a015ff3"}, "s/s/sa777e22d/b/b0fcbd94f/data/awakening/sessions/f4fb7e6520d8dd140870bcc4e8f831656eacbbbb68400db11d6aa37cbe90891a/4ecb3c2815aefedc34330473e7e4b2782e51a5650d792b39d4cb3c0490230867.json": {"bytes": 10657, "sha256": "0d481743d2343895c2cf89b3143b03f91a563e129de47ff93278084533bbc8b1"}, "s/s/sa777e22d/b/b0fcbd94f/data/awakening/sessions/f4fb7e6520d8dd140870bcc4e8f831656eacbbbb68400db11d6aa37cbe90891a/53bfa68a6b23083f22f4d8472136c862b0026aa62c77a05bb75863e7a05179f8.json": {"bytes": 10657, "sha256": "55ee5f32db4b734d5cb030a1d0c196ed5ef7fa40b47602d7705fd8123947ba51"}, "s/s/sa777e22d/b/b0fcbd94f/data/awakening/sessions/f4fb7e6520d8dd140870bcc4e8f831656eacbbbb68400db11d6aa37cbe90891a/998a1fad38417a95b02b333b4aba39f574004c85991477d7e5df2fd14750a419.json": {"bytes": 10657, "sha256": "28afdb422c06897053fc70a9e782ee392dd49683f9a46c95136f314a36035f62"}, "s/s/sa777e22d/b/b0fcbd94f/data/c1-receipts/p08-fake-receipts.json": {"bytes": 148, "sha256": "a411df96a3b6eea514baf41f59d45ab70c55b96ee9f28e118d79525ea3bfe8c8"}, "s/s/sa777e22d/b/b0fcbd94f/data/clock/subject-clock.v1.json": {"bytes": 109, "sha256": "244a45385eae91e35d8844e3eb07a33be35f82c8996a6503e86d683db20572b4"}, "s/s/sa777e22d/b/b0fcbd94f/data/contradiction/test/f4fb7e6520d8dd140870bcc4e8f831656eacbbbb68400db11d6aa37cbe90891a.json": {"bytes": 228, "sha256": "d539c9c36fd44ca6fa71ac4d598e97a818736fb5fe200981deed59407037895e"}, "s/s/sa777e22d/b/b0fcbd94f/data/external-providers/test/15ca4ef0ff89330cf6cf02af303db76dcd2ec550178c860c9633e211821b578e/cache.json": {"bytes": 5424, "sha256": "5e476435d6b0cb94d00edae2293f10b21494c95c62c710677f99fe18baa249d8"}, "s/s/sa777e22d/b/b0fcbd94f/data/external-providers/test/15ca4ef0ff89330cf6cf02af303db76dcd2ec550178c860c9633e211821b578e/registry.json": {"bytes": 1850, "sha256": "b8b13516ff74764bf877d7b6dc925dd274279cc1bef93c749161b9d1dc883dc1"}, "s/s/sa777e22d/b/b0fcbd94f/data/fixture/c1-profile.v1.json": {"bytes": 102, "sha256": "9cb950c41994dcc3e97669e980974570955379c125bbc8767595565e0690dc79"}, "s/s/sa777e22d/b/b0fcbd94f/data/fixture/p16-control.json": {"bytes": 504, "sha256": "f5ebbb8f01c061bbfb6c5079b900f6de593ac972bf8548481f36c56ccfa29683"}, "s/s/sa777e22d/b/b0fcbd94f/data/fixture/p16-profile.json": {"bytes": 96, "sha256": "32a2162b1d9eb425f31214a2bae14d1855d35caa3d8b275a4b768623f6d0c95d"}, "s/s/sa777e22d/b/b0fcbd94f/data/fixture/state-fixture.v1.json": {"bytes": 635, "sha256": "7ec594b1f62baf8be1ad2d9be567cd27e254a51a3d9944acfd830eaa25fd9144"}, "s/s/sa777e22d/b/b0fcbd94f/data/integration/capability-ledger.v1.json": {"bytes": 29609, "sha256": "d6ee4411cc7c4aa0f5fa561ee9a015b8e38b6e3b69868116b5976fb8690a6d60"}, "s/s/sa777e22d/b/b0fcbd94f/data/integration/operation-journal.first-round-v1.json": {"bytes": 632279, "sha256": "09ceb92288e5608c4bada77f8101d09fad8daf1205443e26fb92e561de294ee2"}, "s/s/sa777e22d/b/b0fcbd94f/data/integration/result-ledger.first-round-v1.json": {"bytes": 4635, "sha256": "00dcfac80765fa106d3323237eb50cc55891dd9aa0492da2cc899ea0419676e6"}, "s/s/sa777e22d/b/b0fcbd94f/data/integration/subject-binding.runtime-v1.json": {"bytes": 613, "sha256": "ae7262138f42ee92255de9239cbbbd1a05b316c8180c7242331dd645d65f046c"}, "s/s/sa777e22d/b/b0fcbd94f/data/learning/f4fb7e6520d8dd140870bcc4e8f831656eacbbbb68400db11d6aa37cbe90891a.json": {"bytes": 2154, "sha256": "49fd92cb47d99c5ff37f096e8cf09a3042028107d4a53d45cd72f0f2b91f4dc8"}, "s/s/sa777e22d/b/b0fcbd94f/data/memory/test/f4fb7e6520d8dd140870bcc4e8f831656eacbbbb68400db11d6aa37cbe90891a.json": {"bytes": 4202, "sha256": "b953bde72f396f7a4d0572e7b7dc1c63395f108f3182fa10f9830c1160c9a16c"}, "s/s/sa777e22d/b/b0fcbd94f/data/p16-fake/facts.json": {"bytes": 5643, "sha256": "b08cd7cfbaaad8c7444f815628aff0acc509fcc6b7e0941724ca2ea896b62741"}, "s/s/sa777e22d/b/b0fcbd94f/data/resources/f4fb7e6520d8dd140870bcc4e8f831656eacbbbb68400db11d6aa37cbe90891a.json": {"bytes": 437, "sha256": "faa110b5ccaa810ae0d10e4406f8bbd6fa2532e940315efcd738032af2704e1b"}, "s/s/sa777e22d/b/b0fcbd94f/data/subject-state/f4fb7e6520d8dd140870bcc4e8f831656eacbbbb68400db11d6aa37cbe90891a.json": {"bytes": 4912, "sha256": "95f6f988b99cf8ee9834b4962f97eeb2b2941a9dc1f52a8ebd60ba843f6460ab"}, "s/s/sa777e22d/b/b0fcbd94f/data/test-actions/action-sessions.v1.json": {"bytes": 128, "sha256": "7268e4bdef125417b41ee051845012e78091abd64d49feab04b1563dd3039eac"}, "s/s/sa777e22d/b/b0fcbd94f/data/test-indexes/events.v1.json": {"bytes": 138, "sha256": "396351ef9dd0b59d7410c8d9170045af929d4452cb645d81cfca93cfcc6189ac"}, "s/s/sa777e22d/b/b0fcbd94f/data/test-indexes/evolution.v1.json": {"bytes": 141, "sha256": "dbf2f26329b5043f32a0941e885c8de003e245995266bc0a14e773670326e7dd"}, "s/s/sa777e22d/b/b0fcbd94f/data/test-indexes/relationship-state.v1.json": {"bytes": 150, "sha256": "994c2e69b83831553f27ecc82e400136a390b79e10920412380615b8880d89ec"}, "s/s/sa777e22d/b/b0fcbd94f/data/test-indexes/state-mutations.v1.json": {"bytes": 147, "sha256": "2b5dafec2b16d44549a33487bd2d8ea2eab3d6078459a8f55e37b130fb16d47c"}, "s/s/sa777e22d/b/b0fcbd94f/data/test-indexes/thinking-sessions.v1.json": {"bytes": 149, "sha256": "8da23b21a57fbb0c99b8c975027596de50ba66258965fe9e54fee3406c2369b2"}, "s/s/sa777e22d/b/b0fcbd94f/data/test-indexes/wake-sessions.v1.json": {"bytes": 145, "sha256": "494b51c6fba484e7097ca39863a13d109da5f6e14a29388ce5cd7bafc7aa38b5"}, "s/s/sa777e22d/b/b0fcbd94f/data/test-memory/memory-ledger.v1.json": {"bytes": 631, "sha256": "53bba40a581534b2db9a0bf5043e621f875821aa5b45900d3cfe238227e3fd6a"}, "s/s/sa777e22d/b/b0fcbd94f/data/test-trace/subject-clock-trace.v1.json": {"bytes": 1558, "sha256": "793e3331b546a1080332cca4af0cf143e03d4c1459c7e8e7446fef0083bdf314"}, "s/s/sa777e22d/b/b0fcbd94f/data/thinking/sessions/f4fb7e6520d8dd140870bcc4e8f831656eacbbbb68400db11d6aa37cbe90891a/1915c1d8e8e982f40ae149f0e0ab70a8f429fb7a3c7cd6172f5a0f000c8d3e45.json": {"bytes": 77530, "sha256": "636ce48f2b6b5adfc100f5861e5f8bae1b097e1ba7f8c85677c21e68f56f0894"}, "s/s/sa777e22d/b/b0fcbd94f/data/thinking/sessions/f4fb7e6520d8dd140870bcc4e8f831656eacbbbb68400db11d6aa37cbe90891a/2cd7fe2c680481a0b9c9a7cbcdff7debbd3d2d2692ddeb65f627ee16c627a322.json": {"bytes": 65215, "sha256": "ac476f366faaa98520442c37ca81e64e7640884429655e3cd9d3dc93f238615b"}, "s/s/sa777e22d/b/b0fcbd94f/data/thinking/sessions/f4fb7e6520d8dd140870bcc4e8f831656eacbbbb68400db11d6aa37cbe90891a/3576d404ba010c72eb76311df6863b0f57378aec8d3b31bccba0642fde4afe22.json": {"bytes": 73674, "sha256": "d687bd3d6aaacdc93713e44de3c2428817aa09ede2d0f7ad7fd7ea516dd4c344"}, "s/s/sa777e22d/b/b0fcbd94f/data/w02c-fake/roots.json": {"bytes": 1585, "sha256": "6e97dd8f16bf13b0a890c028bb0539a16390bb808363b6041d9ddbf48b0c5406"}, "s/s/sa777e22d/sandbox-manifest.v1.json": {"bytes": 934, "sha256": "36d420cb6d7ae021b7e2993699152c789426cdcabbd47256ba35105591196e9a"}, "s/sandbox-registry.v1.json": {"bytes": 488, "sha256": "2741dae56eeb8c3d84771e28a20a6804769500519b1cff782558f3e60b4deb72"}}}
{"test": "tests.test_w02_integration.W02IntegratedChainTests.test_partial_failure_reopen_read_original_progress_and_resume_once", "stage": "before-TEST-cleanup", "files": {"s/.p01-sandbox-root.v1.json": {"bytes": 98, "sha256": "3ced39d6b395df89d9b1f34e1b3faf46c14ccc6edab679a616f588a978e002f7"}, "s/s/s7bbb97c4/b/b8073ac40/branch-manifest.v1.json": {"bytes": 243, "sha256": "369d438cb640594e90d88a3d3a3e4eb16e77f284b561cda761d068e5291785a7"}, "s/s/s7bbb97c4/b/b8073ac40/data/awakening/cycles/9b027349d4b6b3b7a4d424c8637652e293c61625ce6f890c55a9bc5e66cec57e.json": {"bytes": 253, "sha256": "4f41069e8df288b4e028bf0a43196c740fa87cd8aaf986e296132250cab77493"}, "s/s/s7bbb97c4/b/b8073ac40/data/awakening/sessions/11b7c6088942358d0099456f591140541eaa5e1b0e4a07003ca83acee48669ec/ac23f50760390231c1f1fafe61d6e0ac6540998cf33ff83b4298defa304ea547.json": {"bytes": 10657, "sha256": "bd785c038c4dfe5d4f3a3b1b1021607ea88fbfb4c4a71b36c4bd46da5d4bd590"}, "s/s/s7bbb97c4/b/b8073ac40/data/c1-receipts/p08-fake-receipts.json": {"bytes": 148, "sha256": "a411df96a3b6eea514baf41f59d45ab70c55b96ee9f28e118d79525ea3bfe8c8"}, "s/s/s7bbb97c4/b/b8073ac40/data/clock/subject-clock.v1.json": {"bytes": 109, "sha256": "9215b6977c7811370330d01c8bfe7e63b8e43ba8b12a8f09d85b24e7efac24ad"}, "s/s/s7bbb97c4/b/b8073ac40/data/contradiction/test/11b7c6088942358d0099456f591140541eaa5e1b0e4a07003ca83acee48669ec.json": {"bytes": 228, "sha256": "55a5015962e8d5431bed1f1c7da3b62ac0c488ffc210b08b9f50e9365fff4cba"}, "s/s/s7bbb97c4/b/b8073ac40/data/external-providers/test/a9dcabaf358e66e71733fbf44cb6d85029ae384aae32c3eeab9031d567d58444/cache.json": {"bytes": 214, "sha256": "dd341acc226eb8d5f9b1748fdd983bd1549bb895f03c533007c5497ff0309193"}, "s/s/s7bbb97c4/b/b8073ac40/data/external-providers/test/a9dcabaf358e66e71733fbf44cb6d85029ae384aae32c3eeab9031d567d58444/registry.json": {"bytes": 1850, "sha256": "35300710c8ea4847e8acdb0c5c8f40ee984633c7452d4709b40d7919109b2f53"}, "s/s/s7bbb97c4/b/b8073ac40/data/fixture/c1-profile.v1.json": {"bytes": 102, "sha256": "82c2e5c0615371b404f33d080f67994b8901439bf36750a5a7bd1b4227f9cf96"}, "s/s/s7bbb97c4/b/b8073ac40/data/fixture/p16-control.json": {"bytes": 504, "sha256": "3042e39dc850e0d0c06a8fcba2b0e09ea249ce4982e266653430d8aa1b2812e6"}, "s/s/s7bbb97c4/b/b8073ac40/data/fixture/p16-profile.json": {"bytes": 96, "sha256": "c57c0a43d388dac2d43695c6daa29720697eb2a678d4561b5e9378c992c0ed6f"}, "s/s/s7bbb97c4/b/b8073ac40/data/fixture/state-fixture.v1.json": {"bytes": 635, "sha256": "083f97fd071a7f8f307043930a6e2c11f6b2f861e68c8fd8476597b2a7b14e25"}, "s/s/s7bbb97c4/b/b8073ac40/data/integration/capability-ledger.v1.json": {"bytes": 82, "sha256": "95f292f0db842e43cccb490ce10bbeefd3bab92d43fa69f4bb1b6188d4ed43de"}, "s/s/s7bbb97c4/b/b8073ac40/data/integration/operation-journal.first-round-v1.json": {"bytes": 172087, "sha256": "7f3ac8d55c44edfafae2db43f90fd212046ff83c83abd49cdd07257d88302b3a"}, "s/s/s7bbb97c4/b/b8073ac40/data/integration/result-ledger.first-round-v1.json": {"bytes": 63, "sha256": "5407f91ac04019966f84bfbad51ebc1fb904bd085a6579febfa75a9ea068592a"}, "s/s/s7bbb97c4/b/b8073ac40/data/integration/subject-binding.runtime-v1.json": {"bytes": 613, "sha256": "e67377407742c1bef7d081d346a4d93a73cf3baf83e9d9c8bf7c239867caefaa"}, "s/s/s7bbb97c4/b/b8073ac40/data/learning/11b7c6088942358d0099456f591140541eaa5e1b0e4a07003ca83acee48669ec.json": {"bytes": 2154, "sha256": "2ddf41167288022d0b1f367e93b07228787d80891ca267977dc1102898640b3b"}, "s/s/s7bbb97c4/b/b8073ac40/data/memory/test/11b7c6088942358d0099456f591140541eaa5e1b0e4a07003ca83acee48669ec.json": {"bytes": 302, "sha256": "4052170c2af0c2d615f5ddf48ebebf5de6a99602fccbead972ecc6a7ab010c74"}, "s/s/s7bbb97c4/b/b8073ac40/data/p16-fake/facts.json": {"bytes": 140, "sha256": "473f70b9d919c98afebcde4924af3ba7613e447289fe91f78da10be956a9731e"}, "s/s/s7bbb97c4/b/b8073ac40/data/resources/11b7c6088942358d0099456f591140541eaa5e1b0e4a07003ca83acee48669ec.json": {"bytes": 437, "sha256": "76a9abfa3f6b877a90d50ac5d26a187281049888f2b5465286c6596b4c086da7"}, "s/s/s7bbb97c4/b/b8073ac40/data/subject-state/11b7c6088942358d0099456f591140541eaa5e1b0e4a07003ca83acee48669ec.json": {"bytes": 4912, "sha256": "275f138f4adb931a10a833653ba414a8449202f466a5e399b43810e127a468f7"}, "s/s/s7bbb97c4/b/b8073ac40/data/test-actions/action-sessions.v1.json": {"bytes": 128, "sha256": "36d7b679767a6cb73d899c97294d0aa8c62a623e2e378b08782e72fddf5483ff"}, "s/s/s7bbb97c4/b/b8073ac40/data/test-indexes/events.v1.json": {"bytes": 138, "sha256": "b4edcc78fa405151bfc1c4817b07161ce62e02a3a8cc5944250d35b9eaa29e0c"}, "s/s/s7bbb97c4/b/b8073ac40/data/test-indexes/evolution.v1.json": {"bytes": 141, "sha256": "5433fde2c13f7cb104b0d181887f236e6795b75f4a3e652aeb63bfc137956a7a"}, "s/s/s7bbb97c4/b/b8073ac40/data/test-indexes/relationship-state.v1.json": {"bytes": 150, "sha256": "97624864180b5d504d9ee5cffd0a3640622121112e93e77de9dce09ccc4f8d64"}, "s/s/s7bbb97c4/b/b8073ac40/data/test-indexes/state-mutations.v1.json": {"bytes": 147, "sha256": "40df51866624345cac28e32412b02d6421a4c32862fa24a04d75cbd2e6c46054"}, "s/s/s7bbb97c4/b/b8073ac40/data/test-indexes/thinking-sessions.v1.json": {"bytes": 149, "sha256": "2ce6d78ffcdc3f96bd39fdbd8de1ea07f8562d2d788b9dbf289bee3046889cf0"}, "s/s/s7bbb97c4/b/b8073ac40/data/test-indexes/wake-sessions.v1.json": {"bytes": 145, "sha256": "e059dbb8f515857f630c8b6df5107ba7c354f9d3be831d0cc6aa72e104df5aff"}, "s/s/s7bbb97c4/b/b8073ac40/data/test-memory/memory-ledger.v1.json": {"bytes": 631, "sha256": "be65b61a696706a7f045e3e737f3e80b5c17143737e652ba19b5bd69108bed0d"}, "s/s/s7bbb97c4/b/b8073ac40/data/test-trace/subject-clock-trace.v1.json": {"bytes": 1558, "sha256": "e0ffcfb9c6d292110aa346aeb4835b24ae3bfe1087d219242c3164c166cd42e8"}, "s/s/s7bbb97c4/b/b8073ac40/data/w02c-fake/roots.json": {"bytes": 134, "sha256": "91639391aec5d25bb34791b0d763bbba00306a22c23233b3b715d29cc5829a3a"}, "s/s/s7bbb97c4/sandbox-manifest.v1.json": {"bytes": 934, "sha256": "e855d5fd110f98a1f58c6db5365817e0392da548083f52ef2ad71cc9ca49a447"}, "s/sandbox-registry.v1.json": {"bytes": 488, "sha256": "c09d4840d16c701488101d722a7a5445323371074cb86f73354302aa0319b52d"}}}
======================================================================
ERROR: test_partial_derived_withdrawal_invalidates_integrated_reply_and_support (tests.test_w02_integration.W02IntegratedChainTests.test_partial_derived_withdrawal_invalidates_integrated_reply_and_support)
----------------------------------------------------------------------
Traceback (most recent call last):
  File "C:\Users\Administrator\Documents\continuity-engine\src\continuity_engine\services\continuity_interaction_service.py", line 291, in _submit
    operation, thinking_execution = self._run_domain(request, operation, binding)
                                    ~~~~~~~~~~~~~~~~^^^^^^^^^^^^^^^^^^^^^^^^^^^^^
  File "C:\Users\Administrator\Documents\continuity-engine\src\continuity_engine\services\continuity_interaction_service.py", line 846, in _run_domain
    perception = self._continuity_core.prepare(perception, operation,
        **({'save_input': save_input} if operation.input_processing_enabled else {}),
        **({'save_recall':save_recall} if operation.recall_enabled else {}))
  File "C:\Users\Administrator\Documents\continuity-engine\src\continuity_engine\services\continuity_core_service.py", line 288, in prepare
    return self._prepare(perception, operation, save_input=save_input,save_recall=save_recall)
           ~~~~~~~~~~~~~^^^^^^^^^^^^^^^^^^^^^^^^^^^^^^^^^^^^^^^^^^^^^^^^^^^^^^^^^^^^^^^^^^^^^^
  File "C:\Users\Administrator\Documents\continuity-engine\src\continuity_engine\services\continuity_core_service.py", line 338, in _prepare
    route,composition,recall_record=self.recall.prepare(perception,operation,save_recall,
                                    ~~~~~~~~~~~~~~~~~~~^^^^^^^^^^^^^^^^^^^^^^^^^^^^^^^^^^
        attention=mind['influence']['attention'] if mind is not None else None)
        ^^^^^^^^^^^^^^^^^^^^^^^^^^^^^^^^^^^^^^^^^^^^^^^^^^^^^^^^^^^^^^^^^^^^^^^
  File "C:\Users\Administrator\Documents\continuity-engine\src\continuity_engine\services\associative_recall_service.py", line 90, in prepare
    return self._prepare(perception,operation,save,attention=attention)
           ~~~~~~~~~~~~~^^^^^^^^^^^^^^^^^^^^^^^^^^^^^^^^^^^^^^^^^^^^^^^
  File "C:\Users\Administrator\Documents\continuity-engine\src\continuity_engine\services\associative_recall_service.py", line 201, in _prepare
    raise CapabilityValidationError(stop)
continuity_engine.domain.errors.CapabilityValidationError: RECALL_TIMEOUT

The above exception was the direct cause of the following exception:

Traceback (most recent call last):
  File "C:\Users\Administrator\Documents\continuity-engine\tests\test_w02_integration.py", line 133, in test_partial_derived_withdrawal_invalidates_integrated_reply_and_support
    self.send('我又在吃螺蛳粉。')
    ~~~~~~~~~^^^^^^^^^^^^^^^^^^^^
  File "C:\Users\Administrator\Documents\continuity-engine\tests\test_w02_integration.py", line 50, in send
    self.f.submit(request)
    ~~~~~~~~~~~~~^^^^^^^^^
  File "C:\Users\Administrator\Documents\continuity-engine\src\continuity_engine\testing\w02_c_fixture.py", line 85, in submit
    return self.base.submit(request)
           ~~~~~~~~~~~~~~~~^^^^^^^^^
  File "C:\Users\Administrator\Documents\continuity-engine\src\continuity_engine\testing\p16_provider_fixture.py", line 166, in submit
    request=request or self.request();value=self.app.adapter.submit(request)
                                            ~~~~~~~~~~~~~~~~~~~~~~~^^^^^^^^^
  File "C:\Users\Administrator\Documents\continuity-engine\src\continuity_engine\interfaces\integration_adapter.py", line 38, in submit
    return self._service.submit(payload)
           ~~~~~~~~~~~~~~~~~~~~^^^^^^^^^
  File "C:\Users\Administrator\Documents\continuity-engine\src\continuity_engine\services\continuity_interaction_service.py", line 187, in submit
    return self._submit(payload)
           ~~~~~~~~~~~~^^^^^^^^^
  File "C:\Users\Administrator\Documents\continuity-engine\src\continuity_engine\services\continuity_interaction_service.py", line 303, in _submit
    raise IntegrationExecutionError(
    ...<4 lines>...
    ) from exc
continuity_engine.domain.errors.IntegrationExecutionError: Local integration encountered an unexpected execution fault during domain.

======================================================================
ERROR: test_partial_failure_reopen_read_original_progress_and_resume_once (tests.test_w02_integration.W02IntegratedChainTests.test_partial_failure_reopen_read_original_progress_and_resume_once)
----------------------------------------------------------------------
Traceback (most recent call last):
  File "C:\Users\Administrator\Documents\continuity-engine\src\continuity_engine\services\continuity_interaction_service.py", line 291, in _submit
    operation, thinking_execution = self._run_domain(request, operation, binding)
                                    ~~~~~~~~~~~~~~~~^^^^^^^^^^^^^^^^^^^^^^^^^^^^^
  File "C:\Users\Administrator\Documents\continuity-engine\src\continuity_engine\services\continuity_interaction_service.py", line 891, in _run_domain
    self._validate_core_before_thinking(perception)
    ~~~~~~~~~~~~~~~~~~~~~~~~~~~~~~~~~~~^^^^^^^^^^^^
  File "C:\Users\Administrator\Documents\continuity-engine\src\continuity_engine\services\continuity_interaction_service.py", line 1214, in _validate_core_before_thinking
    self._continuity_core.before_thinking(perception)
    ~~~~~~~~~~~~~~~~~~~~~~~~~~~~~~~~~~~~~^^^^^^^^^^^^
  File "C:\Users\Administrator\Documents\continuity-engine\src\continuity_engine\services\continuity_core_service.py", line 446, in before_thinking
    self.input_processing.verify_receipts(self.input_processing.source.ledger.load_operation(context.route.plan.request.request_id))
    ~~~~~~~~~~~~~~~~~~~~~~~~~~~~~~~~~~~~~^^^^^^^^^^^^^^^^^^^^^^^^^^^^^^^^^^^^^^^^^^^^^^^^^^^^^^^^^^^^^^^^^^^^^^^^^^^^^^^^^^^^^^^^^^^
  File "C:\Users\Administrator\Documents\continuity-engine\src\continuity_engine\services\input_processing_service.py", line 248, in verify_receipts
    raise CapabilityValidationError('INPUT_UNFINISHED_STATION_WITH_CONTEXT')
continuity_engine.domain.errors.CapabilityValidationError: INPUT_UNFINISHED_STATION_WITH_CONTEXT

The above exception was the direct cause of the following exception:

Traceback (most recent call last):
  File "C:\Users\Administrator\Documents\continuity-engine\tests\test_w02_integration.py", line 183, in test_partial_failure_reopen_read_original_progress_and_resume_once
    completed = f.submit(request)
  File "C:\Users\Administrator\Documents\continuity-engine\src\continuity_engine\testing\w02_c_fixture.py", line 85, in submit
    return self.base.submit(request)
           ~~~~~~~~~~~~~~~~^^^^^^^^^
  File "C:\Users\Administrator\Documents\continuity-engine\src\continuity_engine\testing\p16_provider_fixture.py", line 166, in submit
    request=request or self.request();value=self.app.adapter.submit(request)
                                            ~~~~~~~~~~~~~~~~~~~~~~~^^^^^^^^^
  File "C:\Users\Administrator\Documents\continuity-engine\src\continuity_engine\interfaces\integration_adapter.py", line 38, in submit
    return self._service.submit(payload)
           ~~~~~~~~~~~~~~~~~~~~^^^^^^^^^
  File "C:\Users\Administrator\Documents\continuity-engine\src\continuity_engine\services\continuity_interaction_service.py", line 187, in submit
    return self._submit(payload)
           ~~~~~~~~~~~~^^^^^^^^^
  File "C:\Users\Administrator\Documents\continuity-engine\src\continuity_engine\services\continuity_interaction_service.py", line 303, in _submit
    raise IntegrationExecutionError(
    ...<4 lines>...
    ) from exc
continuity_engine.domain.errors.IntegrationExecutionError: Local integration encountered an unexpected execution fault during domain.

----------------------------------------------------------------------
Ran 5 tests in 20.115s

FAILED (errors=2)
