test_combined_attempt_receipt_cancel_history_rejected_before_io (test_p11_scheduler.P11SchedulerAdmissionTests.test_combined_attempt_receipt_cancel_history_rejected_before_io) ... ok
test_created_task_and_persisted_retry_completion_remain_compatible (test_p11_scheduler.P11SchedulerAdmissionTests.test_created_task_and_persisted_retry_completion_remain_compatible) ... ok
test_exhausted_initial_attempt_rejected_before_enqueue (test_p11_scheduler.P11SchedulerAdmissionTests.test_exhausted_initial_attempt_rejected_before_enqueue) ... ok
test_initial_history_rejected_before_io_with_existing_queue (test_p11_scheduler.P11SchedulerAdmissionTests.test_initial_history_rejected_before_io_with_existing_queue) ... ok
test_initial_history_rejected_before_io_without_queue (test_p11_scheduler.P11SchedulerAdmissionTests.test_initial_history_rejected_before_io_without_queue) ... ok
test_noninitial_state_sequence_revision_rejected_before_io (test_p11_scheduler.P11SchedulerAdmissionTests.test_noninitial_state_sequence_revision_rejected_before_io) ... ok
test_quiet_hours_supports_midnight_crossing (test_p11_scheduler.P11SchedulerDomainTests.test_quiet_hours_supports_midnight_crossing) ... ok
test_tampered_identity_hash_fails_closed (test_p11_scheduler.P11SchedulerDomainTests.test_tampered_identity_hash_fails_closed) ... ok
test_task_requires_trusted_utc_time_and_event_source (test_p11_scheduler.P11SchedulerDomainTests.test_task_requires_trusted_utc_time_and_event_source) ... ok
test_task_round_trip_preserves_identity_hash (test_p11_scheduler.P11SchedulerDomainTests.test_task_round_trip_preserves_identity_hash) ... ok
test_aging_prevents_starvation_under_continuous_high_priority_arrivals (test_p11_scheduler.P11SchedulerQueueTests.test_aging_prevents_starvation_under_continuous_high_priority_arrivals) ... ok
test_backpressure_has_explicit_result_and_zero_queue_write (test_p11_scheduler.P11SchedulerQueueTests.test_backpressure_has_explicit_result_and_zero_queue_write) ... ok
test_bounded_long_run_gives_low_priority_task_an_opportunity (test_p11_scheduler.P11SchedulerQueueTests.test_bounded_long_run_gives_low_priority_task_an_opportunity) ... ok
test_corrupt_queue_and_unknown_fields_fail_closed (test_p11_scheduler.P11SchedulerQueueTests.test_corrupt_queue_and_unknown_fields_fail_closed) ... ok
test_duplicate_submit_is_idempotent_but_conflict_is_rejected (test_p11_scheduler.P11SchedulerQueueTests.test_duplicate_submit_is_idempotent_but_conflict_is_rejected) ... ok
test_fixture_rejects_protected_overlap_before_any_write (test_p11_scheduler.P11SchedulerQueueTests.test_fixture_rejects_protected_overlap_before_any_write) ... ok
test_not_due_and_out_of_order_input_do_not_dispatch (test_p11_scheduler.P11SchedulerQueueTests.test_not_due_and_out_of_order_input_do_not_dispatch) ... ok
test_priority_due_time_and_sequence_are_deterministic (test_p11_scheduler.P11SchedulerQueueTests.test_priority_due_time_and_sequence_are_deterministic) ... ok
test_quiet_hours_defer_without_attempt_or_write (test_p11_scheduler.P11SchedulerQueueTests.test_quiet_hours_defer_without_attempt_or_write) ... ok
test_repository_revision_rejects_stale_writer (test_p11_scheduler.P11SchedulerQueueTests.test_repository_revision_rejects_stale_writer) ... ok
test_resource_shortage_defers_without_attempt_wake_or_resource_write (test_p11_scheduler.P11SchedulerQueueTests.test_resource_shortage_defers_without_attempt_wake_or_resource_write) ... ok
test_scheduler_records_no_psychological_or_action_payload (test_p11_scheduler.P11SchedulerQueueTests.test_scheduler_records_no_psychological_or_action_payload) ... ok
test_subject_and_environment_are_fail_closed (test_p11_scheduler.P11SchedulerQueueTests.test_subject_and_environment_are_fail_closed) ... ok
test_submit_persists_stable_identity_and_binding (test_p11_scheduler.P11SchedulerQueueTests.test_submit_persists_stable_identity_and_binding) ... ok
test_actual_awakening_integration_creates_one_wake_session (test_p11_scheduler_recovery.P11SchedulerRecoveryTests.test_actual_awakening_integration_creates_one_wake_session) ... ok
test_cancel_queued_is_idempotent_and_completed_never_regresses (test_p11_scheduler_recovery.P11SchedulerRecoveryTests.test_cancel_queued_is_idempotent_and_completed_never_regresses) ... ok
test_cancel_unknown_does_not_hide_delivered_fact (test_p11_scheduler_recovery.P11SchedulerRecoveryTests.test_cancel_unknown_does_not_hide_delivered_fact) ... ok
test_cancel_unknown_waits_for_fact_then_cancels_only_if_not_delivered (test_p11_scheduler_recovery.P11SchedulerRecoveryTests.test_cancel_unknown_waits_for_fact_then_cancels_only_if_not_delivered) ... ok
test_crash_checkpoint_queries_delivered_fact_after_restart_without_redispatch (test_p11_scheduler_recovery.P11SchedulerRecoveryTests.test_crash_checkpoint_queries_delivered_fact_after_restart_without_redispatch) ... ok
test_delivered_receipt_completes_once_across_duplicate_ticks (test_p11_scheduler_recovery.P11SchedulerRecoveryTests.test_delivered_receipt_completes_once_across_duplicate_ticks) ... ok
test_event_timeline_and_awakening_composition_preserves_objective_fact (test_p11_scheduler_recovery.P11SchedulerRecoveryTests.test_event_timeline_and_awakening_composition_preserves_objective_fact) ... ok
test_failed_attempt_retries_only_after_bounded_backoff (test_p11_scheduler_recovery.P11SchedulerRecoveryTests.test_failed_attempt_retries_only_after_bounded_backoff) ... ok
test_golden_scenario_is_repeatable_and_bounded (test_p11_scheduler_recovery.P11SchedulerRecoveryTests.test_golden_scenario_is_repeatable_and_bounded) ... ok
test_missing_attempt_binding_in_persistence_fails_closed (test_p11_scheduler_recovery.P11SchedulerRecoveryTests.test_missing_attempt_binding_in_persistence_fails_closed) ... ok
test_p09_normal_chain_then_scheduler_opportunity_keeps_authorities_separate (test_p11_scheduler_recovery.P11SchedulerRecoveryTests.test_p09_normal_chain_then_scheduler_opportunity_keeps_authorities_separate) ... ok
test_plain_status_string_cannot_prove_not_delivered (test_p11_scheduler_recovery.P11SchedulerRecoveryTests.test_plain_status_string_cannot_prove_not_delivered) ... ok
test_query_exception_preserves_unknown_and_attempt_identity (test_p11_scheduler_recovery.P11SchedulerRecoveryTests.test_query_exception_preserves_unknown_and_attempt_identity) ... ok
test_receipt_identity_conflict_fails_closed_in_submit_and_query_paths (test_p11_scheduler_recovery.P11SchedulerRecoveryTests.test_receipt_identity_conflict_fails_closed_in_submit_and_query_paths) ... ok
test_restart_preserves_attempt_number_and_backoff (test_p11_scheduler_recovery.P11SchedulerRecoveryTests.test_restart_preserves_attempt_number_and_backoff) ... ok
test_retry_limit_enters_terminal_state (test_p11_scheduler_recovery.P11SchedulerRecoveryTests.test_retry_limit_enters_terminal_state) ... ok
test_scheduled_reason_uses_existing_scheduled_wake_boundary (test_p11_scheduler_recovery.P11SchedulerRecoveryTests.test_scheduled_reason_uses_existing_scheduled_wake_boundary) ... ok
test_successful_wake_reuses_resource_aware_scheduler_allocation (test_p11_scheduler_recovery.P11SchedulerRecoveryTests.test_successful_wake_reuses_resource_aware_scheduler_allocation) ... ok
test_unknown_is_queried_and_never_blindly_redispatched (test_p11_scheduler_recovery.P11SchedulerRecoveryTests.test_unknown_is_queried_and_never_blindly_redispatched) ... ok
test_unknown_then_verified_delivery_opens_one_wake_after_restart (test_p11_scheduler_recovery.P11SchedulerRecoveryTests.test_unknown_then_verified_delivery_opens_one_wake_after_restart) ... ok
test_unresolved_unknown_does_not_starve_another_due_task (test_p11_scheduler_recovery.P11SchedulerRecoveryTests.test_unresolved_unknown_does_not_starve_another_due_task) ... ok
test_aggregate_does_not_corroborate_itself_again (test_pre_p12_r05_r06_followup.LearningConfidenceTests.test_aggregate_does_not_corroborate_itself_again) ... ok
test_current_target_confidence_reduction_is_respected (test_pre_p12_r05_r06_followup.LearningConfidenceTests.test_current_target_confidence_reduction_is_respected) ... ok
test_explicit_confirmation_still_required (test_pre_p12_r05_r06_followup.LearningConfidenceTests.test_explicit_confirmation_still_required) ... ok
test_high_own_confidence_cannot_replace_rejected_support (test_pre_p12_r05_r06_followup.LearningConfidenceTests.test_high_own_confidence_cannot_replace_rejected_support) ... ok
test_high_own_confidence_retains_existing_policy_with_weaker_support (test_pre_p12_r05_r06_followup.LearningConfidenceTests.test_high_own_confidence_retains_existing_policy_with_weaker_support) ... ok
test_high_own_confidence_still_rechecks_support_and_roots (test_pre_p12_r05_r06_followup.LearningConfidenceTests.test_high_own_confidence_still_rechecks_support_and_roots) ... ok
test_insufficient_current_confidence_rejects_without_writes (test_pre_p12_r05_r06_followup.LearningConfidenceTests.test_insufficient_current_confidence_rejects_without_writes) ... ok
test_unchanged_high_target_validation_can_immediately_solidify (test_pre_p12_r05_r06_followup.LearningConfidenceTests.test_unchanged_high_target_validation_can_immediately_solidify) ... ok
test_unchanged_high_target_validation_survives_restart (test_pre_p12_r05_r06_followup.LearningConfidenceTests.test_unchanged_high_target_validation_survives_restart) ... ok
test_weaker_but_sufficient_current_support_is_saved (test_pre_p12_r05_r06_followup.LearningConfidenceTests.test_weaker_but_sufficient_current_support_is_saved) ... ok
test_concurrent_allowed_duplicate_charges_once_then_settles (test_pre_p12_r05_r06_followup.ResourceTransactionTests.test_concurrent_allowed_duplicate_charges_once_then_settles) ... ok
test_concurrent_allowed_then_conflicting_denial_preserves_first_result (test_pre_p12_r05_r06_followup.ResourceTransactionTests.test_concurrent_allowed_then_conflicting_denial_preserves_first_result) ... ok
test_concurrent_denied_duplicate_preserves_first_result (test_pre_p12_r05_r06_followup.ResourceTransactionTests.test_concurrent_denied_duplicate_preserves_first_result) ... ok
test_concurrent_denied_then_conflicting_allowance_preserves_first_result (test_pre_p12_r05_r06_followup.ResourceTransactionTests.test_concurrent_denied_then_conflicting_allowance_preserves_first_result) ... ok
test_concurrent_new_request_cannot_deny_an_allocated_session (test_pre_p12_r05_r06_followup.ResourceTransactionTests.test_concurrent_new_request_cannot_deny_an_allocated_session) ... ok
test_denials_allow_new_identity_then_allocation_and_settlement (test_pre_p12_r05_r06_followup.ResourceTransactionTests.test_denials_allow_new_identity_then_allocation_and_settlement) ... ok
test_concurrent_events_are_not_silently_lost (test_pre_p12_repairs.PreP12RegressionTests.test_concurrent_events_are_not_silently_lost) ... ok
test_concurrent_mutations_preserve_revision_conflict (test_pre_p12_repairs.PreP12RegressionTests.test_concurrent_mutations_preserve_revision_conflict) ... ok
test_concurrent_same_event_is_persisted_once (test_pre_p12_repairs.PreP12RegressionTests.test_concurrent_same_event_is_persisted_once) ... ok
test_control_memory_disjoint_roots_merge (test_pre_p12_repairs.PreP12RegressionTests.test_control_memory_disjoint_roots_merge) ... ok
test_control_real_restriction_removes_capability (test_pre_p12_repairs.PreP12RegressionTests.test_control_real_restriction_removes_capability) ... ok
test_control_resource_once_reconciles (test_pre_p12_repairs.PreP12RegressionTests.test_control_resource_once_reconciles) ... ok
test_control_scheduler_unknown_allows_immediate_next_tick (test_pre_p12_repairs.PreP12RegressionTests.test_control_scheduler_unknown_allows_immediate_next_tick) ... ok
test_control_sequential_events_preserved (test_pre_p12_repairs.PreP12RegressionTests.test_control_sequential_events_preserved) ... ok
test_learning_confirmation_gate_remains_before_writes (test_pre_p12_repairs.PreP12RegressionTests.test_learning_confirmation_gate_remains_before_writes) ... ok
test_learning_current_sufficient_confidence_is_not_overstated (test_pre_p12_repairs.PreP12RegressionTests.test_learning_current_sufficient_confidence_is_not_overstated) ... ok
test_learning_rechecks_rejected_support_before_solidifying (test_pre_p12_repairs.PreP12RegressionTests.test_learning_rechecks_rejected_support_before_solidifying) ... ok
test_learning_reduced_support_confidence_cannot_reuse_old_validation (test_pre_p12_repairs.PreP12RegressionTests.test_learning_reduced_support_confidence_cannot_reuse_old_validation) ... ok
test_learning_support_root_overlap_and_count_are_rechecked (test_pre_p12_repairs.PreP12RegressionTests.test_learning_support_root_overlap_and_count_are_rechecked) ... ok
test_learning_valid_support_survives_restart_and_requires_explicit_evolution (test_pre_p12_repairs.PreP12RegressionTests.test_learning_valid_support_survives_restart_and_requires_explicit_evolution) ... ok
test_memory_full_duplicate_does_not_increase_roots_or_confidence (test_pre_p12_repairs.PreP12RegressionTests.test_memory_full_duplicate_does_not_increase_roots_or_confidence) ... ok
test_memory_partial_alias_uses_previous_revision_and_new_direct_evidence (test_pre_p12_repairs.PreP12RegressionTests.test_memory_partial_alias_uses_previous_revision_and_new_direct_evidence) ... ok
test_memory_partial_overlap_preserves_history_provenance_and_conflict_rejection (test_pre_p12_repairs.PreP12RegressionTests.test_memory_partial_overlap_preserves_history_provenance_and_conflict_rejection) ... ok
test_memory_partial_overlap_preserves_new_evidence (test_pre_p12_repairs.PreP12RegressionTests.test_memory_partial_overlap_preserves_new_evidence) ... ok
test_model_executed_fact_recovers_at_zero_current_budget_without_execute (test_pre_p12_repairs.PreP12RegressionTests.test_model_executed_fact_recovers_at_zero_current_budget_without_execute) ... ok
test_model_positive_reserved_budget_is_rechecked_after_another_request_consumes_it (test_pre_p12_repairs.PreP12RegressionTests.test_model_positive_reserved_budget_is_rechecked_after_another_request_consumes_it) ... ok
test_model_unknown_at_budget_gate_never_authorizes_execute (test_pre_p12_repairs.PreP12RegressionTests.test_model_unknown_at_budget_gate_never_authorizes_execute) ... ok
test_model_zero_budget_still_blocks_execute_after_crash (test_pre_p12_repairs.PreP12RegressionTests.test_model_zero_budget_still_blocks_execute_after_crash) ... ok
test_permission_capability_only_escalation_is_rejected_without_write (test_pre_p12_repairs.PreP12RegressionTests.test_permission_capability_only_escalation_is_rejected_without_write) ... ok
test_permission_expiry_cannot_be_reactivated_by_restrict_but_explicit_grant_works (test_pre_p12_repairs.PreP12RegressionTests.test_permission_expiry_cannot_be_reactivated_by_restrict_but_explicit_grant_works) ... ok
test_permission_wildcard_scope_containment_and_zero_write_rejection (test_pre_p12_repairs.PreP12RegressionTests.test_permission_wildcard_scope_containment_and_zero_write_rejection) ... ok
test_repeated_resource_request_remains_reconcilable (test_pre_p12_repairs.PreP12RegressionTests.test_repeated_resource_request_remains_reconcilable) ... ok
test_resource_denied_request_may_use_new_identity_when_resources_become_available (test_pre_p12_repairs.PreP12RegressionTests.test_resource_denied_request_may_use_new_identity_when_resources_become_available) ... ok
test_resource_duplicate_and_conflict_reject_after_restart_then_settle (test_pre_p12_repairs.PreP12RegressionTests.test_resource_duplicate_and_conflict_reject_after_restart_then_settle) ... ok
test_restriction_does_not_expand_capabilities (test_pre_p12_repairs.PreP12RegressionTests.test_restriction_does_not_expand_capabilities) ... ok
test_restriction_does_not_reactivate_revoked_permission (test_pre_p12_repairs.PreP12RegressionTests.test_restriction_does_not_reactivate_revoked_permission) ... ok
test_scheduler_conflicting_query_has_backoff_without_new_attempt (test_pre_p12_repairs.PreP12RegressionTests.test_scheduler_conflicting_query_has_backoff_without_new_attempt) ... ok
test_scheduler_existing_session_cycle_mismatch_rejects_before_resources (test_pre_p12_repairs.PreP12RegressionTests.test_scheduler_existing_session_cycle_mismatch_rejects_before_resources) ... ok
test_scheduler_foreign_cycle_does_not_wake_another_subject (test_pre_p12_repairs.PreP12RegressionTests.test_scheduler_foreign_cycle_does_not_wake_another_subject) ... ok
test_scheduler_foreign_cycle_rejected_without_resource_wake_or_receipt_write (test_pre_p12_repairs.PreP12RegressionTests.test_scheduler_foreign_cycle_rejected_without_resource_wake_or_receipt_write) ... ok
test_scheduler_pending_queries_and_healthy_stream_progress_after_restart (test_pre_p12_repairs.PreP12RegressionTests.test_scheduler_pending_queries_and_healthy_stream_progress_after_restart) ... ok
test_scheduler_receipt_conflict_does_not_starve_other_task (test_pre_p12_repairs.PreP12RegressionTests.test_scheduler_receipt_conflict_does_not_starve_other_task) ... ok
test_scheduler_test_delivery_rejects_request_binding_changes_before_effects (test_pre_p12_repairs.PreP12RegressionTests.test_scheduler_test_delivery_rejects_request_binding_changes_before_effects) ... ok
test_scheduler_unknown_does_not_starve_at_normal_poll_interval (test_pre_p12_repairs.PreP12RegressionTests.test_scheduler_unknown_does_not_starve_at_normal_poll_interval) ... ok
test_scheduler_verification_is_fair_among_multiple_unknown_tasks (test_pre_p12_repairs.PreP12RegressionTests.test_scheduler_verification_is_fair_among_multiple_unknown_tasks) ... ok
test_create_resource_state (test_resources.TokenAndResourceManagementTests.test_create_resource_state) ... ok
test_learning_is_deferred_before_candidate_extraction (test_resources.TokenAndResourceManagementTests.test_learning_is_deferred_before_candidate_extraction) ... ok
test_low_remaining_resources_downgrade_normal_to_low (test_resources.TokenAndResourceManagementTests.test_low_remaining_resources_downgrade_normal_to_low) ... ok
test_over_budget_request_is_deferred_without_consumption (test_resources.TokenAndResourceManagementTests.test_over_budget_request_is_deferred_without_consumption) ... ok
test_resource_state_and_history_survive_restart (test_resources.TokenAndResourceManagementTests.test_resource_state_and_history_survive_restart) ... ok
test_runtime_modes_switch_and_cap_thinking_depth (test_resources.TokenAndResourceManagementTests.test_runtime_modes_switch_and_cap_thinking_depth) ... ok
test_thinking_uses_resource_manager_and_accepts_depth_downgrade (test_resources.TokenAndResourceManagementTests.test_thinking_uses_resource_manager_and_accepts_depth_downgrade) ... ok
test_thinking_waits_when_low_depth_cannot_be_afforded (test_resources.TokenAndResourceManagementTests.test_thinking_waits_when_low_depth_cannot_be_afforded) ... ok
test_token_budget_calculation_usage_and_actual_reconciliation (test_resources.TokenAndResourceManagementTests.test_token_budget_calculation_usage_and_actual_reconciliation) ... ok
test_wake_scheduler_checks_resources_before_starting (test_resources.TokenAndResourceManagementTests.test_wake_scheduler_checks_resources_before_starting) ... ok

----------------------------------------------------------------------
Ran 110 tests in 11.930s

OK
