test_discovery_history_body_and_native_cross_entry_share_authorities (test_w04_package.W04PackageTests.test_discovery_history_body_and_native_cross_entry_share_authorities) ... ERROR
{"test": "test_w04_package.W04PackageTests.test_discovery_history_body_and_native_cross_entry_share_authorities", "stage": "before-TEST-cleanup", "files": {"s/.p01-sandbox-root.v1.json": {"bytes": 98, "sha256": "3ced39d6b395df89d9b1f34e1b3faf46c14ccc6edab679a616f588a978e002f7"}, "s/s/s512cf4ce/b/bed8a33f5/branch-manifest.v1.json": {"bytes": 243, "sha256": "8280b7c6b56758e821fbe7cf05f707527ceb06743622b1e82fc79d1033970b1c"}, "s/s/s512cf4ce/b/bed8a33f5/data/awakening/cycles/4e5cbc7c5fd625226b8974d2e69926e36a74af08a613259cd13e0a1334c60f87.json": {"bytes": 253, "sha256": "c8000af71d0c186558c3a1ddba277cef68b0ee1b96c86cf893ed89fa5cc3f15f"}, "s/s/s512cf4ce/b/bed8a33f5/data/awakening/sessions/0cc77181cba3013a4b665134ec33a6a2eb782553c5a34d10acbf1ce62407175d/868e0b2f537322a05b91ec33962802e0a96349271cbf223109b4d6f1829ecace.json": {"bytes": 10657, "sha256": "eee03573b0ea54bda601e8820be19a3de7907d6783b3cb3c6a2c17d03238d627"}, "s/s/s512cf4ce/b/bed8a33f5/data/awakening/sessions/0cc77181cba3013a4b665134ec33a6a2eb782553c5a34d10acbf1ce62407175d/cf8de9ed825c793bf9efe164d8fdc842e150d3dcee33b13361ba9b70e03a67d9.json": {"bytes": 10657, "sha256": "c405b0ad321bb602c30123ea678db91d7835e6316a5ae3be4d810b8a5bc63043"}, "s/s/s512cf4ce/b/bed8a33f5/data/awakening/sessions/0cc77181cba3013a4b665134ec33a6a2eb782553c5a34d10acbf1ce62407175d/f1cbdbd0ad1a67b2923e7ed0ec23ca73b2503d5e9746d7a876e5701bc1f96cdd.json": {"bytes": 10657, "sha256": "9f370fff723181261f42dcec18f4549856ad2afee7231453384e20602cc1f866"}, "s/s/s512cf4ce/b/bed8a33f5/data/c1-receipts/p08-fake-receipts.json": {"bytes": 148, "sha256": "a411df96a3b6eea514baf41f59d45ab70c55b96ee9f28e118d79525ea3bfe8c8"}, "s/s/s512cf4ce/b/bed8a33f5/data/clock/subject-clock.v1.json": {"bytes": 109, "sha256": "9215b6977c7811370330d01c8bfe7e63b8e43ba8b12a8f09d85b24e7efac24ad"}, "s/s/s512cf4ce/b/bed8a33f5/data/contradiction/test/0cc77181cba3013a4b665134ec33a6a2eb782553c5a34d10acbf1ce62407175d.json": {"bytes": 228, "sha256": "2e2878f4e4acff5e0201ca99e85067297b23cb4dff82b841095457c3c0cbee26"}, "s/s/s512cf4ce/b/bed8a33f5/data/environment-access/test/4c3721e9038597080f3eb9fb8eac693dad89eb1c1b118c13c4355bcfb4ef2d9c/attachments.v1.json": {"bytes": 10922, "sha256": "2657525723e1a1d0b68d332753317d443197353a000e7287bf3813b3a0481729"}, "s/s/s512cf4ce/b/bed8a33f5/data/environment-access/test/4c3721e9038597080f3eb9fb8eac693dad89eb1c1b118c13c4355bcfb4ef2d9c/attachments.v1.lock": {"bytes": 1, "sha256": "5feceb66ffc86f38d952786c6d696c79c2dbc239dd4e91b46729d73a27fb57e9"}, "s/s/s512cf4ce/b/bed8a33f5/data/execution-outbox/test/4c3721e9038597080f3eb9fb8eac693dad89eb1c1b118c13c4355bcfb4ef2d9c/delivery.v1.json": {"bytes": 1967, "sha256": "7bb90f71fd34cf620ba8f1128fcfbc2773dde3ce746743a1fd89a23a4fb160dc"}, "s/s/s512cf4ce/b/bed8a33f5/data/execution-outbox/test/4c3721e9038597080f3eb9fb8eac693dad89eb1c1b118c13c4355bcfb4ef2d9c/delivery.v1.lock": {"bytes": 1, "sha256": "5feceb66ffc86f38d952786c6d696c79c2dbc239dd4e91b46729d73a27fb57e9"}, "s/s/s512cf4ce/b/bed8a33f5/data/external-providers/test/4c3721e9038597080f3eb9fb8eac693dad89eb1c1b118c13c4355bcfb4ef2d9c/cache.json": {"bytes": 3353, "sha256": "15980e81870c6905af5d77f19cb4476480e251f87555a39f7dfd55fdb790c18c"}, "s/s/s512cf4ce/b/bed8a33f5/data/external-providers/test/4c3721e9038597080f3eb9fb8eac693dad89eb1c1b118c13c4355bcfb4ef2d9c/registry.json": {"bytes": 1850, "sha256": "a3e33e08d1515a005170c1408622fb46e00ec66582a39fe7af6fe731477e4d4a"}, "s/s/s512cf4ce/b/bed8a33f5/data/fixture/c1-profile.v1.json": {"bytes": 102, "sha256": "31fa7185fdd4152d9d683d7f426e8e8b8b8c03e0cb4796c3e9a60fcc826daeb3"}, "s/s/s512cf4ce/b/bed8a33f5/data/fixture/p16-control.json": {"bytes": 504, "sha256": "491b40e356a59094e6fcd9fab344f2149637d1b074035f002ce5ee34579d0beb"}, "s/s/s512cf4ce/b/bed8a33f5/data/fixture/p16-profile.json": {"bytes": 96, "sha256": "414f58a64884394c30a3cb3426f8448d41874c8daf823516d70e3543de032a85"}, "s/s/s512cf4ce/b/bed8a33f5/data/fixture/state-fixture.v1.json": {"bytes": 635, "sha256": "ee99d6d15781bdfce02b316506ce751f7dcf5b9e406283cbbd0fa05a737875b7"}, "s/s/s512cf4ce/b/bed8a33f5/data/fixture/tool-grants.json": {"bytes": 154, "sha256": "d8c8246f63b9d7532c0d55a929c1fe46e668befbeff8f52d44a5e71db50f4f1d"}, "s/s/s512cf4ce/b/bed8a33f5/data/integration/capability-ledger.v1.json": {"bytes": 64735, "sha256": "5d34107104772c7396b50f30b46ba3277ff962c15565d70afae3d90c1dacdc92"}, "s/s/s512cf4ce/b/bed8a33f5/data/integration/operation-journal.first-round-v1.json": {"bytes": 323232, "sha256": "07414bebf88f582b577ee50f3029c3bf46760362f494af204ea84a75b3ec497f"}, "s/s/s512cf4ce/b/bed8a33f5/data/integration/result-ledger.first-round-v1.json": {"bytes": 3108, "sha256": "255993a74fab68eb7adaa908268caa0cb7acf0633e2e4242479e5ea6f29b1157"}, "s/s/s512cf4ce/b/bed8a33f5/data/integration/subject-binding.runtime-v1.json": {"bytes": 613, "sha256": "45b66b26ef274e838e2a5533eb1005df8a7da132316f11ff80422c0cd80e5aa7"}, "s/s/s512cf4ce/b/bed8a33f5/data/learning/0cc77181cba3013a4b665134ec33a6a2eb782553c5a34d10acbf1ce62407175d.json": {"bytes": 2154, "sha256": "bf5c23812d88460d83129eb4aa1b61b251dbcccfad8821cc8dce9f67850b60cd"}, "s/s/s512cf4ce/b/bed8a33f5/data/memory/test/0cc77181cba3013a4b665134ec33a6a2eb782553c5a34d10acbf1ce62407175d.json": {"bytes": 4202, "sha256": "a22d83eab4e4c15fdadef02494735988a21f1f3648b8af720b0b5cec8ade900f"}, "s/s/s512cf4ce/b/bed8a33f5/data/p16-fake/facts.json": {"bytes": 4184, "sha256": "f9e08cb3f13bb1342332fbcef97850bd763865b0c750ed98f1ea96061a4183bc"}, "s/s/s512cf4ce/b/bed8a33f5/data/resources/0cc77181cba3013a4b665134ec33a6a2eb782553c5a34d10acbf1ce62407175d.json": {"bytes": 437, "sha256": "5bd076833b5ccafef95484329ab304bab1f1c868ed8fee334eb00c0fb6f3fd86"}, "s/s/s512cf4ce/b/bed8a33f5/data/subject-state/0cc77181cba3013a4b665134ec33a6a2eb782553c5a34d10acbf1ce62407175d.json": {"bytes": 4912, "sha256": "96800111fa422a40de50bf34f3fcc24eb9b27576d15d5209401d050eb27e3490"}, "s/s/s512cf4ce/b/bed8a33f5/data/test-actions/action-sessions.v1.json": {"bytes": 128, "sha256": "1b3efaca1737d8bae1ae12d18eaa5af9debd80a55b2b5e1e51d1c05283267508"}, "s/s/s512cf4ce/b/bed8a33f5/data/test-indexes/events.v1.json": {"bytes": 138, "sha256": "3739a20b716f705cdd80eec1c1ddebf975d8724978042a62c237ea024e67935e"}, "s/s/s512cf4ce/b/bed8a33f5/data/test-indexes/evolution.v1.json": {"bytes": 141, "sha256": "6fe7d8d381d89fcd2894572aeaa1ac908841df7e6cf114129ccd3ea9f6f54484"}, "s/s/s512cf4ce/b/bed8a33f5/data/test-indexes/relationship-state.v1.json": {"bytes": 150, "sha256": "be8657372aa8c206cc3146daa8a6631013150e6b457b3338aae6875ba4c1f0a1"}, "s/s/s512cf4ce/b/bed8a33f5/data/test-indexes/state-mutations.v1.json": {"bytes": 147, "sha256": "1e30a497490d76d1df8efb145ee61631e36ec57bf2d4bcfdd9c88e6208d89077"}, "s/s/s512cf4ce/b/bed8a33f5/data/test-indexes/thinking-sessions.v1.json": {"bytes": 149, "sha256": "b5787340fd9b7a6ba730a97e5adc1b0109a4cfd56dbb733874a7f11f79de31bd"}, "s/s/s512cf4ce/b/bed8a33f5/data/test-indexes/wake-sessions.v1.json": {"bytes": 145, "sha256": "8456df88106329e4cdce9228eeae047b357b75f42b5d6d791d4466ad3b26420b"}, "s/s/s512cf4ce/b/bed8a33f5/data/test-memory/memory-ledger.v1.json": {"bytes": 631, "sha256": "39ae3d1c4d78629aaa6e27418a8f992cbf76f1ff6d0316b59beb727e1060c615"}, "s/s/s512cf4ce/b/bed8a33f5/data/test-trace/subject-clock-trace.v1.json": {"bytes": 1558, "sha256": "2b36cb81d79a0cd45e289ae64ae21e83be41e8f09657f03170399c536a975bc0"}, "s/s/s512cf4ce/b/bed8a33f5/data/thinking/sessions/0cc77181cba3013a4b665134ec33a6a2eb782553c5a34d10acbf1ce62407175d/4984db0e0b2e37ee4cc1b1cc6946efa6045c02d435414669bab5ac6fa7487ec1.json": {"bytes": 73580, "sha256": "aad26e88f20b2d40c3941193e5d246261ce8a916c61c131798590a8867eb433f"}, "s/s/s512cf4ce/b/bed8a33f5/data/thinking/sessions/0cc77181cba3013a4b665134ec33a6a2eb782553c5a34d10acbf1ce62407175d/878d6f0ff0976ff024f00acb3845af3cac3c16b6dd47795ec0632bea198fa2b5.json": {"bytes": 54177, "sha256": "cdc930af8a08a4a36d8a07cbdd1e4a4a4e63d4a5e7d378f916c95fa419d280a6"}, "s/s/s512cf4ce/b/bed8a33f5/data/worlds/entry-A/simulated-device.json": {"bytes": 3438, "sha256": "83dcb0301cbd77ace1034079546c96e8069b102de1a2112dde7b809c929be542"}, "s/s/s512cf4ce/b/bed8a33f5/data/worlds/entry-A/simulated-device.lock": {"bytes": 1, "sha256": "5feceb66ffc86f38d952786c6d696c79c2dbc239dd4e91b46729d73a27fb57e9"}, "s/s/s512cf4ce/b/bed8a33f5/data/worlds/tools/connections.json": {"bytes": 2760, "sha256": "36eec934a3aa67578e06a43f11d7179297d70103d9496f16e0d393d3b43723e5"}, "s/s/s512cf4ce/b/bed8a33f5/data/worlds/tools/connections.lock": {"bytes": 1, "sha256": "5feceb66ffc86f38d952786c6d696c79c2dbc239dd4e91b46729d73a27fb57e9"}, "s/s/s512cf4ce/b/bed8a33f5/data/worlds/w04-device/simulated-device.json": {"bytes": 4031, "sha256": "ba0775bfc99a0e23e6a72685809dab8f158064760725b84a354e778cc588c0bc"}, "s/s/s512cf4ce/b/bed8a33f5/data/worlds/w04-device/simulated-device.lock": {"bytes": 1, "sha256": "5feceb66ffc86f38d952786c6d696c79c2dbc239dd4e91b46729d73a27fb57e9"}, "s/s/s512cf4ce/sandbox-manifest.v1.json": {"bytes": 928, "sha256": "65ce53e051d0ffce41f0129673fe349e5c2bb0c2c2882b977c41d29fa2136723"}, "s/sandbox-registry.v1.json": {"bytes": 485, "sha256": "ccd99a4c6e3e01d38cd68fb9b9ab403363d9272efef54748b58aca8fbcef0c32"}}}

======================================================================
ERROR: test_discovery_history_body_and_native_cross_entry_share_authorities (test_w04_package.W04PackageTests.test_discovery_history_body_and_native_cross_entry_share_authorities)
----------------------------------------------------------------------
Traceback (most recent call last):
  File "C:\Users\Administrator\Documents\continuity-engine\src\continuity_engine\services\continuity_interaction_service.py", line 324, in _submit
    operation, thinking_execution = self._run_domain(request, operation, binding)
                                    ~~~~~~~~~~~~~~~~^^^^^^^^^^^^^^^^^^^^^^^^^^^^^
  File "C:\Users\Administrator\Documents\continuity-engine\src\continuity_engine\services\continuity_interaction_service.py", line 879, in _run_domain
    perception = self._continuity_core.prepare(perception, operation,
        **({'save_input': save_input} if operation.input_processing_enabled else {}),
        **({'save_recall':save_recall} if operation.recall_enabled else {}))
  File "C:\Users\Administrator\Documents\continuity-engine\src\continuity_engine\services\continuity_core_service.py", line 350, in prepare
    return self._prepare(perception, operation, save_input=save_input,save_recall=save_recall)
           ~~~~~~~~~~~~~^^^^^^^^^^^^^^^^^^^^^^^^^^^^^^^^^^^^^^^^^^^^^^^^^^^^^^^^^^^^^^^^^^^^^^
  File "C:\Users\Administrator\Documents\continuity-engine\src\continuity_engine\services\continuity_core_service.py", line 429, in _prepare
    route,composition,recall_record=self.recall.prepare(perception,operation,save_recall,
                                    ~~~~~~~~~~~~~~~~~~~^^^^^^^^^^^^^^^^^^^^^^^^^^^^^^^^^^
        attention=mind['influence']['attention'] if mind is not None else None)
        ^^^^^^^^^^^^^^^^^^^^^^^^^^^^^^^^^^^^^^^^^^^^^^^^^^^^^^^^^^^^^^^^^^^^^^^
  File "C:\Users\Administrator\Documents\continuity-engine\src\continuity_engine\services\associative_recall_service.py", line 100, in prepare
    return self._prepare(perception,operation,save,attention=attention)
           ~~~~~~~~~~~~~^^^^^^^^^^^^^^^^^^^^^^^^^^^^^^^^^^^^^^^^^^^^^^^
  File "C:\Users\Administrator\Documents\continuity-engine\src\continuity_engine\services\associative_recall_service.py", line 211, in _prepare
    raise CapabilityValidationError(stop)
continuity_engine.domain.errors.CapabilityValidationError: RECALL_TIMEOUT

The above exception was the direct cause of the following exception:

Traceback (most recent call last):
  File "C:\Users\Administrator\Documents\continuity-engine\tests\test_w04_package.py", line 63, in test_discovery_history_body_and_native_cross_entry_share_authorities
    f.submit('周六选河边店还是山坡店？')
    ~~~~~~~~^^^^^^^^^^^^^^^^^^^^^^^^^^^^
  File "C:\Users\Administrator\Documents\continuity-engine\docs\project_memory\w04_4_review_repair_evidence\package-lineage-stations.py", line 13, in submit
  File "C:\Users\Administrator\Documents\continuity-engine\src\continuity_engine\testing\w04_cross_entry_fixture.py", line 309, in submit
    return self.entries.receive(self.last_request, self.last_message)
           ~~~~~~~~~~~~~~~~~~~~^^^^^^^^^^^^^^^^^^^^^^^^^^^^^^^^^^^^^^
  File "C:\Users\Administrator\Documents\continuity-engine\src\continuity_engine\services\cross_entry_service.py", line 715, in receive
    return self.interaction.submit(payload, entry_message=message)
           ~~~~~~~~~~~~~~~~~~~~~~~^^^^^^^^^^^^^^^^^^^^^^^^^^^^^^^^
  File "C:\Users\Administrator\Documents\continuity-engine\src\continuity_engine\services\continuity_interaction_service.py", line 192, in submit
    return self._submit(payload, access_use=access_use, entry_message=entry_message)
           ~~~~~~~~~~~~^^^^^^^^^^^^^^^^^^^^^^^^^^^^^^^^^^^^^^^^^^^^^^^^^^^^^^^^^^^^^
  File "C:\Users\Administrator\Documents\continuity-engine\src\continuity_engine\services\continuity_interaction_service.py", line 336, in _submit
    raise IntegrationExecutionError(
    ...<4 lines>...
    ) from exc
continuity_engine.domain.errors.IntegrationExecutionError: Local integration encountered an unexpected execution fault during domain.

----------------------------------------------------------------------
Ran 1 test in 17.848s

FAILED (errors=1)
