test_discovery_history_body_and_native_cross_entry_share_authorities (test_w04_package.W04PackageTests.test_discovery_history_body_and_native_cross_entry_share_authorities) ... ERROR
{"test": "test_w04_package.W04PackageTests.test_discovery_history_body_and_native_cross_entry_share_authorities", "stage": "before-TEST-cleanup", "files": {"s/.p01-sandbox-root.v1.json": {"bytes": 98, "sha256": "3ced39d6b395df89d9b1f34e1b3faf46c14ccc6edab679a616f588a978e002f7"}, "s/s/sc53b562e/b/bc93d9044/branch-manifest.v1.json": {"bytes": 243, "sha256": "5cb1479699826151284cad6aed035e27fa26d73a87a92c0676f44f51d7af84b8"}, "s/s/sc53b562e/b/bc93d9044/data/awakening/cycles/40e04cfc954e0322caac357fd4cb17e5f12778817fcbeb0a1d074fbb7deb6e74.json": {"bytes": 253, "sha256": "e707a802182ac2cab157feb6bf772d3f1672eb6297d48e717125e21ae7ad5b5a"}, "s/s/sc53b562e/b/bc93d9044/data/awakening/sessions/b231942937abac6db04c78c61eed5617b4b711c909c447139884071ada430a85/3a3989d1cc61eec0e62ed4fc0cf20c0571931d5c3bd66e54aec569f57ccf1f9b.json": {"bytes": 10657, "sha256": "d28e1262f1a95413fcc5c877c68f5b755fc78ff8661a83fbaf8fb3daed39bc9c"}, "s/s/sc53b562e/b/bc93d9044/data/awakening/sessions/b231942937abac6db04c78c61eed5617b4b711c909c447139884071ada430a85/a049c5d63bd25834d80c82832a67c98fe299d31021c270ca4bebe029e499c4f5.json": {"bytes": 10657, "sha256": "69e68ea6471a0d2deb64b0595fdf17c51063e684d3be251b56d29733c43f0803"}, "s/s/sc53b562e/b/bc93d9044/data/awakening/sessions/b231942937abac6db04c78c61eed5617b4b711c909c447139884071ada430a85/f330096e8e6397951ab216cf8ed88b99d7d30d21922c8ac5cc44d67ab3f85bc8.json": {"bytes": 10657, "sha256": "24f0681c3871771198a5f12363bfaae57c7f30d24227fa73a1b90a56028ef99f"}, "s/s/sc53b562e/b/bc93d9044/data/c1-receipts/p08-fake-receipts.json": {"bytes": 148, "sha256": "a411df96a3b6eea514baf41f59d45ab70c55b96ee9f28e118d79525ea3bfe8c8"}, "s/s/sc53b562e/b/bc93d9044/data/clock/subject-clock.v1.json": {"bytes": 109, "sha256": "9215b6977c7811370330d01c8bfe7e63b8e43ba8b12a8f09d85b24e7efac24ad"}, "s/s/sc53b562e/b/bc93d9044/data/contradiction/test/b231942937abac6db04c78c61eed5617b4b711c909c447139884071ada430a85.json": {"bytes": 228, "sha256": "7ad83515e3b2c03c5f8530c2697f3bc3e9123ef3d06d4df5caf3836d2d9d543f"}, "s/s/sc53b562e/b/bc93d9044/data/environment-access/test/867b0e4d9fda720f24fd8713a7c3d13e1b5785f75ab01b8e841cd257ae5017c1/attachments.v1.json": {"bytes": 10922, "sha256": "0f9e04baeacd71845e431e0e602380cde7487d258cf32b919eb8605772f8ee26"}, "s/s/sc53b562e/b/bc93d9044/data/environment-access/test/867b0e4d9fda720f24fd8713a7c3d13e1b5785f75ab01b8e841cd257ae5017c1/attachments.v1.lock": {"bytes": 1, "sha256": "5feceb66ffc86f38d952786c6d696c79c2dbc239dd4e91b46729d73a27fb57e9"}, "s/s/sc53b562e/b/bc93d9044/data/execution-outbox/test/867b0e4d9fda720f24fd8713a7c3d13e1b5785f75ab01b8e841cd257ae5017c1/delivery.v1.json": {"bytes": 1967, "sha256": "c3334d151cf3555d952e500c6a2841632136ae4aa67e68e829e9600692555779"}, "s/s/sc53b562e/b/bc93d9044/data/execution-outbox/test/867b0e4d9fda720f24fd8713a7c3d13e1b5785f75ab01b8e841cd257ae5017c1/delivery.v1.lock": {"bytes": 1, "sha256": "5feceb66ffc86f38d952786c6d696c79c2dbc239dd4e91b46729d73a27fb57e9"}, "s/s/sc53b562e/b/bc93d9044/data/external-providers/test/867b0e4d9fda720f24fd8713a7c3d13e1b5785f75ab01b8e841cd257ae5017c1/cache.json": {"bytes": 3353, "sha256": "9e1e6033454d3cff3a2bac7b27faa07b00c93a780c4d5e882c3e47ea8571c528"}, "s/s/sc53b562e/b/bc93d9044/data/external-providers/test/867b0e4d9fda720f24fd8713a7c3d13e1b5785f75ab01b8e841cd257ae5017c1/registry.json": {"bytes": 1850, "sha256": "9ebebfdbd78350ab513b360ccec40957d86d1e6e253eda165d5ad68f148bd6f5"}, "s/s/sc53b562e/b/bc93d9044/data/fixture/c1-profile.v1.json": {"bytes": 102, "sha256": "5ede02c057842230efc541f8b11c77f07f715b8d68a8c14d4cbdc6eefd46d9cb"}, "s/s/sc53b562e/b/bc93d9044/data/fixture/p16-control.json": {"bytes": 504, "sha256": "366425aa7fb3da0c9b8af2ee3d34add349e5d7118c89af51d1e3f8ec0220dc51"}, "s/s/sc53b562e/b/bc93d9044/data/fixture/p16-profile.json": {"bytes": 96, "sha256": "b5c12464472bdfa6e559c8863214cb35fd5cb528c9302ca99d4d29c75af7dbba"}, "s/s/sc53b562e/b/bc93d9044/data/fixture/state-fixture.v1.json": {"bytes": 635, "sha256": "d433b3ccae8fd2488b34f2b34608bf22c8d85d300060a31486e162adea2810b1"}, "s/s/sc53b562e/b/bc93d9044/data/fixture/tool-grants.json": {"bytes": 154, "sha256": "d8c8246f63b9d7532c0d55a929c1fe46e668befbeff8f52d44a5e71db50f4f1d"}, "s/s/sc53b562e/b/bc93d9044/data/integration/capability-ledger.v1.json": {"bytes": 64735, "sha256": "2e4a62c74be46b053ea4c66711b32620beb344783ee86de030ac4453002ddbf1"}, "s/s/sc53b562e/b/bc93d9044/data/integration/operation-journal.first-round-v1.json": {"bytes": 323235, "sha256": "0bb6839fe258aaf10d1b46df36e38209bd4ab56a09063c678e4dfc43bad3ec88"}, "s/s/sc53b562e/b/bc93d9044/data/integration/result-ledger.first-round-v1.json": {"bytes": 3108, "sha256": "3597496853a1a6325aa84e2ad159d6b7363a13dd1bf4b75dae41717bb6f71e4a"}, "s/s/sc53b562e/b/bc93d9044/data/integration/subject-binding.runtime-v1.json": {"bytes": 613, "sha256": "bc2a1be66007d29d62f771661554e95c0a1db32672df7f82405f6cb3e1bdb8c4"}, "s/s/sc53b562e/b/bc93d9044/data/learning/b231942937abac6db04c78c61eed5617b4b711c909c447139884071ada430a85.json": {"bytes": 2154, "sha256": "3963a1c114d863ba6653a08993c20958a8d10d49a50bc8f783a1415b237e41e2"}, "s/s/sc53b562e/b/bc93d9044/data/memory/test/b231942937abac6db04c78c61eed5617b4b711c909c447139884071ada430a85.json": {"bytes": 4202, "sha256": "bbc080dcd0bd93dbd4c9adb0e00a4b7822e8764e8a75932366ab9e4dd990ed32"}, "s/s/sc53b562e/b/bc93d9044/data/p16-fake/facts.json": {"bytes": 4184, "sha256": "c085a18e3830032c3c4470397b12fb73f184ff7df1e1448c36adc50acdb92bc4"}, "s/s/sc53b562e/b/bc93d9044/data/resources/b231942937abac6db04c78c61eed5617b4b711c909c447139884071ada430a85.json": {"bytes": 437, "sha256": "4e3546ddb46dd2e469083311570edb4a08775de5b2c29e32033b6fb1fa233d72"}, "s/s/sc53b562e/b/bc93d9044/data/subject-state/b231942937abac6db04c78c61eed5617b4b711c909c447139884071ada430a85.json": {"bytes": 4912, "sha256": "5f645adc8b350d7084ce12bb3ee0fc00bac4e9436cd5522dc46da849247ccb93"}, "s/s/sc53b562e/b/bc93d9044/data/test-actions/action-sessions.v1.json": {"bytes": 128, "sha256": "13ad36af8f0b76a788ac3e75e863ad64e6cd009c1dcc1a28efe7d10220f3c658"}, "s/s/sc53b562e/b/bc93d9044/data/test-indexes/events.v1.json": {"bytes": 138, "sha256": "94bd8b125e55efcfaa819712dfacc6857313189875516967140aefe39f99813a"}, "s/s/sc53b562e/b/bc93d9044/data/test-indexes/evolution.v1.json": {"bytes": 141, "sha256": "0129cb147c6749882f1bbdb08e2e161417edf94b0a482f0e1b3254a4eea15ed3"}, "s/s/sc53b562e/b/bc93d9044/data/test-indexes/relationship-state.v1.json": {"bytes": 150, "sha256": "06224d2bde8a888f0898afb17e8d8c7a0da9493cded5f452291d940a1662d122"}, "s/s/sc53b562e/b/bc93d9044/data/test-indexes/state-mutations.v1.json": {"bytes": 147, "sha256": "846de2b611c09bd9903a340cda1dc141925ce3b92e34fb4f65c62b2039823281"}, "s/s/sc53b562e/b/bc93d9044/data/test-indexes/thinking-sessions.v1.json": {"bytes": 149, "sha256": "ddeb0bba01c9009168eaf1f2a85fd513b9b5faf6e70a8b3d5307710f0b3b4331"}, "s/s/sc53b562e/b/bc93d9044/data/test-indexes/wake-sessions.v1.json": {"bytes": 145, "sha256": "5c85a37cebb00e4027b7356b2c5e910a6137d1c763f3a2d15bb1005006eaeded"}, "s/s/sc53b562e/b/bc93d9044/data/test-memory/memory-ledger.v1.json": {"bytes": 631, "sha256": "d139a259b870ba67b7bced1a6ec0ea8e5c638fc0980a5879484f4618a5c1b133"}, "s/s/sc53b562e/b/bc93d9044/data/test-trace/subject-clock-trace.v1.json": {"bytes": 1558, "sha256": "7e2aba1679d854e1884d7441c8a48b76c194b4cfdb39dca7313a54a49f486aea"}, "s/s/sc53b562e/b/bc93d9044/data/thinking/sessions/b231942937abac6db04c78c61eed5617b4b711c909c447139884071ada430a85/31b53819d545750b2555f410545ec0d31a628d6926b5cc18b7f654e83c180dff.json": {"bytes": 73581, "sha256": "0374e0ac192b402a92092da425da13111eed06a11c7aa5ac58cfde35091ee3b5"}, "s/s/sc53b562e/b/bc93d9044/data/thinking/sessions/b231942937abac6db04c78c61eed5617b4b711c909c447139884071ada430a85/64ae5f9111d627f0dbbc418e3dc4df4ccbad72555e4272974bbe9164d217bee5.json": {"bytes": 54177, "sha256": "ee8067afec397e13d56faf50b877d6a383c06b0e629f6264ae247a431ed43d43"}, "s/s/sc53b562e/b/bc93d9044/data/worlds/entry-A/simulated-device.json": {"bytes": 3438, "sha256": "f4fc17d39da4b0a4a273d216f3401a8e6a1d2f3ee4f2eac17ab740e3cbbf21e6"}, "s/s/sc53b562e/b/bc93d9044/data/worlds/entry-A/simulated-device.lock": {"bytes": 1, "sha256": "5feceb66ffc86f38d952786c6d696c79c2dbc239dd4e91b46729d73a27fb57e9"}, "s/s/sc53b562e/b/bc93d9044/data/worlds/tools/connections.json": {"bytes": 2760, "sha256": "1fddf4740f52297cf3191e58b1855f1fb4656342ca33cf89b18bb94eadc0cb21"}, "s/s/sc53b562e/b/bc93d9044/data/worlds/tools/connections.lock": {"bytes": 1, "sha256": "5feceb66ffc86f38d952786c6d696c79c2dbc239dd4e91b46729d73a27fb57e9"}, "s/s/sc53b562e/b/bc93d9044/data/worlds/w04-device/simulated-device.json": {"bytes": 4031, "sha256": "f235f54ed606c780035b4f3e485f0f685f7c63079417f3c8e239f5d385bdb58b"}, "s/s/sc53b562e/b/bc93d9044/data/worlds/w04-device/simulated-device.lock": {"bytes": 1, "sha256": "5feceb66ffc86f38d952786c6d696c79c2dbc239dd4e91b46729d73a27fb57e9"}, "s/s/sc53b562e/sandbox-manifest.v1.json": {"bytes": 928, "sha256": "fd141cfa97d88404dfb328e1269466d2ca5ff23f70660485e66cf1a826763866"}, "s/sandbox-registry.v1.json": {"bytes": 485, "sha256": "c44c7765f54b4869207bb152317fdf136c02e3f8155923fe9fcc13656996dff2"}}}
test_set_retained_values_does_not_relabel_original_source (test_w04_4_review_repairs.EntryReviewRepairTests.test_set_retained_values_does_not_relabel_original_source) ... ok

======================================================================
ERROR: test_discovery_history_body_and_native_cross_entry_share_authorities (test_w04_package.W04PackageTests.test_discovery_history_body_and_native_cross_entry_share_authorities)
----------------------------------------------------------------------
Traceback (most recent call last):
  File "C:\Users\Administrator\Documents\continuity-engine\src\continuity_engine\services\continuity_interaction_service.py", line 324, in _submit
    operation, thinking_execution = self._run_domain(request, operation, binding)
                                    ~~~~~~~~~~~~~~~~^^^^^^^^^^^^^^^^^^^^^^^^^^^^^
  File "C:\Users\Administrator\Documents\continuity-engine\src\continuity_engine\services\continuity_interaction_service.py", line 879, in _run_domain
    perception = self._continuity_core.prepare(perception, operation,
        **({'save_input': save_input} if operation.input_processing_enabled else {}),
        **({'save_recall':save_recall} if operation.recall_enabled else {}))
  File "C:\Users\Administrator\Documents\continuity-engine\src\continuity_engine\services\continuity_core_service.py", line 350, in prepare
    return self._prepare(perception, operation, save_input=save_input,save_recall=save_recall)
           ~~~~~~~~~~~~~^^^^^^^^^^^^^^^^^^^^^^^^^^^^^^^^^^^^^^^^^^^^^^^^^^^^^^^^^^^^^^^^^^^^^^
  File "C:\Users\Administrator\Documents\continuity-engine\src\continuity_engine\services\continuity_core_service.py", line 429, in _prepare
    route,composition,recall_record=self.recall.prepare(perception,operation,save_recall,
                                    ~~~~~~~~~~~~~~~~~~~^^^^^^^^^^^^^^^^^^^^^^^^^^^^^^^^^^
        attention=mind['influence']['attention'] if mind is not None else None)
        ^^^^^^^^^^^^^^^^^^^^^^^^^^^^^^^^^^^^^^^^^^^^^^^^^^^^^^^^^^^^^^^^^^^^^^^
  File "C:\Users\Administrator\Documents\continuity-engine\src\continuity_engine\services\associative_recall_service.py", line 100, in prepare
    return self._prepare(perception,operation,save,attention=attention)
           ~~~~~~~~~~~~~^^^^^^^^^^^^^^^^^^^^^^^^^^^^^^^^^^^^^^^^^^^^^^^
  File "C:\Users\Administrator\Documents\continuity-engine\src\continuity_engine\services\associative_recall_service.py", line 211, in _prepare
    raise CapabilityValidationError(stop)
continuity_engine.domain.errors.CapabilityValidationError: RECALL_TIMEOUT

The above exception was the direct cause of the following exception:

Traceback (most recent call last):
  File "C:\Users\Administrator\Documents\continuity-engine\tests\test_w04_package.py", line 63, in test_discovery_history_body_and_native_cross_entry_share_authorities
    f.submit('周六选河边店还是山坡店？')
    ~~~~~~~~^^^^^^^^^^^^^^^^^^^^^^^^^^^^
  File "C:\Users\Administrator\Documents\continuity-engine\src\continuity_engine\testing\w04_cross_entry_fixture.py", line 309, in submit
    return self.entries.receive(self.last_request, self.last_message)
           ~~~~~~~~~~~~~~~~~~~~^^^^^^^^^^^^^^^^^^^^^^^^^^^^^^^^^^^^^^
  File "C:\Users\Administrator\Documents\continuity-engine\src\continuity_engine\services\cross_entry_service.py", line 736, in receive
    return self.interaction.submit(payload, entry_message=message)
           ~~~~~~~~~~~~~~~~~~~~~~~^^^^^^^^^^^^^^^^^^^^^^^^^^^^^^^^
  File "C:\Users\Administrator\Documents\continuity-engine\src\continuity_engine\services\continuity_interaction_service.py", line 192, in submit
    return self._submit(payload, access_use=access_use, entry_message=entry_message)
           ~~~~~~~~~~~~^^^^^^^^^^^^^^^^^^^^^^^^^^^^^^^^^^^^^^^^^^^^^^^^^^^^^^^^^^^^^
  File "C:\Users\Administrator\Documents\continuity-engine\src\continuity_engine\services\continuity_interaction_service.py", line 336, in _submit
    raise IntegrationExecutionError(
    ...<4 lines>...
    ) from exc
continuity_engine.domain.errors.IntegrationExecutionError: Local integration encountered an unexpected execution fault during domain.

----------------------------------------------------------------------
Ran 2 tests in 35.794s

FAILED (errors=1)
