test_body_action_uses_existing_execution_and_fences_changed_attachment (test_w04_1_environment.W04ActionBindingTests.test_body_action_uses_existing_execution_and_fences_changed_attachment) ... ok
test_current_output_ability_executes_through_existing_execution (test_w04_1_environment.W04ActionBindingTests.test_current_output_ability_executes_through_existing_execution) ... ok
test_expired_output_ability_rejects_existing_execution_before_effect_or_cost (test_w04_1_environment.W04ActionBindingTests.test_expired_output_ability_rejects_existing_execution_before_effect_or_cost) ... ok
test_revocation_inside_final_reality_callback_prevents_world_effect (test_w04_1_environment.W04ActionBindingTests.test_revocation_inside_final_reality_callback_prevents_world_effect) ... ok
test_revocation_inside_resource_check_prevents_world_effect (test_w04_1_environment.W04ActionBindingTests.test_revocation_inside_resource_check_prevents_world_effect) ... ok
test_alternative_route_skips_disconnected_and_keeps_grant_checks (test_w04_1_environment.W04EnvironmentTests.test_alternative_route_skips_disconnected_and_keeps_grant_checks) ... ok
test_body_none_unknown_zero_and_source_separation (test_w04_1_environment.W04EnvironmentTests.test_body_none_unknown_zero_and_source_separation) ... ok
test_corrupt_store_and_revision_conflict_fail_closed (test_w04_1_environment.W04EnvironmentTests.test_corrupt_store_and_revision_conflict_fail_closed) ... ok
test_cross_environment_attachment_cannot_enter_test_engine (test_w04_1_environment.W04EnvironmentTests.test_cross_environment_attachment_cannot_enter_test_engine) ... ok
test_current_check_does_not_reuse_permission_or_connection_result (test_w04_1_environment.W04EnvironmentTests.test_current_check_does_not_reuse_permission_or_connection_result) ... ok
test_deep_history_needs_willingness_and_future_route (test_w04_1_environment.W04EnvironmentTests.test_deep_history_needs_willingness_and_future_route) ... ok
test_enabled_bound_entry_requires_trusted_use_even_for_same_formal_payload (test_w04_1_environment.W04EnvironmentTests.test_enabled_bound_entry_requires_trusted_use_even_for_same_formal_payload) ... ok
test_formal_ingress_checks_attachment_before_any_operation_write (test_w04_1_environment.W04EnvironmentTests.test_formal_ingress_checks_attachment_before_any_operation_write) ... ok
test_four_states_and_current_availability_are_distinct (test_w04_1_environment.W04EnvironmentTests.test_four_states_and_current_availability_are_distinct) ... ok
test_handoff_preparation_cannot_cross_subject_or_environment (test_w04_1_environment.W04EnvironmentTests.test_handoff_preparation_cannot_cross_subject_or_environment) ... ok
test_history_current_source_permission_and_scope_are_checked (test_w04_1_environment.W04EnvironmentTests.test_history_current_source_permission_and_scope_are_checked) ... ok
test_history_old_revision_cannot_be_reused_after_new_state (test_w04_1_environment.W04EnvironmentTests.test_history_old_revision_cannot_be_reused_after_new_state) ... ok
test_history_permission_change_during_read_rejects_before_return (test_w04_1_environment.W04EnvironmentTests.test_history_permission_change_during_read_rejects_before_return) ... ok
test_isolated_handoff_fences_old_host_and_restart_keeps_fence (test_w04_1_environment.W04EnvironmentTests.test_isolated_handoff_fences_old_host_and_restart_keeps_fence) ... ok
test_migration_kinds_missing_inventory_and_production_not_ready (test_w04_1_environment.W04EnvironmentTests.test_migration_kinds_missing_inventory_and_production_not_ready) ... ok
test_migration_preparation_status_cannot_contradict_kind_or_inventory (test_w04_1_environment.W04EnvironmentTests.test_migration_preparation_status_cannot_contradict_kind_or_inventory) ... ok
test_model_api_is_not_an_engine_message_ingress (test_w04_1_environment.W04EnvironmentTests.test_model_api_is_not_an_engine_message_ingress) ... ok
test_read_only_view_requires_current_subject_and_permission (test_w04_1_environment.W04EnvironmentTests.test_read_only_view_requires_current_subject_and_permission) ... ok
test_revocation_during_current_permission_callback_is_seen (test_w04_1_environment.W04EnvironmentTests.test_revocation_during_current_permission_callback_is_seen) ... ok
test_revocation_expiry_and_current_permission_stop_new_ingress (test_w04_1_environment.W04EnvironmentTests.test_revocation_expiry_and_current_permission_stop_new_ingress) ... ok
test_same_account_name_and_wrong_subject_are_not_identity (test_w04_1_environment.W04EnvironmentTests.test_same_account_name_and_wrong_subject_are_not_identity) ... ok
test_scoped_history_uses_original_router_composer_and_is_read_only (test_w04_1_environment.W04EnvironmentTests.test_scoped_history_uses_original_router_composer_and_is_read_only) ... ok
test_sensor_contract_rejects_non_finite_bool_and_wrong_type (test_w04_1_environment.W04EnvironmentTests.test_sensor_contract_rejects_non_finite_bool_and_wrong_type) ... ok
test_sensor_missing_ability_wrong_generation_and_expired_sample_rejected (test_w04_1_environment.W04EnvironmentTests.test_sensor_missing_ability_wrong_generation_and_expired_sample_rejected) ... ok
test_expired_source_rejects_while_historical_receipt_is_preserved (test_w04_2_history_selection.HistorySelectionTests.test_expired_source_rejects_while_historical_receipt_is_preserved) ... ok
test_non_targeted_result_source_keeps_original_candidate_ranking (test_w04_2_history_selection.HistorySelectionTests.test_non_targeted_result_source_keeps_original_candidate_ranking) ... ok
test_permission_revoked_during_composition_rejects_before_return (test_w04_2_history_selection.HistorySelectionTests.test_permission_revoked_during_composition_rejects_before_return) ... ok
test_reopen_and_same_query_replay_keep_original_facts (test_w04_2_history_selection.HistorySelectionTests.test_reopen_and_same_query_replay_keep_original_facts) ... ok
test_revoked_permission_rejects_and_does_not_consume_old_receipt (test_w04_2_history_selection.HistorySelectionTests.test_revoked_permission_rejects_and_does_not_consume_old_receipt) ... ok
test_target_priority_keeps_other_candidates_and_conflict_material (test_w04_2_history_selection.HistorySelectionTests.test_target_priority_keeps_other_candidates_and_conflict_material) ... ok
test_target_that_cannot_fit_is_blocked_without_substituting_other_receipt (test_w04_2_history_selection.HistorySelectionTests.test_target_that_cannot_fit_is_blocked_without_substituting_other_receipt) ... ok
test_two_current_targets_both_orders_and_distinct_identifiers (test_w04_2_history_selection.HistorySelectionTests.test_two_current_targets_both_orders_and_distinct_identifiers) ... ok
test_withdrawn_source_cannot_be_replaced_by_other_same_root_copy (test_w04_2_history_selection.HistorySelectionTests.test_withdrawn_source_cannot_be_replaced_by_other_same_root_copy) ... ok
test_changed_bytes_and_corrupt_hash_cannot_reuse_old_registry (test_w04_2_registry_recheck.RegistryCurrentPathTests.test_changed_bytes_and_corrupt_hash_cannot_reuse_old_registry) ... ok
test_current_directory_junction_rejects_and_restoring_real_directory_recovers (test_w04_2_registry_recheck.RegistryCurrentPathTests.test_current_directory_junction_rejects_and_restoring_real_directory_recovers) ... ok
test_current_registry_repeated_read_is_read_only_and_returns_private_values (test_w04_2_registry_recheck.RegistryCurrentPathTests.test_current_registry_repeated_read_is_read_only_and_returns_private_values) ... ok
test_missing_store_still_has_no_capability (test_w04_2_registry_recheck.RegistryCurrentPathTests.test_missing_store_still_has_no_capability) ... ok
test_path_metadata_denial_is_not_a_successful_read (test_w04_2_registry_recheck.RegistryCurrentPathTests.test_path_metadata_denial_is_not_a_successful_read) ... ok
test_recheck_all_current_ancestors_on_each_read_with_single_metadata_query (test_w04_2_registry_recheck.RegistryCurrentPathTests.test_recheck_all_current_ancestors_on_each_read_with_single_metadata_query) ... ok
test_registry_revoke_is_seen_on_next_read_and_after_reopen (test_w04_2_registry_recheck.RegistryCurrentPathTests.test_registry_revoke_is_seen_on_next_read_and_after_reopen) ... ok
test_original_action_request_can_bind_device_observation_and_command (test_w04_2_simulation.DevicePayloadAdmissionTests.test_original_action_request_can_bind_device_observation_and_command) ... ok
test_body_action_and_sensor_reach_original_perception (test_w04_2_simulation.W04SimulatedChainTests.test_body_action_and_sensor_reach_original_perception) ... ok
test_body_switch_fences_old_connection_preserves_subject_and_old_fact (test_w04_2_simulation.W04SimulatedChainTests.test_body_switch_fences_old_connection_preserves_subject_and_old_fact) ... ok
test_cancel_before_effect_remains_cancelled (test_w04_2_simulation.W04SimulatedChainTests.test_cancel_before_effect_remains_cancelled) ... ok
test_click_receipt_cannot_be_relabelled_as_saved (test_w04_2_simulation.W04SimulatedChainTests.test_click_receipt_cannot_be_relabelled_as_saved) ... ok
test_corrupt_native_store_fails_closed_without_subject_change (test_w04_2_simulation.W04SimulatedChainTests.test_corrupt_native_store_fails_closed_without_subject_change) ... ok
test_cross_process_body_receipt_recovery_and_replay (test_w04_2_simulation.W04SimulatedChainTests.test_cross_process_body_receipt_recovery_and_replay) ... ok
test_deep_history_requires_willingness_and_current_permission (test_w04_2_simulation.W04SimulatedChainTests.test_deep_history_requires_willingness_and_current_permission) ... ok
test_expired_history_not_consumable_but_original_receipt_recovers (test_w04_2_simulation.W04SimulatedChainTests.test_expired_history_not_consumable_but_original_receipt_recovers) ... ok
test_external_instruction_is_observation_not_subject_authority (test_w04_2_simulation.W04SimulatedChainTests.test_external_instruction_is_observation_not_subject_authority) ... ok
test_final_native_boundary_rechecks_takeover_and_authority (test_w04_2_simulation.W04SimulatedChainTests.test_final_native_boundary_rechecks_takeover_and_authority) ... ok
test_focus_page_lock_offline_takeover_and_unobservable_block_stale_actions (test_w04_2_simulation.W04SimulatedChainTests.test_focus_page_lock_offline_takeover_and_unobservable_block_stale_actions) ... ok
test_history_scope_filters_other_session_time_and_unreadable_records (test_w04_2_simulation.W04SimulatedChainTests.test_history_scope_filters_other_session_time_and_unreadable_records) ... ok
test_history_source_withdrawal_blocks_old_context_and_keeps_fact (test_w04_2_simulation.W04SimulatedChainTests.test_history_source_withdrawal_blocks_old_context_and_keeps_fact) ... ok
test_local_failure_retries_only_when_original_fact_proves_not_executed (test_w04_2_simulation.W04SimulatedChainTests.test_local_failure_retries_only_when_original_fact_proves_not_executed) ... ok
test_locked_device_does_not_stop_runtime_control_or_other_work (test_w04_2_simulation.W04SimulatedChainTests.test_locked_device_does_not_stop_runtime_control_or_other_work) ... ok
test_missing_capability_and_wrong_body_have_zero_effect (test_w04_2_simulation.W04SimulatedChainTests.test_missing_capability_and_wrong_body_have_zero_effect) ... ok
test_missing_observation_or_tampered_argument_rejected_before_reservation (test_w04_2_simulation.W04SimulatedChainTests.test_missing_observation_or_tampered_argument_rejected_before_reservation) ... ok
test_no_body_subject_and_unknown_zero_are_distinct (test_w04_2_simulation.W04SimulatedChainTests.test_no_body_subject_and_unknown_zero_are_distinct) ... ok
test_observation_expiry_boundary_and_fresh_reobservation (test_w04_2_simulation.W04SimulatedChainTests.test_observation_expiry_boundary_and_fresh_reobservation) ... ok
test_original_reality_denial_is_not_bypassed_by_ui (test_w04_2_simulation.W04SimulatedChainTests.test_original_reality_denial_is_not_bypassed_by_ui) ... ok
test_permission_changes_in_last_resource_check_cannot_create_effect (test_w04_2_simulation.W04SimulatedChainTests.test_permission_changes_in_last_resource_check_cannot_create_effect) ... ok
test_permission_or_device_connection_change_blocks_new_effect (test_w04_2_simulation.W04SimulatedChainTests.test_permission_or_device_connection_change_blocks_new_effect) ... ok
test_permission_withdrawn_during_result_read_returns_no_details (test_w04_2_simulation.W04SimulatedChainTests.test_permission_withdrawn_during_result_read_returns_no_details) ... ok
test_query_and_status_are_read_only_and_bounded (test_w04_2_simulation.W04SimulatedChainTests.test_query_and_status_are_read_only_and_bounded) ... ok
test_raw_message_c1_device_action_result_and_legal_evolution_absorption (test_w04_2_simulation.W04SimulatedChainTests.test_raw_message_c1_device_action_result_and_legal_evolution_absorption) ... ok
test_read_scope_required_and_observation_returns_detached_copy (test_w04_2_simulation.W04SimulatedChainTests.test_read_scope_required_and_observation_returns_detached_copy) ... ok
test_repeated_receipt_and_lost_response_recover_without_new_effect (test_w04_2_simulation.W04SimulatedChainTests.test_repeated_receipt_and_lost_response_recover_without_new_effect) ... ok
test_resource_and_recoverability_denials_keep_zero_cost (test_w04_2_simulation.W04SimulatedChainTests.test_resource_and_recoverability_denials_keep_zero_cost) ... ok
test_same_request_identity_changed_content_is_conflict (test_w04_2_simulation.W04SimulatedChainTests.test_same_request_identity_changed_content_is_conflict) ... ok
test_same_root_history_requery_does_not_create_independent_evidence (test_w04_2_simulation.W04SimulatedChainTests.test_same_root_history_requery_does_not_create_independent_evidence) ... ok
test_secrets_rejected_before_ledger_and_standard_diagnostics_sanitized (test_w04_2_simulation.W04SimulatedChainTests.test_secrets_rejected_before_ledger_and_standard_diagnostics_sanitized) ... ok
test_sensor_stale_wrong_unit_and_context_currentness (test_w04_2_simulation.W04SimulatedChainTests.test_sensor_stale_wrong_unit_and_context_currentness) ... ok
test_somatic_and_dream_cannot_impersonate_hardware (test_w04_2_simulation.W04SimulatedChainTests.test_somatic_and_dream_cannot_impersonate_hardware) ... ok
test_specific_output_capability_expiry_blocks_while_connection_valid (test_w04_2_simulation.W04SimulatedChainTests.test_specific_output_capability_expiry_blocks_while_connection_valid) ... ok
test_subject_pause_blocks_new_device_effect_without_falsifying_old_fact (test_w04_2_simulation.W04SimulatedChainTests.test_subject_pause_blocks_new_device_effect_without_falsifying_old_fact) ... ok
test_subject_without_body_can_still_process_normal_message (test_w04_2_simulation.W04SimulatedChainTests.test_subject_without_body_can_still_process_normal_message) ... ok
test_terminal_failure_is_not_business_success (test_w04_2_simulation.W04SimulatedChainTests.test_terminal_failure_is_not_business_success) ... ok
test_true_unknown_keeps_old_request_and_never_resends (test_w04_2_simulation.W04SimulatedChainTests.test_true_unknown_keeps_old_request_and_never_resends) ... ok
test_ui_locate_click_type_scroll_save_send_and_reobserve (test_w04_2_simulation.W04SimulatedChainTests.test_ui_locate_click_type_scroll_save_send_and_reobserve) ... ok
test_unavailable_route_can_reobserve_but_reality_denial_cannot_be_bypassed (test_w04_2_simulation.W04SimulatedChainTests.test_unavailable_route_can_reobserve_but_reality_denial_cannot_be_bypassed) ... ok
test_wrong_subject_environment_account_device_and_session_are_rejected (test_w04_2_simulation.W04SimulatedChainTests.test_wrong_subject_environment_account_device_and_session_are_rejected) ... ok
test_automatic_partial_cleanup_survives_three_failures_and_reopen (test_w04_3_repairs.ToolRepairTests.test_automatic_partial_cleanup_survives_three_failures_and_reopen) ... ok
test_backoff_survives_reopen_without_reset_or_read_side_effect (test_w04_3_repairs.ToolRepairTests.test_backoff_survives_reopen_without_reset_or_read_side_effect) ... ok
test_both_native_needs_and_two_tools_obtain_real_dispatch (test_w04_3_repairs.ToolRepairTests.test_both_native_needs_and_two_tools_obtain_real_dispatch) ... ok
test_cleanup_backoff_is_receipt_bound_readonly_and_configurable (test_w04_3_repairs.ToolRepairTests.test_cleanup_backoff_is_receipt_bound_readonly_and_configurable) ... ok
test_cleanup_revocation_pause_stop_and_other_connection_isolation (test_w04_3_repairs.ToolRepairTests.test_cleanup_revocation_pause_stop_and_other_connection_isolation) ... ok
test_cleanup_unknown_and_return_lost_use_original_fact (test_w04_3_repairs.ToolRepairTests.test_cleanup_unknown_and_return_lost_use_original_fact) ... ok
test_current_host_and_scope_denial_prevent_new_cleanup (test_w04_3_repairs.ToolRepairTests.test_current_host_and_scope_denial_prevent_new_cleanup) ... ok
test_dependency_wait_and_pending_cleanup_do_not_block_ready (test_w04_3_repairs.ToolRepairTests.test_dependency_wait_and_pending_cleanup_do_not_block_ready) ... ok
test_invalid_cleanup_pacing_is_rejected_without_port_work (test_w04_3_repairs.ToolRepairTests.test_invalid_cleanup_pacing_is_rejected_without_port_work) ... ok
test_login_wait_reopen_pause_resume_and_original_identity (test_w04_3_repairs.ToolRepairTests.test_login_wait_reopen_pause_resume_and_original_identity) ... ok
test_old_context_is_not_rebound_after_native_revision (test_w04_3_repairs.ToolRepairTests.test_old_context_is_not_rebound_after_native_revision) ... ok
test_three_failed_cleanup_facts_can_resume_via_host (test_w04_3_repairs.ToolRepairTests.test_three_failed_cleanup_facts_can_resume_via_host) ... ok
test_unknown_first_does_not_block_second_or_replay (test_w04_3_repairs.ToolRepairTests.test_unknown_first_does_not_block_second_or_replay) ... ok
test_waiting_first_does_not_starve_second_or_native_work (test_w04_3_repairs.ToolRepairTests.test_waiting_first_does_not_starve_second_or_native_work) ... ok
test_advance_autonomously_finishes_single_task_without_model_steps (test_w04_3_tools.TemporaryToolTests.test_advance_autonomously_finishes_single_task_without_model_steps) ... ok
test_authorized_connect_verify_use_cleanup_and_readonly (test_w04_3_tools.TemporaryToolTests.test_authorized_connect_verify_use_cleanup_and_readonly) ... ok
test_budget_is_actual_unique_business_receipts_not_number_of_queries (test_w04_3_tools.TemporaryToolTests.test_budget_is_actual_unique_business_receipts_not_number_of_queries) ... ok
test_cancel_before_connection_reopen_and_replay_never_opens_it (test_w04_3_tools.TemporaryToolTests.test_cancel_before_connection_reopen_and_replay_never_opens_it) ... ok
test_cancel_during_connect_before_native_commit_is_fenced (test_w04_3_tools.TemporaryToolTests.test_cancel_during_connect_before_native_commit_is_fenced) ... ok
test_cancel_reserved_before_delivery_fences_future_use (test_w04_3_tools.TemporaryToolTests.test_cancel_reserved_before_delivery_fences_future_use) ... ok
test_candidate_identity_scope_and_hash_are_checked (test_w04_3_tools.TemporaryToolTests.test_candidate_identity_scope_and_hash_are_checked) ... ok
test_cleanup_after_host_handoff_is_blocked_not_falsely_clean (test_w04_3_tools.TemporaryToolTests.test_cleanup_after_host_handoff_is_blocked_not_falsely_clean) ... ok
test_cleanup_failure_then_reopen_preserves_pending_not_false_clean (test_w04_3_tools.TemporaryToolTests.test_cleanup_failure_then_reopen_preserves_pending_not_false_clean) ... ok
test_cleanup_preserves_other_connection_and_subject_files (test_w04_3_tools.TemporaryToolTests.test_cleanup_preserves_other_connection_and_subject_files) ... ok
test_cleanup_unknown_does_not_claim_closed_or_start_another_cleanup (test_w04_3_tools.TemporaryToolTests.test_cleanup_unknown_does_not_claim_closed_or_start_another_cleanup) ... ok
test_conditions_identify_new_scope_budget_dependency_without_creating_connection (test_w04_3_tools.TemporaryToolTests.test_conditions_identify_new_scope_budget_dependency_without_creating_connection) ... ok
test_connection_fact_corruption_refuses_read_and_has_no_effect (test_w04_3_tools.TemporaryToolTests.test_connection_fact_corruption_refuses_read_and_has_no_effect) ... ok
test_connection_identity_is_not_reused_for_renewal (test_w04_3_tools.TemporaryToolTests.test_connection_identity_is_not_reused_for_renewal) ... ok
test_credential_secret_rejected_before_ledger_write_and_traceback_safe (test_w04_3_tools.TemporaryToolTests.test_credential_secret_rejected_before_ledger_write_and_traceback_safe) ... ok
test_cross_process_lost_connection_recovery_and_replay (test_w04_3_tools.TemporaryToolTests.test_cross_process_lost_connection_recovery_and_replay) ... ok
test_current_discovery_revocation_prevents_use_but_preserves_historical_fact (test_w04_3_tools.TemporaryToolTests.test_current_discovery_revocation_prevents_use_but_preserves_historical_fact) ... ok
test_discovery_is_real_p16_and_not_current_availability (test_w04_3_tools.TemporaryToolTests.test_discovery_is_real_p16_and_not_current_availability) ... ok
test_expired_discovery_is_not_replaced_by_same_name_new_offer (test_w04_3_tools.TemporaryToolTests.test_expired_discovery_is_not_replaced_by_same_name_new_offer) ... ok
test_expiry_denies_use_but_cleanup_is_separately_authorized (test_w04_3_tools.TemporaryToolTests.test_expiry_denies_use_but_cleanup_is_separately_authorized) ... ok
test_explicit_renewal_uses_new_valid_grant_and_new_connection_identity (test_w04_3_tools.TemporaryToolTests.test_explicit_renewal_uses_new_valid_grant_and_new_connection_identity) ... ok
test_failed_verification_does_not_register_usable_tool (test_w04_3_tools.TemporaryToolTests.test_failed_verification_does_not_register_usable_tool) ... ok
test_final_revocation_between_setup_and_native_call_is_zero_effect (test_w04_3_tools.TemporaryToolTests.test_final_revocation_between_setup_and_native_call_is_zero_effect) ... ok
test_fresh_observation_checks_lease_before_and_after_read (test_w04_3_tools.TemporaryToolTests.test_fresh_observation_checks_lease_before_and_after_read) ... ok
test_granted_persistent_connection_survives_task_until_explicit_cancel (test_w04_3_tools.TemporaryToolTests.test_granted_persistent_connection_survives_task_until_explicit_cancel) ... ok
test_history_query_reuses_original_receipt_router_composer (test_w04_3_tools.TemporaryToolTests.test_history_query_reuses_original_receipt_router_composer) ... ok
test_lost_cleanup_response_recovers_without_duplicate_removal (test_w04_3_tools.TemporaryToolTests.test_lost_cleanup_response_recovers_without_duplicate_removal) ... ok
test_migration_fences_old_discovery_before_any_connection (test_w04_3_tools.TemporaryToolTests.test_migration_fences_old_discovery_before_any_connection) ... ok
test_missing_discovery_and_untrusted_material_are_not_callable (test_w04_3_tools.TemporaryToolTests.test_missing_discovery_and_untrusted_material_are_not_callable) ... ok
test_missing_login_resumes_same_connection_without_discovery_or_cost_repeat (test_w04_3_tools.TemporaryToolTests.test_missing_login_resumes_same_connection_without_discovery_or_cost_repeat) ... ok
test_offline_recovery_does_not_reconnect_or_reset_generation (test_w04_3_tools.TemporaryToolTests.test_offline_recovery_does_not_reconnect_or_reset_generation) ... ok
test_other_environment_offer_is_rejected_before_connection (test_w04_3_tools.TemporaryToolTests.test_other_environment_offer_is_rejected_before_connection) ... ok
test_p18_wait_resume_pause_stop_use_original_task_and_control (test_w04_3_tools.TemporaryToolTests.test_p18_wait_resume_pause_stop_use_original_task_and_control) ... ok
test_partial_cleanup_is_pending_then_linked_cleanup_preserves_facts (test_w04_3_tools.TemporaryToolTests.test_partial_cleanup_is_pending_then_linked_cleanup_preserves_facts) ... ok
test_pause_during_wait_does_not_create_cleanup_intent (test_w04_3_tools.TemporaryToolTests.test_pause_during_wait_does_not_create_cleanup_intent) ... ok
test_permission_loss_during_observation_refuses_return (test_w04_3_tools.TemporaryToolTests.test_permission_loss_during_observation_refuses_return) ... ok
test_registration_alone_does_not_replace_connection_verification (test_w04_3_tools.TemporaryToolTests.test_registration_alone_does_not_replace_connection_verification) ... ok
test_return_lost_recovers_original_receipt_without_second_connection (test_w04_3_tools.TemporaryToolTests.test_return_lost_recovers_original_receipt_without_second_connection) ... ok
test_revocation_cannot_switch_route_and_view_permission_is_current (test_w04_3_tools.TemporaryToolTests.test_revocation_cannot_switch_route_and_view_permission_is_current) ... ok
test_same_tool_grant_does_not_authorize_send_or_purchase (test_w04_3_tools.TemporaryToolTests.test_same_tool_grant_does_not_authorize_send_or_purchase) ... ok
test_single_use_cannot_run_second_business_action (test_w04_3_tools.TemporaryToolTests.test_single_use_cannot_run_second_business_action) ... ok
test_technical_api_unavailable_may_select_ui_but_denial_and_unknown_do_not (test_w04_3_tools.TemporaryToolTests.test_technical_api_unavailable_may_select_ui_but_denial_and_unknown_do_not) ... ok
test_terminal_failed_connection_can_finish_cleanup_without_fake_connection (test_w04_3_tools.TemporaryToolTests.test_terminal_failed_connection_can_finish_cleanup_without_fake_connection) ... ok
test_timed_task_completes_then_expiry_cleanup_uses_original_connection (test_w04_3_tools.TemporaryToolTests.test_timed_task_completes_then_expiry_cleanup_uses_original_connection) ... ok
test_unknown_connection_never_replays_or_creates_effect (test_w04_3_tools.TemporaryToolTests.test_unknown_connection_never_replays_or_creates_effect) ... ok
test_view_rechecks_permission_at_return (test_w04_3_tools.TemporaryToolTests.test_view_rechecks_permission_at_return) ... ok
test_authorized_ui_history_result_is_available_without_new_query_cost (test_w04_4_boundaries.EntryBoundaryTests.test_authorized_ui_history_result_is_available_without_new_query_cost) ... ok
test_capability_projection_validates_unselected_records_and_isolates_copies (test_w04_4_boundaries.EntryBoundaryTests.test_capability_projection_validates_unselected_records_and_isolates_copies) ... ok
test_contact_pause_does_not_cancel_independent_native_mind_update (test_w04_4_boundaries.EntryBoundaryTests.test_contact_pause_does_not_cancel_independent_native_mind_update) ... ok
test_digest_scope_recomputes_mutations_and_keeps_rfc_rejections (test_w04_4_boundaries.EntryBoundaryTests.test_digest_scope_recomputes_mutations_and_keeps_rfc_rejections) ... ok
test_dispatched_unknown_send_allows_distinct_inquiry_without_replaying_original (test_w04_4_boundaries.EntryBoundaryTests.test_dispatched_unknown_send_allows_distinct_inquiry_without_replaying_original) ... ok
test_environment_callback_changes_cannot_pass_single_document_reuse (test_w04_4_boundaries.EntryBoundaryTests.test_environment_callback_changes_cannot_pass_single_document_reuse) ... ok
test_environment_current_junction_rejects_before_ingress_and_restores (test_w04_4_boundaries.EntryBoundaryTests.test_environment_current_junction_rejects_before_ingress_and_restores) ... ok
test_environment_metadata_access_denied_is_not_absent_or_cached (test_w04_4_boundaries.EntryBoundaryTests.test_environment_metadata_access_denied_is_not_absent_or_cached) ... ok
test_group_bound_recipient_success_wrong_group_and_self_sender_rejected (test_w04_4_boundaries.EntryBoundaryTests.test_group_bound_recipient_success_wrong_group_and_self_sender_rejected) ... ok
test_native_history_does_not_bypass_later_entry_transfer_withdrawal (test_w04_4_boundaries.EntryBoundaryTests.test_native_history_does_not_bypass_later_entry_transfer_withdrawal) ... ok
test_native_new_inquiry_can_send_when_original_remains_unknown (test_w04_4_boundaries.EntryBoundaryTests.test_native_new_inquiry_can_send_when_original_remains_unknown) ... ok
test_native_unknown_delivery_does_not_prevent_later_cognition (test_w04_4_boundaries.EntryBoundaryTests.test_native_unknown_delivery_does_not_prevent_later_cognition) ... {"stage": "before-TEST-cleanup", "first_calls": 1, "after_calls": 2, "host": {"activity": "COGNITION", "commands": [], "desired": "RUNNING", "environment": "TEST", "generation": 2, "interruptions": [{"generation": 1, "last_trusted_time": "2026-09-04T08:16:00+00:00", "reason": "HOST_DETACHED"}, {"generation": 1, "last_trusted_time": "2026-09-04T08:16:00+00:00", "reason": "PRIOR_HOST_LOST"}, {"generation": 2, "last_trusted_time": "2026-09-04T08:32:00+00:00", "reason": "HOST_DETACHED"}], "last_task": "cognition:fbeb744b7f7707a1be59429bbaf44838f985a0a659957ddcb6e434e3b1e17a76", "last_time": "2026-09-04T08:32:00+00:00", "next_check_at": "2026-09-04T08:33:00+00:00", "observations": 4, "owner": "owner:c873e4dd89764a92b6411c5b80a6d72e", "reason": "HOST_DETACHED", "revision": 9, "root_hash": "sha256:26a89f6f0d6e4e8f11e84ec0f417d65c18d55e83c0ab48f4457dd52f3de6adfb", "state": "SUSPENDED", "subject_id": "sub-9c5e7529b2584c4f", "version": "p18-runtime-v1", "host_alive": false, "checkpoint_busy": false, "subject_lifecycle": "ACTIVE", "pending_tasks": 0, "unconfirmed_tasks": 0, "resources": {"token_budget": 10000, "token_used": 640, "token_remaining": 9360, "compute_remaining": 994}}, "tasks": [{"id": "cognition:8bb6e1d1f73e4ec9de53f3becc70fb490706ddeb7175ad40f50802fa947a1af1", "state": "COMPLETED", "attempts": 1}, {"id": "maintenance:ba8f96694fd1bf02237b4469749ec300c67e069b2a2bf1aed0f00bc044c68a25", "state": "COMPLETED", "attempts": 1}, {"id": "cognition:fbeb744b7f7707a1be59429bbaf44838f985a0a659957ddcb6e434e3b1e17a76", "state": "COMPLETED", "attempts": 1}, {"id": "maintenance:9ca46357968f9fe4b5f0058b372e9c907d4bf55a6cfb77b3e484b702865683a1", "state": "COMPLETED", "attempts": 1}], "effects": 1, "credits": 1, "revision": 4}
ok
test_provenance_projection_validates_whole_current_journal_and_isolates (test_w04_4_boundaries.EntryBoundaryTests.test_provenance_projection_validates_whole_current_journal_and_isolates) ... ok
test_read_callback_binding_change_is_rejected_before_persistence (test_w04_4_boundaries.EntryBoundaryTests.test_read_callback_binding_change_is_rejected_before_persistence) ... ok
test_related_native_memory_cannot_bypass_entry_transfer_withdrawal (test_w04_4_boundaries.EntryBoundaryTests.test_related_native_memory_cannot_bypass_entry_transfer_withdrawal) ... ok
test_scoped_state_parse_checks_current_bytes_and_returns_private_copies (test_w04_4_boundaries.EntryBoundaryTests.test_scoped_state_parse_checks_current_bytes_and_returns_private_copies) ... ok
test_thinking_projection_reads_current_bytes_and_returns_private_copies (test_w04_4_boundaries.EntryBoundaryTests.test_thinking_projection_reads_current_bytes_and_returns_private_copies) ... ok
test_transfer_revoked_inside_read_callback_does_not_return_old_grant (test_w04_4_boundaries.EntryBoundaryTests.test_transfer_revoked_inside_read_callback_does_not_return_old_grant) ... ok
test_ui_history_result_cannot_bypass_entry_transfer_withdrawal (test_w04_4_boundaries.EntryBoundaryTests.test_ui_history_result_cannot_bypass_entry_transfer_withdrawal) ... ok
test_unknown_body_effect_cannot_masquerade_as_new_contact (test_w04_4_boundaries.EntryBoundaryTests.test_unknown_body_effect_cannot_masquerade_as_new_contact) ... ok
test_unknown_old_send_does_not_freeze_distinct_same_matter_inquiry (test_w04_4_boundaries.EntryBoundaryTests.test_unknown_old_send_does_not_freeze_distinct_same_matter_inquiry) ... ok
test_concurrent_a_b_requests_remain_bound_without_duplicate_effects (test_w04_4_continuation.ContinuationTests.test_concurrent_a_b_requests_remain_bound_without_duplicate_effects) ... ok
test_late_timezone_message_preserves_three_times_and_mirror_root (test_w04_4_continuation.ContinuationTests.test_late_timezone_message_preserves_three_times_and_mirror_root) ... ok
test_loss_after_effect_reopens_original_thinking_and_send (test_w04_4_continuation.ContinuationTests.test_loss_after_effect_reopens_original_thinking_and_send) ... ok
test_owner_pause_stop_and_silent_native_work_do_not_send (test_w04_4_continuation.ContinuationTests.test_owner_pause_stop_and_silent_native_work_do_not_send) ... ok
test_same_user_two_matters_and_ambiguous_reference_stay_separate (test_w04_4_continuation.ContinuationTests.test_same_user_two_matters_and_ambiguous_reference_stay_separate) ... ok
test_api_question_followup_reply_same_engine_and_matter (test_w04_4_continuity.CrossEntryTests.test_api_question_followup_reply_same_engine_and_matter) ... ok
test_binding_change_after_thinking_prevents_delivery (test_w04_4_continuity.CrossEntryTests.test_binding_change_after_thinking_prevents_delivery) ... ok
test_current_permission_is_not_cached_with_environment_parse (test_w04_4_continuity.CrossEntryTests.test_current_permission_is_not_cached_with_environment_parse) ... ok
test_disconnected_and_expired_entries_reject_without_new_operation (test_w04_4_continuity.CrossEntryTests.test_disconnected_and_expired_entries_reject_without_new_operation) ... ok
test_mirror_deduplicates_original_operation_and_effect (test_w04_4_continuity.CrossEntryTests.test_mirror_deduplicates_original_operation_and_effect) ... ok
test_no_transfer_permission_keeps_other_authorized_entry_material (test_w04_4_continuity.CrossEntryTests.test_no_transfer_permission_keeps_other_authorized_entry_material) ... ok
test_original_request_reopen_has_no_new_model_effect_or_revision (test_w04_4_continuity.CrossEntryTests.test_original_request_reopen_has_no_new_model_effect_or_revision) ... ok
test_pause_at_a_blocks_b_without_disabling_internal_state (test_w04_4_continuity.CrossEntryTests.test_pause_at_a_blocks_b_without_disabling_internal_state) ... ok
test_readonly_delivery_view_reopen_does_not_advance_work (test_w04_4_continuity.CrossEntryTests.test_readonly_delivery_view_reopen_does_not_advance_work) ... ok
test_simulated_ui_question_followup_reply_same_engine_and_matter (test_w04_4_continuity.CrossEntryTests.test_simulated_ui_question_followup_reply_same_engine_and_matter) ... ok
test_subject_echo_never_becomes_user_reply_or_new_thinking (test_w04_4_continuity.CrossEntryTests.test_subject_echo_never_becomes_user_reply_or_new_thinking) ... ok
test_verified_environment_parse_returns_private_copy_and_rechecks_bytes (test_w04_4_continuity.CrossEntryTests.test_verified_environment_parse_returns_private_copy_and_rechecks_bytes) ... ok
test_wrong_sender_and_same_display_name_do_not_grant_identity (test_w04_4_continuity.CrossEntryTests.test_wrong_sender_and_same_display_name_do_not_grant_identity) ... ok
test_evidence_current_source_withdrawal_and_permission_rejection (test_w04_4_delivery.DeliveryEvidenceTests.test_evidence_current_source_withdrawal_and_permission_rejection) ... ok
test_formed_matter_adoption_recovers_once_via_original_w03_without_rebinding_context (test_w04_4_delivery.DeliveryEvidenceTests.test_formed_matter_adoption_recovers_once_via_original_w03_without_rebinding_context) ... ok
test_send_receipt_cannot_substitute_for_read_observation (test_w04_4_delivery.DeliveryEvidenceTests.test_send_receipt_cannot_substitute_for_read_observation) ... ok
test_sent_delivery_read_evidence_and_readonly_reopen (test_w04_4_delivery.DeliveryEvidenceTests.test_sent_delivery_read_evidence_and_readonly_reopen) ... ok
test_action_permission_refusal_is_not_overridden_by_expression_confirmation (test_w04_4_expression.EntryExpressionTests.test_action_permission_refusal_is_not_overridden_by_expression_confirmation) ... ok
test_exact_confirmation_satisfies_contact_without_erasing_required_flag (test_w04_4_expression.EntryExpressionTests.test_exact_confirmation_satisfies_contact_without_erasing_required_flag) ... ok
test_failed_presentation_precedes_native_effect (test_w04_4_expression.EntryExpressionTests.test_failed_presentation_precedes_native_effect) ... ok
test_historical_confirmed_artifact_does_not_grant_current_consumption (test_w04_4_expression.EntryExpressionTests.test_historical_confirmed_artifact_does_not_grant_current_consumption) ... ok
test_revocation_during_presentation_prevents_delivery (test_w04_4_expression.EntryExpressionTests.test_revocation_during_presentation_prevents_delivery) ... ok
test_saved_refusal_is_not_upgraded_when_confirmation_later_appears (test_w04_4_expression.EntryExpressionTests.test_saved_refusal_is_not_upgraded_when_confirmation_later_appears) ... ok
test_unconfirmed_contact_keeps_refusal_and_has_no_effect (test_w04_4_expression.EntryExpressionTests.test_unconfirmed_contact_keeps_refusal_and_has_no_effect) ... ok
test_discovery_history_body_and_native_cross_entry_share_authorities (test_w04_package.W04PackageTests.test_discovery_history_body_and_native_cross_entry_share_authorities) ... ERROR
{"test": "test_w04_package.W04PackageTests.test_discovery_history_body_and_native_cross_entry_share_authorities", "stage": "before-TEST-cleanup", "files": {"s/.p01-sandbox-root.v1.json": {"bytes": 98, "sha256": "3ced39d6b395df89d9b1f34e1b3faf46c14ccc6edab679a616f588a978e002f7"}, "s/s/sffce0dd8/b/bc7f0927f/branch-manifest.v1.json": {"bytes": 243, "sha256": "012128d3e98654565df449aa301ea0724a1b9cb4c2f22b9033240062e467cea4"}, "s/s/sffce0dd8/b/bc7f0927f/data/awakening/cycles/a87437492d9764916dfed558cf6864456b6231fbebe5e4d8b9fb47f7e12c2902.json": {"bytes": 253, "sha256": "7b26edbe61794ba9613c98bad5439fa8b5447e954d3beda2937fc0b00e23d67b"}, "s/s/sffce0dd8/b/bc7f0927f/data/awakening/sessions/b2c523119e353c025c08a5fd603510ab14d7146b8041b7f635dff01618f9d107/42620a24251e7a38ec4e37d8a7bffbdec5c0293b4e7374c3b33484d422932543.json": {"bytes": 10657, "sha256": "cc2f3f2f7a84be866ac8cfcdd30f43ed318d166c49d96ea7be0d2ccce52c62de"}, "s/s/sffce0dd8/b/bc7f0927f/data/awakening/sessions/b2c523119e353c025c08a5fd603510ab14d7146b8041b7f635dff01618f9d107/85d0b09420133e1d5c0d4eaad46f4fc67c7cf87eebd0b2be5a185f460abd920a.json": {"bytes": 17943, "sha256": "9555192cd31da8b465d42589d5b93a79743f6ccfec2bcddbd025d1297be907d9"}, "s/s/sffce0dd8/b/bc7f0927f/data/awakening/sessions/b2c523119e353c025c08a5fd603510ab14d7146b8041b7f635dff01618f9d107/9c1cd6212d1e53fc89d07468953ed221cda3af004b05ebd9343dbdbd349b83fc.json": {"bytes": 84389, "sha256": "5505eac70599f579bc06a726aa221f5d7ad05a8fe651630c83fdab7f0853371a"}, "s/s/sffce0dd8/b/bc7f0927f/data/awakening/sessions/b2c523119e353c025c08a5fd603510ab14d7146b8041b7f635dff01618f9d107/a4f4acd8c7815fa6cc3a2a6464d881679759a5d54fa36a4eb4361cb91d3be205.json": {"bytes": 10657, "sha256": "2ca63f8472be0c51618c898ba937bbded0f07761711c52effd417ed13fca636a"}, "s/s/sffce0dd8/b/bc7f0927f/data/awakening/sessions/b2c523119e353c025c08a5fd603510ab14d7146b8041b7f635dff01618f9d107/b40b7a438b3c5d1e33491499141c1b8e1d3d0c8bb3aee0c7ba88b167ddb48e77.json": {"bytes": 10657, "sha256": "05aa626e5df1ef348750fef39789a64d986167635f8147e96e00890d213f5382"}, "s/s/sffce0dd8/b/bc7f0927f/data/c1-receipts/p08-fake-receipts.json": {"bytes": 148, "sha256": "a411df96a3b6eea514baf41f59d45ab70c55b96ee9f28e118d79525ea3bfe8c8"}, "s/s/sffce0dd8/b/bc7f0927f/data/clock/subject-clock.v1.json": {"bytes": 109, "sha256": "a12e3fbb74da240f6330c740f8c742b071e53b32f2f7187fb0b9938173b6c05f"}, "s/s/sffce0dd8/b/bc7f0927f/data/contradiction/test/b2c523119e353c025c08a5fd603510ab14d7146b8041b7f635dff01618f9d107.json": {"bytes": 228, "sha256": "636f802fb905b386c27a697ed6c2540e5b17b4bcac504bf18673ed7928d5b8bb"}, "s/s/sffce0dd8/b/bc7f0927f/data/environment-access/test/8a4a6208e4c58dd96f1fb74b51b630401c3b46b08181fcd71f4f4fde31ec3557/attachments.v1.json": {"bytes": 10922, "sha256": "5f7b555e0bd930e621a5264d61a77feb2fa47ff279aed2914246c7df36e01228"}, "s/s/sffce0dd8/b/bc7f0927f/data/environment-access/test/8a4a6208e4c58dd96f1fb74b51b630401c3b46b08181fcd71f4f4fde31ec3557/attachments.v1.lock": {"bytes": 1, "sha256": "5feceb66ffc86f38d952786c6d696c79c2dbc239dd4e91b46729d73a27fb57e9"}, "s/s/sffce0dd8/b/bc7f0927f/data/execution-outbox/test/8a4a6208e4c58dd96f1fb74b51b630401c3b46b08181fcd71f4f4fde31ec3557/delivery.v1.json": {"bytes": 2844, "sha256": "a167beb94c299e2ff0b79c3c7c2f235084279e9aa5d3ad12adb521549f7f65a7"}, "s/s/sffce0dd8/b/bc7f0927f/data/execution-outbox/test/8a4a6208e4c58dd96f1fb74b51b630401c3b46b08181fcd71f4f4fde31ec3557/delivery.v1.lock": {"bytes": 1, "sha256": "5feceb66ffc86f38d952786c6d696c79c2dbc239dd4e91b46729d73a27fb57e9"}, "s/s/sffce0dd8/b/bc7f0927f/data/external-providers/test/8a4a6208e4c58dd96f1fb74b51b630401c3b46b08181fcd71f4f4fde31ec3557/cache.json": {"bytes": 3353, "sha256": "01d66b0162f151c780465a69d051a6bf3d3348108d54428277562b303e69cbd5"}, "s/s/sffce0dd8/b/bc7f0927f/data/external-providers/test/8a4a6208e4c58dd96f1fb74b51b630401c3b46b08181fcd71f4f4fde31ec3557/registry.json": {"bytes": 1850, "sha256": "1868e3f9fe06ece84b938ca1819ecead6153b19e77b22eb2fc99dc2af41770a5"}, "s/s/sffce0dd8/b/bc7f0927f/data/fixture/c1-profile.v1.json": {"bytes": 102, "sha256": "87ac3b6b77ac4a82c761acbe8ab86a250fd41f60fdf3bf808589439365124671"}, "s/s/sffce0dd8/b/bc7f0927f/data/fixture/p16-control.json": {"bytes": 504, "sha256": "e310cbcd81edb8894cfdd40e26043b5b911b1d7d712ae4ddc8725959079ecd84"}, "s/s/sffce0dd8/b/bc7f0927f/data/fixture/p16-profile.json": {"bytes": 96, "sha256": "2e8c757e3b6e8c11632a30972e5261c8026896f9b4c0748b5ef8b08daee36719"}, "s/s/sffce0dd8/b/bc7f0927f/data/fixture/state-fixture.v1.json": {"bytes": 635, "sha256": "60e5d94c5b50f4d050ec1a3f2bc8152eb4c1103319a6c6e4573f5a471af9536a"}, "s/s/sffce0dd8/b/bc7f0927f/data/fixture/tool-grants.json": {"bytes": 154, "sha256": "d8c8246f63b9d7532c0d55a929c1fe46e668befbeff8f52d44a5e71db50f4f1d"}, "s/s/sffce0dd8/b/bc7f0927f/data/integration/capability-ledger.v1.json": {"bytes": 97295, "sha256": "9cc607471ace3f8b82c5529b6554742531a91eab9aedd2b000a2cd77e486cd62"}, "s/s/sffce0dd8/b/bc7f0927f/data/integration/operation-journal.first-round-v1.json": {"bytes": 634178, "sha256": "1723ae00ec401ccc10afddcb52f2856ef0138b4ee9abd6a649c13e69ae544ea6"}, "s/s/sffce0dd8/b/bc7f0927f/data/integration/result-ledger.first-round-v1.json": {"bytes": 4600, "sha256": "5cc5b02c320215fc2f0c72b8e1f90a7142ec8c1e1c214a776fc17ce0d46f2dbd"}, "s/s/sffce0dd8/b/bc7f0927f/data/integration/subject-binding.runtime-v1.json": {"bytes": 613, "sha256": "4e2f5e48c73c0e00ea1dca2847b8ecafeaa2581113de95b5f9d22cd64556e1fe"}, "s/s/sffce0dd8/b/bc7f0927f/data/learning/b2c523119e353c025c08a5fd603510ab14d7146b8041b7f635dff01618f9d107.json": {"bytes": 2154, "sha256": "e8fdcb74e1af18d872b3a0b7e471bd4bc068bea216e5448b1e73acf8b59aad30"}, "s/s/sffce0dd8/b/bc7f0927f/data/memory/test/b2c523119e353c025c08a5fd603510ab14d7146b8041b7f635dff01618f9d107.json": {"bytes": 15255, "sha256": "8c38088bd9c0481c60327d79613d96106207e0f62743cc240ff8020fe0cf32b1"}, "s/s/sffce0dd8/b/bc7f0927f/data/p16-fake/facts.json": {"bytes": 4184, "sha256": "106da92afda4ced6d5aa0fbca734c026032fdeb9f04c4469a19a33b0baeeddda"}, "s/s/sffce0dd8/b/bc7f0927f/data/persistent-runtime/owner.lock": {"bytes": 1, "sha256": "5feceb66ffc86f38d952786c6d696c79c2dbc239dd4e91b46729d73a27fb57e9"}, "s/s/sffce0dd8/b/bc7f0927f/data/persistent-runtime/runtime.v1.json": {"bytes": 784, "sha256": "f424b4ab075eb0048f6a26edaa44e70ee917a273b38ea3efa9a1e1391f1140d9"}, "s/s/sffce0dd8/b/bc7f0927f/data/persistent-runtime/runtime.v1.lock": {"bytes": 1, "sha256": "5feceb66ffc86f38d952786c6d696c79c2dbc239dd4e91b46729d73a27fb57e9"}, "s/s/sffce0dd8/b/bc7f0927f/data/resources/b2c523119e353c025c08a5fd603510ab14d7146b8041b7f635dff01618f9d107.json": {"bytes": 4250, "sha256": "ce8d44fd40faedd4f387f58f1aab3dd17497a7e827db68049da995a7ace54b5b"}, "s/s/sffce0dd8/b/bc7f0927f/data/scheduler/queue.v1.json": {"bytes": 2672, "sha256": "6dd4b9553b1073efa8a12fcdbc83b5008a140f98187f70caca63a26f58c58013"}, "s/s/sffce0dd8/b/bc7f0927f/data/subject-state/b2c523119e353c025c08a5fd603510ab14d7146b8041b7f635dff01618f9d107.json": {"bytes": 56010, "sha256": "5ff2a5e907631f37be0b6aee8da3e52d47c95c34ca41528330dcc3e857e9f3db"}, "s/s/sffce0dd8/b/bc7f0927f/data/test-actions/action-sessions.v1.json": {"bytes": 128, "sha256": "7251a78d9c364fbda965fd4e534738a7cdc1f698b307b6fda5b9c5c6e8819714"}, "s/s/sffce0dd8/b/bc7f0927f/data/test-indexes/events.v1.json": {"bytes": 138, "sha256": "d0326d68404cffe770c10c2f0dcf6dc9b18d22293145646503cf8cf2f65dd5c1"}, "s/s/sffce0dd8/b/bc7f0927f/data/test-indexes/evolution.v1.json": {"bytes": 141, "sha256": "b4ed35e8711a294b33d7d843bd9108d95410622b67db9fbf044e0ab8d5e96d91"}, "s/s/sffce0dd8/b/bc7f0927f/data/test-indexes/relationship-state.v1.json": {"bytes": 150, "sha256": "1464464132bb1f318d639e74e80ce04a4043a86e83df780401d773c121ec2548"}, "s/s/sffce0dd8/b/bc7f0927f/data/test-indexes/state-mutations.v1.json": {"bytes": 147, "sha256": "3f2155f363a6f59a8fc8dc8d6d4d7c8d643a1913ab90d139be2f1bfffc3fdef3"}, "s/s/sffce0dd8/b/bc7f0927f/data/test-indexes/thinking-sessions.v1.json": {"bytes": 149, "sha256": "7c32d4cab51090ec75a85d9abcbba211b35c7c961ce6ff2abadd41aefeb1e541"}, "s/s/sffce0dd8/b/bc7f0927f/data/test-indexes/wake-sessions.v1.json": {"bytes": 145, "sha256": "43c9fe4cbc9a57b23f88a5db331f00965d7b337d36ab857bf1e65937b8a907c4"}, "s/s/sffce0dd8/b/bc7f0927f/data/test-memory/memory-ledger.v1.json": {"bytes": 631, "sha256": "9d8045c177ce31571dcfad1908ee285a358255fde022a7067e352f07705f96b5"}, "s/s/sffce0dd8/b/bc7f0927f/data/test-trace/subject-clock-trace.v1.json": {"bytes": 1558, "sha256": "0019662e7fa18f4ec3a161ea4fc0b99e2a27cf4ff21dca3dcf9f5587c8a48b5f"}, "s/s/sffce0dd8/b/bc7f0927f/data/thinking/sessions/b2c523119e353c025c08a5fd603510ab14d7146b8041b7f635dff01618f9d107/392b72daae24b692bf123d7f65f987a1437ac384b5221f9a0789a75fe01a210b.json": {"bytes": 80618, "sha256": "3c99a79931965b165247768098420238495c81bf9d06f91011825965148a4827"}, "s/s/sffce0dd8/b/bc7f0927f/data/thinking/sessions/b2c523119e353c025c08a5fd603510ab14d7146b8041b7f635dff01618f9d107/4145d610afbf79b5ccb372c8c8f78bc80878a663c5640ee64ce39db1aef5696d.json": {"bytes": 110722, "sha256": "8d7ffd38c2951193bc9462100f371dbd5d7801e510e500d0c143c7261862724c"}, "s/s/sffce0dd8/b/bc7f0927f/data/thinking/sessions/b2c523119e353c025c08a5fd603510ab14d7146b8041b7f635dff01618f9d107/6fdce4a9e0552050945cd3beec6ca7922ba1d7b82a718841441cce198f42ef11.json": {"bytes": 54177, "sha256": "bdcf5281e9849001d17825cb06ed3b6733782192b054e0a047778fdcec546075"}, "s/s/sffce0dd8/b/bc7f0927f/data/thinking/sessions/b2c523119e353c025c08a5fd603510ab14d7146b8041b7f635dff01618f9d107/d9e0437105cbf9526067dd9f42384452d03f4475c1a90bb6e534c2c6dd40023f.json": {"bytes": 73581, "sha256": "2ea6fc88353521ba63731105a017ef1703e5727f0f807a9d6f0afcd3e359c34e"}, "s/s/sffce0dd8/b/bc7f0927f/data/worlds/entry-A/simulated-device.json": {"bytes": 6371, "sha256": "1df9c34c4af92809088361e5194265d570082a103d9fd9e16fb55cf1d6ce9a2b"}, "s/s/sffce0dd8/b/bc7f0927f/data/worlds/entry-A/simulated-device.lock": {"bytes": 1, "sha256": "5feceb66ffc86f38d952786c6d696c79c2dbc239dd4e91b46729d73a27fb57e9"}, "s/s/sffce0dd8/b/bc7f0927f/data/worlds/entry-B/simulated-device.json": {"bytes": 3384, "sha256": "be42056fb0f231c0fb951bda647165a1e48606033dda195b80a321706bad0647"}, "s/s/sffce0dd8/b/bc7f0927f/data/worlds/entry-B/simulated-device.lock": {"bytes": 1, "sha256": "5feceb66ffc86f38d952786c6d696c79c2dbc239dd4e91b46729d73a27fb57e9"}, "s/s/sffce0dd8/b/bc7f0927f/data/worlds/tools/connections.json": {"bytes": 2760, "sha256": "584f4c07aeadfd1ce0f3a203f18bd6ff77f680b7cbf6c0db82be5ae47c4eaf00"}, "s/s/sffce0dd8/b/bc7f0927f/data/worlds/tools/connections.lock": {"bytes": 1, "sha256": "5feceb66ffc86f38d952786c6d696c79c2dbc239dd4e91b46729d73a27fb57e9"}, "s/s/sffce0dd8/b/bc7f0927f/data/worlds/w04-device/simulated-device.json": {"bytes": 4031, "sha256": "d4421562ba70c1aba11ddde4b469a5acdc47da00b60a771a6c99db71bbe27a99"}, "s/s/sffce0dd8/b/bc7f0927f/data/worlds/w04-device/simulated-device.lock": {"bytes": 1, "sha256": "5feceb66ffc86f38d952786c6d696c79c2dbc239dd4e91b46729d73a27fb57e9"}, "s/s/sffce0dd8/sandbox-manifest.v1.json": {"bytes": 928, "sha256": "cd5a6048139ff39cacc84b1aa8ecfa2482f21a46e36f545e5c5f575fa3116e9c"}, "s/sandbox-registry.v1.json": {"bytes": 485, "sha256": "1d7157fd8f5cd0464251003ca6a156a4fa0e40b8e4c2ac43b64901315c3abef8"}}}
test_simulator_rechecks_current_bytes_without_sharing_mutable_facts (test_w04_package.W04PackageTests.test_simulator_rechecks_current_bytes_without_sharing_mutable_facts) ... ok
test_final_observation_binding_change_zero_effect_and_cost (test_w04_4_review_repairs.EntryReviewRepairTests.test_final_observation_binding_change_zero_effect_and_cost) ... ok
test_final_observation_contact_pause_zero_effect_and_cost (test_w04_4_review_repairs.EntryReviewRepairTests.test_final_observation_contact_pause_zero_effect_and_cost) ... ok
test_final_observation_transfer_withdrawal_zero_effect_and_cost (test_w04_4_review_repairs.EntryReviewRepairTests.test_final_observation_transfer_withdrawal_zero_effect_and_cost) ... {"stage": "w04-native-before-cleanup", "task_id": "cognition:0c5c3b6f2cb6eb192907d4e2d38b84277a2b997b70e4dbf2f2c8194b2acefd52", "attempt_id": "p11-attempt-16016f8e5b60040cf9ec46fe471b9348ea509e64ac9c9f83afeea4bfd1fd870b", "chain": [{"type": "ENGINE_EXCEPTION", "operation": "other", "frames": [{"file": "testing/w04_cross_entry_fixture.py", "line": 241, "function": "diagnosed"}, {"file": "services/runtime_cognition.py", "line": 242, "function": "_continue"}, {"file": "services/wake_perception_thinking_action_service.py", "line": 90, "function": "wake_manual"}, {"file": "services/wake_perception_thinking_action_service.py", "line": 128, "function": "_continue"}, {"file": "services/wake_perception_thinking_action_service.py", "line": 335, "function": "_continue_mind"}, {"file": "services/continuity_core_service.py", "line": 541, "function": "before_thinking"}], "errno": null, "winerror": null}], "recall": {"status": "READY", "stop_reason": "NO_NEW_ASSOCIATION", "elapsed_ms": 257.772, "retrieved_count": 12, "model_calls": 0, "external_calls": 0}}
{"stage": "w04-native-before-cleanup", "task_id": "cognition:0c5c3b6f2cb6eb192907d4e2d38b84277a2b997b70e4dbf2f2c8194b2acefd52", "attempt_id": "p11-attempt-16016f8e5b60040cf9ec46fe471b9348ea509e64ac9c9f83afeea4bfd1fd870b", "chain": [{"type": "ENGINE_EXCEPTION", "operation": "other", "frames": [{"file": "testing/w04_cross_entry_fixture.py", "line": 241, "function": "diagnosed"}, {"file": "services/runtime_cognition.py", "line": 242, "function": "_continue"}, {"file": "services/wake_perception_thinking_action_service.py", "line": 90, "function": "wake_manual"}, {"file": "services/wake_perception_thinking_action_service.py", "line": 128, "function": "_continue"}, {"file": "services/wake_perception_thinking_action_service.py", "line": 324, "function": "_continue_mind"}, {"file": "services/continuity_core_service.py", "line": 541, "function": "before_thinking"}], "errno": null, "winerror": null}], "recall": {"status": "READY", "stop_reason": "NO_NEW_ASSOCIATION", "elapsed_ms": 257.772, "retrieved_count": 12, "model_calls": 0, "external_calls": 0}}
{"stage": "w04-native-before-cleanup", "task_id": "cognition:0c5c3b6f2cb6eb192907d4e2d38b84277a2b997b70e4dbf2f2c8194b2acefd52", "attempt_id": "p11-attempt-16016f8e5b60040cf9ec46fe471b9348ea509e64ac9c9f83afeea4bfd1fd870b", "chain": [{"type": "ENGINE_EXCEPTION", "operation": "other", "frames": [{"file": "testing/w04_cross_entry_fixture.py", "line": 241, "function": "diagnosed"}, {"file": "services/runtime_cognition.py", "line": 242, "function": "_continue"}, {"file": "services/wake_perception_thinking_action_service.py", "line": 90, "function": "wake_manual"}, {"file": "services/wake_perception_thinking_action_service.py", "line": 128, "function": "_continue"}, {"file": "services/wake_perception_thinking_action_service.py", "line": 324, "function": "_continue_mind"}, {"file": "services/continuity_core_service.py", "line": 541, "function": "before_thinking"}], "errno": null, "winerror": null}], "recall": {"status": "READY", "stop_reason": "NO_NEW_ASSOCIATION", "elapsed_ms": 257.772, "retrieved_count": 12, "model_calls": 0, "external_calls": 0}}
{"stage": "w04-native-before-cleanup", "task_id": "cognition:0c5c3b6f2cb6eb192907d4e2d38b84277a2b997b70e4dbf2f2c8194b2acefd52", "attempt_id": "p11-attempt-16016f8e5b60040cf9ec46fe471b9348ea509e64ac9c9f83afeea4bfd1fd870b", "chain": [{"type": "ENGINE_EXCEPTION", "operation": "other", "frames": [{"file": "testing/w04_cross_entry_fixture.py", "line": 241, "function": "diagnosed"}, {"file": "services/runtime_cognition.py", "line": 242, "function": "_continue"}, {"file": "services/wake_perception_thinking_action_service.py", "line": 90, "function": "wake_manual"}, {"file": "services/wake_perception_thinking_action_service.py", "line": 128, "function": "_continue"}, {"file": "services/wake_perception_thinking_action_service.py", "line": 324, "function": "_continue_mind"}, {"file": "services/continuity_core_service.py", "line": 541, "function": "before_thinking"}], "errno": null, "winerror": null}], "recall": {"status": "READY", "stop_reason": "NO_NEW_ASSOCIATION", "elapsed_ms": 257.772, "retrieved_count": 12, "model_calls": 0, "external_calls": 0}}
{"stage": "w04-native-before-cleanup", "task_id": "cognition:0c5c3b6f2cb6eb192907d4e2d38b84277a2b997b70e4dbf2f2c8194b2acefd52", "attempt_id": "p11-attempt-16016f8e5b60040cf9ec46fe471b9348ea509e64ac9c9f83afeea4bfd1fd870b", "chain": [{"type": "ENGINE_EXCEPTION", "operation": "other", "frames": [{"file": "testing/w04_cross_entry_fixture.py", "line": 241, "function": "diagnosed"}, {"file": "services/runtime_cognition.py", "line": 242, "function": "_continue"}, {"file": "services/wake_perception_thinking_action_service.py", "line": 90, "function": "wake_manual"}, {"file": "services/wake_perception_thinking_action_service.py", "line": 128, "function": "_continue"}, {"file": "services/wake_perception_thinking_action_service.py", "line": 324, "function": "_continue_mind"}, {"file": "services/continuity_core_service.py", "line": 541, "function": "before_thinking"}], "errno": null, "winerror": null}], "recall": {"status": "READY", "stop_reason": "NO_NEW_ASSOCIATION", "elapsed_ms": 257.772, "retrieved_count": 12, "model_calls": 0, "external_calls": 0}}
{"stage": "w04-native-before-cleanup", "task_id": "cognition:0c5c3b6f2cb6eb192907d4e2d38b84277a2b997b70e4dbf2f2c8194b2acefd52", "attempt_id": "p11-attempt-16016f8e5b60040cf9ec46fe471b9348ea509e64ac9c9f83afeea4bfd1fd870b", "chain": [{"type": "ENGINE_EXCEPTION", "operation": "other", "frames": [{"file": "testing/w04_cross_entry_fixture.py", "line": 241, "function": "diagnosed"}, {"file": "services/runtime_cognition.py", "line": 242, "function": "_continue"}, {"file": "services/wake_perception_thinking_action_service.py", "line": 90, "function": "wake_manual"}, {"file": "services/wake_perception_thinking_action_service.py", "line": 128, "function": "_continue"}, {"file": "services/wake_perception_thinking_action_service.py", "line": 324, "function": "_continue_mind"}, {"file": "services/continuity_core_service.py", "line": 541, "function": "before_thinking"}], "errno": null, "winerror": null}], "recall": {"status": "READY", "stop_reason": "NO_NEW_ASSOCIATION", "elapsed_ms": 257.772, "retrieved_count": 12, "model_calls": 0, "external_calls": 0}}
{"stage": "w04-native-before-cleanup", "task_id": "cognition:0c5c3b6f2cb6eb192907d4e2d38b84277a2b997b70e4dbf2f2c8194b2acefd52", "attempt_id": "p11-attempt-16016f8e5b60040cf9ec46fe471b9348ea509e64ac9c9f83afeea4bfd1fd870b", "chain": [{"type": "ENGINE_EXCEPTION", "operation": "other", "frames": [{"file": "testing/w04_cross_entry_fixture.py", "line": 241, "function": "diagnosed"}, {"file": "services/runtime_cognition.py", "line": 242, "function": "_continue"}, {"file": "services/wake_perception_thinking_action_service.py", "line": 90, "function": "wake_manual"}, {"file": "services/wake_perception_thinking_action_service.py", "line": 128, "function": "_continue"}, {"file": "services/wake_perception_thinking_action_service.py", "line": 324, "function": "_continue_mind"}, {"file": "services/continuity_core_service.py", "line": 541, "function": "before_thinking"}], "errno": null, "winerror": null}], "recall": {"status": "READY", "stop_reason": "NO_NEW_ASSOCIATION", "elapsed_ms": 257.772, "retrieved_count": 12, "model_calls": 0, "external_calls": 0}}
ok
test_final_observation_unchanged_positive_control (test_w04_4_review_repairs.EntryReviewRepairTests.test_final_observation_unchanged_positive_control) ... ok
test_indirect_state_derivation_keeps_original_source_after_reopen (test_w04_4_review_repairs.EntryReviewRepairTests.test_indirect_state_derivation_keeps_original_source_after_reopen) ... ok
test_native_state_derivation_authorized_positive_control (test_w04_4_review_repairs.EntryReviewRepairTests.test_native_state_derivation_authorized_positive_control) ... ok
test_native_thinksession_state_derivation_keeps_original_source_after_reopen (test_w04_4_review_repairs.EntryReviewRepairTests.test_native_thinksession_state_derivation_keeps_original_source_after_reopen) ... ok
test_redacted_matter_does_not_block_independent_b_expression (test_w04_4_review_repairs.EntryReviewRepairTests.test_redacted_matter_does_not_block_independent_b_expression) ... ok
test_remaining_connection_callback_pause_zero_effect_and_cost (test_w04_4_review_repairs.EntryReviewRepairTests.test_remaining_connection_callback_pause_zero_effect_and_cost) ... ok
test_remaining_permission_callback_pause_zero_effect_and_cost (test_w04_4_review_repairs.EntryReviewRepairTests.test_remaining_permission_callback_pause_zero_effect_and_cost) ... ok
test_set_retained_values_does_not_relabel_original_source (test_w04_4_review_repairs.EntryReviewRepairTests.test_set_retained_values_does_not_relabel_original_source) ... ERROR
{"test": "test_w04_4_review_repairs.EntryReviewRepairTests.test_set_retained_values_does_not_relabel_original_source", "stage": "before-TEST-cleanup", "files": {"s/.p01-sandbox-root.v1.json": {"bytes": 98, "sha256": "3ced39d6b395df89d9b1f34e1b3faf46c14ccc6edab679a616f588a978e002f7"}, "s/s/s8d3de0cc/b/b15a6797c/branch-manifest.v1.json": {"bytes": 243, "sha256": "c7c2946c70fb6154b887170855e47b5c8214ae5a749bd62ce19b608575750d24"}, "s/s/s8d3de0cc/b/b15a6797c/data/awakening/cycles/8daf50e1535c5731136d2e52b91ebece59be606ecf4fde9911033503bed640b3.json": {"bytes": 253, "sha256": "4bba8b056d0e9e7250c6b3a262d73c0855b9be33d1df455ccfa01803a924916d"}, "s/s/s8d3de0cc/b/b15a6797c/data/awakening/sessions/394a8c313612056162e30167bde29da0cd9a6f2eae6606ffcc8a8683f4c165e4/36900d63d72b55c85907e02634f9abf2486d70d257b00761eab232cf08e75523.json": {"bytes": 19988, "sha256": "5064e1faa2778634648089784643a8581fc089898b1237536280edb8ca5b3e30"}, "s/s/s8d3de0cc/b/b15a6797c/data/awakening/sessions/394a8c313612056162e30167bde29da0cd9a6f2eae6606ffcc8a8683f4c165e4/914008958e8cd57934831993bad46317552f263083597aae0f5350b7dfb1a460.json": {"bytes": 24830, "sha256": "f79dd175bd52d1a23364d20fe996e336f1ac1c8fed921c20106898cd1807d8ed"}, "s/s/s8d3de0cc/b/b15a6797c/data/awakening/sessions/394a8c313612056162e30167bde29da0cd9a6f2eae6606ffcc8a8683f4c165e4/91c40f3dcec3361918e7548a5b05133e50790793cb96634d3bd82cbcdd789607.json": {"bytes": 15087, "sha256": "b989dbb9ca305d8f51aa776bf1d533705791f98ead8ffb2c9f8be90eb44b31ea"}, "s/s/s8d3de0cc/b/b15a6797c/data/awakening/sessions/394a8c313612056162e30167bde29da0cd9a6f2eae6606ffcc8a8683f4c165e4/eaf4ad3300410cc088d3e0f318489a50edde869163de79601cf87fc9d9afee82.json": {"bytes": 19988, "sha256": "7418df8d2ea36492009852d4f6b264ffac8843598153d521e57193c2779dcf5b"}, "s/s/s8d3de0cc/b/b15a6797c/data/awakening/sessions/394a8c313612056162e30167bde29da0cd9a6f2eae6606ffcc8a8683f4c165e4/f0297d186b2a2b63b46b9071e86203cfdd0f364995755d62bf940c0c72ac283d.json": {"bytes": 10657, "sha256": "4936343f94afc41400c62d0fec53249b7016ab9fe75598252fa0022d4ef2e69a"}, "s/s/s8d3de0cc/b/b15a6797c/data/c1-receipts/p08-fake-receipts.json": {"bytes": 148, "sha256": "a411df96a3b6eea514baf41f59d45ab70c55b96ee9f28e118d79525ea3bfe8c8"}, "s/s/s8d3de0cc/b/b15a6797c/data/clock/subject-clock.v1.json": {"bytes": 109, "sha256": "244a45385eae91e35d8844e3eb07a33be35f82c8996a6503e86d683db20572b4"}, "s/s/s8d3de0cc/b/b15a6797c/data/contradiction/test/394a8c313612056162e30167bde29da0cd9a6f2eae6606ffcc8a8683f4c165e4.json": {"bytes": 228, "sha256": "1204d4dfbe1dc8e7a33313a6c24071ac9b7af2b0bee26e925d8f28eb7fd93e8e"}, "s/s/s8d3de0cc/b/b15a6797c/data/environment-access/test/8d86d3ddaed1a105efd2f4c331b2ddcf1df0f0447db1ce3317c7b6c86bf997ee/attachments.v1.json": {"bytes": 8919, "sha256": "e6261065ac4ed5f94ee18ae71483224e752050e3e8319d63a4dd0a63684066ac"}, "s/s/s8d3de0cc/b/b15a6797c/data/environment-access/test/8d86d3ddaed1a105efd2f4c331b2ddcf1df0f0447db1ce3317c7b6c86bf997ee/attachments.v1.lock": {"bytes": 1, "sha256": "5feceb66ffc86f38d952786c6d696c79c2dbc239dd4e91b46729d73a27fb57e9"}, "s/s/s8d3de0cc/b/b15a6797c/data/execution-outbox/test/8d86d3ddaed1a105efd2f4c331b2ddcf1df0f0447db1ce3317c7b6c86bf997ee/delivery.v1.json": {"bytes": 653, "sha256": "ed9d76622659971c02e4fd4d1a885309b4310143dc904c08ebdc55a4b5abcc4c"}, "s/s/s8d3de0cc/b/b15a6797c/data/execution-outbox/test/8d86d3ddaed1a105efd2f4c331b2ddcf1df0f0447db1ce3317c7b6c86bf997ee/delivery.v1.lock": {"bytes": 1, "sha256": "5feceb66ffc86f38d952786c6d696c79c2dbc239dd4e91b46729d73a27fb57e9"}, "s/s/s8d3de0cc/b/b15a6797c/data/fixture/c1-profile.v1.json": {"bytes": 102, "sha256": "d92b39ebbf9f6e4572b4e5a7e4289ff09ed8fa444c16f6cff36a8cd6806490c3"}, "s/s/s8d3de0cc/b/b15a6797c/data/fixture/state-fixture.v1.json": {"bytes": 635, "sha256": "528d5d744203f048f51f449c5c5dcd8e544387cea09351683f788395e5a921c5"}, "s/s/s8d3de0cc/b/b15a6797c/data/integration/capability-ledger.v1.json": {"bytes": 15569, "sha256": "7914fc6e9b327db77bb35793c10478040a31668545adbde853daabd1fd618c3d"}, "s/s/s8d3de0cc/b/b15a6797c/data/integration/operation-journal.first-round-v1.json": {"bytes": 920234, "sha256": "ac8d8dfd98eba7de098a432d7a08223af7a1e1b8d3c58b98724c56c1fa5276f4"}, "s/s/s8d3de0cc/b/b15a6797c/data/integration/result-ledger.first-round-v1.json": {"bytes": 6014, "sha256": "4b2ca67b5659e3289a843a1a8964f06819bcd0402030cde07eaf1d891f872285"}, "s/s/s8d3de0cc/b/b15a6797c/data/integration/subject-binding.runtime-v1.json": {"bytes": 613, "sha256": "f2625caf60f6e20b18cab5cd6efb88468eb1d8c5580d8e3a2e915ab20f777a83"}, "s/s/s8d3de0cc/b/b15a6797c/data/learning/394a8c313612056162e30167bde29da0cd9a6f2eae6606ffcc8a8683f4c165e4.json": {"bytes": 2154, "sha256": "ad13a8d8b4ad415632243389a9cebfb2fb73f989e920a10f24d4b48ec6909280"}, "s/s/s8d3de0cc/b/b15a6797c/data/memory/test/394a8c313612056162e30167bde29da0cd9a6f2eae6606ffcc8a8683f4c165e4.json": {"bytes": 20065, "sha256": "de15f065ab186ad5c2e7b9442868fa95b3ead592c57d4e282ad5f6d414766f0e"}, "s/s/s8d3de0cc/b/b15a6797c/data/resources/394a8c313612056162e30167bde29da0cd9a6f2eae6606ffcc8a8683f4c165e4.json": {"bytes": 437, "sha256": "20c91f26ba4099ee3210e9e807cecc634c5ab51c6dbddbb87699ed722b5a82ba"}, "s/s/s8d3de0cc/b/b15a6797c/data/subject-state/394a8c313612056162e30167bde29da0cd9a6f2eae6606ffcc8a8683f4c165e4.json": {"bytes": 12908, "sha256": "11353d1442b2b396bd1976fc65de118e0365ea7c350d6f27aca3bf3ffa026d78"}, "s/s/s8d3de0cc/b/b15a6797c/data/test-actions/action-sessions.v1.json": {"bytes": 128, "sha256": "526e5b338c1aa7ec8438168b13be166d4fcdf728aa708962a8462f34a6bfb960"}, "s/s/s8d3de0cc/b/b15a6797c/data/test-indexes/events.v1.json": {"bytes": 138, "sha256": "8465c14a52db292fec0b86661660a1885c06c977890c80fb88b1332145e9013d"}, "s/s/s8d3de0cc/b/b15a6797c/data/test-indexes/evolution.v1.json": {"bytes": 141, "sha256": "418c8b3691e9caf9a65033384f02b5c550397309b660163d277bade604ca3197"}, "s/s/s8d3de0cc/b/b15a6797c/data/test-indexes/relationship-state.v1.json": {"bytes": 150, "sha256": "98d48b5a025210678aaabbd885a58d385a3b876c5d7f0890967d8dffcff4864f"}, "s/s/s8d3de0cc/b/b15a6797c/data/test-indexes/state-mutations.v1.json": {"bytes": 147, "sha256": "cbdacb3b02821be934a2981fe580f265a0a2dd2920610195362e21fea57b8261"}, "s/s/s8d3de0cc/b/b15a6797c/data/test-indexes/thinking-sessions.v1.json": {"bytes": 149, "sha256": "fdfa6500d3cbd5d5437f2403a997c707221959f96cd28d8147d8de795ba49999"}, "s/s/s8d3de0cc/b/b15a6797c/data/test-indexes/wake-sessions.v1.json": {"bytes": 145, "sha256": "c1e16081ba9832a97906184fa1fd0b64b45da938e3156045e0fc56f7fb9315e7"}, "s/s/s8d3de0cc/b/b15a6797c/data/test-memory/memory-ledger.v1.json": {"bytes": 631, "sha256": "4472f83755826be8d5bd05698970cb0cde9c792693c3ca8c5acdc4af1b836cf1"}, "s/s/s8d3de0cc/b/b15a6797c/data/test-trace/subject-clock-trace.v1.json": {"bytes": 1558, "sha256": "dbabb450ac93ce66fbe533952800174f2f41e5847b8601a600fc05e8e4b45500"}, "s/s/s8d3de0cc/b/b15a6797c/data/thinking/sessions/394a8c313612056162e30167bde29da0cd9a6f2eae6606ffcc8a8683f4c165e4/581da1cc613fb7a586fc95f8ea6b9dd20ba56786d1e617c5d573ec88e6d01a76.json": {"bytes": 71068, "sha256": "3db8782ac49486a51d7953ff73c3da8c602c6edd07050bf51ab956501cc1a4da"}, "s/s/s8d3de0cc/b/b15a6797c/data/thinking/sessions/394a8c313612056162e30167bde29da0cd9a6f2eae6606ffcc8a8683f4c165e4/8203fb94c3dfb6b4ddaaf262b38ce9e1a802118fe983a136db605cf4de84d227.json": {"bytes": 79889, "sha256": "fdfc4910855fdd553611f69476351cc0e0a0ae7b326e1cccd0f4ac01d3204546"}, "s/s/s8d3de0cc/b/b15a6797c/data/thinking/sessions/394a8c313612056162e30167bde29da0cd9a6f2eae6606ffcc8a8683f4c165e4/972c4e6bc80f26560ddf6138603570a374e43f4cb417c7aca5e4a9a502366221.json": {"bytes": 82484, "sha256": "43c7e50d7b9c1b4f3da500dd081d8eeb926acbc133010ebd67a2b750c5761c0b"}, "s/s/s8d3de0cc/b/b15a6797c/data/thinking/sessions/394a8c313612056162e30167bde29da0cd9a6f2eae6606ffcc8a8683f4c165e4/efdbe711a4f583ad010a1115ff2bdba2c56afe87342f1f2c6f6f8d20e609a126.json": {"bytes": 65009, "sha256": "59d6341c06365218ff3f7508604a76c2a3e112de51e47e11695a72bbe675b26c"}, "s/s/s8d3de0cc/b/b15a6797c/data/worlds/entry-B/simulated-device.json": {"bytes": 3362, "sha256": "9558ea177be9d5d725eaa7bb9ba1c58970567240dd2f54d2ff12c9b78a4e9f13"}, "s/s/s8d3de0cc/b/b15a6797c/data/worlds/entry-B/simulated-device.lock": {"bytes": 1, "sha256": "5feceb66ffc86f38d952786c6d696c79c2dbc239dd4e91b46729d73a27fb57e9"}, "s/s/s8d3de0cc/sandbox-manifest.v1.json": {"bytes": 926, "sha256": "40e8c58ed39cd041fd3f85c85da093aff05bb6f40f440fca0286ba454d119c41"}, "s/sandbox-registry.v1.json": {"bytes": 484, "sha256": "58e7719d6493a75c3a7f854ce45366afe3bf0b6b681e54e36ad1f3de0dc2a4ca"}}}
test_state_append_authorized_positive_control (test_w04_4_review_repairs.EntryReviewRepairTests.test_state_append_authorized_positive_control) ... ok
test_state_append_withdrawal_keeps_b_content_without_a_marker (test_w04_4_review_repairs.EntryReviewRepairTests.test_state_append_withdrawal_keeps_b_content_without_a_marker) ... ok
test_state_append_withdrawal_survives_reopen (test_w04_4_review_repairs.EntryReviewRepairTests.test_state_append_withdrawal_survives_reopen) ... ok
test_state_query_and_same_request_reopen_do_not_repeat_submission (test_w04_4_review_repairs.EntryReviewRepairTests.test_state_query_and_same_request_reopen_do_not_repeat_submission) ... ok
test_state_read_binding_change_is_rejected_before_provider (test_w04_4_review_repairs.EntryReviewRepairTests.test_state_read_binding_change_is_rejected_before_provider) ... ok

======================================================================
ERROR: test_discovery_history_body_and_native_cross_entry_share_authorities (test_w04_package.W04PackageTests.test_discovery_history_body_and_native_cross_entry_share_authorities)
----------------------------------------------------------------------
Traceback (most recent call last):
  File "C:\Users\Administrator\Documents\continuity-engine\src\continuity_engine\services\continuity_interaction_service.py", line 324, in _submit
    operation, thinking_execution = self._run_domain(request, operation, binding)
                                    ~~~~~~~~~~~~~~~~^^^^^^^^^^^^^^^^^^^^^^^^^^^^^
  File "C:\Users\Administrator\Documents\continuity-engine\src\continuity_engine\services\continuity_interaction_service.py", line 879, in _run_domain
    perception = self._continuity_core.prepare(perception, operation,
        **({'save_input': save_input} if operation.input_processing_enabled else {}),
        **({'save_recall':save_recall} if operation.recall_enabled else {}))
  File "C:\Users\Administrator\Documents\continuity-engine\src\continuity_engine\services\continuity_core_service.py", line 350, in prepare
    return self._prepare(perception, operation, save_input=save_input,save_recall=save_recall)
           ~~~~~~~~~~~~~^^^^^^^^^^^^^^^^^^^^^^^^^^^^^^^^^^^^^^^^^^^^^^^^^^^^^^^^^^^^^^^^^^^^^^
  File "C:\Users\Administrator\Documents\continuity-engine\src\continuity_engine\services\continuity_core_service.py", line 429, in _prepare
    route,composition,recall_record=self.recall.prepare(perception,operation,save_recall,
                                    ~~~~~~~~~~~~~~~~~~~^^^^^^^^^^^^^^^^^^^^^^^^^^^^^^^^^^
        attention=mind['influence']['attention'] if mind is not None else None)
        ^^^^^^^^^^^^^^^^^^^^^^^^^^^^^^^^^^^^^^^^^^^^^^^^^^^^^^^^^^^^^^^^^^^^^^^
  File "C:\Users\Administrator\Documents\continuity-engine\src\continuity_engine\services\associative_recall_service.py", line 100, in prepare
    return self._prepare(perception,operation,save,attention=attention)
           ~~~~~~~~~~~~~^^^^^^^^^^^^^^^^^^^^^^^^^^^^^^^^^^^^^^^^^^^^^^^
  File "C:\Users\Administrator\Documents\continuity-engine\src\continuity_engine\services\associative_recall_service.py", line 211, in _prepare
    raise CapabilityValidationError(stop)
continuity_engine.domain.errors.CapabilityValidationError: RECALL_TIMEOUT

The above exception was the direct cause of the following exception:

Traceback (most recent call last):
  File "C:\Users\Administrator\Documents\continuity-engine\tests\test_w04_package.py", line 74, in test_discovery_history_body_and_native_cross_entry_share_authorities
    answer=f.submit('选河边店的窗边桌。',entry='entry:B',reply_to=delivery['request_id'],item_id=item.item_id)
           ~~~~~~~~^^^^^^^^^^^^^^^^^^^^^^^^^^^^^^^^^^^^^^^^^^^^^^^^^^^^^^^^^^^^^^^^^^^^^^^^^^^^^^^^^^^^^^^^^^^
  File "C:\Users\Administrator\Documents\continuity-engine\src\continuity_engine\testing\w04_cross_entry_fixture.py", line 309, in submit
    return self.entries.receive(self.last_request, self.last_message)
           ~~~~~~~~~~~~~~~~~~~~^^^^^^^^^^^^^^^^^^^^^^^^^^^^^^^^^^^^^^
  File "C:\Users\Administrator\Documents\continuity-engine\src\continuity_engine\services\cross_entry_service.py", line 715, in receive
    return self.interaction.submit(payload, entry_message=message)
           ~~~~~~~~~~~~~~~~~~~~~~~^^^^^^^^^^^^^^^^^^^^^^^^^^^^^^^^
  File "C:\Users\Administrator\Documents\continuity-engine\src\continuity_engine\services\continuity_interaction_service.py", line 192, in submit
    return self._submit(payload, access_use=access_use, entry_message=entry_message)
           ~~~~~~~~~~~~^^^^^^^^^^^^^^^^^^^^^^^^^^^^^^^^^^^^^^^^^^^^^^^^^^^^^^^^^^^^^
  File "C:\Users\Administrator\Documents\continuity-engine\src\continuity_engine\services\continuity_interaction_service.py", line 336, in _submit
    raise IntegrationExecutionError(
    ...<4 lines>...
    ) from exc
continuity_engine.domain.errors.IntegrationExecutionError: Local integration encountered an unexpected execution fault during domain.

======================================================================
ERROR: test_set_retained_values_does_not_relabel_original_source (test_w04_4_review_repairs.EntryReviewRepairTests.test_set_retained_values_does_not_relabel_original_source)
----------------------------------------------------------------------
Traceback (most recent call last):
  File "C:\Users\Administrator\Documents\continuity-engine\src\continuity_engine\services\continuity_interaction_service.py", line 324, in _submit
    operation, thinking_execution = self._run_domain(request, operation, binding)
                                    ~~~~~~~~~~~~~~~~^^^^^^^^^^^^^^^^^^^^^^^^^^^^^
  File "C:\Users\Administrator\Documents\continuity-engine\src\continuity_engine\services\continuity_interaction_service.py", line 879, in _run_domain
    perception = self._continuity_core.prepare(perception, operation,
        **({'save_input': save_input} if operation.input_processing_enabled else {}),
        **({'save_recall':save_recall} if operation.recall_enabled else {}))
  File "C:\Users\Administrator\Documents\continuity-engine\src\continuity_engine\services\continuity_core_service.py", line 350, in prepare
    return self._prepare(perception, operation, save_input=save_input,save_recall=save_recall)
           ~~~~~~~~~~~~~^^^^^^^^^^^^^^^^^^^^^^^^^^^^^^^^^^^^^^^^^^^^^^^^^^^^^^^^^^^^^^^^^^^^^^
  File "C:\Users\Administrator\Documents\continuity-engine\src\continuity_engine\services\continuity_core_service.py", line 429, in _prepare
    route,composition,recall_record=self.recall.prepare(perception,operation,save_recall,
                                    ~~~~~~~~~~~~~~~~~~~^^^^^^^^^^^^^^^^^^^^^^^^^^^^^^^^^^
        attention=mind['influence']['attention'] if mind is not None else None)
        ^^^^^^^^^^^^^^^^^^^^^^^^^^^^^^^^^^^^^^^^^^^^^^^^^^^^^^^^^^^^^^^^^^^^^^^
  File "C:\Users\Administrator\Documents\continuity-engine\src\continuity_engine\services\associative_recall_service.py", line 100, in prepare
    return self._prepare(perception,operation,save,attention=attention)
           ~~~~~~~~~~~~~^^^^^^^^^^^^^^^^^^^^^^^^^^^^^^^^^^^^^^^^^^^^^^^
  File "C:\Users\Administrator\Documents\continuity-engine\src\continuity_engine\services\associative_recall_service.py", line 211, in _prepare
    raise CapabilityValidationError(stop)
continuity_engine.domain.errors.CapabilityValidationError: RECALL_TIMEOUT

The above exception was the direct cause of the following exception:

Traceback (most recent call last):
  File "C:\Users\Administrator\Documents\continuity-engine\tests\test_w04_4_review_repairs.py", line 152, in test_set_retained_values_does_not_relabel_original_source
    f.advance(); f.submit('回顾本地关注。', entry='entry:B')
                 ~~~~~~~~^^^^^^^^^^^^^^^^^^^^^^^^^^^^^^^^^^^
  File "C:\Users\Administrator\Documents\continuity-engine\src\continuity_engine\testing\w04_cross_entry_fixture.py", line 309, in submit
    return self.entries.receive(self.last_request, self.last_message)
           ~~~~~~~~~~~~~~~~~~~~^^^^^^^^^^^^^^^^^^^^^^^^^^^^^^^^^^^^^^
  File "C:\Users\Administrator\Documents\continuity-engine\src\continuity_engine\services\cross_entry_service.py", line 715, in receive
    return self.interaction.submit(payload, entry_message=message)
           ~~~~~~~~~~~~~~~~~~~~~~~^^^^^^^^^^^^^^^^^^^^^^^^^^^^^^^^
  File "C:\Users\Administrator\Documents\continuity-engine\src\continuity_engine\services\continuity_interaction_service.py", line 192, in submit
    return self._submit(payload, access_use=access_use, entry_message=entry_message)
           ~~~~~~~~~~~~^^^^^^^^^^^^^^^^^^^^^^^^^^^^^^^^^^^^^^^^^^^^^^^^^^^^^^^^^^^^^
  File "C:\Users\Administrator\Documents\continuity-engine\src\continuity_engine\services\continuity_interaction_service.py", line 336, in _submit
    raise IntegrationExecutionError(
    ...<4 lines>...
    ) from exc
continuity_engine.domain.errors.IntegrationExecutionError: Local integration encountered an unexpected execution fault during domain.

----------------------------------------------------------------------
Ran 215 tests in 764.716s

FAILED (errors=2)
